我 要 看 一 部风 雨同 舟情 系灾区 大型 赈灾 义演 的 三十 季 给 我 播石 文化 与 宝玉石 鉴赏 文科 综合 的 不 要 帮 我 找找 热门 的 伦理剧 找 小朋友 能 看 的 视频 播评价 非常 好 的 科幻片 有什么 最 新 的 悬疑剧 推荐 吗 播放 好看 的 动漫 推荐 有 刘亚津 出场 的 言情剧 给 我 找 最 好看 的 风光 电影 查找 这 几 年 的 郑慧善 主演 的 番剧 没有 宗教 的 道重 沙 由 美 出演 的 不 看 找 找 漫话 清华 有 没有 不 是 有 杨洛姿 的 适合 三十二 岁 学生 看 的 日文 武侠片 有 吗 推荐 一 点 西班牙文 的 综艺 想 看 高三 英语 写作 提升 训练 写作 基本 功 训练 之 巧 用 连 的 第十五 季 看看 艾文·布莱纳 演出 的 为 你读诗工人 读诗 我 想 看看 城岛 茂出场 的 动漫 找找 甘婷婷 编剧 的 武侠片 给 我 播好 看 的 幼儿 恐怖片 我 想 看 十万 个 冷幽默 二十八季 求新 的 片 给 我 播全球 爆笑 视频 排行榜 三十 集 来 点 刘 栋 六月 的 动画片 帮 我 找 找 沙漠 游戏 战地 十叛逆连队 帮 我 找 找 岳秀清 客串 的 片 我 不 想 看 池内 博 之 主演 的 推荐 全 部 有 张 根硕 演出 的 短片 找 找 广东话 伪满臣 俘录 帮 我 找找 热门 的 学历 教育剧 帮我 找 三森す ず こ演 的 孙茂竹 管理会 计学 第十八 版 视频 课程 有 什么 国建勇 的 动画片 推荐 吗 播放心 之 边缘 八 集 找 热门 的 超级 英雄片 赵诗意 客串 的 动画片 不 要 看 电影 混剪 的 八 集 不 要 有 婉娜拉·宋提查 的 播放 去年 的 杰克·法拉赫 参与 的 剧 九 岁 女生 能 看 的 片有 吗 看韦恩·奈特 出场 的 势不可挡 第一 季 才艺 竞技 想 看 好看 的 初级 职称 古装剧 我 想 看 我 的 世界 籽岷 最 新 视频 合集 播有 唐梓翔 客串 的 网剧 有 没有 一 部 适合 四十 左 右女 生看 的 片 找 找 最 好 看 的 管理 培训 电影 有 哪些 何明翰 出演 的 刀塔密帮 我 看看 有 没 有 无效二 推荐 最 新 的 三 小时 不 能 笑系列 有 哪些 吴冕演 的 使命 召唤 二十七 无限 战 争全 有 不 是 军事 的 吗 找 今年 的 杰克逊·赫斯特 出演 的 悬疑剧 五熊 拍 的 不 看 有 哪些 最 新 的 蔡雅同 客串 的 电视剧 推荐 这 几 年 的 喜多村 英梨演 的 抗日剧 有 英语 的 剧集 吗 找 娃娃 能 看 的 动漫 不 是 李小舟 出场 的 找 一些 适合 二十 左右 小 朋友 看 的 帮 我 看 看有 没 有 高三理科 数学 大纲 解析 高分剧 情片 查下 郭涛 编剧 的 动漫 吧 我 想 看看 去年 的 剧 给 我 找 最 新 的 电影 有 没 有 不 是 职场 学习 的 找找 新 的 权侑莉 参加 的 青春剧 帮 我 找 涂黎 曼导 的 综艺 排除田 中 裕子 拍 的 伦理片 男生 看 的 有 吗 帮 我 找 找 由 袁文康 导演 的 剧集 放快 餐店 之 恋 九 季 第一 集 推荐 几 部 最近 的 美 男量子 破 碎轻松 攻略 流程 给 我 播金字 招牌 想 看 北京 女人 的 第一 集 观看 赵成夏 出演 的 搞笑片 我 想 看看 管宗祥 新拍 的 古装剧 有 没 有 不 是 何佳仪 的 视频 有 没 有 任 炜东 主演 的 电影 推荐 有 小 鸡哔哔哔 的 第五 季 吗 查下 中文 的 我 的 世界 超 大型 地图 多人 探险 吧 看新 的 祝福 你 阿富汗 不 是 向云 的 我 想 看 看壮 游南非 有 五 岁 男生 能 看 的 片 没有 播乔 · 大卫 ·摩尔 参加 的 美语 怎么 说 有 盖子 我 的 世界 以 太 多模 组生 存 十一 集 吗 来 点 王睿演 的 菊长 的 新游 体验 播玩 玩乐 第五 季 的 十八集 不 要 西班 牙文 的 播有 桑叶红 参加 的 大片 新西兰 之 旅 第四 集 推荐 点 高分mv 有 没 有好 看剧 给 我 播西班牙文 孤岛 惊魂 原始 杀戮 剧情 有 哪些 有 杨子 骅演 的 片 男孩 看 的 农村剧 有 吗 我 想 看看 徐璐 最 新 的 动画片 有 影视口 碑榜 的 十一 集 没有 有 没有 所有 适合 中班 小孩 看 的 电视剧 有 十五 岁 姑娘 能 看 的 tvb 没有 给 我 播 最 新 的 十七澳网 资格赛 给 我 找 下屋 则子 的 神话剧 我 想 看 有 董维嘉 出场 的 视频 给我 找 姜潮 今年 的 剧集 找 所有 男生 看 的 有 猪 猪侠 第三十 季 第十五 季 吗 看看 战天 斗地 想 看 母婴 派 第二十四 季 有 哪些 西班牙文 小牛顿 科学 启蒙惊喜 科学秀 我 想 看 王慧娟 拍 的 神话剧 播放 溏心风暴粤语 的 九 集 不 看 韩娜娜 编剧 的 帮 我 找 张钧涵新 的 电视剧 播放 由 津川雅彦 导演 的 片 我 想 看看 英语康网 微视脊 柱裂 曾 高 推荐 法语 的 苏苏 熊出 没 之 冰封 的 熊二 播放 爱情 是 什么 十季 十七 集 我 想 看 马良 渲染 四 的 第六 季 不 要 三 浦 研一 的 我 想 看看 美味 妈妈 的 十二 季 播英雄 联盟 事务所 十九季 求 消逝 的 光芒 推荐 日文 的 天下 同名人 有 没 有 新白发 魔女 传版 的 九 集 适合 七 到 八 岁 帅哥 看 的 古装片 有 没有 来 点 神断 狄仁杰十二集 最 好 看 的 理科 综合剧 帮 我 看看 有没 有 最近 妹妹 的 样子 有 点怪 的 十八 集 播放 陈羽凡 最 近 的 日剧 丧尸 围城 四绝 密档 案 十七季 英文 版 高二 地理 区域 地理 必 考知 识 点 有 宇津井健 最 新 的 纪录片 吗 排除 英文 的 我 想 看 看康网 微视 彩光 嫩肤 的 二十八 季 有 游戏 实况 零真红 之 蝶 中文 流程 第五 季 第六 集 没有 查下 中文 十一 设置 电子 表格 中命 令 栏 吧 求 推荐 有 张希玲 出场 的 科幻剧 想 看 流行 的 英语 科幻片 给 我 播海峡 午报 找找 吴志浩 最近 的 历史剧 播放 好看 的 动画 有 汉子 看 的 没有 放虚无污 我 的 世界 幸运 方块 冒险 第二十一 集 推荐 所有 陈豪 导演 的 谍战剧 观看 香港 金像奖 第二 十一 季 搜索 英文 的 韩剧 我 要 看全部 勇者 的 奋斗 我 想 看 丁建华 主演 的 剧 找些 适合 小学 三 年级 小孩 看 的 武侠片 观看 拜托 啦 中国 式 英语 有 适合 上 小学 小朋友 看 的 韩语 大片 没有 要看 些 韩语 的 新 闻直 通车 查找 由 吕凉编剧 的 大片 有 不 是 日语 的 吗 搜索 由 兰恭英 导演 的 剧情 片 有 适合 幼儿园 小班 学生 看 的 神话剧 没有 要 看 所有 隋唐 英雄 十三 版 找找 热门 的 犯罪片 热门 视频 有 哪些 洛 冰阳 黑暗 领域 十 九 帮 我 看看 有 没 有 有 大塚 明夫 演出 的 电视剧 来 点 陈月 末演 的 mv 推荐 点 适合 小学 二年级 小朋友 看 的 没有 俞小凡拍 的 电视剧 给我 看 帮 女郎 帮 你 忙的 第十四 季 吧 不 看 有 朴 寒星 的 给 我 看 致命 追踪 的 十八季 吧 有 没 有些 男生 看 的 有 没 有 热门 视频 查下 冯素波 参加 的 剧 吧 想 看 沈晓谦 主演 的 大片 播放 由 连姆·艾肯 编剧 的 视频 给 我 看 热门 的 化学 武侠片 吧 搜索 我 的 世界 侏罗纪 公园 蚂蚁 王国 夏 墨解 说 不 看 霍建华 导演 的 求 推荐 我 是 召唤师 播放 西班牙文 的 飞奔 小 黄人 森林 冰火人 小 游戏 看看新 的 家庭剧 看 去年 的 刘灿 出场 的 大片 有 阿龙 的 不 看 给 我 看 光荣 使命 第十五 季 吧 给 我 播 这 个 月 的 武侠剧 找 找 朴 信惠 主演 的 搜下 留情 幼儿 教育 儿童 歌曲 系列 之九 有 适合 五 岁 小孩 看 的 正剧 没有 三十五 岁 小孩 可 以看 的 美剧 有 没有 有 哪些 地道 战 有 没 有 红梅花 开 二十八 季 推荐 有 没 有 中文 四 湖 北卫视 春晚 小品 合集 推荐 来 点 苏苏熊 大 踩 皮球 的 第四 季 给 我 找有 陈默演 的 视频 播十 大 奇冤 的 第三 季 找 找婚 内外 的 十二季 有什么 星星 的 密室 之 明争暗斗 推荐 吗 有 韩国 儿歌 第六 集 没 有 有 娃 娃 能 看 的 大片 没有 给 我 找 刘孜 演出 的 伦理片 有 什么 策划 爸 比 也 是 萌萌哒九季 推荐 吗 找 些 女生 看 的 不 看 杉田 智和 的 片 刘威 崴演 的 大片 给 我 播驯龙 高手 动画 第十 四季二十六 集 看 梦 幻布 布星 第二十四季 十一 集 不 看 真田广 之 导演 的 想 看 虚无 污我 的 世界 幸运 方块 冒险 的 十 集 排除 王新军 出演 的 片 张含韵 客串 的 不 要 西班牙文 的 不 看 有 哪些 敖嘉年 出场 的 科学 可以 回答 道德 问题 放小苍 坑爹 集锦 的 二十六 集 有 恩赐 之 地 第二十季 的 第二 集 没有 想 看由 宋在浩导演 的 恐怖片 我 要 看 一 点 冷门 的 儿童 电视剧 帮 我 看看 有 没 有 精彩 的 群众 大片 放由 陶玉玲 导 的 情景剧 有 没 有 所有 女人 看 的 求 推荐 阿撸 正传 的 二十九 集 有 哪些 有 李 允智 出演 的 古装剧 求 四季 养生 的 十七 集 播好 看 的 tv b 找找 沟端 淳平 参加 的 罪案剧 我 要 看 凯凯 我 的 世界 模组 实况 解说 二十九 季 不 要 张冲编剧 的 要 看 些 由 张娜 拉导 的 罪案剧 我 要 看 广东话 的 小游戏 系列 我 的 世界 看达 摩祖师 有 关注 中国 达人 秀 第三 季 的 七季 吗 我 要 看些 王东华 监制 的 大片 观看 评价 非常 好 军旅剧 推荐 全部 全惠 珍编剧 的 电影 找 适合 中班 女人 看 的 找找 最 新 的 儿童剧 播放芝 麻街 国际版 第二十六 季 英文版 的 第三 集 给 我 找 张睿家 客串 的 纪录片 放今年 的 观察者 网新闻 没有 有 李彬 的 搜索 德语 的 电视剧 推荐 些 宝贝 能 看 的 番剧 有 赵波拍 的 动漫 吗 想 看 世上 第一 朵 花 第五 季十八 集 有 如果 还 有 明天 第九 季 第一 集 吗 求新 的 迎海 寻珍 夺宝 求生 挑战 给 我 播 小许 实况 熊出 没 第二十一 集 推荐 点 适合 大班 娃娃 看 的 看金沛晟 近期 的 武侠剧 要 看 全 部 西班牙文 的 mv 有 什么 这 几 年 的 动漫 推荐 吗 要 看 点 陈泓宇 的 韩剧 搜索 孙淑媚演 的 二十四 网络学 习节 有 没 有 不 是 郑晓宁 的 tvb 找 两 岁 宝贝 可以 看 的 综艺 节目 有 孙清 的 伦理片 吗 查下 今年 的 密战吧 要 看 全部 阿福寻 规记 来 点 英文版 泰 能 玩单人 二十九系列 播近期 的 电影 帮 我 找 全网 的 二十七 季 我 要 看点 英文 版 二 浙江 公务员 考试 公告 大纲 解读 看单 身女 的 圣诞节 的 二十八 集 适合 小学 二年级 宝贝 看 的 有 吗 我 要 看 一些 激战 二十九 职业 技能 二十六季 二十六 集 观看 布鲁克琳·黛克 参加 的 新江山 美人 要 看 些 第二 届 中国 相亲 大会 的 第十三 集 有 哪些 是 安编剧 的 电视剧 查下 好看 的 综艺 吧 刚上 幼儿园 女孩 能 看 的 综艺 有 吗 有 什么 由 梁晶晶 编剧 的 儿童剧 推荐 吗 有 哪些 英语 全集 推荐 青云生化 危机 启示录 二十一 电影级 视频 攻略 解说 的 二十三 季 适合 七 到八 岁 男孩 看 的 片有 吗 找 翡翠王 的 二十五 集 来 点 好看 综艺 有 没 有 恋爱 八 台 的 第六 季 搜搜 最 新 的 英剧 搜搜 中文 的 赌场 风云 搜搜 英语 的 非亲 父子 不 是 英语 的 犯罪片 我 想 看看 韩语 名厨 出 走记 找点 适合 三十二 岁 男人 看 的 不 是 日语 的 帮 我 看看 有 没 有 有 张山 客串 的 视频 来 点 王慧娟 最 近拍 的 日剧 有 不 是 有李 芯逸 的 吗 找 近期 的 健康 向 您 走来 系列 课程 搜搜 好看 的 近代史英剧 推荐 点 大班 妹子 能 看 的 综艺 不 要 泰莎·法米 加编剧 的 帮 我 找找 荆浩 这 个 月 的 网络剧 放 英语 的 康网 微视脑室炎 推荐 老皮 台 的 十七 集 有 遍地 烽火 第十三 季 没有 推荐 六月 的 肖扬 出场 的 家庭剧 不 看 赵永馨 的 片 播拉拉 我 的 世界 梦想 国度 童梦 奇缘 的 第四 季 推荐 高分 的 纪录片 找 舌尖 上 的 三亚 的 三十季 我 要 看 一些 英语 梦妮我 的 世界 地 图 合集 有 创 世纪 天地 有 情粤语版 的 二十六 集 吗 有 不 是 情商 培养 的 吗 帮 我找 找 六小龄 童演 的 别动 我 的 牛 播放 射雕 英 雄传 的 二十七 季 给 我 看 关于 睡眠 你 应该 知道 的 十 件 事 九季 吧 找小孩 能 看 的 剧 要看 些 陈秀珠 编剧 的 犯罪片 我 想 看看 刺客 信条 大革命 历史 文艺 风格 全集解 说 的 十九 集 帮 我 找 世界 著名 的 火车 游线路 找找 刘小溪 近期 的 动画片 有 瓶子 我 的 世界 四四四 盘灵 古域 第四 季 第十五 集 没有 给 我 找有 寇世勋 演出 的 家庭剧 搜索 广东话 的 综艺节目 娃娃 能 看 的 电影 有 没有 帮 我 找找 闫竞 最 新 的 搞笑片 要 看 张粟 参加 的 伦理剧 推荐 点 立方 杀阵 惊悚 逃生 的 七 集 适合 退休 娃 娃 看 的 英剧 有 没有 我 要 看 董卿导 的 悬疑剧 要 看 点 徐智慧 最 新 的 电影 我 要 看 一 部 天才 早教 第一 方案 第二十五 个 月 帮 我 看看 有 没有 最 新 的 视频 想 看 多米尼克· 珀塞尔 监制 的 大片 有 哪些 骆妍倩 编剧 的 电视剧 给 我 看 最近 的 夏娃 的 时间 吧 我 想 看 评价 好 青春剧 找 龙少 的 球球 大作战 旧版 的 十八季 给 我 播二十九 区 监察课 第一 季 播放 实拍 北美 的 世外 桃源十九 集 我 要 看 几 部 陈国华 参加 的 小米 平板 小米电视二十六 发布会 好看 历史剧 推荐 最 近 的 梁荣忠 主演 的 视频 求 推荐 评分 比较 高网剧 有 没 有 有 韩莺 参与 的 罪案剧 有 没 有 不 是 傅艺伟 导演 的 查下 高分 的 幼儿 视频 吧 有 没 有 罗晋 的 动画片 推荐 看张凤妮 出场 的 中超 第三 轮 贵州人 和 青岛 中 能 给 我 播 热门 的 姐弟 恋家庭剧 推荐 点 适合 五十多 岁 男孩 看 的 由 孙艺洲 监制 的 短片 找 找 春晓 客串 的 纪录片 给 我 看 烽火 看 英国 航展 吧 放 英文 版 嘻哈 包袱铺 疯狂 的 艺术 专场 播由 李佳 璘 监制 的 综艺 有 没 有 高分 的 动漫 推荐 播陈昀 最 近拍 的 短片 木乃伊 战士 十 季 不 要 丹尼尔·斯特拉霍夫 拍 的 动漫 播粤语泰 能 玩 植物 大战 僵尸 系列 给 我播 国语 的 片 适合 三 到 四 岁 小孩 看 的 有 吗 不 是 李兴 文拍 的 电视剧 推荐 所有 三十二 岁 帅哥 能 看 的 tvb 不 是 德语 的 播健康 课堂 的 二十九 集 看看 好看 的 电影 放熊 出 没 益 智游戏 十五 第十六 集 我 想 看 家 有 六子 的 七季 我 不 想 看 德语 的 剧情片 推荐 孙树林 监制 的 纪录片 有 五 到 六 岁 小朋友 能 看懂 的 大片 没有 观看 短 视频 同人 创作 外壳 请勿 乱动 第二十四 季 查下 国语 穿越 火线 手游 木名 最 新 英雄 武器 玫瑰 精灵 吧 看 湖北 卫视 十一 跨年 晚会 播放 油炸 奥特古 墓 丽影 崛起 三十 季 推荐 小 沈阳 搞笑 系列 有 没 有 不 是 黄智贤拍 的 青春剧 观看 新 的江口拓 也 客串 的 伦理剧 推荐 些 流行 的 职场片 想 看 面条 之 路 的 二十九 季 有 没 有 广东话 的 康网 微视 小儿 脾胃 不 和 我 想 看看 四川 好人 二十三 季 推荐 些 菇凉 看 的 视频 有 没 有 由 袁子皓 导演 的 动漫 我 要看 点 由 陈建斌 监制 的 正剧 观看 英文 晴天 小 游戏 有 没 有 德语 的 古装剧 找 粤语 熊出 没 之 奇幻 空间 游戏 播关 注 中国 达人秀 第三 季 的 十二 季 找 女人 看 的 动画 找 由 张曦文 编剧 的 电影 有 哪些 梦尼玛 影子 武士 二十一 娱乐 解说 我 要 看点 近期 的 刘耕宏 出场 的 纪录片 播放 好看 古装剧 高广泽 演出 的 不 要 帮 我 找 大卫·伯伦纳兹 客串 的 视频 有偷 偷 爱上 你 吗 帮 我 看看 有 没有 英文 的 英剧 有 不 是 金惠 玉客 串 的 吗 有 阅读 文章 考点 的 三十 季 没有 观看 有 伊藤健太郎 出场 的 动画片 看看 最 近 的 微时代 找 英文 版 的 英剧 给 我 找 齐永柳 新拍 的 微 电影 给 我 看 天蝎 行动 的 第二 季 吧 有 没有 神探狄仁杰 第三 部 第二十四 季 播 最 近 的 赵涌 主演 的 搞笑片 搜搜唐 爱国 主演 的 康进击 的 巨人 故事 剧情 流程 解说 有 适合 三十五 岁 小孩 看 的 没有 我 要 看 点新 的 片 找新 的 吉娜·戴维斯 参加 的 伦理片 求 最 新 的 公子 植物 大战 僵尸 十三 神秘 埃及 之 旅 搜索 最近 的 出色邦 推荐 几 部 日 食记 二十七 第十六 季 求 张志忠 编剧 的 电影 我 想 看 谢兰拍 的 儿童剧 有 没 有 刘欢 客串 的 名人 厨房 内地 版 推荐 有林 允儿 的 不 看 我 想 看 星球队 之 梅西 阿根廷 第十六 集 找 英文版 的 丈夫 十一 想 看 宋允儿 的 tvb 查找 最 新 的 八 颗 牙齿 晒 太阳 放人 大代表 二十七季 有 没有 陈萃 参加 的 罪案剧 推荐 有 不 是 王蔚拍 的 吗 不 看 迈克尔·刚 本 拍 的 片 布兰登·杜林 客串 的 不 看 帮 我 找找 中文 的 犯罪片 找 找 日文 的 综艺 成雄 出演 的 不 看 推荐 董连海 参与 的 加奈 日记 有 哪些 由 加藤 和 树导 的 短片 找找 日语 的 罪案剧 找 雪浴 昆仑 有 没 有 流氓 大亨 的 十 集 推荐 推荐 点 汉子 看 的 有 哪些 沈梦辰 六月 的 综艺 找点 适合 小学 二年级 小朋友 看 的 动漫 放热门 的 美国 历史 频道剧 查下 有 全解放 参与 的 视频 吧 播放 双语巾 帼 大将军 预告片 花 看看 高野 麻里佳 的 武侠剧 有 不 是 内田 有 纪导演 的 吗 我要 看 所有 听 不 到 的 恋人 二十七 集 小朋友 能 看 的 综艺 有 没有 给 我 看 开开 监制 的 大片 吧 找点 适合 两 岁 男孩 看 的 网剧 萝莉控 陈子 豪生化 走位 视频 第四 集 给 我 看有 王力可演 的 科幻剧 吧 我 想 看 漫话 清华 的 八集 有 吴京 安拍 的 动画片 没有 搜搜 最 新 的 综艺 节目 有 十一 设置 电子 表格 中命 令栏 吗 给 我 看 舞秋风方舟 生存 进化 的 二十三 集 吧 帮 我 找 热门 的 综艺 看看 德语 的 科幻片 新 的 杨欢 出场 的 剧情片 看 李 鸣 出演 的 剧情片 给 我 找有 王立群 出场 的 年代剧 不 看 万 美汐 出场 的 搜索 由 周贤 珍监制 的 综艺 求 福山 润新 的 电视剧 给 我 找 最近 的 开心斗 地主 推荐 点 最 新 的 最终 幻想 觉醒 手游 看看 安在 模新 的 视频 帮 我 找 由任 鲁豫 编剧 的 tvb 播高 二数 列 与 数学 归纳法 的 第三 集 推荐 点博 弘拍 的 古装片 想 看 李泽锋 主演 的 炉石 传说 安德罗妮 有 哪些 国语 的 囮 物语 西尾 维新 物语 系列 帮 我 找找 这 几 年 的 幻城 手游 给 我看 江珊 主演 的 动画片 吧 给 我 看有 孙锡堃 参与 的 电影 吧 我 想 看 网趣 宝贝 之 胎 教摇 篮曲 第六 季 适合 四十 左右 小朋友 看 的 有 没有 帮 我 找我 的 世界 魔王 空岛 战争 历险记 的 十七季我不 想 看 苏 有 朋拍 的 宫廷剧 小孩 能 看 的 剧集 有 没有 求 耶鲁大学 开放 课程博 弈论 的 第一 集 帮 我看看 有 没 有 鬼邻 人 找找 韩语 的 年代剧 我 想看 广东 珠江 十六 元 宵晚会 的 二十六 季 我 不 想 看 马如风 出演 的 正剧 有 金字塔 魔方角 先法 初级 课程 第五 季 没有 有 刘佳佳 导演 的 电影 没有 想 看 健身 集锦 二十五 集 两 岁 小朋友 可以 看 的 网络剧 有 吗 姑娘 看 的 有 没 有 播好 看 的 科幻片 搜索 康网 微视 白癜 风杨 高云 的 二十九 集 我 想 看看 阿津 黑暗 之 魂 三十流 程解 说集 的 第十六 集 有什么 评分 高 的 剧 推荐 吗 有什么 冷门 的 电视剧 推荐 吗 我 要 看些 姜敏赫 的 短片 有 由 安 在 模监制 的 综艺 没有 由 赵越 编剧 的 电视剧 来 点 植物 大战 僵尸 二十二 高清版 失落 之 城 攻略 技巧 给 我 找 魔鬼城 探险 第六 集 看 油炸 奥特生化 危机 二试 玩版 二十八季二十二 集 来 点 舒耀暄 的 大片 观看 梦飞流 浪记 的 十一 集 有 没 有 由 洪都拉斯 导演 的 家庭剧 有 最 新 的 郑雄仁 参与 的 动画片 吗 找 找周 萍演 的 哆啦梦 之 母 大山 羡代 物语 我 想 看 小乔 导演 的 综艺 搜索 环球 数码 动画 学院 优秀 学员 作品 的 第四 季 搜搜 好看 的 短片 帮 我 找方 晓莉导 的 青春剧 年轻 宝贝 可以 看 的 片有 没有 查下 德语 的 mv 吧 想 看 挣扎 的 八 季 丁益祥 客串 的 剧场 版火 影忍者 十五羁 绊 要 看 点 有 叶欢演 的 动漫 我 想 看看 德语 九分 之 九 查找 双语 的 神话剧 我 想 看看 日语 的 动漫 不 要 宋佳伦 演出 的 帮 我 找梁 又 琳导演 的 青春剧 有 没 有 美妙 的 旋律 第五 季 第二 十 集 推荐 推荐 些 适合 小学 三 年 级 帅哥 看 的 我想 看理 查德·布基 演出 的 十二 湖南 跨年 晚会 帮 我 找 西班牙文 的 高中 语文 文言文 阅读 课程 查找 最 近 的 幼儿 教育 儿童 歌曲 系列 之二 有 没有 些 汉子 看 的 情景剧 找 适合 三十二 岁 男人 看 的 看看 老皮台 直播 纪录 的 第六 集 放郝 文婷 出演 的 初中 语文 语言 之 美 要 看 熊出 没 之 丛林 总动员 手游 的 八 季 有 什么 少年 阴阳师 的 二十三 季 推荐 吗 有 黑超秦世 战争 没有 观看 印象 精选 的 二十九 集 不 看 职业 资格 的 有 宝贝 能 看 的 喜剧 没有 适合 三十二 岁 小孩 看 的 英语 电视剧 有 没有 我 不想 看 白德 彰拍 的 短片 帮 我 看看 有 没 有 有 耐安 主演 的 伦理片 宝贝 能 看 的 日剧 有 吗 播放 凯文·史派西拍 的 宫廷剧 看 世界 太疯狂 的 二十九 集 求 最 佳 情侣 全 网 有 由 罗浩楷 编剧 的 动漫 没有 没有 李湘导 的 有 没 有 不 是 顾斐 出场 的 观看 周采芹 参与 的 抗日剧 求 推荐 周晓 欧监制 的 电视剧 求 日语 的 玩车 神 翻译君 有 哪些 有 潘军 参加 的 科幻片 要 看 一些 李耕演 的 宫廷剧 陈芷菁 的 不 看 给 我 播 英文版 的 巧虎 系列 小 游戏 有 没 有 卡尺 未 转变者 之 旅 二十八 季 帮 我 找 找 岛崎 信 长拍 的 搞笑片 求 推荐 李彩英 最 新拍 的 儿童剧 来点 好看 的 老年 青春剧 时尚 潮 现场 的 十二 集 找近期 的 李梦男 参加 的 搞笑片 播放 由 张茜 导演 的 番剧 看看 最 新 的 儿童剧 查找 幻云 王者 荣耀 开黑记 有有 丰崎 爱生 参加 的 电影 没有 有 适合 三十五 岁 姑娘 看 的 伦理剧 没有 适合 十 岁 宝贝 看 的 有 吗 求 推荐 热门 的 家庭 动画片 看看 高子淇最近 的 综艺 查找 热门 的 军旅剧 帮 我 找 找命案 十三 宗 找 点 适合 五十多 岁 小朋友 看 的 武侠剧 帮 我 找找 有 杨贵 媚演 的 电视 我 想 看看 有 河智苑 主演 的 动漫 适合 三十二 岁 娃 娃 看 的 法语 农村剧 有 没有 推荐 些 适合 老男 人 看 的 看 非常 夫妻 排除 冯嘉怡 演出 的 视频 推荐 些 评价 非常 好 的 微 电影 我要 看 一 部 动画版 相声 小品 第十六 集 有 没 有 商 天娥 导演 的 搞 笑片 推荐 要 看 几 部 十二 职业 预选 赛风 暴英雄 欧洲区 第十六 集 来 点 欧式 建筑 想住 就 住 十七 集 观看 粤语 背叛 有 三 到 四 岁 小朋友 可以 看 的 农村剧 没有 我 想 看看 最近 的 纪录片 有 铁齿 铜牙 纪晓岚 第五 季 十七 集 没有 找找 由 朱雨辰 监制 的 片 有 不 是 马强 编剧 的 吗 给 我 找最近 的 第五 届 北京 国际 电影节 我 想 看看 日语 的 番剧 汉子 看 的 有 吗 帅哥 看 的 有 没 有 求 推荐 热门 的 新 农村 综艺 放江 公主们 的 战国 的 第四 季 英文版 的 动画片 放梦 想 十二 星座 的 三十 季 有 老梁 看 电视 吗 来 点 最 新 的 草村 礼子 客串 的 动漫 有 没 有 瓶子 五 侠 盗飞车 新司机 来 啦 第十六 季 推荐 给 我 看 德语 的 大片 吧 帮 我 看看 有 没 有 最 好看 的 tvb 观看 持 鲸久无声 英雄 之 初 三 的 第十三 季 给 我 播评分 高青 春片 我 想 看 迷彩虎 讲堂 的 第三 集 查找 国语 的 古装片 放 国语 的 动漫 郜耀 平参 与 的 不 要 求推荐 好看 的 智能 硬件 片 有 哪些 去年 的 童话 故事箱 第二 十五 季 查找 热门 电影 放徐 德亮 今年 的 综艺节目 没有 有 白彪 的 要 看 一 点 张 玉洁 新拍 的 剧情片 十八 岁 小朋友 能 看懂 的 青春片 有 吗 有 哪些 生化 危机 三十 的 十九季 有 哪些 精彩 的 战斗商 战剧 十八 岁 小朋友 可以 看 的 科幻片 有 没有 有 没 有 常 玉平 的 短片 推荐 找 找 有 盛一伦 客串 的 古装片 生命 第一 季 有 没 有 全 部 四十 左右 小朋友 可以 看 的 片 播人鱼 的 旋律 有 没 有 这 部 适合 幼儿园 小班娃娃 看 的 放 最 近 的 禹童 演出 的 动漫 观看 金俊 出演 的 冰人 探险家 搜搜 热门 的 迪斯尼 电影 芦芳生 编剧 的 不 要 想 看 老 旅植物 大战 僵尸 花园 战争 二十六 角色 介绍 的 第十六 季 要 看 全部 六月 的 正剧 排除 初一 的 搜索 飞雪 我 的 世界 实况 解说 的 八 季 有 不 是 河熙罗 主演 的 吗 给 我 找 马雅舒 的 片 给 我 播基佬 骑马 与 砍杀 第一 季 要 看 些 炫 罗刺客 信条 枭雄 娱乐 实况 解说 十七 季 十九 集 有 汪星人 十六 实况 搞笑 流程 吗 给 我 看西班牙文 的 恐怖片 吧 搜搜 由 中村 千 绘 监制 的 大片 播放 林梅娇 拍 的 宫廷剧 我 不 想 看 郎玉萍演 的 我 想 看看 米奇 总 动员 有 没 有 法语 十三 政法 干警 考试 行测 技巧 推荐 有 没 有 不 是 钟秀娴拍 的 纪录片 我 想 看看 有 陈逸恒 出场 的 动漫 有 没 有 尹素熙拍 的 大片 给 我 看 小峰解 说 丧尸 围城 二十八主线 结局 流程 第十三 季 吧 放陈 赫演出 的 老黑 我 的 世界 空岛 双 人 生存 合集 推荐 点 适合 五十多 岁 娃娃 看 的 求 柯叔元 演出 的 网络剧 有 评价 非常 好 网剧 没有 求 推荐 卡哥我 的 世界 神奇 宝贝 服务器 冒险 帮 我 找 热门 的 英剧 我 不 想 看 韩语 的 看看 新 电影 传奇建党 伟业 的 二十五 季 有 柠檬 饥荒 来 啦 莫慌 的 第四 季 吗 德井 青空 演出 的 动画片 帮 我 找 日语 北京 电影 学院 文学 系 有 不 是 王传君 编剧 的 吗 有 没有 邓一君 拍的 犯罪片 推荐 有 曹艳艳 出演 的 洛小天 勇敢 的 心世界 大战 剧情 向 游戏 没有 求 推荐 王维维拍 的 英剧 观看 赵越 主演 的 视频 有 哪些 赵雅莉 的 综艺 我 想 看 看 岳跃 利拍 的 片 观看 芦菲 最 近拍 的 电视剧 给 我 找 赵君 演出 的 抗日剧 有 致命 疲惫十八 集 吗 排除 张柏 芝拍 的 播新 的 谭耀文 演出 的 悬疑剧 推荐 一 部 鲍正芳 的 美剧 帮 我 找找节 操日记 不 要 博弘 参加 的 视频 有 没 有 不 是 中文 的 有 没有 适合 两 岁 小孩 看 的 剧情片 找找 朱佳煜拍 的 日剧 有 没 有 小岚 索菲亚 公主 系列 小 游戏 的 第十三 集 有 哪些 最近 的 电影 找 三 到 四 岁 女生 能 看 的 mv 我 想 看 游戏 返校 的 第四 集 我 要 看 一些 好看 电视剧 有 没有 宋钟浩拍 的 综艺 找 法语 的 电视剧 推荐 英文版 纯真 的 年代 播高分 动漫 看看 传承 匠心 首 届 中国 华服 设计 大赛 第二十四 集 给 我 播超级 飞侠 的 玩具 小 故事 的 二十七季推荐 全部 抗击 广泛 耐药 结核 的 二十七 集 想 看 超级 飞侠 之 神奇 动物 篇 的 二十八季 有 什么 由 温智 美 监制 的 青春片 推荐 吗 求有 洪宇宙 出场 的 古装片 粤语 的 不看 推荐 这 部 小学 二年级 娃娃 可以 看 的 剧 我 要 看 少年 阿凡提 第二 季 七 集 给 我 播 英雄 联盟 坑爹 碉堡 集锦 的 十八 集 有 哪些 有 朱孝天 出场 的 综艺 节目 推荐 点流 行片 播 崔奕 参加 的 韩剧 观看 永 不 回头 推荐 点 适合 三十五 岁 宝贝 看 的 看看 栾汝新导 的 正剧 看看 最 新 的 潘虹 参加 的 商战剧 找找 左 小青 导演 的 剧 有 没有 彭玉 主演 的 网络剧 推荐 有 哪些 好看 的 情景剧 我 不 想 看 郑岚侨 的 动画片 看看 莫言 逆战 十九 搞 笑解 说 第十三 季 不 要 侦探 的 不 是 有 李湘 的 帮 我 看看 有 没 有 最近 的 青春片 看顶尖 医生 十二 集 找 冷门 的 历史剧 有 哪些 大 谷育江 出演 的 综艺 新侠 胆雄狮 第二十六 季 第六 集 曾 诗梅 演出 的 儿童剧 不 要 我 要 看点 新 的 王伟 出场 的 韩剧 不 是 英文版 的 搞笑片 看 今年 的 花样 爷爷 韩国 版 找新 的 mv 有 好看 的 古代 视频 吗 求玛丽·麦克唐 纳拍 的 网络剧 适合 两 岁 妹子 看 的 青春剧 有 没有 看看 好 看 武侠剧 刘锡 贤拍 的 动画片 不 要 不 看 周楚楚 参加 的 大片 有 适合 五 岁 宝贝 看 的 片 没有 有 什么 小组赛 组哥伦比亚 希腊 第六 季 推荐 吗 雷瑞琴 主演 的 不 要 帮 我 看看 有 没 有 热门 的 牛人宫廷剧 找 日语 的 黑龙 绝版 现场 记录 时代 经典 最 新 的 大片 播放 拉米·马雷克 参加 的 美剧 看看 高分 的 医疗 恐怖片 没有 英语 的 查下 佐佐木希 的 综艺 吧 金浩 镇演 的 农村剧 不 要 有 英文 版 的 一 声 闪耀 没有 给 我 播 徐俊英 出演 的 我 的 世界 攻略 森林 大宅 推荐 热门 电视剧 我 要 看 些 财富 之 道 的 第二 十四 集 要 看 些 好看 视频 帮 我 看看 有 没 有 由 李智勋 编剧 的 历史剧 我 要 看点 水谷 优子 导演 的 动漫 有 由 尤樱子 编剧 的 美剧 没有 我 想 看京 骚戏 画版 十八季 有 没有 游戏 主播 小智 推荐 给我 找有 袁鸣 主演 的 家庭剧 帮 我 看看 有 没 有 小鸡 不 好 惹 全集 帮 我 看看 有 没 有 冯 国庆 新拍 的 综艺 找 吃货 驾到 的 第五 集 有 什么 宝贝 来 了 推荐 吗 给 我 看 最 新 的 九百格 吧 观看 有 李鸣出场 的 视频 看评价 好 的 啪啪奇 视频 有 哪些 小小 世界 第十五 季 有 去 年 的 王菁 出场 的 电影 吗 查下 热门 犯罪片 吧 帮 我 看看 有 没有 天天 向 上沫姐 第二十四季 林文龙 客串 的 十 高 考语文 答题 技巧 解析 查下 由 蒋宝英 监制 的 综艺 吧 有 手 游送 钻石 活动 十九 集 吗 播 最 近 的 电影 观看 韩 思月 编剧 的 恐怖片 来 点 去年 的 看门狗 四四 年 通关 娱乐 解说 有 不 是 袁子皓 编剧 的 吗 帮 我 看看 有 没 有 赵敏芬 的 mv 适合 小学 四年级 女人 看 的 搞笑片 有 没 有 帮 我 看看 有 没有 高分 的 视频 想 看 评价 非常 好 的 动漫 看关于 塑料 的 经济 不 公正性 二十五 集 帮 我 找找 老刘 探长 古 墓丽 影九 全流程 解说 视频 的 七 集 看睡 前 别 看诡 故事 的 第六 集 推荐 赵东赫导 的 视频 给 我 看 卡洛斯·博纳德 监制 的 儿童剧 吧 我 想 看立 竿见 影作文 专题 讲座 有 没 有 上 个 月 的 贾静 雯演 的 电视剧 推荐 有 没有 点菇 凉看 的 网络剧 不 要 张韶涵 拍 的 悬疑剧 有 哪些 最 近 的 洪一平 演出 的 电影 没有 陈 大 伟拍 的 言情剧 有 影响 中国 历史 进程 的 事件 第十四 集 吗 我 想 看看 新洛神 七季 十七 集 观看 广东 话 大嘴方 舟神 奇宝 贝多 人 生存 帮 我 找 今年 的 剧情片 查下 专题 渣男 当道 女星 且 遇 且痛心 的 第二 十 集 吧 帮 我 找 艾诚演 的 神话剧 放由 金 刑范 导演 的 剧情片 看看 日文 三小熊 我 要 看 王艳 演出 的 科幻剧 放有 松田 翔 太 参加 的 动漫 给 我 找 栾 汝新 近 期拍 的 综艺 杨洛婷 的 片 不 要 推荐 点 老皮台 欢乐 观众 场 二十九 季 帮 我 找找 狼哥 脱口秀 的 二十二季 有 没有 好 看 的 孕期 直播 推荐 有 没 有 不 是 埃里克·迪 恩演 的 放大 脑出品 正 当 防卫 五 娱乐 流程 解说 的 第四 季 推荐 西蒙·贝克新 的 动漫 播放 恋上 黑天 使 的 第十三 季 我 想 看看 近期 的 沈傲君 演出 的 剧 有 什么 流行 的 动漫 推荐 吗 查找 全民 实验室 的 二十八 季 看 佩佩猪 玩 具学堂 第十一 季 的 第五 季 我 想看 军人 少女 的 二十七 集 有 眼睛 死宅 陈子 豪解 说 的 第十四 集 吗 有 没 有 绅士 大概 一 分钟 的 二十九 季 热门 的 早教 课堂 tvb 有 女生 看 的 没有 我 想 看看 吕 小品 客串 的 年代剧 有 没 有点 适合 两 岁 美女 看 的 综艺 查下 晨梓妍演 的 音乐 视频 合集 吧 有 没 有几 部 中 班小朋友 可以 看 的 动漫 有 苏西 动物园 的 二十七 集 没有 来 点 邓一君 新拍 的 电视剧 帅哥 看 的 纪录片 有 没 有 找 最近 的 吴宗友 参加 的 电视剧 有什么 英语 凯歌 歌 儿童 游戏 粉红系 的 小猪佩奇 推荐 吗 帮 我 找 找 评价 好 电影 有 什么 专业 制作人 访谈 系列 推荐 吗 帮 我 看看 有 没 有 西瓜火 影忍者 究极 风 暴革命 的 七 季 给 我 播中 超 第八 轮 江苏 舜天 广州 富力 二十三 集 想 看 奔跑 吧 兄弟 第二十四 季 手游 的 十一 季 帮 我 找找 这 几 年 的 非常 夫妻 有 高全 胜 六月 拍 的 正剧 吗 有 哪些 阳光 导演 的 电视剧 有 哪些 高分 的 视频 播放 高发 监制 的 剧 有 世界 单板 滑雪 大赛 的 第二十 季 吗要 看 一些 英文 的 疯丫 头 找些 九 岁 宝贝 可 以看 的 爱情片 高分剧 放平泉 成拍 的 综艺 有 没 有 江小喜天 当兵 去 第六 季 推荐 帮 我 找 找 有 刘冠雄 参与 的 动画片 适合 一 岁 美女 看 的 有 吗 给 我 看有 中丸雄 一 客串 的 情景剧 吧 帮 我 找 岩居 由 希子 出场 的 抗日剧 有 三十五 岁 女人 能看 的 青春剧 没有 适合 二十四 岁 学生 看 的 有 吗 贾延龙拍 的 言情剧 不 看 给 我 找 刘仪伟 最 近拍 的 电影 播胡 先 煦 的 纪录片 要 看 几 部 郭家颐 监制 的 电视剧 看 精彩 的 医疗 犯罪片 有 没 有 高分 的 电影 推荐 给 我 看 最 热门番剧 吧 帮 我 找找 最 新 的 电视剧 我 要 看 几 部 流行 的 政治 电影 播放隋 唐英雄十三 版 的 第二 季 播陈 萍演 的 二十五 教师 资格 面试 初知面 试技 巧课 王正权 客串 的 不 看 推荐 一些 老戴 在 此 二十八新游 试玩 的 第二 十一 季 播有 美·凤阿隆演 的 番剧 不 要 有 唐 正刚 的 我 想 看看 英文 的 谍战剧 播隐者 我 的 世界 神秘 历险记 的 第五 集 有 流行 的 探索 纪录片 没有 看由 梁传斌 编剧 的 悬疑剧 有 没 有 坎迪丝·阿科拉 参与 的片 推荐 有 不 是 西班 牙文 的 动画片 吗 查找 红槐花 的 第十五 集 看 英语 的 动画 推荐 些 法语 的 特殊 案件 专门 小组 不 看 李玲玉 参加 的 片 观看 邵传 勇演 的 小刚 方言 求新 的 孤男寡屌 想 看 英文 的 小组 赛组 喀麦隆巴西 给 我 找 特里·奥奎 因 监制 的 剧 没有 宋 在 浩导 的 帮 我 找 原来 我 不 帅 的 第二 季 排除 有 李瑞镇 的 来 点 托马斯 和 朋友 之 柴油 火车 的 秘密 行动 四十 左右 宝贝 可 以看 的 网剧 有 吗 找 一 部 三十五 岁 帅哥 能 看 的 电视剧 找 找 孪生 兄妹 的 第六 集 给 我 找 刘灿 出演 的 科幻剧 有 哪些 高分 美剧 搜搜 最 佳 入门 教程 第二十 季 刘牧拍 的 不 看 想 看贱 谈 犀利 吐槽 系列 的 第十三 集 新 的 走进 日本 动漫 电视剧 的 世界 我 要 看 点 西岛 秀俊 客串 的 年代剧 有 没有 小学三 年级 宝贝 能 看懂 的 电视 推荐 些 叶祖新 最 新 的 电视剧 放朴 海镇 参加 的 科幻片 我 想 看 看机 关枪 的 第十三 集 想 看 蓝色 潮痕 第十五 集 求 推荐 姚元浩出演 的 综艺 不 要 ime 导演 的 有 中文 的 动漫 吗 放尤勇 主演 的 电影 查找 阿特 的 奇幻 之 旅 推荐 托马斯 和 他 的 朋友们 第五 季 英文版 的 八季 求科鲁姆·费奥瑞 导演 的 抗日剧 我 想 看看 我 的 世界 神奇 宝贝 全 攻略 幸运物 牛解 说 的 第二 季 给 我 看 高分 的 抗日剧 吧 播放 刘涛 演出 的 百度 开发者 俱乐部 推荐 些 五 到 六 岁 妹子 能 看 的 大片 放中岛 爱演 的 卡哥 我 的 世界 神奇 宝贝 服务器 冒险 有 哪些 德语 行尸 走肉 米琼恩 求 评分 比较 高 的 小清 新 动漫 播 最 新 的 美语 怎么 说 给 我 找 最 新 的 电视剧 播放 高分 的 儿童 罪案剧 查找 国语 三 系统 综合 三 有 没 有 最近 的 王月 演出 的 电影 李光洙 监制 的 美剧 求蓝正龙主演 的 青春片 我 想看 双枪 老太婆 二十八 季 第十五 集 我 想 看看 有 谷岳 客串 的 爱 情片 有 哪些 张智尧 拍 的 电影 找 找 日语 欢乐谷 第一 季 求 热门 的 片 琼瑶 的 不 看 播小 皇单机 游戏 试玩 实录 第二 集 给 我 看 广东 话 小开箱 吧 我 想 看 看新 的 黄德斌演 的 悬疑剧 推荐 血舞 我 的 世界 地下城 冒险 二十八 集 有什么 茅野 爱衣 演出 的 二十四克拉女 王利菁 推荐 吗 给 我 播 黑水镇 的 诅咒 小握 娱乐 解说 查下 今年 的 小林 清志 参与 的 喜剧 吧 找找 辐射 四 我 想 看 戴春荣 ﻿ 拍 的 电影 给 我 播少年 卷福 三十 集 观看 最 新 的 青春剧 想 看 陈国邦 出场 的 电影 有 凤凰 起舞九 集 没 有 想 看 眼眼熊 出 没 小游戏 的 第二十一 季 有 名 厨出 走记 的 十八 集 吗 适合 四十 左右 妹子 看 的 科幻剧 有 吗 有 哪些 好 看 动漫 想 看 桃子 我 的 世界 模拟 城市 萌妹 当 村长 有 哪些 姜正阳 参加 的 古装片 看 刘心悠 的 剧 推荐 点 男生 看 的 视频 我 想 看 看 南家 小唯 的 第二十 集 观看 英文版 瓶子 我 的 世界 版求生 之 路 十三 求 推荐 尹铸胜 监制 的 电影 给 我 看 老 旅枪林 弹雨 游戏 全娱 乐解 说 三十 季 吧 我 要 看些 赵会南 监制 的 动漫 有 红梅花 开 二十八季 第四 集 没有 排除 方志 友导 的 播杨 宝光 出场 的 电视剧 我 要 看些 这 个 月 的 张国立出场 的 动画片 播放 保卫 萝卜 六原 创 视频 攻略 十七 集 有 由 周觅 编剧 的 电视剧 没有 想 看 火箭 女孩 二十七 季 第二十四 集 查下 最近 的 韩剧 吧 放近期 的 网剧 想 看疑 犯动机 第二十四季十二 季 有 没 有 这 个 月 的 郭晋安 主演 的 纪录片 给 我 找 这 个 月 的 桑谷 夏子 演 的 大片 帮 我 看看 有 没 有 德语迷 你 世界 阿木 木历 生存 实况 找找 红猪 播放 好看 的 亲情 家庭剧 有 没 有 不是 李雅 男编剧 的 搜搜 血舞 我 的 世界 星界 之 旅 的 八集 有 评价 好 的 古装 综艺 吗 有 奥特曼奥特曼格斗 进化二十四 的 第十三 集 没有 求 推荐 好看 的 古装剧 帮 我 看看 有 没 有 最近 的 浅野 真 澄客串 的 韩剧 找及 川光 博监制 的 综艺 看 看田 中圭 参与 的 剧 日文 欢迎 加入 我 要 看 这 部 孙雅 客串 的 直到 黎明 中文 吓 尿解 说 有没 有 不 是 戴安·拉德 的 我 想 看 拉斯维加斯 往事 第二十八 季 查找 约 瑟夫·摩根 参与 的 偶像剧 给 我 找好 看犯 罪片 有 不 是 中文 的 吗 小布 与 伟仔 第五 季 观看 唐群 导演 的 网络 剧 想 看 黄桃 小报 第二 季 第十六 集 播德语 的 综艺 要 看 点 去年 的 刘佩琦演 的 搞笑片 帮 我 看看 有 没 有 有 陈娟娟演 的 微 电影 找 点 三 到 四 岁 小孩 可以 看 的 纪录片 有 哪些 姚子 羚 出场 的 微 电影 看 默寒 创世 战车 的 第十六 集 给 我 看空 中 精英 的 十七 集 吧 有 哪些 由 董连海导 的 日剧 求 推荐 小 马宝莉 第九 季 搜搜 手游 木名 守望 之 城 十 连杀 根本 停 不 下来 我 想 看看 执法 精英 之 国际 贩奴 案 一 的 二十七 集 我 要 看全部 刘亚仁 参与 的 上策 小 剧场 播放 最 近 的 初音 未来 歌姬 计划 求 推荐 卡慕 守望 先锋 排位 竞技 模式 解说 视频 有 哪些 泰罗奥特曼 的 第二 集 我 想 看看 乔纳森·莱斯·梅耶斯拍 的 青春剧 求 推荐 谢依霖 出场 的 万宝 粥 粉红猪 小妹 佩奇 小 游戏 我 想 看看 热门 的 婚外恋 爱 情片 我 要 看 些 那么 爱 二十六 季 不 看 日语 的 动画片 观看 今年 的 我 的 世界 虚无 世界 多 模组 生存 适合 两 岁 男生 看 的 有 没 有 来点 追素 有 哪些 我 是 歌手 第十四 季全网 的 第十三 季 播放 有来 微视 黄疸 第四 季 有 不 是 韩语 的 吗 给 我 看 老皮 台 洞窟物语 的 第十五 集 吧 给 我 播 高分 古装片 给 我 找由 石桥凌 编剧 的 日剧 有什么 广 东话 的 安徽 卫视 九国剧 盛典 推荐 吗 有 没 有 凹凸君 说 的 二十八季 推荐 我 要 看 这 部 皇霸 天下 的 第二十 季 推荐 最 新 的 深仔 穿越 火线 枪战 王者 深仔 系列 有麦 人 新拍 的 情景剧 没有 看看 高分剧 推荐 全 部 三辽宁春 晚相声 小品 合集 的 二十三 集 搜索 高恩 美 监制 的 韩剧 帮我 找 找由 朱美璇编剧 的 动画片 有 哪些 新 的 格格 要 出嫁 布鲁克琳·黛克 拍 的 年代剧 不 要 我 想看 看盖 世豪侠 第十三 季 找 点 适合 一 岁 小 朋友 看 的 有 哪些 面粉镇 的 节日 的 二十七 集 找找 鱼跃 在 花见 有 广 东话 的 武侠剧 吗 求 广东话 的 农村剧 有 没 有 有 国建勇 主演 的 儿童剧 推荐 有 没 有 皇后 驾 到 二十九 集 推荐 这 部 李阳 新拍 的 综艺 给 我 播 苏苏 我 的 世界 丰收 物语 二十六 季 找找 有 楼南 光演 的 动画片 看 日文 的 大片 给 我 找 冷门 的 古代 电视剧 推荐 王凯编剧 的 视频 有什么 黑色 幽默 推荐 吗 查下 由 理查德·阿米蒂奇编剧 的 搞笑片 吧 没有 夏台 凤演出 的 宫廷剧 有 两 岁 宝贝 可以 看 的 动漫 没有 孙晓 飞演 出 的 综艺 不 看 适合 七 岁 女人 看 的 悬疑剧 有 没有 播放 评分 高 的 小升 初军 旅剧 帮 我 看看 有 没有 最近 的 熊出 没 奇幻 空间 手机 游戏 我 想 看 上 个 月 的 问医 百科 之 胃 镜检 查 推荐 一 部 飞奔 小 黄人 变形金 刚 小 游戏 想 看 双语 的 小马 宝莉 欢乐 游戏 看 西班牙文 的 我 去 西游 张曼玉 客串 的 不 看 放壮 游南非 的 第四 季 有 一介 菜单 没有 有 姜峰 主演 的 犯罪片 吗 我 想 看 固态化 学 导论 第四 季 有 什么 基多 旧 城 第十六 季 推荐 吗 我 要 看点 狼哥 脱口秀 的 九 集 要 看 一 部 男人 四十 跑 出租八 集 放康网 微视 流产 的 二十九 集 我 想 看看 逗比 冬赛尔号 亲子 游戏 第十五 季 第十六 集 推荐 些 唐诗三百 首 找找 生活 大 医生 第十六 集 给 我 找 李明臣 监制 的 剧集 播放 川本 成拍 的 正剧 我 要 看点 最近 的 商战剧 给 我 播德语 龙崎 心灵 杀手梦魇难度 想 看由 高畑 充希 监制 的 电视剧 我 想 看看 双语 的 匠仓 课堂 有 适合 退休菇 凉看 的 没有 我 想 看看 陈辰 新拍 的 电视剧 查下 饭饭 燥热 搞 笑 娱乐 解说 吧 有 韩 语栏 目酷 炫 街舞 吗 没有 梁捷 演出 的 播欢 喜来 逗阵 第一 部 想 看 二十八流行 音乐奖 第二十四 季 搜索 三十 旅游 盛典 的 七季 给 我 找 最近 的 咨询 工程师 宏观 经济 政策 与 发展 精讲课 观看 新月 格格 的 第二十一 季 找 找 李涓监制 的 古装剧 想 看 被 囚禁 的 世界 的 第一 季 排除 森川 智之 参与 的 美剧 我 想 看 广东话 的 杰米熊 之 甜心 集结号 我 想 看 看樱桃 小丸子 第九 季 国语版 九集 九 集 第十三 季 适合 上 小学 小孩 看 的 有 没 有 推荐 青铜 星露 谷物语 的 十七 集 暗战 废弃 的 第十三 季 我 想 看 职业 玩家 视角 的 十二季 国语 的 言情剧 不 看 求 张伟 出场 的 爱 情片 有 哪些 新 的 电影 有 哪些 好看 的 理科 综合 大片 找影 视口 碑榜 第十三 季 帮 我 找 禽 兽子豪 陈子豪 精彩 视频 第六 集 来 点 鳴海エ リカ 最 新 拍 的 武侠剧 有 没有 康 网 微视 脊柱裂 曾 高 第十四 季 帮 我 找 热门 的 电视剧 搜索 最近 的 网络剧 找 找 粤语 醉酒 十八 看门 狗 十八 实况 娱乐 想 看 秦世妍 参与 的 爱情片 我 要 看 一 点 双语 的 大片 适合 五十多 岁 小孩 看 的 宫廷剧 有 没有 推荐 德语 的 大片 适合 九 岁 菇凉 看 的 农村剧 有 没有 搜索 评分 高 的 伦理剧 排除 康洪雷 演出 的 纪录片 搜索 最近 的 电视剧 我 不 想 看 基腐 的 有 读书 十七 季 吗 我 想 看须 乾导演 的 番剧 找 找 有 董连海 参加 的 悬疑剧 来 点 今年 的 历史剧 推荐 广东话 的 关公 看看 西班牙文 飞利 浦家 用 电器 说明书 推荐 些 陈若轩 出场 的 综艺 给 我 看周 美欣 最 近 的 日剧 吧 查找 刘 帅良 的 电影 有 哪些 戴维·卡鲁索 演出 的 栏目 酷炫 街舞 播放 西班牙文 的 黑血 看看 新 的 日剧 帮 我 看看 有 没有 玄古 方舟 生存 进化 起源 二十四灭 绝模组 生存 第五 季 想 看 莎拉波 娃菲利普 肯斯 第十五 季 给 我 播 热门 的 灾难 综艺 不 要 唐正 宇拍 的 年代剧 一 岁 宝贝 能 看懂 的 视频 有 没有 求 中文 的 四 国 考申论 题型 冲刺 预测 推荐 热门片 找些 姑娘 看 的 谍战剧 有 哪些 去年 的 武动 乾坤 手游 有 没 有 精彩 罪案剧 观看 我 的 詐欺男友 第一 季 我 不 想 看张 皓演 的 动漫 给 我 找有 李金铭 演出 的 悬疑剧 看 老李 船 长解 说风暴 战区 第二 十 季 我 想 看看 闪闪 的 红星 的 第十三 集 有 两 只 刚度 第二 季 第二十一 集 吗 搜搜 日语 的 盗墓笔记 推荐 贺贤威 出演 的 电视剧 要 看 五 兵临 唐山 十 集 搜索 中文 的 古装片 放默心 看 门 狗姐姐版 黑客 全 剧 情解 说 求 推荐 双语 的 婚内外 推荐 这 个 月 的 言情剧 帮 我 看看有 没 有 高分 的 年代剧 帮 我 找由生 田斗 真导 的 电视剧 有 血色 游戏 推荐 试玩 专辑 二十九季八集 吗 搜搜 老旅 我 的 世界 暮色 森林多 人 生存 系列 七集 我 要 看些 热门 的 谍战剧 找 找 热门 的 日本剧 找找 市场 这 本经 推荐 越狱 第四 季 第一 集 播放 英文 的 片 观看 最 新 的 李连义 主演 的 短片 有 哪 些 六月 的 欢乐谷 第十 三 季 要 看 些 新 的 言情剧 求 推荐 二十一 点 报道 七 季 我 想 看看 好看 的 青春片 要 看 梦妮 实况 我 的 世界 未来版 创世神 的 第十五 集 我 想 看 国语 的 综艺 找 点 老学生 能 看懂 的 大片 有 什么 最 新 的 蛋蛋幽灵 行动 荒野 实况 集 推荐 吗 有 哪些 高分 的 农村剧 有 哪些 赖 雅妍 演出 的 综艺 搜索 上 个 月 的 电影 看看 中文 的 单反 基础 知识 详解 我 想 看 看 好看 爱 情片 播放 戴维·卡鲁索 客串 的 十二托业 考点 技巧 解析 小学 四 年 级 宝贝 可以 看 的 综艺 有 吗 播放 为 导弹 部队 写 剑谱 的 人 十 季 给 我 找 高分 的 基腐 电影 有 噢 必胜 奉顺 英 二十八 集 吗 没有 有 李多海 的 我 想 看看 大 世界 十 季 帮 我 找 找 中文 的 当旺 爸爸 粤语 来 点 粤语 公安 局长 查找 好看 的 tvb 搜搜程 雷 演出 的 电视 搜索 好看 的 超级 英雄 动画片 找找 圣诞 老人 接班 人 不 是 男孩 喜欢 的 找 德语 的 叠影 危情 粤语版 看道 听 图 说 二十八 集 有 没 有 不 是 姜 寒 导演 的 要 看 千 金 归来 二十五 集 高分 的 综艺 有 没 有 新乱 世佳 人 十八 季 男生 看 的 综艺 有 吗 我 想 看 四 年级 分数 的 初步 认识 第十四 集 小学 二年级 宝贝 能 看懂 的 爱情片 有 吗 查找 徽娘 宛心 第六 集 播万 绮 雯演 的 喜剧 排除 江铠 同 客串 的 日剧 有 没 有些 适合 年轻 汉子 看 的 有 鹿 鼎记 黄晓明版 第四季三十 集 没有 来点 郭晋 安演 的 火影 忍者 疾风 传究 极忍者 风暴 革命 有 没 有 我 的 世界 丸子姐 的 小 游戏 合集 的 第四 集 有 什么 非洲毒 蜘蛛血腥 杀戮 之 路 第十六 集 推荐 吗 有罗冠兰 的 不 要 有 哪些 邓英 这 个 月 的 片 给 我 找 黄子 腾 出演 的 枪灵 计划 查下 评分 高 的 悬疑剧 吧 有 没 有 档案 第十八季二十八 集 搜搜 有 潘婕主演 的 剧集 给 我 播权利 的 游戏 解说全 第二十 季 二十二 集 看看 千浩镇演 的 电视剧 不 看 后 藤麻衣 的 情景剧 帮 我 找 刘梓妍导 的 偶像 剧 求 推荐 由 黄俊鹏 导演 的 短片 看看 这 几 年 的 邢志贤 客串 的 韩剧 要 看些 你 敢 答应 吗 第二十 集 有 没 有 不 是 法语 的 韩剧 想 看 宝贝 开饭 啦 十二 季 有释小龙 的 不 要 有 没 有 加纳 好 声音 推荐 要 看 些 榕榕 新拍 的 动漫 搜索 有 张根硕演 的 谍战剧 有 没有 不 是 亲子 教育 的 有 什么 轮回 的 拉格朗日 的 第三 集 推荐 吗 帮 我 看看 有 没 有 飞奔 小 黄人熊 出 没 十二 游戏 搜搜 冷风暴版 给 我播 国语 二十二年 必 看 新剧 预告片 花 有 没 有 江 总解 说 疯狂 的 麦克斯 流程 思密达 的 十二 季 求 推荐 由 田村 正 和 监制 的 剧 观看 渴望 流行 的 奇闻 家庭剧 搜搜 凯米 宝贝 早 教 嘻哈秀 的 第十三 季 有 广东 话眼 眼植物 大战 僵尸 游戏 没有 推荐 女孩 看 的 我 想 看看 罗小龙拍 的 谍战剧 给 我播 使命 召唤 十七物 牛解 说 第十五 集 查下 好看 的 视频 吧 推荐 最 近 的 动漫 太医 说 有 态度 推荐 点 适合 三十二 岁 汉子 看 的 我 想 看 丑女 大 翻身 第十三 集 查下 叶震声 的 正剧 吧 有 没 有 最 新 的 电影 我 想 看看 港媳嫁 到 推荐 一些 汉子 看 的 网剧 有 五十多 岁 学生 可以 看 的 动画片 没有 想看 咨询 工程师 宏观 经济 政策 与 发展 精讲课 第十 六 集 推荐 全部 法语 的 情景剧 推荐 彩虹 六 号 适合 退休 娃娃 看 的 电视 有 吗 不 看型 男 的 播放 牛郎 织女 鹊桥 相会 二十六 季 有 什么 卢誉 文演 的 剧集 推荐 吗 有什么 热门 的 好莱坞 电影 推荐 吗 搜搜华 莱士·肖恩 最近 的 动漫 查找 高分 的 动漫 我 要 看点 最 新 的 任东 霖演 的 综艺 节目 找 这 部 适合 三 到 四 岁 学生 看 的 番剧 给 我 看 国语 名侦探 柯南 手游 吧 帮 我 找 好看 的 推理 爱情片 搜搜 热门 大片 我 想 看看 李定 保 监制 的 纪录片 有 梁赫群 出场 的 星系 的 秘密 吗 观看 人体 的 故事 第十四 集 观看 热门 的 大片 推荐 卡慕泰坦 陨落 十八 单 人线 下 战役 中文 剧情 流程 第二 季 要 看 这 部 晚婚 的 第二 十一 集 有 没有 所有 二十 左右 姑娘 能 看 的 微电影 看 小明 放学 坑 的 第十五 集 我 想 看看 去年 的 消费者 该 如何 面对 金融 危机 我 想 看 苏苏熊 出 没 熊二 的 飞天 梦 十二季二十五 集 有 适合 年轻娃 娃 看 的 视频 没有 帮 我 看看 有 没有 十 年 新 发现 求 火线 放映室 不 要 西班牙文 的 播德井青空拍 的 谍战剧 播放 好看 的 罪案 网络剧 搜搜 最 近 的 神秘 的 尼罗 河 帮 我 看看 有 没 有 一言为定 看看 热门 的 喜剧 找找 扭曲 的 青春 第二十九季 预告 短片 二十六 集 有 哆啦梦 之 母大 山 羡代 物语 的 第十六 集 吗 帮 我 找 这 个 月 的 韩剧 有 最 近 的 陈为民 演出 的 综艺 没有 放 六月 的 霍政谚 演出 的 综艺 播放 爆笑岛 的 二十九 季 推荐 些 评价 好 的 英语 神话剧 查找 好看 的 综艺 看 精彩 的 动画片 观看 欢乐谷 第十三季第二十 集 我 想 看看 小清水亚 美 客串 的 青铜 失落 城堡 推荐 点 马洛宇宙 二十六 集 来 点 韩语 的 动画片 帮我找 我 的 世界 手机版 第一 季 求 推荐 双语 的 烦人 的 橘子 有 猛砖 带 你 全 名 突击 邀请 好友 一起 闯 关十二季 没有 有 老黑 我 的 世界 空岛 双 人 生存 合集 的 十九 季 没有 有 没有 最近 的 任 柯诺 客串 的 谍战剧 推荐 日语 的 片 不 要 查下 眼眼葫芦娃 游戏 吧 给 我 播 艾摩 的 世界 第二十六 季 英文 版 二十六 集 看看 好看 的 当代 电影 有 没有 适合 小学 三 年 级 宝贝 看 的 我 要 看点 有 马赛 参加 的 喜剧 找些 三 岁 宝贝 能 看懂 的 综艺 有 没有 一 点 适合 二十四 岁 帅哥 看 的 纪录片 有 没 有点 刚上 幼儿园 男孩 能 看 的 动画片 给 我 播 蓝猫 小学 科学 的 三十 集 看 比尔·普尔曼 客串 的 二十五 高考 地理 总 复习 七 岁 学生 能 看懂 的 恐怖片 有 吗 推荐 点 适合 上 小学 学生 看 的 搜搜 高分 的 情景剧 有 近期 的 傅彪 参与 的 大片 吗 看看 黑色 密令 我 要 看 点野性 巴塔哥尼亚 二十七 集 有 去年 的 视频 吗 想看 当兵 的 人 的 二十五季来 点 张玉嬿 参加 的 俺 村 有 个 赵嘎子 找 热门 古装片 不 是 有陈小艺 的 有 什么 评价 好 的 剧 推荐 吗 要 看 这 部 卡斯 我 的 世界 神秘 时代 二十模组 生存 二十八 集 有 什么 最 好看 的 犯罪片 推荐 吗 有 哪些 巧虎 来 啦 系列 巧虎 益智 第二十四 集 有 没 有 点十五 岁 学生 能 看懂 的 剧 看高分 的 自拍 动画片 搜索 由 赵树海 监制 的 大片 我 想 看 六月 的 王紫璇 主演 的 日剧 来 点 富田 耕生 出场 的 电视剧十 岁 男人 能 看 的 网剧 有 吗 有 李设彬 拍 的 大片 没有 有什么 好看 的 短片 推荐 吗 伊兹密尔 双 城记 十七季 八 集 我 想 看看 神探 苍战队 百科 第十三 季 第五 集 找 找 东南 特工队 有 退休 学生 能 看懂 的 电影 没 有 我 要 看 香格里拉二十二 季 二十三 集 排除 绫濑遥 的 纪录片 不 是 广东话 的 看白 石涼 子演 的 综艺 有 二十三纽 黑文 自制 的 八集 没有 美女 看 的 有没 有 我 要 看点 万宝 粥 七新 春拜 年特集 的 二十六 集 有 哪些 粤语 青春 的 杨老师 帮 我 找 粤语 地球 探秘 有 没 有点 适合 十 岁 宝贝 看 的 粤语 大片 我 想 看看 最 新 的 扭曲 的 青春 第二十九 季 预告 短片 要 看些 好看 的 探秘 年代剧 有 不 是 穿越 的 吗 帮 我 找 评价 非常 好 的 其它 大片 我 想 看 看金恩英 参加 的 武侠片 有 金东旭 监制 的 电影 吗 有 没 有 最 新 的 具惠善 客串 的 犯罪片 推荐 放近期 的 李多海 出演 的 大片 帮 我 找 找有 李泰林 参加 的 剧 搜搜 张倩如 的 剧集 有 韩语 的 菜菜 梦 幻西 游 吗 有范 逸臣 的 不 要 帮 我 看 看有 没 有 中文奇 热 我 的 世界 多 人 虚无大 冒险 看看 有 黄天崎 参与 的 动画片 来 点 杉本哲 太 拍 的 视频 妹子 看 的 有 没 有 想 看 疯味 英雄 三十季 给 我 播岛 城风云 第二 集 适合 十八 岁 小朋友 看 的 国语 犯罪片 有 没有 播放 评价 好番剧 我 想 看看 好看 的 主旋律 恐怖片 推荐 点 女人 看 的 动画片 有 青空 下 的 约定 吗 适合 三十二 岁 妹子 看 的 有 没 有 有 哪些 上 个 月 的 李康宜 参加 的 片 看应 采儿 出演 的 网络剧 适合 刚上 幼儿园 小孩 看 的 犯罪片 有 没有 查找 双语 有来 微视 肝病 我 要 看 点 有 耿圣凯 客串 的 罪案剧 娃娃 能 看 的 武侠剧 有 吗 有 家 中 有虎后记 的 二十六 季 吗 我 不 想 看 高桥 和 也 的 动作片 有 没 有 闯 关东 中 篇 十九 季 推荐 观看 新西兰 之 旅 十九 季 第四 集 找双语 的 古代 死亡 线索 不 是 有 朴龙河 的 有 没 有 这 部 二十四 岁 小孩 可以 看 的 神话剧 我 想 看铁 腕女 刑警 第四 季 第十五 集 有 没有 适合 大班 小孩 看 的 我 想 看看 有 金惠善 参加 的 动画片 推荐 我 的 世界 手机版 推荐 全部 好看 的 抗日剧 适合 刚上 幼儿园 小朋友 看 的 法语剧 有 吗 推荐 适合 九 岁 宝贝 看 的 英语剧 搜搜 最 近 的 搞笑片 排除井 之 原 快彦 参加 的 动漫 看看 英文 的 有来 微 视子 宫腺肌症 龚晓明 搜索 广东话 的 剧 有 没有 史蒂夫·茨恩 演出 的 日剧 我要 看全 部 武十郎 的 第十五 季 有 创业 十第五 集 吗 想 看 一 年 级 放 陈泽 宇导 的 伦理片 找 找有 金成泽 客串 的 古装片 想 看 杨门 女将 之 女儿 当自 强 的 第十五 集 有 女孩 看 的 武侠剧 没有 找芝麻 看 世界 的 二十二季 找 这 部 男孩 看 的 有 不 是 卢映 出演 的 吗 没有 应俊 参与 的 电影 播放 古城 大 冒险 第五 集 给 我 找 李忠秀 参与 的 动画片 求 最近 的 电视剧 美女 看 的 有没 有 有 哪些 金珉载近期 的 古装剧 播放新 的 美剧 有 高分 的 海洋 探险 英剧 没有 要 看点 青椒 与 红椒 十二 集 搜索 好看 的 综艺 玩具 星球 工程 车 九集 给 我 看 可 可 植物 大战 僵尸 联机 版 二十七季 吧 有什么 麻辣 教师 台湾 篇 预告片 花 七季 推荐 吗 推荐 二翡翠 歌星 红白斗 的 第六 季 观看 有 藤田 淑子 出场 的 电影 有 没 有些 男人 看 的 电视剧 有 美山 加恋 的 不 要 搜搜 热门 的 小语 种 历史剧 给 我 播处 女座 机械 设计 王氏 教育 播放 有 大空直 美 主演 的 谍战剧 有 没 有 不 是 程瑶 瑶导 的 我 想 看看 绅士 大 概一 分钟 的 第二十 季 想 看爱 无限 有 没 有 好看 的 案情剧 情片 推荐 看吃货 驾到 的 第十三 集 帮 我 找 瑶瑶 奥特 曼游戏 系列 的 第二十四 集 看看 由 王沺 裁导演 的 动画 有 新 的 非洲 十 年 吗 要 看点 国语 以沫 空岛 的 悠闲 生活 搜索 最 新 的 慕泽 我 的 世界 生活 大冒险 求 推荐 日语 的 言情剧 播热门 犯罪片 观看 激情 之后 还 剩 什么 我 想 看以 德服 人 十二 第一 集 有 不 是 神话 的 吗 搜索独 创 游戏 玩法 第四 季 看看 倒霉熊十 集 我 不 想 看 闾 汉彪 导演 的 查找 张风演 的 武侠片 不 是 早教 益智 的 给 我 找 最近 的 家庭剧 有 没 有 有 王煜 参与 的片 推荐 有 没有 东摸摸西 摸摸 第二 季 第二十一 集 推荐 有 没 有 高考 英语 状元 的 成功 之 路 的 第五 季 推荐 放 热门 的 资讯 儿童剧 观看 评价 非常 好 综艺 节目 我 想 看 无比可爱 的 动物 第二十四 季 推荐 一 部 寻找 前世 之 旅 二十五 手 游 查找 行尸 走肉 米琼恩 的 十 集 帮 我 找 找 粤语 的 我们 的 奥林匹克 给 我 看 苗强 出场 的 徐老师 来 巡山 锦集 二十一 吧 放马 天宇 监制 的 综艺 来点 日文 的 迷失 的 情感 给 我 播好 看 的 电视剧 有 没 有 不 是 粤语 的 给 我 看 霹靂 三十 季 九 集 吧 查下 好看 的 新农村 视频 吧 不 要 金正贤 监制 的 帮 我 找找 最近 的 新闻 十五 想看 最近 的 高级 教程 框架 查下 好 看 武侠片 吧 搜搜 评价 非常 好 的 群众 美剧 有 没有 国语 专题 一 周 明星 麻辣榜 十五 推荐 想 看 牧草 小瓜 泰拉瑞亚 定 制地 图生 存实况 十七 季 第二十 集 要 看 些 全国 计算机 等级 考试 二级 语言 七 季 来 点新 的 动画 有 什么 广东 话 女仆 刑警 推荐 吗 推荐 英语 无节 操 大 电影 我 想 看看 韩 娱星 动态 十九季 有 适合 三 岁 男人 看 的 没有 给 我 播 咆哮 小猪 的 二十八 集 有 屋塔房 王世子 国语版 吗 有 好看 的 其它 剧 吗 我 不 想 看 德语 的 电视剧 有 没 有些 适合 三 到 四 岁 娃娃 看 的 观看 最 好 看动漫 放 赵志平 拍 的 电视剧 有 宝贝 能 看 的 电视剧 没有 要 看 点 由 凯瑟琳·海格尔 监制 的 动漫 推荐 高分 儿童剧 看达 人街舞 挑战赛 二十七 季 二十九 集 排除 韩语 的 求张 玉善 这 个 月 拍 的 青春剧 中文 真人秀 全 美 超模 大赛 求 推荐 于 博 最 新 的 动漫 帮 我 找 找由 李国平 编剧 的 综艺 找自说 自画 的 第二十四 集 推荐 高圆圆 参加 的 动漫 帮 我 找 小 皇解 说 变 形金 刚 毁灭 给 我 播随 爱而飞 的 十九季 看看 有 郑永 琡 参与 的 电视剧 推荐 阮兆祥 的 动漫 推荐 一 点 适合 上 小学 男孩 看 的 求 推荐 二十九 教学 大全 第十三 季 播沈傲君 拍 的 抗日剧 有 没有 德语 巨星 风采五 帮 我 看看 有 没 有 日语 的 动画片 播 放搞 笑 整人 节目 来 点 有 杰西 达邦·福尔迪演 的 儿童剧 我 想 看 看 新 的 熊出 没 大 冒险 游戏 我 想看 看新 的 郭鹏 出场 的 视频 查下 幼儿 教育 儿童 歌曲 系列 之九 的 第二 季 吧 找 一些 帅哥 看 的 有 哪些 玫瑰色 的 人生 十 集 有 没 有 几 部 男生 看 的 帮 我 找 热门 美剧 求茅圆君 最近 拍 的 大片 观看 由 柳德 焕编剧 的 动作片 播放 热门 网络剧 推荐 全部 钟正 监制 的 综艺 帮 我 找 找 艾里克·巴弗尔 演 的 欢乐谷 第一 季 有 适合 上 小学娃 娃 看 的 韩语 动画片 没有 找找 郭强 参加 的 非凡 家庭 第九 季 有 没有 好看 的 剧 有 重庆 合伙人 二十七季三十 集 吗 我 要 看 点生 天目仁美 出演 的 忍者 龟 第二十 季 查找 法语 的 伦理剧 有 没 有 不 是 吕 原田 导演 的 播放 李安新拍 的 喜剧 搜搜 艾普尔·鲍白六月 的 视频 查 找情 旅 观看 悠然 小天 我 的 世界 亡灵 战争 系列 的 二十九 季 推荐 流行 大片 找找 最近 的 我们 这 一 家 我 要 看 火帅 第十六 季 想 看 完全 那 不 勒斯 的 第二十一 季 有 哪些 高岛 政伸 的 剧集 播放 缪斯 之 镜 二十六 集 推荐 一些 系统 电脑 的 综合 设置 十第四 集 推荐 点 小朋友 能 看 的 动漫 求 妖精 的 尾巴 的 二十二集 求 推荐 建国 主演 的 传奇 霍金 废弃 看看 六月 的 科幻剧 找 歌谣 大战 韩月 乔参与 的 不 要 要 看 些 鬼鬼 日本行 的 十九 集 有 没有 法语 的 飞碟 说 推荐 退休 帅哥 能 看 的 动漫 有 没 有 看看 日文 爱来不来 第一 季 看有 逢坂良 太 客串 的 动画片 两 岁 娃娃 能 看懂 的 动漫 有 没 有 给 我 看 由户松 遥导 的 动漫 吧 帮 我 找 最近 的 韩剧 找 一 部 退休 帅哥 能 看 的 古装剧 我 要 看神 秘星球 孪生 公主七集 老娃娃 能 看懂 的 伦理片 有 没有 不 是 权谋 的 四十 左右 小孩 可以 看 的 剧有 没有 播放 朱莉叶 的 第五 集 王紫逸 演出 的 青春 有 没 有点 小孩 能 看 的 片 我 要 看 一 部 好孕 百分百二十七集 我 要 看 几 部 热门 视频 查下 最近 的 加里·西尼斯 主演 的 青春剧 吧 帮 我 找 拜托 啦 学妹 二十六 番 外 合辑 的 三十 季 搜搜 侯堃参与 的 视频 有 没 有 不 是许 还 山拍 的 有 不 是 小升初 的 吗 搜索 好看 罪案剧 适合 三 岁 男人 看 的 搞 笑片 有 没有 给我 播木 有 一点儿 的 十 季 看 星际 十二 毒奶 小色 合集 第六 季 观看 由 陈豪 导演 的 伦理剧 看看 热门 的 科幻片 给 我 找 法语 的 年代剧 来点 流金颂 的 八 集 看 小市 慢太郎 导演 的 电影 看 热门 的 农村剧 观看 李雅贤导 的 喜剧 观看 王军 主演 的 庭审 纪实 给 我 播新 的 肖浩东 主演 的 综艺 帮 我 看看 有 没 有 最 新 的 绝佳 操作 莫言 逆战 十九 搞 笑解 说 我 想 看看 新 东方 在线 十九 考研 奖学金 终极 盛典 第四 季 看看 作 废六 推荐 一 点 康网 微视 胆囊癌 十一 集 播二十四 设置 文档 中页 眉页脚 教程 的 八集 观看 刘淼拍 的 电视剧 推荐 国语 的 烧饼 皇后 想 看 火力 少年 王电 视争 霸赛 的 第六 集 有余 洋 最近 的 动画片 吗 搜索 最 热门 的 情商 培养 抗日剧 我 要 看些 何苗演 的 大片 要 看点 申奥 的 罪案剧 要 看 所有 虹猫 蓝兔 童话 王国 历险 记 二十六季 二十五 集 有 没 有 不 是 彭宇 监制 的 找全部 五 到 六 岁 汉子 能 看 的 武侠片 给 我 看 李宁 出演 的 武侠剧 吧 搜索 姚晨 今年 拍 的 言情剧 有 没有 星际 联赛 第二十 季 推荐 求 戴 娇倩 出场 的 悠游 塞班岛 有 蛋蛋 阿拉亚 泰国 恐怖 医院 的 八 季 吗 查下 有 高歆迪 参加 的 古装片 吧 要 看 些 爆笑冷 知识 的 第三 季 观看 威利·加森 导演 的 偶像剧 帮 我 找 热门 番剧 看航 海王 手游 的 八集 推荐 一些 由 马仑导 的 动漫 推荐 些 王晓晨 今年 的 情景剧 帮 我 找找 布莱克·莱弗利 编剧 的 罪案剧 放 陈子 豪解 说系列 最 新 视频 查下 德语 的 青春剧 吧 不 要 海泉 演出 的 动漫 泽村 一 树 参加 的 不 要 给 我 看 粤语 的 拉手帮 吧 放瑜伽 瘦 身轻松学 的 十七 集 给 我 播 美妆 教程 之 彩绘 美甲 八 集 有 蓝狐 的 第十六 季 吗 有 哪些 德语 的 剧 来点 日语 早新闻 放火 海英雄 二十八季 第二十四 集 有 一 岁 宝贝 能 看懂 的 儿童剧 没有 有 没 有 刘子蔚 出场 的 诺曼底 登陆 推荐 巴布 豆一 起 说说 看 十一 十一 岁 第四 季 有 没有 小学生 穿越 火线 枪战 王者 第二十一 季 有 什么 上 个 月 的 视频 推荐 吗 查找 去年 的 焦刚 客串 的 电视剧 搜索程 逝寒 编剧 的 大片 我想 看 看陶 晶莹 出演 的 动画片 查找 曹敏莉 拍 的 农村剧 有什么 元彬 的 犯 罪片 推荐 吗 有 朱妮 的 不 要 给 我 播 双语 九 年代 时尚 精英 观看 康 进击 的 巨人 故事 剧情 流程解说 十二 季 推荐 法语 天天 向 上 有 没有 热门剧 推荐 给 我 看 伊朗 核去 核从八集 吧 查找 王禹铮 主演 的 油炸 奥特 传 送门 二十 基础 教程 入门 到 精通 第二 十 季 有 没 有 魔幻 手机 的 第十五 季 不 是 吴奇隆 监制 的 搜搜 小海 我 的 世界 虚无 与 黑暗 的 十 季 有 哪些 新 的 年代剧 德语 的 快餐店 之 恋 帮 我 看看 有 没 有 张小燕 监制 的 情景剧 给 我 播医学 微视 肖新华 糖 尿病 的 第十四 季 我 要 看 如果 蜗牛 有 爱情 我 要 看些 有 马可 参加 的 武侠片 推荐 些 适合 三十二 岁 娃娃 看 的 粤语 番剧 要 看 点 植物 大战 僵尸 生化 版 的 第六 集 要 看 一 部 最近 的 不 如 跳舞 播世博 链接 的 第二十四 集 有 哪些 好看 的 故事 电影 推荐 点 日文 的 果冻 看火人 用心 感受 安静 聆听 求于 和 伟导 的 综艺 节目 有 十五 岁 学生 可以 看 的 英剧 没有 观看 贾德·帕达里克 演出 的 历史剧 给我 播 高分 的 tvb 推荐 最 新 的 电视 给 我 找 老外 的 原味 俚语 的 十七 集 想 看 插画 设计 完整 一 套 学习 教程 的 二十三 季 观看 最近 的 搞笑片 帮 我 找 八八 爸 爸 第二 集 手机 娱乐 汇 之 球球 大作战 八 集 查下 消逝 的 光芒节 操君 消逝 的 光芒 的 二十三 季 吧 不 看 好莱坞 的 有 适合 三十二 岁 男孩 看 的 没有 高分 的 戏说 历史 纪录片 有 有 李 在 恩 演出 的 纪录片 吗 找些 适合 一 岁 学生 看 的 西班牙 文剧 有 没有 键 姬物语 十八 集 有 什么 法语 的 微电影 推荐 吗 求 推荐 经典 演讲 青春 十七 季 查找 飞利浦 家 用 电器 说明书 儿童 的 不 要 搜搜 好看 的 少儿 伦理片 要 看 点 东宫 第二 十一 季 要 看 些 苏恩磁 最近 的 家庭剧 有 哪些 今古 传奇 之 解放 之 路 的 第六 集 给 我 看 最 新 的风云浙 商面 对面 吧 我 想 看看 高岛政 伸导 的 科幻剧 求 推荐 高分 的 文科 综合 古装剧 找找 好看 的 语言 培养 电视剧 有 没有 适合 五十多 岁 妹子 看 的 求 推荐 仙仙侠 盗 飞车 五 女 司机 来 啦 的 第五 季 找 中文 的 视频 合集 有 没 有 幼儿园 小班 男生 能 看 的 大片 帮 我 找 王丽坤 客串 的 那些 错过 的 风景 推荐 全 部女 生看 的 武侠片 观看 粤语 的 艾弗 能量 记忆 扑克牌 训练 搜搜 热门 言情剧 给 我 看 魔法 门冠军 对 决二十九集 吧 播小明 时代 第五 集 放新 的 霹雳 神州 之 苍玄泣 第二十四 部 有 没 有 热门 的 宫廷 电视剧 推荐 些 快 乐星猫 之 工艺 篇 十八 集 给 我 找上 个 月 的 爱 没 有错 有 哪些 金泰妍 出演 的 纪录片 推荐 有 勾峰演 的 历史剧 给 我看 杨梓铎 演出 的 刺蝶 吧 有 没 有 新 的 梁冠 华演 的 视频 推荐 推荐 点 适合 四十 左右 小孩 看 的 德语 大片 帮 我 找 找 中 公考 研 二十四 考研 基础 阶段 复习 规划 合辑 帮 我 找 弗朗 柯斯·阿诺德 的 片 查下 囮 物语 西尾 维新 物语 系列 二十九 集 吧 我 要 看有 五 熊 客串 的 动画片 不 要 雷雷 参加 的 有什么 眼睛 的 绘画 王氏 教育 集团 第六 集 推荐 吗 搜索 英语 朝 二十七晚 二十七 帅气 和 尚爱 上 我 全网 找有 王青 演出 的 网络剧 播放 女子 特案组 第六 集 有 没有 坂崎 启 太 导演 的 爱情片 推荐 不 要 甘露 拍 的 我 想 看 早安 山东 的 二十五 季 推荐 有 高娜恩 演出 的 喜剧 放国语 的 伦理片 想 看 肘井 美 佳 导 的 大片 有 郑慧 善 出演 的 大片 吗 播放 幼儿 教育 儿童 歌曲 系列 之一 的 第一 季 近期 的 艺伎 的 真实 生活 有 堀 内贤雄 主演 的 直播 看神 探狄仁杰 十 七 集 排除 大春子 演出 的 观看 由 蓝正龙导演 的 农村剧 有 哪些 谁 怜 天下 慈母心 第五 集 找找 王怡 六月 的 纪录片 我 要 看点 最 新 的 科幻片 我 要 看点 世界 摔跤 的 二十七 集 有 不 是 西班 牙文 的 吗 给 我 播 牟凤彬 新拍 的 直播 放张 杨果 而 导 的 纪录 片 放米奇 妙妙屋 玩具 第五 集 推荐 电击 小子 第七 季 赵学而 导演 的 不 要 看 桐柏英 雄版 二十二 集 查下 王 玉宁 主演 的 视频 吧 想 看 抓鬼 行动 大队 二十九季 二十六 集 有 没 有 陈秀珠 的 片 我 想 看看 一 建法 规押题 考点 早知道 第一 季 有菇 凉看 的 动画片 没有 不 是 有 马羚 的 看看 江伊 涵导 的 动漫 不 看 英语 的 给 我 播说 游戏 来 点 双语 的 但是 又 何奈 适合 十 岁 小孩 看 的 粤语 动漫 有 吗 帮 我 找 黑洞 另 一 侧史 诗级 灾难片 我 的 世界 八季 帮我 找找 新 的 我 有 爱人 了 全网 小学 四 年 级 汉子 能 看 的 番剧 有 没有 播放 最 好 看 的 纯爱 综艺 节目 我 要 看点 赵树海 演出 的 骆驼 的 荣誉 之 战 放李德姬 拍 的 悬疑剧 要 看 点 狙击手 第六 季 有 学堂 说 九 集 没有 找 找好 看动 画片 有 没 有 由 水岛 大宙导 的 罪案剧 有没 有 医学 微视 吴逊 癫痫 二十二 集 放有 饭岛 直子 主演 的 微 电影 放幻 城手 游 第四 季 第十四 集 要 看点 有 顶天 家族 的 十季 熊出 没 之 环球 大 冒险 手游 的 第十三 季 有 没 有 热门 选手 马薇薇 推荐 排除 日语 的 剧情片 帮 我找找 英文 的 伦理片 求 推荐 刘晓忆 的 动漫 有 哪些 宫田 幸季 主演 的 片 给 我 看 金润 吉编剧 的 伦理片 吧 看看 医学 微视王 传航 前列腺疾病 十八 集 搜索 好看 的 离婚 电影 我 不 想 看 韩语 的 罪案剧 求 我 是 歌手 第八 季 帮 我 找 设置 折线图 图表 坐 标轴 播放 好看 的 军旅剧 排除 金泰妍 的 青春片 有 没 有 真三 国 无双 的 二十六 集 观看 李好 主演 的 欢乐 十六 岁 之 大战 僵尸 给 我 播一路 爆炸 二十七 人间 斗场 菲律宾 第二十一 季 第四 集 求 法语 的 龙珠改 魔人 布 欧篇 查下街 拍 瞬间 二十二 季 吧 求 最 新 的 综艺 观看 李丽莎 出场 的 动画片 看看 英文 版 的 托马斯 和 他 的 朋友们 第二十八季 求 推荐 西班 牙文 的 我 的 战争 要 看 姐妹 掏 心话 第二 季 精选 第二十四 集 给 我 找 热门 动漫 推荐 点 男人 看 的 青春片 给 我 看 红孩儿 第二十四 集 吧 没有 广东 话 的 剧 查找 涂凌 出场 的 亲宝 植物 大战 僵尸 十四埃 及 求 李欣汝 最 新 的 动画片 有 没有 几 部 三 到 四 岁 小孩 能 看懂 的 军旅剧 有 没有 郭晋安 的 美剧 推荐 给 我 找为 人 父母 第二十九季 二十三 季 推荐 所有 热门 电影 推荐 所有 由 李肖宁 编剧 的 剧 观看 寻找 为 什么 的 弗洛卡 第一 季 的八季 没有 中文 的 有 没有 十三第二 赛季 第十三 季 看看 日语 环球 奇闻大 搜索 要 看 一些 西岛 秀俊 参加 的 剧 推荐 一 部 有 刘庭 羽演 的 抗日剧 给 我 播郭冬临 的 偶像剧 想 看 流行 韩剧 播单词 的 诞生 第十六 季 八 集 有 哪些 炉石 传说 安德罗妮十九 集 播 我 爱 沈阳 查下 刘智仁 导演 的 悬疑剧 吧 查下 经济学 的 智慧 的 十八 集 吧 来 点 高晓 攀出演 的 乔省长 和 他 的 女儿们 找找 奇迹 有 二十 左 右学生 可以 看 的 视频 没有 推荐 去年 的 兰家富 主演 的 抗日剧 有 生活 中 的 纠纷 与 解决 二十九集 没有 老娃娃 可以 看 的 言情剧 有 吗 看 辽宁 登山 攻略 二十二季 二十三 集 给 我 播 魅惑 摄影 的 十九 季 观看 双语 的 砂沙 美 魔法 少女 俱乐部 第二 季 我 想 看子 泣死侍 二十九 集 求 硬汉 阿雷 伊甸 之星 联机 实况 解说 科幻 生存 的 第四 季 放叶 青林 参与 的 星火 考研 英语 查找 金刚 狼 的 第一 集 有 姑娘 看 的 动作片 没有 我不 想 看 唐从 圣演 的 帮 我 找找 动物 三百六十行 的 十二 集 给 我 找评价好 的 选秀 综艺 节目 有 哪些 由 张文慈 监制 的 短片 查找 由 纪言恺 编剧 的 片 推荐 汉子 看 的 视频 放公 安局 长 的 十七 季 想 看 二十一 财务 报表 编制 与 分析 的 九 季 姚刚 的 不 要 排除 英文版 的 有 没 有 吴宗宪 出演 的 超级 奶爸 推荐 查找 六月 的 电影 有 妹子 看 的 没有 放有 任炜东 出演 的 年代剧 我 要 看 些 六月 的 陈灏文 参与 的军 旅剧 推荐 几 部 小学 二年级 学生 可以 看 的 古装片播放 涓子 演出 的 剧情片 李善 均 的 视频 不 要 有 没 有 热门 的 视频 给 我 播颜葵 我 的 世界 蜘蛛 女王 的 日常 的 第十四 集 播申江 服务 导报社 的 二十五 季 我 要 看 郑镇 参加 的 电视剧 我 想 看看 十一 设置 电子 表格 中命 令 栏 求 推荐 康熙微服 私访记 十四 的 第十四 集 有 美妙 的 旋律 第四 季 的 第二 集 没有 帮 我 找 最 热门 的 搞笑 综艺 推荐 这 部 新 的 动画片 想 看 德语 蔬菜 不 寂寞 第三十 季 找李 玟编剧 的 动画片 播龙门阵 的 第四 集 播放 英文版 的 第七 届 东南 劲爆 音乐 榜 要 看 点新 的 古装片 观看 这 个 月 的 视频 观看 粽子 杀人 事件 八集 适合 老宝 贝看 的 谍战剧 有 吗 有 适合 大班 女生 看 的 没有 有 哪些 张耀扬编剧 的 网剧 有 卡洛斯·博纳德拍 的 动画片 吗 求育儿 微课 备孕 系列 我 想 看看 由 王 一 淼 导演 的 电视 推荐 康网 微视 蛛网膜 囊肿 两 岁 娃娃 能 看懂 的 搞笑片 有 吗 我 要 看点 荒凉 山庄 第十六 季 有什么 最近 的 爱恨 交织 推荐 吗 帮 我 找 找松 本润 编剧 的 综艺 找 找 沈在 英 出场 的 有 你 终身 美丽 我要 看 陈丽娜 演出 的 卡尺 未 转变者 之 旅 帮 我 看 看有 没 有 张冯喜 客串 的 偶像剧 有 哪些 有 拉琪儿·哈里斯 客串 的 剧 适合 十 岁 宝贝 看 的 德语 科幻片 有 吗 推荐 中文 错位 青春 第三十 季 求 推荐 新 的 第八日 的 蝉 求广 东话 高考 英语 冲刺 复习 查下 风雨 同 舟情 系 灾区 大型 赈灾 义演 吧 我 要 看 这 部老杨 我 的 世界 刀剑 神域 第十六 季 十七 集 来 点 小池 王者 荣耀 游戏 体验 二十三 季 张钧甯 的 动漫 不 看 适合 九 岁 娃娃 看 的 历史剧 有 没有 有 没 有 英语 练 图术二 查找 由 胡巧侠 编剧 的 宫廷剧 男孩 看 的 有 没 有 放流行 的 爱情片 找 德语 的 综艺 推荐 这 几 年 的 范玮琪 参加 的 电视剧 我 想 看看 评分 比较 高 的 婚外恋 儿童剧 给 我 看 中文 非凡 动物 第二 季 吧 找德语 我 的 世界 新手 村生 存 推荐 适合 五十多 岁 娃娃 看 的 动画片 想 看 小本 我 的 世界 侏 罗纪 公园 恐龙 世界 十 季 想 看 大世界 第五 集 求 推荐 新 的 聪明 小空空 有什么 霹雳 开天记 之 创神 篇 下阕 的 二十七 季 推荐 吗 有 宝宝 感冒 二十八季 没有 查下 朱媛媛 导演 的 电影 吧 有 没 有 三哥 解说 职业 选手 第一 视角 推荐 不 是 狄龙拍 的 推荐 一点 好看 的 韩剧 想 看有 永井大 参加 的 剧 有 没 有 不 是 英文 的 纪录片 有 哪些 张睿 出场 的 日剧 排除 有坂本千夏 的 给 我 播冼灏英 的 电视剧 我 想 看 岳以恩 拍 的 动漫 播 五 天津 公务员 考试 备考 指导 的 二十二 季 有 由 詹成霖 编剧 的 搞笑片 吗 我 想 看 看由 陈庭威编剧 的 抗日剧 我 不 想 看 孔琳 参加 的 推荐 几 部 女生 看 的 剧 有 什么 有 沈宏非 参与 的 电影 推荐 吗 播放裴 卢丽 这 几 年 的 剧 帮 我 看看 有 没有 最 新 的 李帅 出演 的 日剧 有 没有 最近 的 杜志国 出场 的 韩剧 要 看 些 好看剧 我 想 看 最 热门 美剧 帮 我 看看 有 没 有 商业 精英 的 第一 季 有 哪些 爱情 是 什么 的 第十四 集 看 青春 全员 集合 第二 季 第三 集 播放 原 创试驾 的 九季 有 生存 指南 三 三 求生 指南 攻略 的 第二十集 吗 不 是 有梁国荣 的 有 哪些 童伟 约会 大作战 游戏 体验 的 十一季 给 我 看 幼儿 教育 儿童 歌曲 系列 之一 的 九 季 吧 有 什么 最 新 的 番剧 推荐 吗 给 我 看 中文十 国际 邀请赛 吧 观看 这 几 年 的 剧 我 要 看点 最 新 的 于 承熙 参与 的 动漫 找 全部 适合 三十五 岁 姑娘 看 的 推荐 有来 微 视血压 异常 的 第六 季 不 要 王增奇拍 的 有什么 菜菜 寻找 前世 之 旅 手游 的 十八季 推荐 吗 给 我 看 黎晓 欣导 的 电影 吧 搜索 英语 的 爆笑 次方 有 没有 看 历史 上 的 今天 二十二 集 推荐 看唐颂 教育 之 姓氏 文化 查找 康网 微视乳 突根 治术 的 七 季 给 我 找 全员 加速 中 有 粤语 的 预言者 说 没有 观看 杨羚 客串 的 直播 有 广 东话 唐嫣 夏日 时尚 宝典 吗 找些 适合 十五 岁 小孩 看 的 不 要 英文 的 我 不 想 看 文物 的 看好 看 的 电影 帮 我 找找 幸福 的 女人 有 不 是 林丹凤 的 吗 推荐 一些 帅哥 看 的 恐怖片 推荐 周扬 出演 的 自说 自画 我 想 看看 最 新 的 视频 帮 我 找 变形金 刚 十三 卷土 重来 查下康 洪雷 参与 的 星阁怨 吧 查找 吴茜薇 今年 的 纪录片 找 这 部菇 凉看 的 有 没 有 多布杰 近 期拍 的 动漫 播放 大川 透拍 的 动漫 有 没 有 韩 娱星 动态 第十四 季 求 推荐 这 个 月 的 战警 我 想 看看 沙漠 游 戏鬼 泣 二十一 的 二十八集 找 日文 的 历史剧 我 想 看看 凯叔 讲 故事 第二 季 绘本 精选 第十四 集 观看 神兵 小将 的 二十五 集 要 看 几 部 二 每日 二十六 季 搜索 不 死 神话方 舟生 存进化官 人 原创 的 第二十 季 搜索 金俊导 的 动漫 推荐 最 新 的 纪录片 要 看 明星 挑赞赛 的 十一 集 我 要 看所 有威 小武 七 日 杀国 外 行尸 走肉 十二 季 第三 集 找有 孟相勋 客串 的 青春剧 求油菜花香 二十七 季 播设置 各 项目 的 间距 距离 教程 的 第二 十一 季 看看 六月 的 综艺 节目 有 没 有 上流 社会 全网 二十九 集 有 垂 钓学院 的 十七 集 没有 有 甲午 第五 季 没 有 搜搜 吴志远 近期 的 科幻剧 有 喵 有 卵用 第一 季 没有 想 看 挑战 大 自然 有么 伊酱 萌妹 学院 小分队 天空 城生 存 十一 集 吗 有 英语 三十考 研政 治马 原 冲刺课 吗 帮 我 找 尹宝莲 主演 的 动画片 有 没 有 一点 男孩 看 的 我 要 看 些 小 组赛 组 德国 葡萄牙 九 季 有老 旅植物 大战 僵尸 花园 战争 二十六 角色 介绍 的 十七 集 吗 播流 行 电视剧 有 没 有些 适合 小学 三 年级 女孩 看 的 我 想 看 立竿见 影作文 专题 讲座 二十六 季 第十六 集 搜索 粤语 的 科幻片 张凌烽 监制 的 不 看 不 是 法语 的 伦理剧 给 我 看 荆明华 拍 的 动画片 吧 给 我 找 一路 爆炸 二十七人间 斗场 菲律宾 的 三十 季 有 哪些 高分 的 国际 电视 有 没 有 玛丽·麦克科马克 演出 的 微电影 推荐 有 花自飘 零 二十八季 吗 看康网 微视 传导性 耳聋 第五季十九 集 没有 有 娄际成 的 帮 我 找 硬汉 阿雷生 存地 带 娱乐 实况 解说 第二十 集 适合 一 岁 妹子 看 的 伦理剧 有 吗 帮 我 找 最近 的 日剧 播好 看 科幻片 搜索 由 布莱恩导 的 剧 给 我 播 朱茵 出演 的 谍战剧 搜索 法律 与 现代 生活 第五 季 想 看 再 现 以前 的 纽约市 我 不 想 看有 藤原 尤佳 的 有 二十五二十五 决赛 巴西德国 的 第二十一 集 没有 要 看点 市场 这 本经 第三季十八 集 孙淑媚 主演 的 英剧 不 要 看 最 热门 的 剧 有 没 有 罗海 琼拍 的 tvb 我 不 想 看 李伟健 的 剧情片 找全部 女生 看 的 科幻剧 有 哪些 日文 的 武侠片 帮 我 找找 最 新 的 沈保平 出演 的 偶像剧 我 要 看 些 这 个 月 的 综艺 我要 看有 壮丽 参与 的 日剧 有 什么 菊长 未 转变者 大逃 杀 系列 推荐 吗 有 哪些 全 国 少儿 外语 艺术 大赛云 南禄 劝 赛区 第四 集 我 不 想 看 郑京浩 参加 的 动漫 排除 两 性 的 观看 好看 的 英剧 找些 小学 三年级 男人 能 看 的 电视剧 排除 玛丽·麦克科马 克导 的 帮 我 找 去年 的 二十七 机动 战士 高达逆 查下 由 李在恩 监制 的 电影 吧 找所有 三十五 岁 宝贝 可以 看 的 动作片 播马 丹旎 监制 的 直播 有 没 有点 适合 中 班 小朋友 看 的 找 英文 版 密战 搜索 麻辣 女孩 国语版 我 想 看 看 广东话 的 动画片 有 高分 的 地理 电视剧 吗 有 哪些 伊森·卡特科斯基 导演 的 动漫 有 哪些 有 曲鑫 出演 的 喜剧 求 推荐 中文 的 农村剧 找 金山 电子 表格 中 设置 循环图 十一 季 看看 有 王全 有 出场 的 电视 推荐 几 部 适合 中 班小孩 看 的 广东 话 动漫 有 哪些 流行 的 自然 地理 古装片 女人 看 的 情景剧 有 没 有 不 要 尉 迟琳 嘉编剧 的 找 韩语 的 电视剧 看 老友记 第二十六季 第二 十四 集 推荐 一点 小学 二年级 娃娃 能 看懂 的 神话剧 搜搜 有 吴 竞客 串 的 动漫 有什么 好看 网络剧 推荐 吗 要 看 点东 区 女巫 第十六 季 第二十一 集 求 最 新 的 视频 找 张峻宁 客串 的 小组赛组 日本 哥伦比亚 看 二十四线 上 挑战 野爹 石头 播杰克·约翰逊 出演 的 动画片 搜搜 最 新 的 电视剧 有 没 有 曾少 宗 最 近 的 电影 推荐 看 医学 微视 肖新华 糖尿病 第一 季 第六 集 有 哪些 评分 比较 高 的 环保 综艺 节目 我 不 想 看 卡拉ok 的 有 没 有 雷人 日记 的 八集 推荐 张振寰 导演 的 不 要 查下 艾历克斯·奥洛林 出演 的 微电影 吧 找 些 适合 两 岁 小朋友 看 的 动漫 查下哎 呀 妈呀 第十一 季 二十七 集 吧 有 不 是 仓田 保昭 的 吗 要 看 点 王彩 平拍 的 神话剧 有 哪些 日语 的 情景剧 帮 我 找找 最近 的 电影 适合 十五 岁 娃娃 看 的 日语 农村剧 有 没 有 来 点 十五 高考 新 东方 在 线名师 解析 的 第六 集 有什么 最 新 的 电影 推荐 吗 播十 三 软考 公开课 的 第六 季 观看 法语 的 古装剧我 想 看看 大草原 上 的 小 老鼠 十二季三十 集 求有 洪嘉玲 演出 的 综艺 我 想 看看 骄傲 的 火焰 二十五 季 播好 看 的 律法 综艺 给我 播 最 新 的 梦中 的 天梯 有 适合 七 到八 岁 小朋友 看 的 没有 不 是 巫恩仪 的 放有 宋佳玲 参与 的 动漫 帮 我 找找 老师荐 绘本 的 十 集 小孩 能 看 的 番剧 有 没 有 放 最 近 的 鹰眼 战情室 播放 好看 的 法语 青春片 播高分 的 短片 想 看 有 前田 爱演 的 正剧 查找 单立文 六月 的 谍战剧 有 适合 三十五 岁 男孩 看 的 神话剧 没有 我 想 看 白建才 监制 的 罪案剧 小孩 能 看 的 英剧 有 吗 有 没 有 小组 赛组 尼日利亚 阿根廷 二十二 季 适合 年轻 小孩 看 的 有 没 有 初级 职称 过后 如何 转战 中级 注会 考试 的 二十七 集 搜索 王雅捷 拍 的 商战剧 求 十春 季赛 第二十四 集 搜搜 土豆 汤姆猫 和 安吉拉系列 游戏 给 我 看 军人 少女 二十九 季 第二十 集 吧 有 不 是 高强拍 的 吗 帮 我 看看 有 没 有 上 个 月 的 约瑟夫·摩根演 的 电影 有 禽 兽子豪 陈子豪 精彩 视频 十八季 没 有 给 我 播家 国纪事 的 第二十 季 播小 学生 该 懂 的 生理 知识 十八 集 潘阳 拍 的 大片 我 想 看 看钟 积成 客串 的 泰坦尼克 传奇 来 点 张鲁一 演出 的 片 找找 徐筠 主演 的 澳门 韵律 搜搜 有 王晓阳 参与 的 片 看独 生子 三十 季 第三 集 有 哪些 最 新 的 会计做账 实务 操作 看 小 握解 说猫 和 老鼠 格斗版 有 哪些 最近 的 动漫 我 不 想 看有周初明 的 有 没 有 点 娃娃 能 看 的 tvb 帮 我 找 热血进 行曲 大 运动 会 正版物 牛解 说 的 九 集 给 我 播申东 旭演 的 小胖 妞 前传 有 北川 景子 导演 的 剧 没有 给 我 播 日语 的 偶像剧 想 看 最 新 的 卡哥 我 的 世界 火影忍者 第二 季 推荐 陈继铭 导演 的 综艺 播放 旅游 新 时空 第十五 季 我 要 看 青春 的 杨老师 的 第三 集 排除 日语 的 想 看 英文 学习 技巧 不 是 金昌 完拍 的 综艺 看植物 大战 僵尸 保卫 家园 版全 第十六 季 十 集 找 找 上 个 月 的 韩青主演 的 微电影 求科林·摩根 最 近拍 的 恐怖片 求推荐 韩语 的 偶像剧 我 想 看有 犬山犬子 参与 的 言情剧 我 想 看方 青卓 参加 的 tvb 陈伟 参与 的 不 看 推荐 点 剧场版 柯南二 第二 个 前锋 的 第二十一 集 不 是 英语 的 帮 我 看看 有 没有 国仲 凉子 参与 的 大片 推荐 一 部 李南星 这 几 年 的 电视剧 推荐 点 七 到 八 岁 小孩 可以 看 的 商战剧 放外 科医生 奉达熙第五 季 有 热门 电视剧 没有 我 要 看点 杨珑 的 商战剧 有 白雨 的 剧集 没有 不 看 陈萃 的 看 使命 召唤 二十四 黑色 行动 二十四三十 季 找 一 部 适合 三十二 岁 宝贝 看 的 犯罪片 有 哪些 英文 操哥 植物 大战 僵尸 系列 有 哪些 最 新 的 守望 先锋 十四 有 哪些 由 郝蕾导 的 情景剧 不 要 任帅 的 找找 最 近 的 系列 不 看 广东话 的 青春片 适合 九 岁 学生 看 的 有 吗 帮 我 找找 高分 的 经济 动画片 探索者 传说 第四季十八 集 来点 高分 恐怖片 推荐 陈宇秋 新 拍 的 宫廷剧 有什么 德语 的 动画片 推荐 吗 有 哪些 有 詹姆斯·丹顿 出演 的 农村剧 求 推荐 十七 公务员 考 试行 测解读 第二 集 看 朴诗恩 拍 的 武侠片 有 哪些 刑警 的 故事 找找史 努比 二十八季 我 想 看看 最好 看 农村剧 想 看 国语 的 张惠妹 音乐 视频 合集 推荐 点 适合 老小 孩看 的 有 没 有 些 女孩 看 的 播放 法语 的 青铜 修炼 手册 放熊 出 没 雪岭 熊风 的 二十五 集 给 我 看有 沈亨泽 参加 的 电视剧 吧 找 土豪 修炼 手册 第四 集 给 我 找 唐沸潮 最 新 的 动漫 搜索 张若昀编剧 的 片 有 没有 超级 简单 的 十一 集 五 岁 汉子 能 看 的 视频 有 吗 想 看 鲜于 银淑 近期 的 大片 我 想 看看 热门 的 魔法 动漫 求 一 级 建造师 工程 经济 押题 串讲 关涛 的 第十三 季 有 什么 万象 解密 的 第十三 集 推荐 吗 有 什么 高分 动漫 推荐 吗 推荐 最 近 的 快递侠 外传 找 黄 智雯 最 新 的 动画片 宋佳玲 的 罪案剧 不 看 给 我 播 九日 内 瓦 车展 第二 十一 季 给 我播 火箭 女孩 播放 成 泰燊 拍 的 科幻片 推荐 有 朴成雄 出场 的 视频 想 看 评分 比较 高 儿童剧 播醉酒 我 的 世界 精灵宝 可 梦 第二 集 找 张钧涵 最近 拍 的 微电影 有 哪些 双语 的 美女 诱惑 厨娘 物语 有 不 是 史蒂夫·茨恩 主演 的 古装片 吗 看新 的 由立平 出演 的 科幻剧 有 哪些 英语 我 的 世界 模组 介绍 有 哪些 吴建国 客串 的 古装片 找些 退休 宝贝 可以 看 的 动作片 不 是 有 朱少鹏 的 看 最 热门 的 纪录片 看 木鱼 我 的 世界 空岛 生存 战 十七 集 查下 高分 恐怖片 吧 我 想 看 叠影 危情 粤语版 给 我 看有 李昌勋 客串 的 动画片 吧 有 三十二 岁 帅哥 能 看 的 电视剧 没有 帮 我 找 双语 的 苍穹 之 法 芙娜 帮 我 看看 有 没 有 俞小凡导 的 抗日剧 观看 有 梦雪 参加 的 剧 来 点 今年 的 快乐 一 家 搜搜 国语 的 小许 福利 实况 闪乱 神乐 忍乳 负重 查找贺 集利树 新 拍 的 电影 九 岁 菇凉 能 看 的 综艺 有 没有 看看 最 新 的 李锦梅 主演 的 古装片 放 最 近 的 连奕 名演 的 网络剧 有 唐旭 出场 的 小 七 我 的 世界 我 是 一 只 僵尸 吗 要 看 点 日语 的 方舟 鹏程 实况 没有 李芸 的 放上 个 月 的 情景剧 有 汉子 看 的 没 有 播放 这 几 年 的 黄淑仪 参加 的 神话剧 帮 我 找 找 高分 的 语文 悬疑剧 看 猛 砖生 存 指南 六六 官方 中文 的 第十五 集 张克帆 参与 的 大片 不 要 给我 看实拍北美 的 世外 桃源 的 二十八 季 吧 求炉 石传 说 萌太奇 的 二十三 集 看 万 门 大学 韩语 初级 课程 下 的 九 集 给 我 看有 聂远 参与 的 商战剧 吧 给 我 找手 游木名 守望 之 城 十连 杀 根本 停 不 下来 第十六 季 有 比 得兔 第十七 季 的 二十六 集 没有 搜索 射天 狼 的 十二 季 帮 我 找 找有 元彪 参与 的 综艺 单机 游戏 的 不 要 有 由 赵薇导 的 大片 没有 帮 我 看看 有 没有 柳俊 相拍 的 综艺 有好 看 的 武侠剧 没有 搜搜 吃饭 睡觉 打豆豆 第十五 季 搜搜 最 热门 动画片 找 妹子 看 的 动漫 不 看张 也 的剧 推荐 点 热门 的 mv 搜搜 资讯 直通车 十三 播听 力口语 微课堂 之 办 公室 第十五 集 有 没 有些 男孩 看 的 推荐些 由 郑清文 导演 的 科幻剧 有 哪些 有洪 都 拉斯 参加 的 家庭剧 有 中班 宝贝 可以 看 的 武侠片 没有 全 能 职业 挑战王 的 第十三 集 推荐 些 适合 小学 三年级 宝贝 看 的 看 小米 的 森林 给 我 播有 金兴秀 客串 的 犯罪片 找 点 适合 二十 左右 宝贝 看 的 有 陈子 豪解 说 二十二 最 新 视频 的 二十二季 没有 给 我 播 最 热门 的 片 放 老鹰 抓 小鸡 之 魔王 世界 大 冒险 的 第二十 集 上小学 美女 能 看 的 美剧 有 吗 有 没 有 视觉秀 有 没有 笑啼 大作 第三 季 魔兽 世界 有 佐藤浩市 新 的 宫廷剧 吗 给 我 看在 泰国 训练 的 日子 吧 查下 评价 好 的 生活 课堂 综艺 吧 想 看 晴天 我 的 世界 神奇 的 跑酷 二十六 集 观看 矿蛙 午夜 二十一 点 的 学校 泡学姐 打怪兽 第十六 季 帮 我 找 找 粤语 幼儿学 唱歌 我 不 想看 韩 孝珠 的 排除 片濑 那奈 编剧 的 有 洁西 ·斯克拉姆 主演 的 我 的 恐怖 妻子 全网 没有 放时 尚潮 现场 第十六 季 搜搜流 行片 看看 无头 骑士 异闻录 第八季 结 有 法语 的 综艺 吗 有 哪些 郭采洁 的 谍战剧 求马 诗红 出场 的 爱情片 帮 我 找找 高分 tvb 查下 松来未祐参与 的 风雨 同舟 情系 灾区 大型 赈灾义演 吧 五 岁 宝贝 能 看懂 的 综艺 有 没有 查找 韩语 的 二十六 为 爱 同行 帮 我 找 英文版 的 动画片 推荐 高 分片 求 推荐 有 李锦梅 演出 的 大片 求 推荐 德语 二十九 考 研政 治 我 想 看看 飞奔 小 黄人 神奇 宝贝 游戏 的 八集 男人 看 的 动画片 有 吗 帮 我 找 四 高达 剧场版 四 相逢 在 宇宙 我 不 想 看 现代 的 我 想 看看 最 好看 的 电影 求 今年 的 杨洪 武演 的 电影 放三 十 娱乐 节目 第十五 集 查找 金承秀 主演 的 裴小峰 奥特 曼格斗进化 一 有 哪些 由 立平 上 个 月 拍 的 视频 帮 我 看看 有 没有 刘淼淼 主演 的 新铡 美案 看看 张璇 出场 的 建筑 讲座 及 培训 求新 的 常 铖出演 的 家庭剧 我 想 看 吴浩康 参与 的 教师 资格 学科 高中 体育 系统 精讲 想 看 奶酪 陷阱 全 网 九 季 有 不 是 曾 佩仪 的 美剧 吗 帮 我 找 找 巴哈姆特 之 怒 有 什么 十十五 人 制 世界杯 第十三 集 推荐 吗 有菇 凉看 的 剧 没 有 给 我 播 硬汉 阿雷虚无 世界 二十四 我 的 世界 冒险 之 旅 的 第二十四 季 找 找 怪 盗圣 少女 三十 集 观看 行家 说 二十二 季 搜搜 百 变 大咖秀 明星 模仿秀 的 十一 集 要 看乐 高得宝 拼 装灵感 教程 第二十一季二十七 集 有 哪些 小学生 王者 荣耀 第一 视角 要 看 一 点于 承熙新 的 犯罪片 我想 看 英文版 的 天才 早教 第一 方案 第一 个 月 我 想 看 双语 的 动画片 找找 安希妍 今年 的 搞笑片 我 想 看 好看 的 电视剧 有 最 新 的 科学 杂志 吗 我 要 看 些 归亚 蕾导演 的 直播 我 要 看些 六月 的 曲国 强 参与 的 动漫 放元 秋监制 的 动漫 有 没有 李维嘉 最 新拍 的 网剧 推荐 查下 由 宋佳伦 监制 的 罪案剧 吧 播放 李豪 最 新 的 罪案剧 找 三十五 岁 小朋友 能 看懂 的 视频 我 想 看 斗争 到底二十六 季 第三 集 有 没 有 由 法图 麦· 天缘 导演 的 英剧 推荐 找 智慧 妈妈 精华班 的 二十三 集 我 想 看 十一十七 求 英文版 的 电影 要看 一点 猫 和 老鼠手 游 给 我 看 青空 下 的 约定 的 七集 吧 有 哪些 这几 年 的 专列 一 号 我 想 看 王骏毅 主演 的 朝 二十七晚 二十七 帅气 和 尚爱 上 我 全网 求 推荐 中文 的 贝瓦儿 歌 世界儿 歌日 我 要 看 些 国语 宫河家 的 空腹 找 找 由 布鲁克琳·黛克 导演 的 综艺 节目 查找 由 卡 迈因·吉欧凡纳佐 监制 的 历史 剧 我 想 看看 热门 电视 给 我 播 刑警 的 故事 的 三十 集 我 想 看 赫子铭 演出 的 青春 之 星十一推荐 最 新 的 纪录片 找 适合 二十 左右 宝贝 看 的 番剧 播放新 的 纪录片 我 要 看些 最近 的 新 东方 绘本 阅读 我 想 看 太 极之 名 人堂 我 想 看 最近 的 英国 的 野外 生活 有 没 有 巴布豆 世界 万花筒 七七 岁 的 第十三 季 我 要 看点 二十八 流行 音乐奖 第二 集 龙崎 尸人 全 收集 攻略 流程 的 第四 集 推荐 爱 无限 排除 有 丁子峻 的 汉子 看 的 有 没 有 英文 的 剧情片 不 看 有 白乐 天 感谢 有 你 二十二二十二 专辑 吗 有 没 有 不 是 江原 正士 拍 的 历史剧 有 哪些 康网 微视 扁桃体炎 播康 网微 视垫 下巴 的 十二 集 新疆 公务员 考试 真题 解读 二十五 集 想 看 有 郭淑萍 参与 的 电影 播放 奥特曼 欢乐 游戏 第二 十一 季 帮 我 找育儿 那些 事儿 没有 安德鲁·布劳尔 演出 的 给 我 看 高考 自主 招 生语文 阅读 理解 的 九 集 吧 播放 牡丹 精灵 的 二十七 集 有 哪些 徐才根六 月 的 伦理片 推荐 点 日语 的 康网 微视耳 外伤 适合 七 到 八 岁 宝贝 看 的 tvb 有 吗 有 马克思 主义 哲学 的 八季 没 有 我 要 看 一 点 张谦导 的 搞笑片 搜搜 由 池田 秀 一 导演 的 剧 评分 比较 高 的 电影 查找 晨雾 客串 的 动漫 想 看 张嘉译 拍 的 谍战剧 推荐 一 部 娃娃 能 看 的 大片 日语 的 医学 微视 李军祥 胃 十二 指肠 溃疡 我 想 看看 漫长 的 告别 看看 赵春明 演出 的 微电影 找 最 近 的片 没有 卢星宇 的 直播 有 没有 秋风 与 呜帕 的 世界 第五 集 搜索 奥特曼格 斗进化 重生 十二 季 想 看 梦瑶 最 新拍 的 微电影 帮 我 看看 有 没 有 有 冯巩 主演 的 网络剧 推荐 姜 永波 出演 的 明星 转 起来 三 岁 小朋友 能 看懂 的 片 有 没 有 来 点 最 近 的片 有什么 英文 的 神话剧 推荐 吗 给 我 找 有 韩佳 人 演出 的 综艺 给 我 播 西班牙文 的 奇妙 冒险 二十 左右 小孩 能 看懂 的 美剧 有 吗 帮我 找 柏杉导 的 片 播易 淑宽 最 新 的 搞笑片 推荐 这 部 适合 一 岁 小朋友 看 的 有 没 有 不 是 中文 的 查下 最 新 的 楚 汉骄雄 粤语 吧 帮 我 找 动物 百 事 通 的 二十六 集 有 宝贝 能 看 的 电影 没有 我 不想 看 反町隆史拍 的 开心 学慧乐 全集 的 第二十一 集 找 一点 适合 五 到 六 岁 菇凉 看 的 排除 高森奈 津 美参加 的 我 要 看 一 部 十二 分钟 教 你 做人 的 十九 季 有 赵雅芝 出场 的 剧 吗 查找 新闻 十五二十五 集 没有 有 邢志贤 的 有 没 有 四湖北 卫视 春晚 小品 合集 的 十 集 搜搜 最近 的 古装剧 播放克 制 讲堂 的 第十三 集 我 想 看看 新 撰组 异闻录 的 第一 集 我 要 看 些 回到 多 年 以前 的 第一 集 推荐 汉子 看 的 观看 新 的 剧集 帮 我 看看 有 没 有 有 寇军 客串 的 mv 想 看由 唐群 编剧 的 电影 想 看 减肥 瘦身 课堂 的 十二 集 想 看 由 梁天编剧 的 视频 给 我 看 二十四 中国 国际 动漫节 宣传片 二十二季 吧 观看 开心 宾馆 的 十七 季 给 我 找 孙燕 姿拍 的 番剧 有 徐 智慧 编剧 的 电视 吗 不 要 金敏贞 拍 的 排除 余洋 出演 的 恐怖片 我 想 看新 的 剧 给 我 找 苏苏熊大 的 逆袭 的 十八 集 早教 课堂 的 不 要 看看 御用 闲人 的 十九 季 求 侠女 游龙 不 要 西班 牙文 的 查找为死而生 的 托拉亚 民族 看看 加拿大 火车 之 旅 的 二十五 集 观看 好看 的 少儿 电影 综艺 看看 热门剧 推荐 些 适合 九 岁 女生 看 的 我 想 看看 最近 的 朴尚民 出场 的 动漫 放 最 近 的 综艺 帮 我 找 评价 好 的 剪辑 谍战剧 我要 看点 评价 好 的 自然 喜剧 不 是 有蒙伟明 的 小孩 能 看 的 动画片 有 没有 悠然 小天 我 的 世界 亡灵 战争 系列 有 适合 年轻 汉子 看 的 没有 帮 我 找 找置 鲇 龙太郎 的 电影 找 最 新 的 徐璐 客串 的 片 求 推荐 高分 的 政治 电影 想 看 好看 的 特工宫廷剧 有 哪些 德语 易 拉罐 的 人间 冒险 来点 至 宠物屋 第十四 季 英文 版 有 没 有点 二十四 岁 小孩 能 看懂 的 抗日剧 有 没 有 不 是 英语 的 动画片 有 适合 十五 岁 学生 看的 没有 帮 我 找找 国语 的 小幻 与 冲冲 帮 我 找 评价 好 视频 查找 莎薇伽·赛冽新 的 片 看 少年 刑警 第十六 季 我 想 看看 郑晓东 最近 的 罪案剧 好看 的 一 年级 美剧 查找 今年 的 文茜 大姐 大 我 想 看 这 个 月 的 堀川 亮演 的 网剧 查下 由 戈治均 监制 的 动画片 吧 求 最 强 七友 第五 集 找 康网 微视耳 鼻喉 疾病 二十二 季 给 我 播 最近 的 高 曙光 主演 的 儿童剧 我 要看 一点 初学者 流行 交谊舞 第一 集 求 推荐 最好 看 偶像剧 搜搜 王婧 最 新拍 的 mv 帮 我 看看 有 没有 高分 的 剧情片找 找 咸鱼 出场 的 苏苏熊 出 没 之 冰封 的 熊二 查下 王冰 主演 的 正剧 吧 有 哪些 由田 成仁 导演 的 片 有 美 女看 的 动画 没有 看看 上 个 月 的 孙清 演出 的 mv 给 我 找 高分 的 人物 传记 大片 推荐 些 星梦园 的 二十八 集 小孩 能看 的 武侠片 有 吗 我 不 想 看 李雅 男客 串 的 电影 想 看 四海 兄弟 二十八第十六 季 第五 集 有 没有 不 是 刘以豪出场 的 我 想 看 高分 伦理剧 不看 赵柯编剧 的 帮 我 找 找 蓝心 湄 监制 的 古装剧 推荐 最近 的 剧 查找 最 新 的 mv 要 看 点 廖丽 丽拍 的 喜剧 我 想 看 韩东 出演 的 综艺 有 哪些 侯煜 的 综艺 想 看 游戏 体验 的 二十九 集 推荐 张 国立 导演 的 动漫 有 哪些 佟瑞欣 出场 的 片 推荐 全部 好看 的 才艺 培养 悬疑剧 有 年轻 小朋友 能 看懂 的 伦理剧 没有 投资 高喷会我 想 看看 有来 微视静脉 曲张 第三 季 十二 集 有 哪些 最近 的 动漫 有什么 十 设置 电子 表格 中 的 图片 推荐 吗 我 想 看 管羽 参加 的 剧集 有 最近 的赵丽颖演 的 剧集 吗 搜搜 服务器 原版 空岛 生存 我 的 世界 英语 过山车 九 季 帮 我 找找 高分 年代剧 有什么 最近 的 情景剧 推荐 吗 给 我 找 体验 的 第二十一 集 滑霄夜 的 动漫 帮 我 找有 李勋 出场 的 电视 看 嘉碧仪 出场 的 视频 播王 彩平 主演 的 想 红 编辑室 大班 宝贝 能 看懂 的 电影 有 吗 给 我 找 去年 的 李司棋 参加 的 电影 推荐 双语 的 mv 适合 十八 岁 美女 看 的 科幻剧 有 吗 有 花泽 香菜 出演 的 综艺 吗 求 推荐 由 刘涛 监制 的 动作片 有 洛特·弗贝克 拍 的 犯罪片 没有 帮 我 看看 有 没 有 国语 的 历史剧 有 西班 牙文 的 片 吗 要 看 最 热门 科幻片 帮我 找 找 日文观 复锵锵 第一 季 播粤语 的 大片 不 看有 张咏琪 的 查下 新樱桃 小丸子 二十三 集 吧 帮 我 找 找 冯鹏 监制 的 综艺 有 没有 九 家 之 书 的 二十三 集 有 一 岁 小孩 能 看懂 的 综艺 节目 没有 给 我 找于 晓光 拍 的 言情剧 搜搜 西班牙文 的 谁 在 你 身边 废弃 看看 六月 的 么伊酱萌妹 学院 小分队 天空城 生存 没有 冯素波 演出 的 有 哪些 最 新 的 胡洋 参加 的 剧 播放 十八分钟 学会 玩 饥荒 第一 季 二十八 集 看看 粤语 的 剧 有 没 有 问医 百科 之 双胎 多胎 妊娠 要 看 些 向 左走 向 右走 的 第二十 季 放高 分的 财务 培训 电影 推荐 点 上 小学 宝贝 可以 看 的 剧 有 什么 上 个 月 的 音乐家 系列 推荐 吗 有 哪些 齐欢 主演 的 魔界 之龙珠 我 想 看 看何 冰客串 的 商战剧 找 找 国语 某 科学 的 超电 磁炮 找 几 部 妹子 看 的 有 没有 学生 能 看 的 动漫 适合 三 岁 娃娃 看 的 法语 日剧 有 没 有 李雯雯 拍 的 不 要 适合 三 到 四 岁 小朋友 看 的 英文剧 有 没有 适合 三十五 岁 男人 看 的 有 没 有 要 看 些 零壹公社 的 第六 季 看看 许玮伦 客串 的 大片 找 找 炎舞 工作室 的 第十六 集 看 看易车 出品 的 第五 季 推荐 高分 的 青春片 放评分 高剧 我 要 看点 赵敏基 的 大片 谁 敢 挑战 小学生 的 三十集 帮 我 找 日语 的 大片 求 推荐 我 的 世界 神奇 宝贝 模组 生存 七 集 推荐 好看 的 漫改 喜剧 有 没有 一点 适合 三 岁 小孩 看 的 播放 视云少儿 水果 篮子 的 二十六 集 适合 上 小学 男孩 看 的 有 没有 有什么 最近 的 微电影 推荐 吗 我 要 看 下屋 则 子 出演 的 谍战剧 有 没 有 陈继铭 客串 的 电视剧 找 找 流行 的 小学 纪录片 来 点 这个 月 的 我 是 公主 搜索 最 好 看美剧 推荐 些 四十 左右 帅哥 能 看的 电影 找 女孩 看 的 古装剧 搜搜 双语 的 偶像 剧 有 没有 不 是 麻生 久 美子 演 的 播放 最 近 的 谷山 纪章 出场 的 短片 找 今年 的 琳时 出发 薛 好 白王者 荣耀 第一 视角 第二 集 给 我 播 近期 的 高桥 克典 主演 的 动漫 有 全度 妍拍 的 罪案剧 没有 要 看 全 部 新 的 曲江 书城 快闪 给 我 播星 星狐 的 体验 五 的 第十六 集 播放 有 袁珉 参与 的 武侠片 有 哪些 电击 小子 第七 季 搜索 流氓 皇帝 播康 网微 视耳 鼻喉疾病 的 二十五 季 有 由 戴维·卡鲁 索导 的 大片 没有 我 要 看点 最近 的 美国 恐怖 故事 第二十八季 有 没有 一 部 适合 年轻 小朋友 看 的 大 片 搜索 我 的 英雄 学院 第八 季 全 网 要 看 所 有 浙江 传媒 学院 优秀 动画 短片 集 不 要 粤语 的 动画片 看丹妮 婊姐 开炮秀 搜搜 张怡 美拍 的 剧 帮 我 找 找 我 去 西游 第二十一 季 来点 由 王坤 编剧 的 动作片 找找 陈 冠宁 的 商战剧 帮 我 看看 有 没 有 有 张博宇 主演 的 片 观看 硬汉 阿雷鲁妹妹 漂流记 的 第十六 季 有 哪些 高分 的 小 清新 直播 查下 热门 的 当代 日剧 吧 推荐 新 的电视剧 我 想 看 中文 的 大片 观看 有 李狗蛋 演出 的 古装片 帮 我 看看 有 没 有 有 张宇 参加 的 科幻剧 观看 杨凡 新拍 的 直播 来 点 这 个 月 的 视频 推荐 徐 老师 来 巡山 最 新 视频 第二 季 放由 李文军 监制 的 罪案剧 要 看 些 好看 的 动漫 找 今年 的 人性 管理 之 高手 好色 有 哪些 美语 怎么 说 的 二十五 集 有 没 有 小组 赛组 喀麦隆巴西 的 第十四 季 搜索 高分 的 型 男 大片 有 哪些 涂黎曼 最 新 的 英剧 推荐 点 美 女看 的 电视剧 想 看 文茜 大姐 大 有 退休 小朋友 可以 看 的 片 没 有 有 考古 探秘 的 三十集 吗 播新 的 武侠剧 帮 我 找找 精彩 的 人物 视频 播放 今年 的 樊野 想 看 奥巴马 演讲 视频 播放 上 策小 剧场 的 八集 适合 幼儿园 小班 娃娃 看 的 有 没有 适合 四十 左右 娃 娃 看 的 双语 tvb 有 没有 求英语 的 搞笑片 有 退休 小朋友 能 看懂 的 电影 没有 有 最近 的 综艺 吗 搜搜 戴尔 迈克尔戴尔谈 创业 和 发展 播放 终极悬案 找 找 国语 八八枪 杀 大案 帮 我 找金正 泰新 的 日剧 求 推荐 最近 的 培查 雅·朝 瓦莉 参与 的 大片 求天 空中 最 亮 的 星 的 第一 集 有 没 有 不 是 英文版 的 给 我 找 由铁 政导 的 恐怖片 观看 德语 的 龙少 的 球球 大作 战旧 版 求 最近 的 破茧而出 不 看 詹小楠导 的 不 是 谢坤达 出场 的 有 哪些 徐子珊 的 mv 有 没 有 不 是 犯罪 的 求池 城演 的 大片 有 哪些 最 新 的 大片 找点 女孩 看 的 有 流行 的 古代史 电影 吗 求 推荐 英文版 的 银河 奥特曼 找找 高分 的 宫斗 电视剧 有 适合 三十二 岁 菇 凉看 的 网络剧 没有 我 想 看看 最近 的 mv 上 小学 学生 能 看懂 的 片 有 没有 推荐 点 适合 二十 左右 娃娃 看 的 动画片 有 没 有 点菇 凉看 的 网剧 找由 李良 导演 的 农村剧 帮 我 找由 王虎 城 导演 的 动画片 有 哪些 天 之 云地 之 雾 我 想 看看 安妮 上分 教程 第十五 季 放 沈小兰 演出 的 一级 建造师 市政 公用 工程 管理 与 实务 对 啊 网 查找 国语 有来 微视 慢性 腰腿痛 我 要 看 德语 的 青春剧 帮 我 找 找 陈雅伦 拍 的 tvb 求 吴云甫 客串 的 剧 看掌 上明珠 粤语 第三 季 有 没有 拉手 帮 的 第十 三集 没有 王建民 的 查下 国语 激战 一 原画 视频 吧 有 法 语童 言童 语 宝宝 故事 大赛 第十六 期 吗 给 我 播 萌宠 竞技 十 集 给 我 找活 佛济公 嘻歪 新拍 的 剧 没有 复仇 的 查下 高分 电视剧 吧 有 没 有 老小朋友 可以 看 的 农村剧 不 看 历史 的 找 找 帝陵 之 西汉 帝陵 的 九 季 我 想 看看 抗日 小 英雄 杨来西 第四 季 第二十一 集 我 想 看 罗钧满 监制 的 动画片 来点 近期 的 视频 推荐 九 岁 娃娃 能 看懂 的 搞笑片 唐颂 教育 之 姓氏 文化 第十五 集 求 推荐 苏丽 监制 的 网络剧 有 西班牙文 的 公考 面试 热点 汇 总 没有 给 我 看 陈秀环 最 新 的 恐怖片 吧 叶青导 的 不 要 有 哪些 上 个 月 的 天线 宝宝 第一 季 中文版 有 哪些 教授 街头 篮球 教学 的 第十四 集 找 些 妹子 看 的 给我 播美人 鱼变 漂亮 成长记 十七季 第二十 集 有 没有 财经 法规 五会计 从业 资格 考 试对 啊 网十七 集 要 看点 李安新 的 片 播 韩 语 守望 先锋 精彩 坑爹 集锦 我 要 看 一 部 日 文姥 姥讲 故事 之 中国 童话 和 故事 二十七二十七 岁 二浙江 公务员 考试 公告 大纲 解读 十九 季 二十五 集 不 要 有 唐熙 的 搜搜 徐成林 参与 的 综艺有 哪些 周 迅导 的 mv 要 看 些 王鹏轩 上 个 月 的 大片 看 人气 歌谣 的 第一 季 看 英文 的 胜负师 传说哲 也 搜索 西班牙文 的 视频 找 最 新 的 天才 早教 第一 方案 第三 个 月 我 想 看 廖丽丽 参加 的 守望 先锋十四 搜索 视云纪 录片 脱险 归来 的 第三 季 我 想 看看 不 二故 事模式 第五 章奔赴 前线 第一 季 第二十 集 有 什么 十六 教师 资格 证 考 试面 试优秀学员 试讲 对 啊 网 的 第二十 季 推荐 吗 有 适合 十五 岁 女孩 看 的 动作片 没有 我 要 看 几 部 松下 奈绪 导演 的 搞笑片 搜搜 好看 的 综艺 求 推荐 冷门 m v 李彩英 拍 的 不 看 查找 越 狱 第三 季 的 十九 集 帮 我 看 看有 没 有 傲剑 至尊 第二 十四 集 想 看 观云 的 第四 集 有 适合 年轻宝 贝看 的 没有 没有 日语 的 动画片 陈庭 妮演出 的 tvb 不 要 看 去年 的 年代剧 奇闻 的 不 看 帮 我 看 看有 没 有 评价 非常 好 的 偶像剧 搜搜 悠然 小天 我 的 世界 模拟 大都市 求 韩语 的 武侠片 我要 看林继东 这 个 月拍 的 动漫 要 看点 冷门 的 电视剧 适合 幼儿园 小班 男人 看 的 电影 有 吗 有 哪些 绝代 商骄 的 第十四 集 求 英文 版 四十九日祭 想 看 醉酒 生活 大 冒险 醉酒 的 世界 九集 推荐 一 部 适合 三 岁 美女 看 的 播韓信 第二十四 集 求 双语 的 罪案剧 男孩 看 的 大片 有 吗 播放 韩语 的 特尤特 广告人 的 十 项 基本 修炼 课程 不 要 巩峥 主演 的 动漫 推荐 些 粤语 的 剧 推荐 点 适合 三 岁 小孩 看 的 动画片 看 这 个 月 的 刘金山 主演 的 悬疑剧 没有 潘红 导演 的 不 是 悬疑 的 搜搜 加油 好 第五 季 看 这 个 月 的 诗诗 的 十四之 旅 有 哪些 刘圆媛 最 近拍 的 剧 有 没有 这 个 月 的 梅里特·韦弗 出场 的 电影 推荐 徐 黄丽 的 电影 不 要 推荐 几 部 适合 幼儿园 小班 姑娘 看 的 有 没 有 男孩 看 的 给 我 播说 走 就 走 之 焕彩 巴黎十七 季 有 哪些 非 你 莫 属 找 徐阁 导演 的 大片 咨询 工程师 宏观 经济 政策 与 发展 精讲课 十一 季 给 我播薪 火传承 中国 传统 哲学 通论 十九 集 想 看 硬汉 阿雷 恐怖 新作 僵尸 实况 解说 播放 北京 电影 学院 文学系 的 十 集 给 我 找 白丽 娟客串 的 长征 有 不 是 德井 青空 的 吗 帮 我 找找 外星人 入侵 的 九 集 播 赵显宰 出演 的 积木宝贝奇妙 故事 有 由 草尾毅 编剧 的 动画 没有 没有 方言 的 找 幼儿园 小班 姑娘 能 看 的 武侠剧推荐 英文 的 英剧 搜索 安·海切 出演 的 片 没有 日语 的 动漫 找 找 邓洛淋 主演 的 校花 日记 我 不 想 看有 莎拉·艾伦 的 看张 殿伦 出场 的 短片 帮 我 看看 有没有 走进 生命 的 七季 来点 贾松涛 出场 的 动漫 有 没 有 双语 的 电视剧 要 看 点 忍者 龟 第二十 季 二十五 季 有 什么 热门 的 少儿 历史剧 推荐 吗 要 看 日语 泡面 熊出 没 之熊大 快 跑 游戏 播放 川澄绫 子客串 的 四季 仙境 有 没有 最近 的 李洙赫 主演 的 综艺 推荐 有 什么 热门 的 爱 情片 推荐 吗 推荐 点 最新 的 网剧 我 要 看 些 有 梁 烈唯 演 出 的 动画 我 想 看 锡恩 管理 培训 系列 课程 的 二十九集 放康 网微 视面部 整形 二十八 集 有 没 有 陈洁 出演 的 十 大 奇冤 推荐 查下 近期 的 年代剧 吧 帮 我 找 这 几 年 的 抗日剧 有 哪些 詹 纽瑞·琼斯 出场 的 动画片 搜搜 近期 的 神话剧 搜搜 上 个 月 的 动漫 有 有 连奕名 演出 的 tvb 吗 不 要 王晓霞 的 年代剧 求 推荐 热门 的 方言 大片 求 推荐 流放者 柯南 第二十一 季 我 要 看全部 二 次 元大 作战 的 七 季 找 找 周丽淇 监制 的 剧集 有 没 有点 适合 十五 岁 娃娃 看 的 微电影 找找 帕特里克·德姆 西客串 的 黄帝 有 星火 考研 英语 七集 没有 有 没有 由 南尼·莫莱蒂 导演 的 言情剧 推荐 不 是 国建勇 参与 的 推荐 好看 的 动画片 有 适合 七 到 八 岁 学生 看 的 西班牙文 偶像剧 没有 给 我 看 健身 集锦 第二 集 吧 不 是 西班牙文 的 找 冯雷 参与 的 动漫 求推荐 有 宋妍 主演 的 谍战剧 求 李 文洙 编剧 的 伦理片 推荐 咕哩咕噜 亲子 玩 游戏 推荐 这 部 双语 的 剧 推荐 新 的 友坂理惠 出场 的 美剧 推荐 诗诗 的 十四之 旅 的 第二 季 我 要 看 一 些 武 内 健导演 的 综艺 不 看 治愈 的 有 没 有 几部 宝贝 能 看 的 恐怖片 给 我 找有 刘毓 滨演 的 视频 给 我 播 聂子 皓拍 的 tvb 有 没 有 评价 非常 好 剧集 推荐 有 没有 最 近 的 世纪 攻略 给 我 播机 甲兽神 的 第三 集 搜搜 法语 拉丁舞伦巴舞 基本步 教学 没有 有 钟林 的 求 推荐 安卓手 游 一 周 精选 看 李东翰 参与 的 当心 网上 过滤 气泡 搜索 双语 的 剧情片 求推荐 最 好 看 综艺 排除 广东话 的 适合 中班 小朋友 看 的双语 视频 有 没有 我 想 看看 由 潘志文 监制 的 神话剧 有 哪些 母婴派 第十六 季 不 要 英文 的 大片 来 点 舒耀瑄 参加 的 综艺 我 想 看 龚锦堂 最 新 的 青春剧 给 我 看二十二世纪 家族 的 八集 吧 推荐 点 公子 史上 最 坑 爹 的 游戏 谢 彰导 的 不 要 有 哪些 有 武田 真治 参与 的 电影 找 找 张晋 演出 的 多元 启智 开发 动画 系列 之 语言 与 阅读 查找 木鱼 我 的 世界 空岛生 存战 的 第六 季 给 我 播 废弃 二十七二十七 集 求评价 非常 好 剧 情片 查找 硬汉 阿雷四海 兄弟 十一 娱乐 流程 解说 有 帅哥 看 的 武侠剧 没有 我 不 想 看 冯鹏演 的 视频 搜搜 李铭顺 参加 的 电视剧 推荐 段 秋旭 主演 的 九年代 时尚 精英 要 看 些 马少 骅拍 的 综艺 有金 在 中 的 不 要 找 蒂姆·迪凯 出场 的 电影 看 肖雄 演出 的 东摸摸西 摸摸 第二 季 没有 龙隆拍 的 视频 想 看 桜 砸 虚无 世界 生存 系列 第十三 集 推荐 几 部 适合 二十 左右 学生 看 的 广东 话 电影 有 没 有 全部 适合 两 岁 菇凉 看 的 大片 中文 的 犯罪片 推荐 点 正午 三分 的 三十 集 有 二十四 岁 小孩 能 看懂 的 科幻片 没有 播考 古 探秘 的 二十七 集 有没 有些 适合 三十五 岁 小孩 看 的 电视剧 有 哪些 茶风林 出演 的 微 电影 我 想 看 呼叫大 明星 求 蔡康永 客串 的 小霸王 崩坏 一激情 玩 转日系 有 没 有 番番 大头 儿子 和 小头 爸爸 小 游戏 推荐 帮 我 找 找 苗侨伟 的 网络剧 有 离婚 官司 废弃 的 二十九 集 吗 小妖 蜡笔 小新 小 游戏 第六 季 十九 集 没有 李政镇 的 帮 我 找 热门 电视剧 小学 三 年 级 美女 能 看 的 古装剧 有 吗 求 推荐 热门 网剧 给 我 看 不 孤独 食物 美学 一 人 食十七 季 第二十四 集 吧 我 想 看看男 主播 基佬 大作战 的 十九 季 看近期 的 李明臣 演出 的 日剧 播放 大咖 影院 的 第二 十四 集 放 最 近 的 剧集 不 看 鲁诺 的 美剧 给 我 播安东尼·约翰·邓尼森 最 新拍 的 恐怖片 搜索 最 近 的 视频 推荐 孟飞 最近 拍 的 视频 有 没 有 菇凉 看 的 动漫 推荐 高分 的 古龙 家庭剧 大 醉侠 的 八 季 排除 萩原聖人 拍 的 综艺 节目 我 想 看 十六 重庆 公务员 考试 真题 解析 十二 季 第十三 集 推荐 些 有严 顺开 出演 的 网络剧 求 最 热门 古装片 看主食 小吃 的 第二十 季 人生 赢家 精 选集 的 八集 放迈 克尔·兰德斯 参加 的 悬疑剧 有 哪些 后藤麻衣 客串 的 老公万 岁 粤语 帮 我 找找 庞瀚辰 上 个 月拍 的 爱情片 王煜 参加 的 不 看 求 推荐 热门 的 美食 电影 要 看 些少齐 恶灵 附身 全 剧 情解 说 与 吐槽 第十六 季 看意 大利 的 狂野西部 的 第二十一 集 给 我播 最 新 的 益智 拼图 搜索 亲宝 解说朵 拉 小 游戏 第一 季 十七 集 查找 郑伟 最 新 的 网剧 有 新 的 步入 未来 吗 想 看午 夜凶 第六 季 推荐 刘以豪 最 新 的 恐怖片 有 新 的 战地 十四 解说 没有 想看 倪萍 最近 的 日剧 有 哪些 高分 的 职场 抗日剧 娃娃 能 看 的 爱 情片 有 没 有 帮 我 找 二手 车购 买 选择 看 最 新 的 有来 微视 口腔 修复 有 没 有 爱情 是 什么 第二 十 季 我 不 想 看田 小洁 参加 的 tvb 我 想 看看 若风视频 八季 第十三 集 我 想 看 饥荒九 季 想 看 英语 的 百变 动物盒 求 好看 的 复仇 电视剧 小孩 能 看 的 古装片 有 吗 想 看 圆梦 第十四 集 推荐 一 点 宝贝 能 看 的 动漫 来 点 老戴 孤岛 危机 八 最 高 难度 攻略 解说 的 三十 季 推荐 点 李晔 参加 的 剧情片 有 哪些 马克思·格林菲尔德 参与 的 手游 木名 喷子 照样 屠戮 复活点 找缘 来 不 晚 找 找 新 的 心脏 支架 要 不 要 装 播放 宠物 小 精灵 剧场版 二 给 我 找 孙兴新 的 情景剧 播放 大说 的 第十六 季 帮 我 找 找稻 草人 爆笑 配音 的 第十四 集 我 想 看寻 找好 声腔 的 第二 十一 季 播新 的 张可颐 演出 的 视频 来 点 这 个 月 的 夏娃 的 时间 剧场 版 给 我 找 有 章芳 出演 的 情景剧 播日 语新 版 麻辣 教师 有 名人 厨房 内地版 的 第十三 集 吗 帮 我 看看 有 没有 瑛子 的 电影 不 看 英语 的 有 什么 热门 犯罪片 推荐 吗 我 要 看些 朱智勋 出场 的 京四郎 与 永远 的 天空 有 不 是 刘炎均 编剧 的 吗 找 一些 适合 四十 左右 女孩 看 的 纪录片 查找 如意 的 第十四 季 查下 葛天 参与 的 农村 剧 吧 查下 评分 高武侠剧 吧 推荐 些 汉子 看 的 有 什么 广东话 的 婚变 推荐 吗 求 好看 的 神 魔微 电影 观看 最 近 的 金敏贞 参加 的 武侠片 我 想 看看 近期 的 桑德拉·欧参加 的 农村剧 由 林秀怡 编剧 的 微电影 查下 爱 在 生死 边缘 废弃 八 季 吧 看看 日语 的 米奇妙妙屋 玩具 看看 有 约翰·诺贝尔演 的 电视剧 适合 大班 美女 看 的 有 没 有 帮 我 找上 个 月 的 超级 女兵 真实霸 王花 有 哪些 好看 的 艺术 纪录片 我 要 看伍 宇娟 演 的 片 有 凯文 第一 听角 第十四 季 第五 集 没有 我 要 看点 张双利拍 的 电影 找 找由 洪一平 监制 的 视频 帮 我 找由 中田浩二监制 的 历史剧 不 看 韩语 的 动画 有 没 有 双语 的 综艺 推荐 不 是 甄子丹 的 找 二十二 歌谣 大祝祭 的 九季桃花 小妹 给 我 看有 刘涛 客串 的 爱 情片 吧 有 不 是 武内健 的 吗 观看 刘天池拍 的 历史剧 看铁梨花 的 二十二 季 查找 精彩 的 古龙 网络剧 求 推荐 好看 的 啪啪奇 大片 有 没 有 粤语 的 直播 推荐 给 我 播由 林可彤 编剧 的 悬疑剧 找找 国语 的 动画 播放 由 张本渝 导演 的 武侠片 没有 李国平 出场 的 动画片 想 看 银河 奥特曼十二 季 十七 集 播放 法语 的 尖叫 制片厂 第二 季 推荐 些 由 曾 之 乔 监制 的 视频 看看 英文 蘑菇 娘娘 我 要 看 广 东话 的 电影 推荐 些 适合 十 岁 娃娃 看 的 有 奇热 我 的 世界 多 人 虚无 大 冒险 的 第二十一 季 吗 有 哪些 热门 商战剧 英语 的 不 看 侠客 风云 传前 传物 牛解 说 我 要 看点 热门 的 公主 动漫 有 没 有 有 叶 诗文 出演 的 动漫 想看 最 新 的 年代剧 我 想 看 办公室 瑜伽 的 二十八 集 有没 有 这 部 上 小学 小朋友 能 看懂 的 情景剧 想 看 赵今麦 拍 的 网剧 搜搜 周楚楚 导 的 家庭剧 放新 的 游航 客串 的 综艺 放 闪闪 的 红星 的 第二 集 给 我 看 德语 的 喜剧 吧 有好 看 大片 吗 我 要 看点 这 个 月 的 郝柏杰 参加 的 青春剧 有 热门片 吗 有刚 上 幼儿园 娃 娃能 看懂 的 电视 没有 找好 看 的 动画片 不 是 冯砾 的 有 不 是 陶晶莹 出场 的 短片 吗 有 没 有 由 张钧甯 导演 的 剧 推荐 推荐 亚当熊 热血 无赖 终极 版 求 推荐 热门 谍战剧 搜搜新 的 抗日剧 推荐 几 部 最近 的 纯真 的 年代 预告片花 我 想 看看 开心 乐园 幼儿学 英语 第一 季 第十六 季 八 集 我不 想 看 亲情 的 要 看 点 聊斋 的 十二 季 播放 由 徐筠 导演 的 剧 推荐 点 适合 三 到 四 岁 小孩 看 的 我 想 看看 肉肉 说车 二十三 集 想 看 我 的 世界 第十三 集 有 没 有 几 部 幼儿园 小班 娃娃 能 看懂 的 偶像剧 帮 我 找 由 王赤 监制 的 片 有 没有 益 智拼 图 的 二十八 集 不 是 郑亦桐导 的 放星际 二 人 转 二十九 集 搜搜 冠军 主厨 七 集 播放东 之 伊甸 第五 季 找 大象 的 十二 集 给 我 看鸭 去京 都 老字号 旅馆 的 女 老板 日记 的 第一 集 吧 有 没 有 不 是 牛颖 出场 的 动漫 搜搜 每 日 爆笑 精彩 推荐 的 八 集 汉子 看 的 有 吗 给 我 看 曹曦 文演 的 绝望 的 主妇 第一 季 吧 观看 日语 的 茶 啊 二中 第二 季 播新 的 剧 播裘 英俊 参加 的 惊天 大劫 案 全网 看看 有 陈凯 演出 的 视频 其他 的 不 要 有 什么 最 热门 的 职场 历史剧 推荐 吗 帮 我 找 壹周 联播 放二 十七 基础 微信 公众 平台 与 朋友圈 营销 二十二 集 看 日文 海洋 推荐 这 部 适合 九 岁 姑娘 看 的 恐怖片 有 什么 霍思燕 导 的 伦理片 推荐 吗 推荐 些 姑娘 看 的 夏威夷 的 私人 侦探 放蒋 小涵 的 视频 查找 六月 的 美少 女 战士 查下 评分 比较 高 的 犯罪 电视 吧 有 范文芳导 的 悬疑剧 没有 有 什么 王新军 的 剧情片 推荐 吗 找找 今天 我 就来 给 大家 摆 一哈二十六 集 搜搜叶 世品 参与 的 纪录片 找找车友 自拍 十一 集 帮 我 看 看有 没 有 恋爱特 烦恼 的 十一 集 有 不 是 谍战 的 吗 给 我 看 最近 的 黑子 出场 的 科幻片 吧 有 没有 海鱼 我 的 世界 模拟 都市 传奇 的 第十六集 推荐 北京 四电台 春晚 第十三 集 给 我 播水川 麻美 主演 的 谍战剧 帮 我 看看 有 没 有 国语 的 剧 不 是 英文 的 创意 的 不 要 给 我 看 崔广仁 演出 的 神扯蛋 第二 季 吧 要 看有 刘园园 出演 的 电影 找 母婴派 九季 有 没 有 由 卢映 导演 的 直播 推荐 我 想 看看 中华 德育 故事 第十 季 的第二十四 季 有 精品 雅思 课程 之 阅读 解题 策略 的 第三 季 吗 有 新 的 小岚朵 拉系 列益 智游戏 吗 我 想 看 黑暗 灵魂 直播 纪录 我 想 看看 中级 教程 十三 天 玩 转有 哪些 一 次 神 经元 何以 筑 文明 观看 李旼赫 最 近 的 mv 我 想 看看 伊礼 晴最近 的 宫廷剧 张宇拍 的 直播 不 要 观看 土豪 修 炼手册 第二十四 集 求推荐 中文 的 商战剧 我 要 看 些 筑 英 台 的 第五 季 宝贝 能 看 的 伦理片 有 吗 不 要 朴振英 演出 的 儿童剧 给 我 播 第六 讲 隶书 的 笔法 要点 的 第二十 集 有 哪些 留学生 的 中国 生活 有 哪些 金勇 参与 的 白乐天 搞笑 解说 我 想 看 老戴 使命 召唤 二十四 黑色 行动 二十四 老兵 速通 的 二十二 季 求 这 个 月 的 mv 推荐 适合 三十二 岁 宝贝 看 的 不 是 有 上坂堇 的 范志博 的 不 要 有 没 有 流行 的 穿 越 微电影 男孩 看 的 有 吗 有 没 有 邓超 参与 的 二十七 行测 判断 推理 技巧 精讲 推荐 有 不 是 双语 的 武侠剧 吗 有 什么 益智 拼图 的 第十四 集 推荐 吗 我 想 看看 泪洒 尘缘 推荐 国语 绅士 瑄 我 的 世界 幸运 方块 跑酷 杨光 的 快乐 生活 九 的 第十六 集 有 医讯 吗 我 不 想 看 白微 出场 的 谍战剧 找 对岸 怎么 想 二十六 季 广东话 的 不 看 播巧 克力 我 的 世界 二十二 季 找些 娃娃 能 看 的 韩剧 推荐 科技 对 对碰 有 没 有 法语 的 饭饭 虐杀 原形 推荐 给 我 播 英语 火影忍者 疾风 传 剧场版 鸣人 之 死 看 法语 小海 我 的 世界 之 迷宫 寻宝 有什么 最近 的 电视 推荐 吗 推荐 王茜华 参与 的 短片 来 点 最近 的 电视剧 播放 由 李子 豪导 的 宫廷剧 搜搜 有 詹姆斯·丹顿 客串 的 剧 给 我 看 鞠萍 姐姐 讲 故事 十七 季 第十三 集 吧 给 我 播玛格丽特 撒切尔 铁娘子 第一 集 搜搜 这 个 月 的 电视剧 我 要 看 一些 去年 的 七高考 总 复习 地理 求双语 的 搞笑片 求初 恋解 说 幸存者 故事 求 推荐 刘佳 主演 的 视频 给 我 找 艾摩 的 世界 第三十 季 中文版 给 我 播尚 大庆演 的 番剧 推荐 些 适合 大班 学生 看 的 日语 历史剧 求 推荐 经视 养生会 的 十九 季 放高分 悬疑剧 给 我 看有 来 微视 静脉 曲张 的 十一 季 吧 有 有 李亨 哲演 的 网络剧 没有 查下由 陈炜导 的 大片 吧 给 我 找 最 新 的 孙逊 演出 的 动画片 有 没 有点 适合 二十 左右 学生 看 的 农村剧 想 看 宇宙 第三 季 帮 我 找 找 毛俊杰 的 科幻剧 要 看 些 幼儿 国学 课堂 三 字 经原文 讲解 二十七 季 播李 小萌 最近 的 动画片 放由 延美珠编剧 的 古装剧 不 要 日语 的 搜搜 新 的 恐怖片 推荐 三 叶草七 集 播放 马晓伟拍 的 动画片 看看 广东话 的 美剧 适合 五十多 岁 宝贝 看 的 电影 有 吗 我 想 看看 六 女 王杯 自制 有 没 有 新 的 柏木 由纪 出场 的 片 推荐 推荐 这 部 有 娄明 出场 的 韩剧 给 我找 粤语 的 历史剧 我 不 想 看 中 田浩二导 的 看贾璐 上 个 月 拍的剧 尼克·奥弗 曼编剧 的 不 看 有 什么 未 转 变者 第四 季 小臣 模组 生存 之 旅 推荐 吗 有 黑色 皮革 手册 的 三十集 没有 帮 我 看看 有 没有 最 新 的 电视剧 查找 最 近 的 于谦 演出 的 英剧 有 日文 的 网络 剧 吗 查下 品牌 的 奥秘 二十三 季 吧 有 没有 由 郑清文 监制 的 剧 推荐 有 哪些 夜 深沉 的 十集 大班 男人 能 看 的 农村剧 有 没有 有 适合 十 岁 小孩 看 的 法语 悬疑剧 没有 给 我 看 由 纪培慧 导演 的 视频 吧 我 要 看点 张昊翔 参与 的 萌翻记 第一 季 要 看 些 好看 视频 适合 七 到 八岁 女生 看 的 有 没有 要 看 二十四 神奇 宝贝 精灵宝 可 梦 太阳 月亮 十九 集 有 什么 马文忠 拍 的 剧情片 推荐 吗 我 想 看看 刘瑞琪 的 动漫 推荐 热门 的 动画 给 我 看 张继 聪演 的 九百格 吧 给 我 播 这 个 月 的 生死钟声 推荐 点 娃娃 能 看 的 商战剧 来 点 爬行者 十七 季 找李 小冉 最 新 的 喜剧 找所有 适合 老娃 娃 看 的 王彬娜 出演 的 纪录片 不 要 找蒋君 主演 的 血舞 我 的 世界 成为 海贼 王我 想 看 看暗伤 军政 的 不 要 有 哪些 吕良伟 演出 的 武侠剧 播放 董琦 出场 的 青春 的 杨老师 查找 郑素敏 出场 的 悬疑剧 听力 口语 微课堂 之 交际 达人 二十三 季三十 集 琼瑶 的 不 要 不要 方 舟子 导演 的 找找 王姬 演出 的 古装片 给 我 看新 的 郑雅 文演 的 武侠剧 吧 放由 黄坤 玄编剧 的 军旅剧 有 没 有 不 是 罪案 的 给 我 找 六月 的 相爱 穿梭 千 年 有 流行唱法 中 的 声乐 技术 你 都 做 对 了 吗 第一 季 没有 有 没 有 三 到 四 岁 男生 能 看 的 偶像 剧 看看 最 近 的 伦理片 给 我 找 日语 无懈 可击 之 美女 如云 小学 四 年 级 小朋友 可以 看 的 网剧 有 没有 帮 我 找 找有 陈泓宇 演出 的 言情剧 排除 谢宁 的 黄维德 参加 的 韩国 外教 你 说 韩 国流 行语 搜索 最 近 的 泡面 熊出 没 光头 强射 僵尸 播放 由 娜德·米利亚 导演 的 电视 搜搜 最 近 的 谈 乌鸦 的 智慧 求 最 近 的 郭德 信演 的 伦理剧 搜索 夫妻 密码 的 第五 季 有 没 有 老皮台 火线 猎杀 七 季 姑娘 看 的 有 没 有 给 我 看 小兵 解说 第二 集 吧 查找 好看 的 剧 放王 芳导 的 美剧 退休 娃娃 可以 看 的 武侠片 有 吗 推荐 庄稼院 里 的 年轻人我 想 看看 双语 拜托 爸爸 不 要 有于 艺旋 的 查下 有 韦恩·奈特 出演 的 动漫 吧 播琪 殿我 的 世界 怪物 大 乱斗 生存 的 十一 季 有 没有 史振龙 出演 的 动画片 放寂 静岭 破碎 的 记忆 小握 娱乐 解说 第三 季 看 有 金镇 佑客 串 的 剧集 查下 最 近 的 快乐 星球 第二十四 季 吧 找 一 部 三十二 岁 帅哥 能 看 的 年代剧 给我 看 阮虔芷 主演 的 大片 吧 有 没 有 牛男 健身 第三 季 十二 集 我 想 看看 高分 偶像剧 有 不 是 郑家俊 的 吗 有 没 有 几 部 美女 看 的 电影 我 要 看 厨房 的 秘密 第十四 季 推荐 点 一 道 的 新 春试 玩 推荐 三连发 合集 的 十 季 查下 洪嘉玲 的 剧 吧 放 冷门 电影 搜索 佐佐木藏 之介 参与 的 韩剧 求陈奕拍 的 犯罪片 有什么 美人 鱼变 漂亮 成长记 的 第十三 集 推荐 吗 帮 我 找 有 文森特·卡塞瑟演 的 视频 有 男孩 看 的 伦理片 没有 有 哪些 豪 老骚 陈子豪生化 狂魔 八 季 给 我 看爱 盛开 吧 有 哪些 阿神 我 的 世界 原味 生存 推荐 潘艺心 参与 的 喜剧 适合 三 到 四 岁 娃 娃看 的 日语片 有 吗 不 要 曹征 客串 的 动画片 播日语 的 言情剧 找找 新 的 鞠新华 参与 的 电影 推荐 这 部 最 新 的 剧 给 我 播 袁咏仪 参与 的 五 兵临 唐山 观看 排名 垫底 球队 的 世界 杯决赛 三十 集 想 看传 说 战斗 弹 珠人 魔幻 陀螺 的 十 集 观看 最 近 的 糸井 重里 主演 的 科幻片 找 找少 齐刺客 信条 叛变 全流 程解 说 的 第二十一 季 搜搜金 釉利 参与 的 兔子贝尔 杀出 重围 人类 分裂 娱乐 实况 看疯狂 吉他 的 第二 集 有 哪些 德语 的 全国 少儿 外语 艺术 大赛 河北 怀来 赛区 找找 双语 的片 帮 我找 今年 的 喜剧 我 想 看 揭秘 食物 真相 观看 英文 版 的 小 鸡哔 哔哔 我想 看看 三十 高 达 第三十 季 找找 鲜宇恩淑 最 近拍 的 动画片 有 没 有点 七 到 八 岁 宝贝 可以 看 的 言情剧 播放 林峰 的 伦理剧 有 适合 大班 宝贝 看 的 青春剧 没有 适合 五十多 岁 娃 娃看 的 日文 犯罪片 有 吗 有 没有 全部 适合 一 岁 美女 看 的 偶像剧 不 看 丹江 的 网剧 搜搜 马少骅 今年 拍 的 大片 有 哪些 汪明荃 监制 的 古装剧 观看 手游木 名体 验服 最 新 爆料 稀有 幻影 角色 排除 备孕期 的 有浩九 的 爱情 二十二季 吗 查下 这 个 月 的 搜下 留情 吧 观看 广东 话语凡 男孩 与 泡泡怪 试玩 看 吴晓敏 近期 拍 的 青春剧 求态度 公开课 的 第十三 集 来 点 智慧 树 的 第五 集 有 没 有 十八 的 第十三 集 有 没 有 邹廷威 编剧 的 纪录片 播巴巴熊 之 三 字 经 的 八季 适合 十 岁 娃娃 看 的 综艺 有 吗 求 今年 的 嫦娥 有 侯侯 超级 飞侠 游戏 十八季 没有 有小孩 能 看 的 情景剧 没有 一 岁 娃娃 可以 看 的 动画 有 吗 有 没有 德语 废弃 十八十八 查找 近期 的 小许 激情 实况 求生 之 路 二十八 有 芭比之美人鱼 历险 记五 英文 版 第二十四 集 没有 查找 最 新 的 朱咪咪 参与 的 电视剧 有 什么 最近 的 德语 公开课 推荐 吗 我 要 看 最近 的 崔俊勇演出 的 青春剧 求 推荐 最 好 看 视频 放 不 要 啊 叔叔 看 由 唐禹哲 导演 的 动画片 找点 适合 三 到 四岁 小孩 看 的 罪案剧 想 看 幸福 的 女人 第十五 集 有 没 有 由 霍泥芳 监制 的 谍战剧 推荐 看玩 具星 球 工程车 的 第六 季 有 老戴 在 此 孤岛 危机 六 最 高难 度解 说 的 十八季 吗 推荐 所有 淳于 珊珊导 的 英剧 搜索 反恐 精英 二十 七 求 李雯雯 导演 的 偶像 剧 来 点卡卡解 说 娱乐 第二十一 季 找评价 非常 好 的 年代剧 播放 热门 的 剧集 有 没有 二十四 岁 小孩 能 看懂 的 商战剧 推荐 适合 小学 四 年级 学生 看 的 剧 帮 我 找 拉米·马雷克 出演 的 火影忍者 疾风 传究 极忍者 风暴 革命 我 不 想 看 现代 的 帮 我 看 看有 没 有 铁血 青春 第二 十一 集 给 我 播日文 的 随爱而飞 我 想 看看 那 是 我 妈妈 第四 季 二十八 集 播好 看 的 剧 查找 高分 短片 给 我 看 最近 的 梦想 三国 二十七手 游 吧 给 我播 最 新 的 以沫神奇 蜘蛛侠 看看 上 个 月 的 视频 不 看 英文版 的 不 要 马修·福克斯 的 片 求 老梁 脱口 秀 十二 集 有 没有 不 是 李贤宇主演 的 农村剧 有 适合 十八 岁 菇 凉看 的 韩剧 没有 看少 齐生化 危机 十一 版 全流程 解说 放叮 咚味 你 好 的第十六 季 有 什么 魏巍 新 拍 的 纪录片 推荐 吗 木筏 求生 八 集 查找 最 新 的 经典 演讲 吉他 搜搜 深度 评车 不 要陈法蓉 的 儿童剧 帮 我 找 找 陈汉玮 拍 的 搞笑片 看看 上 个 月 的 阿神 实况 巫师 十三 狂猎 我 想 看 最 新 的 纪录片 有 什么 由 张岩 导演 的 电视剧 推荐 吗 有 由 王林编剧 的 剧集 吗 找 这 个 月 的剧情片 桧山修 之 监制 的 不 看 观看 王光娜 参与 的 片 找 找 由 熊乃瑾 监制 的 大片 播中文 建筑 工程 管理 与 实务 想 看 凉 茶 我 的 世界 神奇 宝贝 幸运 方块 三十 季 我 想 看看 最 新 的 动画片 有 不 是 西班 牙文 的 吗 给 我 看 一 屋 住家人 的 二十七 集 吧 有 娃娃 能 看 的 电视剧 没有 播放 精彩 电影 播放 永 不 回头 十一 季 第四 集 要 看 几 部 高分 综艺 节目 王洋 参加 的 tvb 不 看 给 我 找 谢丽金 演出 的 韩剧 我 要 看 赵炯基 的 综艺 节目 找找 刘园 彤演 的 家庭剧 找找 热门 的 短片 帮 我 找找 最近 的 武侠片 播孙 佺 主演 的 直播 我 想 看看 惊艳 的 她 有 没 有 不 是 朴珠 美拍 的 找 刘东根 导演 的 纪录片 我 想 看看 我 在 你 身边 之 汪东城 郭品 超 唐禹哲带 你 游希腊 的 十一 季 找 七 到 八 岁 男孩 能 看 的 网络剧 有 渲染 之心 原理 篇实操 篇 案例 四 的 七季 没有 查找 双语 的 日剧 推荐 姑娘 看 的 帮 我 看看 有 没有 日语 的 天天 五 味评 求 推荐 手游 穿越 火线 攻略 中心 查下 好看 的 超级 英雄 电视剧 吧 推荐 适合 三十二 岁 菇凉 看 的 求新 的 马少骅 参与 的 mv 给 我 找 高分 视频 有 没有 游戏 主播 小智 第四 季 二十三 集 播天 天健康 查下 佳 村 遥客串 的 街拍 瞬间 吧 要 看 些 有 刘竞 演出 的 儿童剧 查找 卢英学 近期 拍 的 视频 播元 斌拍 的 韩剧 搜索 张鲁一 导演 的 大片 果果 参加 的 不 看 放我 的 汤姆猫 短片 的 二十五 集 推荐 些 适合 四十 左 右娃 娃 看 的 剧 有 没 有 蒋竹青 这 个 月 拍 的 喜剧 推荐 看看 谭俊彦 出演 的 电视剧 找 英文 主播 拼 拼拼 帮 我 找 第一 美差 宣传片 第二十一 集 找由 李准基 监制 的 动画片 给 我 找 最 新 的 周萍 参加 的 剧 有 没 有 一些 汉子 看 的 古装剧 给 我 看 高分 的 神话剧 吧 推荐 英语 的 古装剧 有 哪些 热门 的 英语 大片 推荐 由 李昕亮 监制 的 电视剧 推荐 些 适合 退休 娃娃 看 的 电影 放档案 全国版 第四 季 第十五 集 找 点 一 岁 姑娘 能 看 的 军旅剧 想 看 最 炫 民族 风合集 的 二十九集 文物 的 不 看 帮 我 找 激情 穿越 瑞士 帮 我 找 找 冢本 高史 的 tvb 想 看 刑警 十二 的 第二 季 播放 郑秀珍 参与 的 超级 新闻场 观看 姥姥 讲 故事 之 中国 童话 和 故事 二十七二十七 岁 十季二十五 集 适合 九 岁 小朋友 看 的 有 吗 播 最 新 的 电影 求 推荐 六月 的 超级 女兵 真实霸 王 花 我 想 看看 有 吴允儿 参与 的 视频 找 几 部 适合 十 岁 宝贝 看 的 求 推荐 英语 的 石头 我 的 世界 龙珠 找 些 三十五 岁 汉子 能 看 的 犯罪片 有 宝贝 能 看 的 电视剧 没有 推荐 有文 熙庆 出演 的 动作片 推荐 适合 五 岁 学生 看 的 动漫 有 什么 陈美琪 出场 的 犯罪 片 推荐 吗 给 我 播意 外 之 美 的 十 季 给 我播 淘宝店 铺 营销 工具 的 基础 设置 二十六 季 二十 九 集 我 想 看看 木乃伊 黄金 比例 第三 集 搜搜 英文版 的 日剧 帮 我 找 何政军 拍 的 年代剧 给 我 播超 电磁侠 波鲁吉斯 第三 季 二十三 集 帮 我 找岸 部 一德 监制 的 直播 搜搜 中学生 初中 生物 的 第二十四 集 我 想 看由 符冲 监制 的 儿童剧 查找 狼烟 连 奕名版 的 十一 集 看 最近 的 正剧 有姚 刚 监制 的 喜剧 吗 有 适合 老男人 看 的 家庭剧 没有 有 适合 中 班 小朋友 看 的 没有 看看 心脑 问诊台 找 这 几 年 的 片 求 英文 我 的 世界 贝爷 极限 生存 第二 季 搜索 蒙面 歌王 中国版 全网 数据 的 第二 十一 季 求推荐 魔法 课堂 播新 的 郑秀珍 出场 的 科幻剧 有 这 个 月 的 黑白无双 吗 我 想 看看 有金 起范 演出 的 电视剧 我 不 想 看 其 它 的 帮 我 找找 最 好看 的 职场 悬疑剧 我 不 想 看 王伯昭 的 英剧 五十多 岁 小孩 能 看懂 的 电视剧 有 没有 有 哪些 由 潘红编剧 的 恐怖片 播放会 计会 计中级 实务 对 啊 网免费 持续 更新 第一 集 找找 粤语 小鹿 我 的 世界 鸡年 大吉 不 是 冀涛 出场 的 推荐 点 听力 口语 微课堂 之 租客 攻略 的 二十五 季 找找 二十四 神奇 宝贝 精 灵宝 可 梦 太阳 月亮 的 八 集 有 没有 有 林 欣彤 客串 的 剧情片 推荐 有 没 有 些 十 岁 小 朋友 能 看懂 的 动漫 我 要 看点 男主 播六 和 粉丝 的 抢劫 之 旅 的 七 季 给 我 看女 人体 的 细化 教程 王氏 教育 集团 的 第四 集吧 不 是 童一丹 导演 的 有 哪些 双语 饭饭 虐杀 原形 要 看 点 亚洲 风尚 帮 我 看看 有 没有 由 赵燕国 彰导演 的 视频 最 新 的 恐怖片 我 想 看看 高分 农村剧 推荐 些 小孩 能 看 的 视频 看看 阎萌萌 主演 的 片 观看 英文版 的 片 帮 我 找 好看 的 剧 找 四十九日祭 的 二十二 季 女孩 看 的 悬疑剧 有 吗 有 两 岁 学生 可以 看 的 视频 没 有 要 看 几 部 叶青林新 的 剧集 求有 黄安仪 演出 的 伦理剧 给 我 看 旋风 少女 全 网 第三 集 吧 有 适合 两 岁 男人 看 的 悬疑剧 没有 有 没 有 枪林 弹雨 十八季 看食 梦者 的 十八季 国语 的 动画片 不 看 有 哪些 布艺 手工 折纸 教程 的 三十 季 有 没有 不 是 有 俞小凡 的 娃娃 能 看 的 悬疑 剧 有 吗 有 哪些 浦饭 幽助 的 犯罪片 适合 中班 女人 看 的 动画片 有 没有 看有 雪莉演 的 古装剧 大班 男生 能 看 的 纪录片 有 吗 有 没 有 郑清文 新拍 的 年代剧 查下 英文裴 小峰 穿越 火线 系列 吧 有 最 近 的 欧萱 主演 的 正剧 吗 不 看 孔琳 的 汉子 看 的 有 吗 有 没有 植物 大战 僵尸 十七 高清版 官方 版物 牛解 说 第六 季 二十五 集 观看 大学 英语 四 级 全套 辅导 课程 的 第二十一 集 求 犬友 笑传 第二十九季 的 二十五 集 我 不 想 看 唐可 客串 的 电影 找 适合 三 到 四 岁 娃娃 看 的 德语 武侠片 唐静 主演 的 不 要 给 我 播高分 的 青春片 帮 我 找找 流行 的 大片 搜索 英文版 康 网 微视 乳腺癌 有 手 游木 名刀 僵尸 这 是 我 屠戮 的 地盘 第二十四季 第二 集 吗 放非 车党 十二 季 帮 我 找找 血舞 我 的 世界 星界 之 旅 的 十二集 有 大 老爷们 第二十九 季 的 十八 集 吗 有 没有 王茜 的 搞笑片 帮 我 找 由 李桃 导演 的 电影 有 没 有 些 适合 中 班 女人 看 的 武侠片 来 点 最 近 的 二十三成人礼 给 我 找 赵舜 导演 的 电视剧 播红色 高棉 与 中国 特工 十 集 有 刑警 本色 的 二十八季 吗 给 我 看肥猫 寻亲 记一 的 十九 集 吧 有 没 有 多布杰 拍 的 罪案剧 推荐 查找 冷门剧 有 没有 苏丽 导演 的 动作片 找找 李菁菁导 的 青春剧 看评 分高 的 武侠片 推荐 些 中班 宝贝 能 看懂 的 家庭剧 搜搜 新 的 英明奇哥 天天 酷跑 推荐 一点 今年 的 婉娜 拉·宋 提查 主演 的 番剧 查找 空难日 的 十一 季 帮 我 看看 有 没有 金 在 元 最 新的 综艺 推荐 些 适合 退休 娃娃 看 的 微电影 观看 高分 的 动漫 查下 高分宫廷剧 吧 查下 日文 的 高三 英语 精彩片 段 吧 有 退休 小朋友 可以 看 的 儿童剧 没有 有 什么 丽娅·米雪儿 最 新 的 电视剧 推荐 吗 播放 故事 悬疑片 第十四 季 二十九 集 来 点 英文版 战天 斗地 帮 我 找 找 大鹏 新 拍 的 电影 有 适合 五十多 岁菇 凉看 的 没有 有没 有 英文 的 苍狼 推荐 给 我 播 最 近 的 呼叫 大明星 看 热门 的 言情剧 给 我播 高修 主演 的 纪录片 有 没有 不 是 伊 武 雅刀 参加 的 有 没 有 有 李弼 模演 的 韩剧 要 看 一点岩 居由 希子 编剧 的 神话剧 放姜 彤参与 的 千金 归来 有 哪些 英文版 的 视频 找美 女看 的 大片 有 咪娜 帝国 时代七 的 九季 没有 我 想 看澄 服务器 小 游戏 合集 第五 集 有 欢乐大 闯关 十八 集 吗 求 推荐 松 来 未 祐 监制 的 武侠剧 不 是 宋妍霏拍 的 推荐 退休 女孩 能 看 的 军旅剧 要 看些 英文 小 羽 植物 大战 僵尸 来 点 覆雨 翻云全网 的 第十三 季 查找 极速 前进 第二十四 季 的 第五 集 有 没 有 不 是 吉欧夫·斯图兹 拍 的 有 哪些 三布达佩斯 自制 求 推荐 由 陶 红导演 的 综艺 节目 查下 有 张潇潇 参与 的 视频 吧 给 我 播新 的 马志海 出演 的 古装剧 帮 我 找由 周晓鸥 编剧 的 电视剧 看惊天 大劫案 全 网 三十 季 我 不 想 看 律政 的 有 没有 宁财神 编剧 的 军旅剧 想 看 由 崔泰 俊导 的 网络剧 我 想 看看 玩 美咖 的 第四 集 来 点 黄天崎导 的 综艺 我 想 看 木鱼 我 的 世界 生活 大 冒险 给 我 播 未来 创客 十八 春季 思想 峰会 第二十四 季 二十七 集 找 粤语 黑血 适合 十八 岁 姑娘 看 的 古装剧 有 没 有 推荐 由 金子贤 监制 的 动画片 给 我 播金 有 锡导 的 犯罪片 看看 当 红 辣子 鸡 搜搜 李诚洁 主演 的 凤凰 起舞 播放手 游木名 最 新 教学 超级 跳上树 第二十 季 帮 我 看看 有 没 有光 之 美 少女 的 第五 集 排除 陈慧珊 监制 的 放医 讯 十一 季 智慧 树 的 二十六 集 求 黑子 的 篮球 版 的十七季 我 想 看风雨 西关 给 我 看 克兰弗德第十四 集 吧 想 看度 假天堂 玩 转地球 帮 我 看看 有 没 有 许晚秋 最 近拍 的 纪录片 有 适合 三十二 岁 小孩 看 的 没有 给我 看 日文 去 你 的 俄 比亚 吧 有 姜彤 出场 的 二十三 上海 公务员 行测 资料 分析 吗 有 没 有 一 部 男生 看 的 家庭剧 求唐 梓翔 参加 的 老鼠 和 狗 帮 我 找 找浦 和 惠导 的 大片 看 天涯 赤子心 的 九集 有什么 高分 的 大片 推荐 吗 查找 肖光 奕拍 的 动画片 来点 失恋 高跟鞋 的 二十七 季 给 我 看 最 新 的 伦理片 吧 看改 变世界 的 武器 第一 集 播放 中文 废弃 六 帮 我 看看 有 没 有 最 好 看 的 综艺 适合 三十二 岁 小朋友 看 的 有 吗 有 没 有点 小孩 能 看 的 动画片 搜搜暴 走撸 啊 撸 第二 季 九 集 帮 我 找 新 的 姜宏波 出演 的 言情剧 播放 六月 的 郑晓宁 出场 的 动画片 查找 最 近 的 武利平 参与 的 商战剧 看由 董洁导 的 罪案剧 有 梁铮 出演 的 电影 吗 看 有 金浩 主演 的 动漫 找 青云生化 危机 启示录 二十一 电影级 视频 攻略 解说 二十八 集 搜索 青野武 编剧 的 纪录片 看 凯麒 辐射 二十五 的 十一 季 放 精彩 的 宗教 电影 我 想 看 看 味库 美食 视频 食材 选购 储存 的 二十五 集 有 致命 疲惫 的 十九季 没有 有什么 这 几 年 的 武洪演 的 大片 推荐 吗 播黑箱 第十六 季 第一 季 要 看 全部 炫罗 我 的 世界 联机 月色 神话 二十三 季 有 如 何学 好 思维 导图 二十二 集 吗 有 没 有 植田 佳奈 出演 的 逆战 个 人 秀 播放 齐木楠雄 的 灾难 十八季 推荐 些 六月 的 动画 帮 我 找找 罗浩楷 上 个 月拍 的 历史剧 给 我 播梦妮 我 的 世界 国外 小 游戏 地图 的 二十九 集 求 推荐 刘宸 吟导 的 剧 给 我 播法 语艾摩 的 世界 第二 十六 季 英文版 来点 去年 的 猪猪侠 第二十七 季 求迷 你 世界 阿木木历 生存 实况 的 二十九 季 给 我 找 贾妮 参与 的 农村剧 没有 李团 出演 的 偶像剧 不 看 德语 的 网络剧 推荐 复仇 之 焰 的 二十三 季 看 木鱼 我 的 世界 生活 大 冒险 第二 季 第五 集 给 我 播 十 央 视春节 联欢 晚会 的 二十五 季 有 没 有 德语 的 零梦 求生之路 二十四 系列 有 哪些 英文 版 的 动作片 找几 部 适合 一 岁 学生 看 的 西班牙文 视频 帮 我 找 找 评价 好 的 雅思 电影 放英文 的 商战剧 有 不 是 英文版 的 电视剧 吗 有 爸爸 军团 第十四 集 吗 找找 在 一 起 吧 第三 季 有 姜彤 主演 的 电视剧 给 我 看 新鲜 音乐 第十六 集 吧 我 要 看 些 魔盒 与 歌声 的 二十七 集 求 尾野 真 千子 演出 的 综艺 给 我 看 热门 的 军政 美剧 吧 看看 中国 达人秀 第二 季二十六 集 有 姚卓君 这 个 月拍 的 罪案剧 吗 有 小许 实况 解说 见证者 第二十四 季 第十三 集 吗 推荐 一 部 高分 的 合家 欢动 作片 有 没 有 不 是 斯塔克·桑德斯 的 tvb 找 几 部 适合 四十 左右 小孩 看 的 动漫 我 想 看城 市碗 联赛 十 赛季 比赛 录像 第五 集 有 没 有 马尼拉 香港 人质 惨案 的 第一 季 推荐 推荐 奚美娟 拍 的 大片 有 哪些 上 个 月 的 美剧 要 看所 有 祝福 你 阿富汗 第二十四 季 搜搜 小猪佩琪 系列 小 游戏 有 姑娘 看 的 动漫 没有 给 我 找 最近 的 孟召重 出演 的 大片 找 这 几 年 的 赵东赫 客串 的 英剧 有 没有 最 热门 的 美少 女情 景剧 有 没 有 几 部 适合 九 岁 小孩 看 的 韩语 视频 求 推荐 一 个 鬼子 都 不 留 九 季 求 推荐 高 三排列 组合 与 二 项式 定理 的 二十六 集 有 不 是 英语 的 吗 有 哪些 孙建 东编剧 的 偶像剧 看 日常 的 二十八季 搜搜 郭蔼明 最 近 的 综艺 帮 我 看看 有 没 有 黄海冰 出场 的 霹雳震 寰宇 之刀 龙传 说 找 点 妹子看 的 来 点 帮 女郎 帮 你 忙 第六 季 查下 日文 的 熊出 没 奇幻 空间 手机 游戏 吧 有 日语 的 赛车 总动员 海宝 奇趣屋 没有 有 哪些 东尼晓木男优 我 的 世界 植物 大战 僵尸 看看 乌贼 在 一 个 晚上 爱 与 死亡 的 十七 集 有 不 是 有 王晓娟 的 吗 有 十六 天 食疗 减肥 法 九季 二十八 集 吗 有 没 有星阁怨 看 无效 二十六 我 想 看南 允晶 监制 的 美剧 有 姑娘 看 的 短片 没有 有 哪些 老旅 巫师 竞技场 全职 业解 说 我 想 看 英文 萝卜 报告 之 震震 有 词 给 我 播任 达华 编剧 的 电影 搜搜 好看 的 高考 武侠剧 想 看税 负安全 边界 识别 与 企业 税务 风险 管理 指引 看看 藤田 淑子 的 mv 帮 我 找 四 季养生 我 想 看 今年 的 陈国邦 出场 的 电视剧 给 我 播 小熊 球球 大作战 开 心解 说 第十四 集 推荐 些 明明解 说 终极 火力 的 二十六 集 放新 的 大片 推荐 女王 的 诞生 我 想 看 由 张桐编剧 的 动画片 我 想 看看 高分 的 剧 观看 黑色 密令 十 二季 第二 集 帮 我 找找 最近 的 北京 星空 下 的 声音 我 想 看看 勿 忘九一八 的 七集 找找 维多利亚 的 秘密 内衣秀 十一十七 季 推荐 一些 视频 合集 有 没有 中文 的 无限生机 汉子 看 的 宫廷剧 有 没 有 我 想 看看 热门 的 韩剧 找新 的 综艺 查找 高分剧 要 看 所有 六河北 公务员 考试 申论 备考 指导 十一 季 想 看 操作 技巧 十九 条 二十九 季 第五 集 有 哪些 国语 全 网 有 没 有爱 就 爱 了 废弃 二十二 的 二十八 季 有 没 有 这 部 帅哥 看 的 大片 有 没 有 叶静 上 个 月 的 青春剧 看看 大卫·杜楚 尼演 的 英剧 没有 穆熙 妍导 的 我 要 看点 高分 的 啪啪奇剧 没有 大陆 的 帮 我 找 找由 裴秀 彬导 的 古装剧 播放 武动 乾坤 第六 集 有 谈情 说案 吗 有 经典 演讲 博物馆 的 第二十四集 没有 帮 我 找 日文 壹号 皇庭 给 我 看 有来 微视鼻 咽癌 的 第二 集 吧 给 我 播 这 个 月 的 军武 次 位面 第三 季 推荐 点 贾一平 主演 的 片 推荐 有童自荣 出场 的 mv 搜搜 刘园彤 主演 的 家庭剧 找找 最 近 的 吴志远 参加 的 动画片 我 想 看看 水濑 祈演 的 剧 适合 五 到 六 岁 汉子 看 的 有 吗 查找 今年 的 料理 甜甜圈 第二十四 季 播佳人 当道 的 第二十 季 韩语 的 动漫 不 要 不 要 龚朝演 的 有 日文 的 美食 大 冒险 探秘 没 有 有 哪些 英文版 的 卡慕 周边 生活 实拍 推荐 钱塘 老娘 舅 的 第二十 集 推荐 英文 小孩 大人 有 煤矿 风云 没有 不 要 西班牙文 的 帮 我 看 看有 没 有 花样 爷爷 韩国 版 的 第一 季 我 想 看看 日语 的 命运 冠位 指定 有 殄 峡君 火 影忍者 手游 十 季 没有 查找 今年 的 智课 网二十八年 考 研真 题 解析 推荐 些 全 网 李俊琪 监制 的 不 要 有 适合十 岁 小朋友 看 的 国语 武侠片 没有 不 是 国语 的 动画片 推荐 点三十二 岁 宝贝 可以 看 的 科幻剧 查下 双语 的 家庭剧 吧 给 我 播 小久 饥荒 试玩 二十三 集 要 看 些 由 胡彦斌 导 的 英剧 有 没 有 这 部 适合 五 到 六 岁 女孩 看 的 视频 看看 评价 好 纪录片 有 没有 几 部 适合 小学 二年级 学生 看 的 动漫 看看 法语 的 历史剧 查下 小海 迷 你 世界 二十二 季 吧 看 李雅 男编剧 的 犯罪片 有 哪些 李亦凡 深渊日记 妹子 看 的 综艺 有 没有 看 中华 一 家 有 哪些 有 赵延宇 演出 的 动画片 给 我 看 瑶山 剿 匪记 第五 季二十二 集 吧 有 什么 这 几 年 的 电视 推荐 吗 有 丹尼尔·金 出场 的 中超 第二十七 轮 山东 鲁能 长春亚 泰 没有 要 看 最 近 的 田振 崴出场 的 罪案剧 我 不 想 看 有 杨乐乐 的 求日文 的 大片 推荐 一点 国语友 邻小店 求 最 新 的 彩虹 乐园 朴艺珍 新拍 的 言情剧 我 不 想 看有 柳承修 的 搜索 马幼兴 监制 的 网剧 想 看 十三 中考 真题 讲解 烟 台卷 数学 十九季 十一 集 找全部 美女 看 的 综艺 播放梦 龙十一 集 有 百兽 战队 牙 吠连者 的 二十八集 没有 有 没 有 炫舞 系列 讲解 十九季十一 集 推荐 近期 的 开心 乐园 幼儿学 英语 第一 季 想看 最近 的 古装剧 帮 我 找找 牧草凯 沙解 密小 游戏 系列 第十五 季 推荐 有 石川 界人 参加 的 电影 学生 能 看 的 视频 有 吗 搜搜 近期 的 旅游 看 今天 有 没有 不 是 日文 的 历史剧 有 五 到 六 岁 男人 能 看 的 武侠片 没有 求 推荐 今年 的 网 罗天 下 想 看 最 新 的 删除 有 不 是 孔孝真 的 片 吗 有 没 有 不 是 苗皓 均 出场 的 推荐 刘德凯 主演 的 综艺 看看 中文 爱上 巫女 我想 看看 二十三成人礼 第二十 集 有 没 有 不 是 韩冰 拍 的 视频 女生 看 的 有 没有 卢惠光 的 不 要 看看 无敌 小鹿 舞蹈秀 二十七 集 搜搜 日语 的 奔跑 吧 屌丝 搜索 韩语 的 米奇妙妙屋 帮 我 找 新 的 洪恩 三 只 小 猪进阶 英语 我 想 看 小马 宝莉 第九 季 查下 超级 飞侠 的 玩具 小 故事 吧 放皇室 战争 之 再 絮 皇室 战报 的 十八 季 看 非 统考 专业 课 辅导 宏观 经济学 考研 强化班 视频 十 集 有 适合 五 岁 美女 看 的 没有 要 看由 范鸿轩 编剧 的 美剧 我 想 看 冬季里 的 灿烂 阳光 英文 的 电视剧 不 要 帮 我 看看 有 没 有 黄海冰 客串 的 沙漠 游戏 战地 十叛 逆连队 来 点由 薛佳 凝导演 的 情景剧 推荐 几 部 台湾 大学 佛学 概论 想 看 高修 出场 的 淘宝 大学 主图 怎样 才 能 出彩 不 看 杨凯淳 参与 的 给 我 播莎拉·卡特拍 的 军旅剧 不 是 张维锡 拍 的 西班牙文 的 预告片 有什么 最好 看 的 白领片 推荐 吗 查下 最 新 的 大片 吧 想 看 整蛊 大师 精选 第十三 季 推荐 些 新 的 第三十 届 全球 华语 榜 中 榜 找 一 部 适合 五 到 六 岁 菇凉 看 的 网络剧 看孙 菲菲 拍 的 视频 想 看 二 浙江 公务员 考试 公告 大纲 解读 来 点 熊出 没 之 秋 日团 团转 第十六 季 不 是 陈彦宏 出演 的 综艺 有什么 赵毅 新 参加 的 马克 吐温 历险记 推荐 吗 有 哪些 柠檬妹纸 我 的 世界 最 后 战线 第十三 集 有 没有 游戏 返校 的 十一 集 我 要 看全部 这 几 年 的 早新闻 播顾 又 铭拍 的 电视剧 想 看 热门 的 电影 推荐 点 适合 二十四 岁 娃娃 看 的 有 没有 有 马丁·弗瑞曼 参与 的 电视剧 关 智斌 出场 的 不 看 求 推荐 近期 的 张锦程 参与 的 短片 没有 德语 的 推荐 点 适合 三 岁 宝贝 看 的 商战剧 有 什么 热门 的 离婚片 推荐 吗 查下 最 新 的 综艺 吧 查下 刘思言导 的 电视 吧 求新 的 农村剧 来 点 这 个 月 的 天降 财神 粤语 版 推荐 一 部 适合 两 岁 男人 看 的 电视剧 搜索 日文 四级 写 作 长句 写法 有 没有 四十 左右 学生 可以 看 的 谍战剧 排除 洪都拉斯 导演 的 我 想 看看 英文 版 的 动作片 搜搜 有 姚鲁 出演 的 剧 有 热门 的 动作片 没有 我 要 看 最 新 的 言情剧 观看 达拉奥 布莱恩 的 科学 俱乐部 第二 季 二十八 集 放 我们 这 一 家 十八 集 有 梁思浩 的 喜剧 吗 要 看 一点德语 的 冤罪 死刑 帮 我 找 粤语 的 上流 社会 全网 我 想 看看 评分 比较 高 的 传奇 悬疑剧 求评分比 较 高 的 电影 给 我 找 鬼邻 人 二十九 季 推荐 这 部 郭晋 安拍 的 电视剧 查下 任言恺 出场 的 动画片 吧 有 什么 王晓忠 新 的 番剧 推荐 吗 我 想 看看 凯凯解 说穿越 火线手 游刀 僵尸 实况 有 没 有 山西 卫视 十一 跨年 晚会 第十五 集 播放 佐佐木藏 之介 主演 的 老司 机生 死狙击 搞 笑解 说 要 看有 小泉 今日子 参与 的 剧 国语 的 短片 不 要 想 看 医龙 十季 想 看 国语 炫 罗 我 的 世界 粉丝 服务器 生存 有 没 有 马昂 最 新 拍 的 综艺 节目 有 没 有 吴亚馨 最 新拍 的 综艺 推荐 有 孙畅 的 美剧 没有 推荐 侯乃文 新拍 的 电视剧 求 推荐 测试 少儿 付费 来源 我 不 想 看 有许 还 幻 的 有没 有 不 是 有 陈剑飞 的 搜索 德语 的 苏西 动物园 想 看 卡慕 守望 先锋 排位 竞技 模式 解说 视频 九集 我 想 看看 森美 最 新 拍 的 片 播十七河 南省 公务员 备考 讲座 的 二十七 季 查找 手游 木名 最 新 炼狱级 挑战 武器 天使 猎弩 的 二十八 集 有 没有 周国贤 导演 的 短片 好看 的 网络剧 适合 小学 三年级 娃娃 看 的 有 没有 我 想 看看 饭局 的 诱惑 全网 第五 季 走出 高考复 习误区 系列 解析 的 第五 季 找 孤单 又 灿烂 的 神鬼怪 第二十 集 要 看些 朴 政民 主演 的 片 推荐 几 部 二翡翠 歌星 红白斗 的 第一 季 要 看 点 穿越 火线 明明解 说 我 要 看点 好看 的 生物 大片 有 高分 喜剧 吗 看看 最 新 的 小 猪佩琪 系列 小 游戏 要 看 些 李敏贞 拍 的 大片 播放田 中哲 司新 的 动画片 没有 安娜·希尔克 的 有 不 是 高二 的 吗 幸福 陷阱 八 季 求 推荐 高考 语文 冲刺 复习 的 第十三 季 帮 我 找 最 新 的 番剧 有 没 有 不 是 孔维 客串 的 推荐 适合 二十四 岁 妹子 看 的 家庭剧 给 我播 高分 的 家族 直播 求推荐 由 森本 治行 监制 的 大片 搜搜 小猪佩琦 废弃 推荐 点孔祥玉拍 的 抗日剧 有 哪些 最近 的 综艺 一 来 点 评价 好 动作片 给 我 找 真 人 秀 全 美 超模 大赛 的 第五 集 来 点 第三十 届 全球 华语 榜中榜 有 什么 隋俊波 出演 的 超级 奶爸 推荐 吗 五 到 六 岁 汉子 能 看 的 动画片 有 吗 帮 我找 当兵 的 人 有 哪些 陈冲拍 的 直播 来 点新 的 红十字星座 推荐 所有 老小朋友 可以看 的 科幻片 适合 退休 小朋友 看 的 有 吗 找些 美 女看 的 排除 有俞承豪 的 有 适合 三 岁 宝贝 看 的 没有 放好 看 的 特效 神话剧 有 哪些 激情 之后 还 剩 什么 二十八集 帮 我 找找 粤语 的 逃生 九特效 全开 剧情 流程 查下 戸田 恵子 参加 的 最 美 是 你 吧 伦理 的 不 要 推荐 粤语 的 直播 有 没 有些 适合 五 岁 女生 看 的 悬疑剧 查找 最 新 的 电视剧 要 看 些 老 旅我 的 世界 刀剑 神域 第二十季七 集 吴倩莲 最近 拍 的 mv 我 想 看 最近 的 恐怖片 查找 最终 幻想 十一 雷霆 归来 官方 攻略物 牛解 说 帮 我 找找 韩雪 参加 的 动画片 我 要 看谈 康复 的 二十八 季 探访 岩穴 的 第五 季 找 有 西恩·海耶斯 演出 的 电影 给 我 找 波卡海 钓 十五 给 我 播 西班牙 文孕 妇妈 咪 练 瑜伽 查下 杀手 二十七血钱 的 九季 吧 查下 德语何处 吧 给 我 播评价 非常 好 的 diy 网剧 我 想 看 热门 的 宗 教 大片 不 要 丁永岱 的 电视剧 有 乌贼 在 一 个 晚上 爱 与 死亡 的 第二十一 集 吗 有 适合 十 岁 汉子 看 的 电影 没有 推荐 林申 导演 的 电影 来 点 热门 的 韩语 纪录片 给 我 看 张明健新 的 视频 吧 看 深情 密码 我 要看 一 点 今年 的 奇艺 上线 仪式 给 我 播食人 猛兽 真面目 我 想 看 热门 的 片 有 哪些 新 的 不二乐 高 星球 大战 原力 觉醒 全关 卡解 说 要 看 这 部 自然 密码五 播放 金浩镇 最 近拍 的 动画 求 赵秋生 导演 的 动画片 英文版 的 韩剧 不 要 播中 超 第七 轮 武汉 卓尔 大连 阿尔滨十七季 帮 我 找由 天神 有 海导演 的 剧 没有 全度 妍拍 的 想 看 侯乃文新 的 大片 我 要 看 这 部 张铎导 的 动画片 有 没 有 不 是 英文版 的 武侠片 给 我 找 朱慧珍 演出 的 韩乔 之 声 播小 强我 的 世界 方块 战争 的 第二 集 不 看于 越监制 的 观看 冒险 王 有 哪些 张聪 参加 的 军旅剧 观看 南奎丽拍 的 科幻剧 有 不 是 有 刘心悠 的 吗 看丁家 有 女喜洋洋八季 有 没 有 点 幼儿园 小班 小孩 能 看懂 的 伦理剧 有 没 有 几 部 五十多 岁 小孩 可以 看 的 动作片 找 这 部 适合 小学 三年级 小孩 看 的 犯罪片 有 热门 的 剧 吗 放新 的 番剧 有 一 职业 预选 穿越 火线 没有 精品 度假 之 选 精彩片 段 第一 集 有 哪些 英文 版兔子贝尔传 送门 骑士 实况 娱乐解 说 有 没有 最近 的 江珊 出演 的 商战剧 推荐 有 没有 这 部 适合 二十 左右 娃娃 看 的 喜剧 有 不 是 李奎汉 主演 的 剧集 吗 放好 看 儿童剧 找找 一 屋 住家人 有什么 十八 爱奇艺 汽车 大数据 营销 盛典 八 集 推荐 吗 找 找 爸爸 去 哪儿 第十六 季手游 帮 我 找 找 植物 大战 僵尸三 的 第二十一 季 放 今年 的 齐欢 主演 的 纪录片 英文 版 的 不 看 我 想 看 格子間 的 女人 的 二十九 集 我 想 看看 精彩 的 片 要 看 一 点 有 刘洋 主演 的 英剧 我 想 看 高分 网剧 有 没 有 几 部 男生 看 的 不 是 微纪录 的 我 想 看 看拜会 的 第十三 季 我 想 看看 守望 先锋 主播 时刻 的 第三 集 要 看 些 霍去病 第一 季 播疯狂 战场 二十六 集 想 看 金刚狼 的 第四 季 有 没 有 康网 微视 小儿 发烧 蔡胜杰 播放 噢 必胜 奉顺英 的 七 季 我 想 看 热门 武侠剧 星系 的 秘密 的 十九 集 有 由 松坂桃 李导演 的 抗日剧 没有 我 想 看 看由 卲 美琪 编剧 的 番剧 看看 新 的 快乐 三十后 魔法 战记 广东 话 的 老皮 台 黑道 圣徒一 想 看 大 国大 时代 的 八 集 有 没有 英文 的 动漫 搜搜 日文 的 杨紫 最 新 视频 看看 全 能 职业 挑战王 第二十 季 有 哪些 日语 的 古装剧 我 要 看有 王琼 参加 的 网络剧 查找 高分 的 漫改 电影 帮 我 找 找 热门 视频 排除 盖 鸣晖 的 武侠剧 求 推荐 杰克 与 梦幻岛 海盗 国语版 的 二十八 集 有 病 原生物 与 人类 第六 季 吗 推荐 郑秀珍 出场 的 电影 有 沃拉娜特·旺萨莞 的 不 要 有 没 有 发现 星主播 四 大 赛区 集锦 有 没 有 一 席 公开课 第二 期 的 三十 季 观看 石安妮拍 的 儿童剧 求 推荐 濒危 物种 的 二十二 集 播曹 曦文 新拍 的 tvb 帮 我 找谷 原章 介拍 的 大片 查找 追风 逐影 的 七季 有 哪些 近期 的 孙 飞虎 出场 的 综艺 想 看 好看 的 初一 恐怖片 看抽 风解 说 丨 画 个 火柴人 帮 我 找找 吴云甫 客串 的 欧式 建筑 想 住 就 住 有 没有 不 是豪门 的 求 这 个 月 的 动漫 有 我 的 世界 小游戏 七集 没有 有 生死 狙击木名 十七连 杀刀 僵尸 末日 审判 降临 的 第四 集 没有 找 找 评价 好 的 特工 综艺 来 点 由 黄俊雄 编剧 的 纪录片 帮 我 看看 有 没有 六一 儿童网 儿童 古诗 二十六 季 给 我 看 双语 的 剧 吧 观看 中文 的 tvb 求 刘明珠 导演 的 伦理片 有 什么 小蛋 壳 的 玩 具屋 二十六季 推荐 吗 不 是 爱德·维斯特维克 拍 的 来点 冷门 的 时尚 视频 播放 神扯蛋 十 集 适合 二十四 岁 宝贝 看 的 电视剧 有 没有 搜搜 高分 的 益智军 旅剧 推荐 超 崩溃 生活 观看 由 姜成 民导 的 电视剧 给 我 找 英语 陷入 纯情 放无 与 伦比 的 青蛙 第四 季 有 没有 不 是 刘 长纯 出场 的 伦理片 不 看 蒋大 为 编剧 的 想 看 上 个 月 的 雷牧演 的 电视剧 找找 日文 的 动画 棋逢 对手 搜搜 朴晶秀 客串 的 康网 微视 嫩肤 有 没 有些 中班 宝贝 能 看懂 的 动漫 想 看 好看 的 动漫 播幽 灵部 队 十八 集 观看 龙珠改魔 人布 欧篇 八季 没有 柯淑勤 参加 的 直播 要 看 一点百 城春 晚 二十五 集 我 想看 这 个 月 的 动漫 有 没 有 不 是 吴京 的 播放 精彩 回顾 第十五 集 有 旅行 囧记 的 第十六 集 吗 找 适合 小学 四年级 姑娘 看 的 韩剧 播放 海上帝国 的 第一 季 想 看陆 小凤之凤舞 九 天 二十九 季 二十三 集 给 我 播带 爸妈 去 旅行 七 季 看江 伊涵 新拍 的 宫廷剧 排除 郭晓婷 监制 的 放盛 世典 藏 第五 集 看 今年 的 神兵 小将 看看 好看 的 电视剧 播放新 的 励志 微 电影 有 没 有 不 是 赵玲琪 导演 的 查找 高分 的 大片 有 没 有 英语 的 健美乐 健身 课堂 推荐 有 四十 左 右小孩 能 看懂 的 青春片 没有 我 要 看 一 部 归去 来 兮 的 十二 集 我 想 看看 初 恋解 说 幸存者 故事 的 第二 十四 集 播放 最 新 的 电视剧 有 没有 最近 的 剧 推荐 古迹 的 不 要 给 我 播王 淑君 主演 的 视频 找 韩语 演讲 专辑 设计 大师 不 看 小村 哲生 监制 的 没有 日文 的 给 我 播评价 好 的 生活 课堂 电影 朱晨丽 监制 的 综艺 康恒涛导 的 网剧 来 点德语 乔治洛克生化 危机 二十六乔治 最 新 攻略 最速 发布 没有 恶搞 的 放去 年 的 因为 爱情 有 晴天 预告片 花 有 什么 孙淳 主演 的 视频 推荐 吗 有 没有 粉字菌 的 多 人 暮色生存 合集 二十八 季 要 看 一些 新 西厢 记版 第五 季十一 集 推荐 些 女生 看 的 大片 有没 有 梦龙 推荐 有 没 有 这 部 美女 看 的 剧 播小 企业 会 计准 则 与 财会 差异 的 十九 集 看 柠檬 饥荒来 啦 莫慌二十二季 看幻 影丹尼 帮 我 看看 有 没 有 有 孙树林 出演 的 动画片 找 找 评价 好 的 纪录 电影谍 战剧 最近 的 江洋 主演 的 正剧 有 郑子 寒 演出 的 谍战剧 吗 妹子 看 的 有 吗 帮 我 找 找好 看 动漫 有 没 有 迟帅 监制 的 大片 帮 我 看看 有 没 有 最热门 的 剧情片 有 没 有些 十 岁 学生 可以 看 的 神话剧 给 我 播隋 唐英雄 十三 版 推荐 一 部 适合 七 到 八 岁 小朋友 看 的 武侠片 有 德语 的 恐怖片 没有 求 广东 话 考研 西医 综合 真题 解析 生理 外科 适合 三 到 四 岁 妹子 看 的 有 吗 观看 张维锡 出演 的 高中 名师 精析 之数 学 有 土石 流终 结者 的 九集 吗 要 看 一点 日语 二十九 苹果 春季 新品 发布会 查下 小猪佩琪 系列 小 游戏 第十三 季吧 有 哪些 有 李 厚豪 主演 的 纪录片 推荐 全部 两 岁 小孩 可以 看 的 动画片 五十多 岁 男孩 能 看 的 电影 有 没有 有菇 凉看 的 电视剧 没有 一 岁 男孩 能 看 的 电视剧 有 没有 有 全卢民 的 不 要 有 没 有 谭建昌 出演 的 大片 推荐 想 看 李载 允拍 的 视频 适合 老娃 娃 看 的 有 吗 推荐 些 粤语 不 完 全 职业 手册 观看 这 个 月 的 英剧 给我 播由 娇娇兔 监制 的 神话剧 有 没 有 花样 爷爷 韩国 版 的 第二 季 推荐 推荐 点 二十 左右 宝贝 能 看懂 的 大片 返校 坏结局 二十五 集 播放 热门 的 微电影 有 不 是 佐伊·利斯特·琼斯 出场 的 爱情片 吗 找田 中 美海 编剧 的 剧 找 点 女生 看 的 我 想 看 日文 的 小清 芭比娃娃 系列 小 游戏 给我 看 韩语 高中 名师 精析 之 数学 吧 有 新 的 小灰 我 的 世界 生存者 荣耀 吗 我 要 看 些 儿童 粘土 动画 的 十七 集 有 梁铮 出演 的 动画片 没有 求 徐卫主演 的 动作片 有 没 有 好看 的 动漫 推荐 查下 评分 比较 高 的 神话 网剧 吧 我 想 看 贺刚 客串 的 美剧 观看 热门 的 剧 找 一 部 适合九 岁 学生 看 的 英语 纪录片 帮 我 找 双语 的 剧集 有 没有 顶尖 医生 十九 季 第十五 集 找 最 新 的 动画片 播放 有 乔治·安东 客串 的 恐怖片 我 不 想 看 趣味 玩具 的 适合 三十二 岁 女人 看 的 武侠片 有 吗 没有 有 彭丹 的 来 点星 宝贝 于 逸驰 有 哪些 最近 的 片 有 什么 于 和 伟演 的 动画片 推荐 吗 推荐 些 双语 的 剧 欧锦棠 监制 的 动画片 看 英语 的 视频 看 粤语 的 中华 小子 观看 最 近 的 动画片 查找 英文 版 国家 气象 播报 给 我 找 一 席 公开课 第十 期 十 季 有 粤语 绝代 商骄 没有 求 爱恨 交织 不 是 法语 的 电视剧 给 我 播 粤语 极端 天气物 理学 都 在 做 什么 找找室内设 计流程 须 知 第四 集 搜搜 提米 的 纪录片 帮 我 看看 有 没有 最 新 的 武侠片 适合 幼儿园 小班 女孩 看 的 商战剧 有 吗 推荐 点 女孩 看 的 网络剧 适合 一 岁 学生 看 的 电视 有 没有 给 我 看 爸爸 军团 第十五 集 吧 我 想 看银 之 守墓人 日语版 的 第六 季 搜索 蒋俐玮导 的 科幻剧 有 哪些 暗杀 教室 的 二十六 季 要 看 西班牙文 的 广告 看看 战场 指挥 看 郭京飞 的 电影 今年 的 福山 雅治 主演 的 片 帮 我 找找 申东浩拍 的 电影 查找 好看 的 中年 危机 电影 想 看 超级 爸爸 养成 秘籍 的 十二季 看由 安德鲁·加菲尔德 导演 的 视频 排除 广东话 的 我 要 看 这 部 周磊 拍 的 tvb 给 我 找 日文 交朋友 查下 好 看 视频 吧 找 双语 的 原来 我 不 帅 有小 皇解 说 变形金 刚 毁灭 的 二十九 季 吗 有 没 有 梦妮 我 的 世界 地图 合集 第十六 季 九集 找 找 广东话 海岛 奇兵 之 幻 影火坦 视频 看 世界 真 奇妙之二十六 废弃 十二 季 第十六 集 有 没 有 专列 一 号 的 九季 有 没有 最 新 的 赵永馨 出场 的 偶像剧 推荐 些 牧草 某 实况主 服务器 系列 十九 集 想 看 俺 村 有 个 赵嘎子 的 第一 季 有 最 新 的 深仔 我 的 世界 天空 幻境 十三 空岛 吗 有 什么 六月 的 家庭剧 推荐 吗 要 看 些 寻找 为什么 的 弗洛卡 第一 季 的 十八 集 推荐 些 二十 左右 女孩 能 看 的 直播 想 看 由 崔婧 监制 的 纪录片 我 不 想看 魏炳桦 出场 的 放幻 影丹尼十季十一 集 播第二十六 届 海峡 两岸 知识 大赛 的 第二 季 我 想 看 新 的 克里斯·帕拉特 出场 的 英剧 查找 流行 悬疑剧 有 不 是 有 古列 雷莫·迪亚兹 的 吗 给 我 看 隐者 我 的 世界 贝爷 生存日记 八季二十九 集吧 帮 我 看看 有 没 有 有 高 圆圆 出场 的 剧 搜搜 由 温碧霞 监制 的 历史剧 有 没 有 高分 的 视频 推荐 播放 最 好看 的 大片 有 由 李欣凌导 的 大片 吗 观看 闯入 肯尼亚 无人区 二十六 季 第四 集 搜搜 有 杜汶泽 客串 的 电影 找 适合 两 岁 娃娃 看 的 韩剧 我 不 想 看 动作 的 求 推荐 有 黄宗洛 参与 的 网剧 没有 堀江 由衣 的 情景剧 催泪 的 不 要 观看 评分 比较 高 的 剧集 排除 日文 的 帮我 看看 有 没 有 韩语 快乐 闽南 话 要 看 一些 老天 一 我 的 世界 水星 迫 降整 个 世界 都 污 了 的 二十三季有 卓韵芝 客串 的 电视剧 没有 看 韩语 这 群人 帮 我 找 找 二十九一生 一世 合 家欢 第三 季 有 没 有 最好 看 的 五星 传奇 纪录片 推荐 要 看 点程可为 的 年代剧 有 没 有 不是 杨猛编剧 的 推荐 点 适合 十 岁 小孩 看 的 双语 短片 求 推荐 新 的 台湾 大学 佛学 概论 查下 阿尔法 监制 的 剧 吧 推荐 胖 女孩 模特队 闪亮 你 的 眼第六 集 帮 我 看看 有 没 有 付 梦妮 这 几 年 的 视频 有 最近 的 活 着 真好 吗 看看 夏娃 的 时间 剧场版 的 十七季 给 我 找 孙清 客串 的 动漫 观看 我 的 世界 老旅 神秘 暮色生 存向 导 二十三 季 来 点 香奈儿 监制 的 动漫 找李 开隆 出演 的 玉米 苏菲亚 日常 小 游戏 找些 适合 刚上 幼儿园 汉子 看 的 俺村 有 个 赵嘎子 十七 季 日语 的 不 要 观看 渲染之心原理 篇 实操 篇 案例 十 的 三十 季 有 哪些 爱 无限 看 如果 还 有 明天 第八 季 的 第十六 季 放 吕丽萍 上 个 月 拍 的 言情剧 给 我 看权 侑莉 客串 的 动漫 吧 我 想 看 评分 高农村剧 查找 曾 江 监制 的 大片 有 没有 刘晓洁 上 个 月 的 青春片 看看 果冻 看 火人 用心 感受 安静 聆听 的 第十五 集 推荐 点 日语 失踪 女人 给 我 看 铃木 一 真拍 的 综艺 吧 张睿 最 近拍 的 片 要 看新 的 吴瑕 客串 的 综艺 有 浦和 的 小调 的 七集 没有 搜索 巧虎 来 啦系列 巧虎 益智 第十五 集 最 新 的 王菁 参加 的 动画片 我 要 看 些 风声 传奇 的 第六 集 我 不 想 看 郑恩表 参与 的 青春片 推荐 霹雳震 寰宇之刀 龙传 说 来 点 钱勇夫 导 的 儿童剧 我 要 看 些 韩思 月 最 新拍 的 儿童剧 推荐 热门片 来 点 德语 的 动作片 有 没 有 金丸淳 一 出演 的 爱情片 推荐 播放 英语 的 神话剧 想 看 最 热门 的 医疗剧 有 适合 三十二 岁 小孩 看 的 片 没 有 看 四 游戏 精品化 学习 的 第三 季 有什么 申江 服务 导报社 的 第二十一 集 推荐 吗 我 想 看 二十九 命运 的 第一 季 帮 我 找 找 伊藤兰演 的 我们 见到 了 迷途 的 小鸟 有 哪些 血色 纳粹 僵尸 部队 实况 娱乐 解说 的 第二十四 集 播小 学生 出租车 第二 十三 季 七 集 看 舌尖 上 的 三 亚 不 看 玛丽·麦克科马克 出场 的 有 不 是 中文 的 片 吗 推荐 评分 比较 高 的 直播 我 想 看看 由 蒋亚 楠导 的 片 找找 伊娃 第二十 季 找 些 汉子 看 的 有没 有 不 是 西班 牙文 的 综艺 有没 有些 适合 二十四 岁 姑娘 看 的 帮 我 找找 新 的 强敌们 推荐 晓晓 我 的 世界 粉丝 专供 求 推荐 崔令 客串 的 视频 我 想 看 飞奔 小黄人 熊出 没 系列 二十 游戏 第一 季 二十九 集 有 适合 刚上 幼儿园 宝贝 看 的 电影 没有 看叶 凯茵 六月拍 的 英剧 星际 争霸 二十八二十六 集 要 看 一 点 英文版 的 片 有 哪些 英文版 的 农村剧 我 想 看 洁西·斯克拉姆 出场 的 二十 海外 春晚 我 要 看 樊琳演 的 大片 有 元 气少 女缘 结神 第八 季 的 二十七 集 吗 有 没有 不 是 法语 的 剧 播由 莎拉.韦恩 . 卡丽丝 监制 的 微 电影 给 我 播 不 得 不笑德云社 第四 季 给 我 找 最 新 的 刘松仁 出场 的 正剧 我 想看有 王泊文 客串 的 抗日剧 有 适合 三 到 四 岁 菇凉 看 的 没有 热门 的 武侠片 帮 我 看看 有 没有 白 内障 手术 能 管 一辈子 吗 的 八集 不 是 英语 的 来 点 刘远 最 近 的 大片 帮 我 找 找 职场 减压法 的 第一 季 妹子 看 的 正剧 有 没有 有 觅迹 追踪 十季二十八集 没有 推荐 点 小孩 能 看 的 英剧 我 要 看 全部 为 爱 向前 冲 二十三 集 有 哪些 奥特 曼格 斗进化 二十飞 龙解 说 给 我 看 最近 的 微电影 吧 有 没 有 不 是有 川田 妙子 的 想 看 热门 美剧 看 新 词 汇串 讲 精品 课程 的 二十九 季 查找 由 殷悦 导演 的 直播 帮 我 看看 有 没 有 王奎荣 这 几 年 拍 的 搞笑片 看 最 新 的片 帮 我 看看 有 没 有 金星 脱口秀查找 蒙亭宜 编剧 的 罪案剧 有 什么 时间 推荐 吗 来 点 由 蔡淇俊 监制 的 综艺 排除 经济 的 观看 评分 高 的 写作 情景剧 我 想 看 小泉 孝太郎 的 动画片 有 没 有所 有 适合 五 到 六 岁 小朋友 看 的 英语电视剧 我 想 看 蔡佩池 拍 的 剧 来 点 小许 解说 手游 生死 狙击 有 世界 饭店 没有 找 找 植物 大战 僵尸 六飞龙解 说 求 推荐 二十五 国家 公务员 面试 专业 专项 备考 的 第十六 季 观看 迟志 强拍 的 喜剧 我 想 看 日文 英文儿 歌 我 想 看看 最近 的 明妮·德里弗 参加 的 偶像剧 给 我 播黄少泉演 的 短片 有 没有 日文 的 短片 粤语 的 不看 帮 我 找 找 一起 玩 折纸 第一 季三十 集 来点 好 看 悬疑剧 放金 色琴弦 二十八 集 求 超级 明日 之 星 推荐 权相佑演 的 动漫 看看 这 几 年 的 剧 有 毛豆龙珠 超 宇宙八 实况 详解 没有 推荐 英文 的 道 听 图 说 有什么 新 的 犯罪片 推荐 吗 排除 谢金燕拍 的 片 推荐 点 适合 九 岁 娃娃 看 的 韩剧 没有 洪涛 编剧 的 推荐 适合 幼儿园 小班 小孩 看 的 双语 视频 找 找 去年 的 电视剧 查下 新 的 大汉口 吧 给 我 播神 七飞天 全纪 实星 光点亮 大漠 我 要 看 这 部 土豪 修炼 手册 九集 放最 热门 的 恐怖片 给 我 看 英语 的 毒 杀 蜂暴 吧 观看 热门 的 片 有 徐筠 演出 的 剧 没有 播最 热门 的 动漫 我 想 看 勇往 直 前 粤语 第三 集 看由 周显 欣编剧 的 科幻剧 小学 四 年 级 男人 能 看 的 科幻片 有 没有 查找 村长 幽灵 行动 荒野 逗比 实况 的 二十七 集 播放 好看 的 综艺 帮 我 看 看有 没 有 热门 青春片 播好 看 动画 搜搜 有 柏杉 参加 的 韩剧 看 萧枫 我 的 世界 小 游戏 合集 二十三 集 求忍者 乱太郎 第七 期 的 二十六 集 有 哪些 苏小明 主演 的 片 想 看 西班牙文 的 初中 语文 语言 之 美 帮 我 看看 有 没 有 精彩 的 动画 不 要 英文版 的 观看 二十四 考 研数 学 天天 讲 我 想 看 龙珠 改魔 人布 欧篇 二十八季十八 集 推荐 几 部 广东 话 烟雨蒙蒙 帮 我 找 今年 的 大片 想 看 惠特妮·卡 明拍 的 电视剧 帮 我 找办 公室 第三十 季 第十六 季 推荐 这 部 适合 四十 左右 帅哥 看 的 综艺 查找 西班牙文 的 星际 刺客 信条 十八 娱乐 视频 解说 有 没 有 吴云芳 导演 的 纪录片 有 没 有些 适合 上 小学 宝贝 看 的 搞 笑片 好看 的 小升 初罪 案剧 有 哪些 刑警 本色 十九 集 有 哪些 李 婳 这 几 年 拍 的 视频 热门 的 幼儿 综艺 有 近期 的 大片 吗 有 日语 冲关 我 最 棒 没有 有 没有 保卫 萝卜 二十九 金萝卜 通关 视频 攻略 障碍 全清布 阵十七 季 我 不 想 看 宇宙 的 有 什么 灼光 闪乱 神乐 之少 女 的 选择 单机 游戏 十七 集 推荐 吗 有 哪些 川田 妙子 的 综艺 看看 有 任重 参与 的 正剧 有 哪些 小橙 子姐姐 我 的 世界 搞笑 解谜 闯关 推荐 西班牙文 的 蜘蛛 女 看看 中 超 第十一 轮 辽宁 宏运 杭州 绿城 二十三 季 有 什么 何亚男 参与 的 综艺 推荐 吗 播詹姆斯·瑞马尔演 的 网络剧 要 看 一些 于 震演 的 大片 帮 我 找 暮云 艾米丽奇迹 暖暖 联线 的 十九 集 我 想 看洪恩 经典 小 国学 百家姓 第五 集 播放 吕慧仪 最 近 的 大片 给 我 看醉 三月 植物 大战 僵尸 二十摇滚 年代 第二十四 集 吧 有 哪些 由 王海 地导 的 片 播笑 死人 不 偿命 游戏 集锦 第一 集 推荐 勇士 的 荣耀 崛起 第二 季 的 第一 集 有 九 岁 县 太爷 没有 看高分 的 公开课 电影 找 找 人间 正道 是 沧桑 的 第十六 集 我 要 看点 刘以 豪演 的 动漫 播放 中文 亦 江英雄 联盟 韩服 排位 解说 帮 我 找找 陈莎莉 上 个 月 的 动作片 有 哪些 最近 的 倪虹洁 参与 的 儿童剧 推荐 最 新 的 幼儿 教育 儿童 歌曲 系列 之二 找 韩语 的 年代剧 播放 由 黎耀祥 编剧 的 武侠片 播微 微 一 笑 很 倾城 手游 的 二十五 集 播放 热门片找终 极谍匪 二十五季 有 哪些 高分 的 治愈英 剧 来 点岛 城风云 的 十二 季 有 不 是 德语 的 科幻片 吗 求 推荐 李雨阳 出场 的 视频 有 没 有点 大班 小孩 可以 看 的 剧 推荐 秋香点 伯虎第一 季二十七 集 看看 法语 的 小魏 巧虎 来 啦 游戏 系列 找 点 小学 三年级 学生 可以 看 的 大片 求由 福田 沙纪 监制 的 动作片 想 看 名人 厨房 内地版 有 不 是 杨羚 客串 的 片 吗 有 什么 双语 士兵 的 故事 推荐 吗 要 看 些 最 佳 原创 的 十八 集 没有 复仇 的 有 不 是 三浦春 马演 的 吗 学生 能 看 的 大片 有 没 有 有 没 有 小黑 看 法 二十七 集 找点 男孩 看 的 武侠剧 有 英文版 的 综艺 没有 求 推荐 松冈 昌宏 编剧 的 大片 看看 中文 的 电影 有没 有 日文 的 视频 推荐 有 没 有 不 是 热血 的 有 哪些 飞车雨 轩解 说 二十二 季 有 不 是 英文版 的 吗 有 什么 牛男 健身 第三季二十三 集 推荐 吗 播放 视云 少儿 水果 篮子 二十六 季 看 高分 的 综艺 十二 星座 与 月饼 那些 事 求推荐 国语 的 美剧 推荐 张芝华 最近 拍 的 电视剧 查找 广东话 的 剧场版 柯南 二十六 绀碧之棺 看看 小明 放学 坑 搜搜帝 国全面 战争 三十 季 要 看 汪星人 的 手游 系列 的 二十九 集 帮 我 找 中井 贵 一 拍 的 大片 推荐 最 近 的 剧情片 帮 我 找 美女 菜鸟 主播 成长记 的 九 季 我 想 看看 五 考研 英语 真题 解析 二十八季三十 集 适合 五 到 六岁 男孩 看 的 纪录片 有 吗 有 没 有 微 纪录 的 第二十一 季 我想 看 最 好看 的 古装片 我 想 看 毛毛 的 故事 有 最 新 的 宣言 出演 的 神话剧 吗 给 我 找 王琳 导演 的 视频 来 点 郑清 文拍 的 搞笑片 有生化 危机 十五 正式版 第四 集 吗 推荐 有 陈 国坤 主演 的 动画片 找 姜华 的 情景剧 求达 人街舞 挑战赛 二十三 季 中 美外 交档 案解 密的 第十四 季 帮 我 看看 有 没有 纪培慧 演 的 早新闻 推荐 适合 大班 姑娘 看 的 电影 最近 的 森久保祥 太郎 客串 的 视频 我 要 看 些 的 奇妙 冒险 十九 集 来 点新 的 正剧 查下 热门 的 悬疑剧 吧 看看 拳师 二十四号解说 第二十一 季 推荐 点好 看动 画片 推荐 所有 适合 中 班 汉子 看 的 帮 我 看看 有 没有 最 新 的 动漫 有 阿拉丁 国语 第十五 集 没有 想 看 画画屋 小小 世界 的 二十九季 我 想 看看 最 好看 的 韩剧 看看 哈利学 拼 音龙 骑士 传奇 我 要 看 些 有 洋光 演出 的 动画片 给 我 找 由 郎峰 监制 的 剧 找些 适合 中 班 姑娘 看 的 我 不 想 看 张钧 涵拍 的 情景剧 不 看 日常 的 排除 刘彦 客串 的 给 我 找 油炸 奥特生化 危机 二试玩版 有 福山润 出演 的 毛毛 虫解 说方 舟生 存 进化 多 人 神奇 宝贝 世界 吗 要 看 所有 日语 的 筑英 台 看张 丹峰 监制 的 韩剧 我 想 看看 由 申贤俊 导演 的 短片 求 推荐 世说心语 搜搜 陈文波 客串 的 偶像剧 求 推荐 近期 的 悬疑剧 来点 龙门阵 找找 有 来 微视 心律 失常 的 第二 十四 季 查下 热门 的 特工 日剧 吧 有 娱乐 无极限 的 十九季 吗 三十二 岁 小朋友 可以 看 的 综艺 节目 有 吗 我 要 看 十三 软考 公开课 给 我 播由 杨洋 导演 的 片 给 我 找 杨莹 出场 的 抗日剧 查下 小许 实况 醒来 吧 我 想 看城 会 玩 的 第二 十一 季 来 点 何润东 最近 拍 的 剧情片 看 英语 逃生 二十八 有 花样 姐姐 之 大 白型 暖男 马天宇 二十八季 吗 有 没 有 不 是 阮虔 芷导 的 看 初音 未来 歌姬 计划 第五 集 张彦平 的 英剧 推荐 点 评价 好 的 剧 放韩语 的 短片 有 没 有 陈晓 导演 的 综艺 五 岁 宝贝 可以 看 的 动画 有 没有 查下 最 新 的 我 的 世界 丸子 小 世界 服务器 游览 吧 查找 迈克尔·卡西迪 导演 的 伦理剧 推荐 一 点 去年 的 亲宝 植物 大战 僵尸 十四埃及 我 想 看 看何家 劲拍 的 番剧 播产品 经理 实战 基础 课程 三十 集 有 没 有 高分 的 动漫 要 看 些 王阳导 的 电视剧 想 看 小七 我 的 世界 超级 英雄 死侍 篇 的 九 季 有 日语 的 伊朗 核去 核从 没有 有 适合 三十二 岁 学生 看 的 韩语 大片 没有 我 要 看 梦尼玛 我 的 世界 击冥 之 界 十二 集 推荐 几 部 适合 老娃娃 看 的 给 我 看 东摸摸西 摸摸 第二 季 二十五 季 吧 有 没 有 适合 退休 娃娃 看 的 法语 正剧 帮 我 看 看有 没有 最 好看 的 大片 求 英文 版 的 微电影 有 美 女看 的 剧 没 有 放桃子 我 的 世界 神奇宝贝 橙色 大乱斗 第六 季 看 评价 非常 好 的 初一 短片 给我 播最近 的 小学 一年级人 教版 数学 有 千金 百分百二十六 季 第二十 集 吗 播放 最 热门 的 diy 大片 帮 我 找 法语 的 美丽 新计 有 什么 世界 摔跤 的 第十六 集 推荐 吗 有 适合 中班 汉子 看 的 爱情片 没有 有 哪些 波哥 解说 黎明 杀机 英语 的 农村剧 不 要 帮 我 找找 冢本 高史 客串 的 最近 妹妹 的 样子 有 点怪 想 看 热门 的 diy 动漫 有 没 有 不 是 少儿 电影 的 播耿 懿拍 的 言情剧 搜搜 大学生 士兵 的 故事 五 的 二十五 季 要 看 些 我 的 世界 节操君 的 城市 魔法 男 银系列 第十五 季 不 看 英语 的 年代剧 播十钱 江潮 有 哪些 医学 微视 肖新 华糖 尿病 的 第三 季 仙仙 我 的 世界 萌萌 空岛 生存 的 第二 季 给 我 看 好看 的 魔幻 武侠片 吧 我 想 看 巴巴熊 之 三字经 第十六 季 我 的 世界 第十四 季 给 我 播好 看 韩剧 我 想 看 这 几 年 的 张琴 主演 的 宫廷剧 早教 益智 的 不 看 要 看 武动 乾坤 手游 第十五 集 有 哪些 多 元 启智 开发 动画 系列 之 语言 与 阅读 第十三 季 搜索 原 声演 讲 选集 二十六 给 我 看 陈子 豪解 说 十二生化 系列 第十三 季 吧 播放 好看 的 童话 故事 武侠 片 看 冷门 的 大片 观看 胡定 欣拍 的 综艺 节目 我 要 看 韩语 三十 徐老师 来 巡山 视频 解说 炉石 传说 萌 太奇 的 二十六 集 看看 由 金 允慧 监制 的 动漫 康洪 雷 新拍 的 武侠片 查下 废弃 国土 安全 第八 季 吧 没有 有 林漪 娸 的 有 没 有 超 崩溃 生活 第五 集 求 推荐 双语 的 孤岛 惊魂 十三四年 通关 娱乐 解说 找 找 老公 看 你 的 第十四 季 娃娃 能 看 的 日剧 有 没 有 播劳动 故事 的 二十六 集 帮我 看看 有 没有 天下达人秀 的 第十六 集 有 没有 陈妙瑛 参加 的 搞笑片 找新 的 综艺 给 我 看好 看 的 古装剧 吧 帮 我 找张 凌烽 的 科幻剧 放孙 大川 主演 的 片 搜搜 有 马薇 参加 的 动作片 看看 法语 的 如此 一 家 人 第十三 季 我 想 看看 韩 松拍 的 电视剧 观看 下南洋 预告片 的 第二十一 集 播火线 放映室 找新 的 张页石 主演 的 综艺 有 没 有 年轻 小孩 能 看懂 的 大片 有 没 有 一些 适合 五 岁 汉子 看 的 有 什么 双语 的 商战剧 推荐 吗 小学 四 年级 娃娃 可以看 的 历史剧 有 吗 老戴 在 此 的 十二 季 不 看 许玮伦 编剧 的 有什么 高分剧 推荐 吗 查找 折 笠 富 美子 客串 的 电视 找 找好 看 的 片 查下 好看 的 片 吧 有 年轻 学生 能 看懂 的 犯罪片 没有 看 最 佳 男主角 男星 专访 二十六季 有 哪些 手游 穿越 火线 星火 解说 第十四 集 有 全 城 热恋 二十三季 第二十一 集 没有 有 哪些 国语 的 农村剧 想 看 泷泽 沙织 参与 的 犬友 笑传 第二十九季 十设置 电子 表格 中 的 图片 十七 集 帮 我 看看 有 没有 英文 版 的 神风 全流程 剧情 攻略 推荐 高 分 情景剧 想 看 绝世 双骄 二十二 季 二十三 集 有 没 有 白冰冰 拍 的 大片 推荐 有没 有 柯得熙编剧 的 神话剧 推荐 给 我 播 冬冬 与 亮叔 的 私人 假期 十八季 查找 崔江 熙拍 的 视频 帮 我 找 邓莎 参与 的 零的 真实 英文 的 每天 顽皮 狗 要 看 小许福利 实况 闪乱 神乐 忍乳 负重 二十八 季 想 看 日文 生活 在 创艺 播放 咕噜咕噜 魔法阵 二十六 季 来 点 少儿 英语 教学 视频 系列 十九 集 有 没有 邓莎 最 近 拍 的 电影 推荐 推荐 成长 实验室 青少年 成 长纪实 看任 袁媛 这 几 年 拍 的 韩剧 有 没有 一 部 十五 岁 汉子 能 看 的 军旅剧 给 我 看 刘亦菲 新拍 的 视频 吧 有 王紫璇新 的 剧 吗 帮 我 找 找新 的 片 求 推荐 风雨 同舟 情系 灾区 大型 赈灾义 演十七 集 给 我 找 高分 的 伦理片 我 想 看看 韩 乔之声 第二十四季 观看 谢天 谢地 你 来 啦 的 第十六 集 给 我 播琅 琊榜 手游 二十九 集 有 没 有 好看 青春片 给 我 播好 看 的 短片 新 的 二十六年 高考 冲刺 点睛 课程 物理 要 看 一些 路叔 饥 荒原 版人物 开局 教学 系列 看 新 东方 初二 英语 高 分速 成班 下十二 集 推荐 高分 的 言情剧 播评价 好微 电影 播 这 几 年 的 周明增 参加 的 视频 给 我 看 曾 红生 编剧 的 电影 吧 给 我 播 最 近 的 大片 找 找 邹兆龙 演出 的 丑丑 我 的 世界 盗墓 笔记 之御岭传 说 播伍 佰 音乐 视频 合集 第三 季 有 没有 不 是 李芯逸 的 五 到 六 岁 男生 能 看的 视频 有 吗 我 想 看 无尽 的 爱 给我 看 四湖北 卫视 春晚 小品 合集 的 九 集 吧 求 黑冰 三十 季 播放 池诚 最 近拍 的 军旅剧 观看 上 个 月 的 穆杉伯 男 演出 的 爱情片 我 想 看有 温升豪 演出 的 青春剧 找 一点 适合 上 小学 汉子 看 的 要 看些 初级 职称 初级 实务 预科 知识 十二季 要 看 幼儿 教育 儿童 歌曲 系列 之三 的 十二 集 有 没 有 大卫·杜楚尼导 的 古装片 推荐 查找 有 朱多英 出演 的 电视剧 我 想 看看 有来 微视泌 尿系 疾病 何峰 九季十七 集 帮 我 找 找 我 的 中国 梦 的 九 季 搜搜 书香 北京 的 二十八季 查下 英语 夜星 寒模 拟 山羊 系列 实况 解说 吧 有 没 有韩 佳人 最 新拍 的 剧推荐 播由 姜超 监制 的 动漫 不 看 杨思琦 监制 的 有 慕泽 我 的 世界 和 风暮色 第三 季 吗 查下 开心 女鬼 九 集 吧 看 无 尽传 说 中文 版 查下 冷门 的 大片 吧 求 潘虹 客串 的 淘宝 直通车 深入 解析 求 推荐 这 个 月 的 小本 成龙 小成 我 的 世界 红石 教程 看看 由 余 贵 美子 导 的 武侠剧 给 我 找 蒋亚楠 导演 的 动画片 盖世 豪侠 第二 十 季 观看 英文 的 农村 剧 推荐 点 幼儿园 小班 男生 能 看的 片 有 新 的 何傲芝 参加 的 恐怖片 没有 播评 价好 的 大片 看 高分 的 大片 有 金马 奖 获奖 名单 没有 推荐 一些 焦刚 最 新 拍 的 视频 播放 英语 的 小清 小 鳄鱼 爱 洗澡 小 游戏 搜搜 八 天 津 卫视 跨年 晚会 的 第二十四 集 给 我 看 英语角 的 十集 吧 我 要 看 点 孙燕 姿 音乐 视频 合集 二十九 集 要 看 一 点说 奇葩 的 二十六 集 找找 德语 的 食客 准备 求由 白海 龙编剧 的 电视剧 放烟 台 风景 看初 升高 生物 走 近细胞 二十七 季 帮 我 找 最 新 的 周乐演 的 综艺 适合 四十 左右 娃 娃看 的 英文 电视剧 有 吗 有 年轻 学生 可以 看 的 动画片 没有 我 不 想 看 刘冠翔导 的 想 看中文 的 超级 战队 有 石田彰 的 综艺 没有 查下 陈熙明拍 的 动画片 吧 我 想 看看 手游 木名 爆破 二二二点射溜 的 飞起 第二 季 看看 新 的 不 想 重来 我 要 看 些 茅野 爱衣 最 新 的 动作片 搜搜 科学侦探团 第二十一 季 我 要 看 些 徐俊 英 的 tvb 求 沈亨倬 导演 的 剧 有 哪些 由 米粒 编剧 的 商战剧 看 西班 牙文 的 十六 国家 公务员 考试 新 大 纲行 测言语 理解 给 我 播 双语 的 动漫 推荐 全 部生 活家 工作室 第五 季 看 由 徐锦江 编剧 的 电影 有 哪些 董璇近 期拍 的 纪录片 适合 五 到 六 岁 宝贝 看 的 有 吗 找 林淑敏 拍 的 儿童剧 给 我 找 耶鲁 大学 开放 课程 博弈 论 给 我 播 最 热门 电视剧 有 适合十 岁 女孩 看 的 偶像剧 没有 留学生 大学 系列 第二 十四 季 找有 歌洋 参加 的 伦理剧 我 要 看 所有 热门 神话剧 查找 英文 的 短片 找 点三十二 岁 女生 能 看 的 情景剧 查下 有 黑木 明纱 出场 的 视频 吧 有 哪些 王智演 的 中华 小子 求好 看 视频 我 想 看 张铎 出场 的 幸福 陷阱 有 哪些 托马斯 小 火车 魔幻 铁路 的 第十 三 集 推荐 上 个 月 的 吴其江演 的 神话剧 我 要 看 一 点 高 三理 科数学 大纲 解析 十七集 查找 黄帝 给 我 播黎明 之前 版 二十五 集 看 精彩 的 雅思剧 搜索 德语 的 我 的 詐欺 男友 有 什么 李冰 六月 拍 的 韩剧 推荐 吗 搜索 风云世家 的 十季 有袁 冰妍 的 不 看 要 看 所有 阿神 实况 白 猫 有 哪些 流行 的 综艺 查找 有池 内博 之 参与 的 儿童剧 求 近期 的 片 播放 春雨 医生 医言 九鼎成人 急救 专题 第二十一 集 看 老 旅泰拉瑞亚 我 的 史诗 世界 八 季 看看 最 近 的 非 公认 战队 秋叶 原连者 痛 来 点有 子良 出演 的 综艺 节目 求 推荐 广东 话 的 小小演 说家 第二十七 季 查下 创业 正 当时 无效二 的 第二 十一 集 吧 找找 牧草 小瓜 泰拉瑞亚 定制地 图生 存实况 第十四 集 适合 大班 学生 看 的 有 没有 看看 六 年 一 级 建造师 考试 的 第二十四 季 搜索 二每日 有 哪些 柠檬 妹纸 我 的 世界 最后 战线 看看 新 的 带 爸妈 去 旅行 有 没 有些 学生 能 看 的 动作片 要 看 龟岩 许浚 的 二十七集 求 热门 的 穿越 动漫 给 我 播 高桥 和 也 客串 的 爱情 宝典 有 鲁垚 最 新拍 的 抗日剧 吗 查找 流行 电影 有 不 是 刘晓虎 编剧 的 吗 我 想 看看 闯 关东 中篇 的 二十七 集 有 不 是 李宗阳 出场 的 情景剧 吗 帮 我 找 唐 于 鸿拍 的 恐怖片 求 老 旅火 影忍者 究极风 暴豪华版 的 二十三 季 找 郑嘉颖 去年 的 美剧 有 美 女 看 的 伦理片 没有 近 藤芳正拍 的 不 看 查找 有 桐山涟 主演 的 家庭剧 二十 左右 汉子 能 看 的 大片 有 吗 有 没有 不 是 朴勇宇 出场 的 情景剧 没有 整蛊 的 朴智妍 演出 的 直播 有 没 有 好看 日剧 有 哪些 精彩 的 其它 古装片 有 由 刘海 宽导演 的 动画 吗 来 点 粤语 的 二十七 轻 奢创 作季 不 要 德语 的 动漫 不 要 阿提查 ·春 那 侬拍 的 恐怖片 要 看 全 部鸡 大腿 多 人 黎明 杀机 搞笑 实况 的 第十五 集 我 想 看看 评分 高 的 神话剧 有 三 小时 不 能 笑系列 吗 播放 有 江川央 生演 的 大片 娃娃 能 看 的 言情剧 有 没有 不 是 有 雷婷 的 搜搜 最 近 的 车 影重重 观看 戏范儿 第五 季 第六 集 有什么 评分 比 较 高动 作片 推荐 吗 我 要 看 热门 的 风俗 视频 给 我 看妖 小乐 穿越 火线 生化 游击 系列 解说 第二 季 吧 有 不 是 吴樾 的 电影 吗 想 看 育儿 百科 的 第三 集 有 精彩 的 伦理 电影 没 有 有 哪些 日语 的 科幻片 不 要 韩语 的 谍战剧 推荐 好 看 伦理片 看 德语 的 tvb 有 没 有 近期 的 将 带到 哥伦比亚 推荐 放瞎 操作 二十八 集 我 不 想 看 方琼 的 剧 播放 由 张家麒 导演 的 喜剧 想 看 田口浩正 的 综艺 我 想 看看 流行 的 自然 纪录片 帅哥 看 的 大片 有 吗 要 看 全部 反 恐精 英五二十七 集 不 是 英语 的 电影 有 没有 我 的 世界 神奇 宝贝 幸运 方块 的 十二 季 查找池 内博 之 导 的 英剧 有 英文 的 综艺 没有 推荐 新 的 听力 口语 微课堂 之 办公室 要 看 一 部 爵士舞 第一 季 不 要 唐锐 的 放 去年 的 熊出 没 奇幻 空间 手游 十三 有 哪些 评价 好 的 大片 找 冷门 的 宗教 番剧 我想 看媛 凤新 的 视频 播放 釘宮 理恵 出场 的 综艺 推荐 男孩 看 的 有 四十 左 右学生 可以 看 的 大片 没有 观看 约上 大 咖去 旅行 满洲 里 十二 季 我 想 看看 孙叮咚 这 几 年 拍 的 古装片 放高分 的 古代史 动画片 帮 我 看看 有 没有 王培 最 近拍 的 视频 金惠善 的 电视剧 不 看 要 看 些 美国 恐怖 故事 第二 十八季 推荐 近藤 孝行 新拍 的 宫廷剧 看龙 之塔乌鲁克之盾 的 二十九季 来 点 旅游 新 时空 的 第二 十一 季 有 没 有 广东 话 中国 电信 欧洲杯 完美 观赛 指南 推荐 老旅 我 的 世界 辐射岛 恶魔 在 身边 的 二十七 季 有 学警 狙击 二十七季 没有 排除 焦恩俊 的 年代剧 给 我 找 热门 视频 我 要 看 一些 舞秋 风迷 你 忍者 的 八 季 不 看 李心 笛演 的 大片 观看 由 邹静 编剧 的 电影 理科 综合 的 不 看 观看 经典 英文儿 歌 大全 第二 十一 季 第十三 集 有 最 新 的 电视剧 没有 找 点 适合 小学 四年级 美女 看 的 科幻剧 查下 今年 的 爱玛 国语版 吧 想 看成 泰燊 客串 的 大药坊 我不 想 看 伊 能 静主演 的 看看 洪雅凛 参与 的 视频 查下 西班牙文 的 青年 探秘者 特辑 幕后 吧 给 我 看 最近 的 索妮 演出 的 武侠剧 吧 女生 看 的 有 吗 找找 朱锐编剧 的 古装剧 播放 亮剑 第二十季 十八 集 找些 适合 刚上 幼儿园 学生 看 的 英文 动画片 我 不 想 看 中文 的 推荐 点 日语 有来 微视 动脉 硬 化闭塞症 给 我 找 评价 好 大片 看 精彩 综艺 搜索 英文版 的 动画片 有 评价 好 美剧 没有 帮 我 找 找具 惠善 的 电影 搜搜 热门 大片 有 哪些 由 陈宇琛导 的 年代剧 王子 强 的 伦理片 不 要 高海演 的 生化 危机 三十 播 一年级 的 第四 季 我 不 想 看有 马卫军 的 找 点 宝贝 能 看 的 动画片 给 我 找 双语 的 剧 要 看 几 部 热门 儿童剧 帮 我 找找 最近 的 马赛 客串 的 历史剧 有 没有 热 辣型 男金 秀贤 土豪 生活 的 第一 季推荐 播放 死神 多 模 组生 存我 的 世界 的 第二 十四 集 放 最近 的 非常 三 小时 观看 有 张睿家 主演 的 纪录片 有 没 有 德语 的 电影 推荐 我 想 看看 巅峰 医疗 二十八 集 看看 庾澄庆 编剧 的 英剧 查找 高分 家庭剧 搜索 新 的 王永强 出演 的 综艺 帅哥 看 的 片有 吗 放实战教学 的 第二十一 集 要 看 全部钱 卫东 拍 的 番剧 观看 日语 的 神话剧 帮 我 找 找 马丁·弗瑞曼 监制 的 喜剧 播放 十一 河南 卫视春 晚 二十七 集 搜搜 有 郑毓 芝演 的 悬疑剧 找 找天 才 宠物 给 我 看评分高 的 综艺 吧 推荐 点 今年 的 乡约德阳 搜搜 好看 的 英语 口语 综艺 播放新 的 村长 我 的 世界 旧梦空岛 生存 播朱泳腾 的 纪录片 给 我 播食管癌 的 九 季 求 金顶 十二 推荐 近期 的 王岩 参加 的 古装剧 找找 刘立伟 编剧 的 动画片 有上 小学 学生 可以 看 的 短片 没有 我 想 看看 启发 建筑 作品 的 十七 种 奇想 第二 十四 集 要 看 一些 小学 五 年级人 教版 英语 来 点 日文 的 直播 我 要 看 一些 流行 动画片 适合 退休 小孩 看 的 电影 有 没有 帮 我 找 刘刚 出演 的 剧集 有 哪些 今年 的 硬 汉阿 雷生 存地 带 娱乐 实况解 说 看 新 西厢 记版 有 不 是 真 人 的 吗 不 看 徐曼 的 视频 来 点杜鹏·德尔帝贝拍 的 视频 排除 李瑶媛 客串 的 宫廷剧 要 看 点 添恺 服务器 小 游戏 的 二十八季 有 没 有 新 的 武内 健客串 的 动漫 推荐 想 看 广东话 小 熊球球 大作战 开心解 说 想 看 托马斯 和 他 的 朋友们 第五 季 英文 版 十七 集 找找 小松 彩夏 演出 的 十七 中国 独立 财富 峰会 暨 首届 金象奖 颁奖 想 看 实习医生 格蕾 第四 季 第三 集 有 没有 揭开 人 造 生命 的 面纱 二十八 季 给 我 找 冷门 的 探索 综艺 节目 有 什么 陈文波 主演 的 单亲 妈妈 推荐 吗 我 要 看 最 新 的 胡亚捷 主演 的 伦理剧 帮 我 看看 有 没有 淘宝店 铺营 销工具 的 基础 设置 八季 推荐 一些 适合 七 岁 宝贝 看 的 看看 金秉玉导 的 军旅剧 奔跑 吧 屌丝 二十五 季 搜搜 企业 宣传片 的 十一 季 搜索 康口袋 妖怪 系列 第二十一 集 看暴 走大 事件 第四 季 第三 季 七 集 我 想 看看 英文 版 老李 船长 解说 求生 之 路 来点 李修蒙 出场 的 视频 有 没 有 国语 的 电视剧 推荐 帮 我 找 找 李乃文 六月 拍 的 武侠剧 观看 六月 的 康 我的 世界 海贼 王多模 组生 存 日记 播由 陶慧娜 导演 的 动漫 不 看方 晓莉 演出 的 王 双庆 出演 的 不 看 找些 中 班 娃娃 可以 看 的 搞笑片 幼儿园 小班 汉子 能 看 的 电影 有 吗 给 我 找 大嘴 我 的 世界 怪物 军团 的 九集 要 看由 李家声 编剧 的 剧 求 推荐 海上 帝国 的 十季 推荐 有 李安 演出 的 视频 播归 去 来 兮 的 第三 集 查下 王珂 的 动画片 吧 我 要 看 些 法语 罗生门 我 想 看 李永泉 拍 的 大片 搜搜 王煜 最近 的 偶像 剧 帮 我 看看 有 没 有 双语 的 民以食为天 我 要 看 法语 的 少 年 刑警 给 我 看 日文 的 悬疑剧 吧 放上 个 月 的和 田正人 演出 的 动漫 搜索 德语 的 奇妙 女孩 搜索市 川知宏 上 个 月 拍 的 言情剧 求 好看 m v 想 看 由 布丽姬 · 穆娜 导 的 大片 播于 莎莎 最 近拍 的 视频 看牧 草皓晨 影子 实况 的 第二十四 集 我 想 看看 硬汉 阿雷海贼 无双一 实况 解说 海贼 王航海王 的 二十三 季 找 找 国语 的 神探 苍实战 秘籍 我 想 看 最 近 的 正剧 推荐 新 的 赵红霞 出演 的 伦理剧 我 想 看看 大秧 歌上海 发布会 二十九 集 我 要 看点 瑞莎演 的 网络剧 推荐 点新 的 小灰 我 的 世界 生存者 荣耀 看去年 的 来自 星星 的 事 找 青春 正能量 之 我 是 女神 第六 季 没有 上田 耀 司客 串 的 播放 最 近 的 猫 和 老鼠 手游 我 想 看 赢在 开盘 前 要 看 一些 最近 的 在 拉斯维加斯 行骗 的 真正 赌王 要 看 点 冰冻 星球 八集 有 吕夏 的 不 看 适合 五 到 六 岁 妹子 看 的 有 没 有 娃娃 能 看 的 青春剧 有 吗 查找 上 个月 的 安东尼·约翰·邓尼森 出场 的 片 有 评分比较 高 的 动画片 没有 我 想 看 韩语 的 大片 排除 伊 能 静参 与 的 电影 有 哪些 王者 天下 有 没 有 精彩历史剧 有 适合 小学 三 年级 女孩 看 的 电视剧 没有 找 些 菇 凉看 的 要看 些 椰果 我 的 世界 实况 九 季 查下 梁嘉琪 出场 的 白乐天 零 大陆 专辑 吧 找找 最 近 的 赵涛演 的 日剧 给 我 看 粤语 的 法治 进行 时 吧 求 推荐 双语 星舞 访 没有 荣蓉 拍 的 我 要 看些 上策 小 剧场 十一 集 有 哪些 英文 版 狂丸声 优团 我 的 世界 微 电影 暮云 的 故事版 实况 十二 集 查下 英文 的 狼烟 连 奕名版 吧 要看 这 部 亚洲 创新 企业 领袖 论坛 有 十 岁 宝贝 可以 看 的 综艺 节目 没有 给 我 播 英语 的 财富 新 密码 搜搜 好看 的 剧情片 求 推荐 六月 的 王阳明 出场 的 剧 有 初三数学 知识 点 讲解 的 第十四 集 没有 观看 六月 的 廉晶 雅出场 的 动画片 搜索 有 铃置洋 孝 参与 的 动画 我 要 看新 的 陈美行 出场 的 日剧 有 没 有 一 部 适合 上 小学 妹子 看 的 找些 适合 七 岁 娃 娃看 的 我 要 看点 年度 混剪 的 第十四 集 有 没 有点 适合 七 岁 娃娃 看 的 网络剧 帮 我 看看 有 没 有 任达华 今年 拍 的 武侠剧 张雪艳演 的 不 看 搜索 上 个 月 的 授粉 中 隐藏 的 美丽 看 李媛媛 编剧 的 纪录片 给 我 找 精彩 的 漫改片 给 我 找有 罗 文熙 参与 的 年代剧 我 要 看 所 有 法语 的 电影 播放 张智轩 最近 的 电视剧 有 光荣 使命 七 季 第二 集 没 有 有 没 有 斯科特·凯恩 监制 的 电影 查找 双语 的 tvb 我 想 看 纪录片 二十九 的 七集 有 哪些 上 个 月 的 折笠 富 美子 演出 的 谍战剧 搜搜 我 手 欠 我 试试 二十八 集 我 想 看手 游木名 最 新 炼狱级 挑战 武器 天使 猎弩 的 第十五 集 我 要 看所 有 有 艾东 演出 的 剧 搜搜 由 胜地 凉导演 的 情景剧 监狱 家庭 的 十二 集 有 没 有 太平洋 战争 的 二十六 集 推荐 有 没 有 崔元弘 参加 的 片 推荐 给 我 播好 看 的 电影 找找 新 的 剧 有没 有 数学 备 考关 键词 的 二十五 季 推荐 金字塔 魔方角 先法 初级 课程 二十五 季 搜索 志村 知幸 出演 的 情景剧 求有 柳岩 主演 的 电影 看 亚宁 我 的 世界 神奇宝贝 第五 季 的 第二十一 季 查找 角力 适合 四十 左右 妹子 看 的 视频 有 吗 来点 法语 牧草 小源 巨龙 反抗者 生存 实况 搜索 近期 的 何晟铭 出场 的 电影 给 我 播石文 中编剧 的 儿童剧 有 没 有 有傅正刚 主演 的 谍战剧 推荐 给 我 看 王者 荣耀 木子 王者 荣耀 手游 手机版 木子 解说 第二十 季 吧 不 是 徐帆拍 的 番剧 求 由 卡拉·苏扎导 的 动漫 我 想 看看 回望 梁启超 给 我 找 最 热门 的 翻拍 综艺 搜索 新 的 木鱼 我 的 世界 海贼 王多 人 大 冒险 帮 我找 岳秀 清拍 的 电视剧 我 要 看些 高分 正剧 有 没 有 一 个 月 妻子 变 儿童 第十六 季 推荐 推荐 适合 小学 四 年 级 小朋友 看 的 广东 话 电视剧 推荐 一 点 小左王者 荣耀 二十八 季 有 哪些 为 你 读 诗 工人 读诗 的 第二 集 有 没 有点 小学 三 年级 小朋友 能 看懂 的 犯罪片 观看 阿神 的 第四 集 我 想 看 杜拉拉升 职记 推荐 郑泰宇 主演 的 苍蓝 钢铁 的 琶音 看 最 新 的 恐龙 来 了 放由 莎莉· 理查德森导 的 大片 想 看 我 的 世界 二十三 分 每 日迷 你 建筑 教学 的 第二 集 不 要 岳跃利 的 想 看 石龙岗 之 路 第二十二 季 第二十 集 来 点 自然 密码 五 的 八集 看荒 野求生 秘技 的 第一 集 没有 织田裕二编剧 的 给 我 找 高分 的 跟 播新番 武侠片 搜索 六哲 绝版 现场 记录 时代 经典 的 九 季 有呜哈 穿越 火线 九季 吗 有 没 有 不 是 伊莲·卡西迪 的 适合 退休 汉子 看 的 有 吗 搜索 刘九邑 出场 的 网剧 查下 六月 的 和 久井优 参加 的 军 旅剧 吧 搜搜 最 新 的 杜淳 参加 的 动作片 有 没有 谁 笑到 最后 推荐 推荐 老旅 巫师 竞技场 全职 业解 说 第二十一 季 有 不 是 阎青 妤拍 的 日剧 吗 帮 我 找 热门 的 商战剧 帮 我 看看 有 没有 非洲毒 蜘蛛血腥 杀戮 之 路 第十六 集 我 想 看 芒果 看 天下 第十五 集 看 粤语 考 研西 医综合 真题 解析 生理 外科 搜索 为爱而生十八季 给 我 看 法语海 上 帝国 吧 放金色 年代 第四 季 预告片 花 二十八 集 我 想 看看 由 王黎 雯导 的 美剧 有 捷盖 参加 的 兔子贝尔 杀出 重围 人类 分裂 娱乐 实况 吗 有 哪些 广东话 的 科幻片 适合 四十 左 右女孩 看 的 电影 有 吗 我 想 看看 锦衣 夜行 二十五 集 求李泰近 期拍 的 情景剧 有 哪些 庄庆宁 出演 的 电影 求 推荐 广 东话 的 情景剧我 要 看 这 部 由 约翰·弗朗 西斯·达利导演 的 抗日剧 要 看 点评价好 的 直播 没有 陶晶莹 导演 的 播热 门农村剧 推荐 些 男孩 看 的 我 不 想 看 英语 的 大片 有 垂 钓学院 第十五 集 没有 找 一点 适合 九 岁 宝贝 看 的 要 看 一些 最近 的 郑多彬 参与 的 电视剧 不 是 德语 的 给 我 播仰 山人 我 想 看看 猫 和 老鼠 手游 的 十七 集 我 要 看 些 晴天 小 游戏 第三 季 二十三 集 找找 王华英 导演 的 悬疑剧 播放 寻找 超 大 质量 黑洞 的 第四 集 搜索 有 董彦麟 出场 的 偶像剧 给 我 找 秦沛编剧 的 英剧 推荐 些 由 李晨 涛导 的 电视 搜索 英语 紫禁惊雷粤语 我 想 看 双语 叠影 危情 粤语版 女孩 看 的 电视剧 有 吗 搜索 热门 搞笑片 没有 李肖宁拍 的 适合 年轻 男人 看 的 喜剧 有 没 有 播放林 伊婷 编剧 的 农村剧 播放 屈中恒 的 电影 我 不 想 看傅 淼导 的 给 我找 双语 刀剑 世界 小臣 的 我 的 世界 多 模组 生存 实况 有 彪 马叔 实时秀 第十六 季 吗 搜搜 林晓峰 这 几 年的 综艺 我 想 看看 流行 的 高二 爱 情片 要 看 乔治·安东 拍 的 电影 找 全 部 适合 二十 左右 娃娃 看 的 短片 有数 学 漫步 三十 集 吗 九分之九 第十六 季 第五 集 找 点 姑娘 看 的 播放 边缘 战士 十二 集 搜搜 李凡秀拍 的 动漫 我 想 看易 淑宽 演 的 儿童剧 帮 我 找 好看 的 片 韩语 的 你 是 我 的 旅伴 看看 这 几 年 的 悬疑剧 看看 庄 庆宁 最 近 的 动作片 有 韩语 大空港 二十四 吗 来 点新 的 悬疑剧 看看 袁洁莹 的 剧 观看 零零 后 英语 脱口 秀 十 集 想 看 不 要 固执于 英语 二十五 季 二十八 集 有 哪些 王紫逸演 的 十九 秒 看 发布会 有 没 有 女孩 看 的 有 造物 小百科 骨骼 复制品 二十六 季 吗 我 想 看看 央视 历 届 春节 联欢 晚会 二十六 季 我 想 看 广东话 醉酒 生活 大 冒险 醉酒 的 世界 有 哪些 冷门 的 电影 推荐 点 深仔火 影忍者 终极风暴二十八 剧情 全解 的 第四 季 帮 我 找 找乐 高蝙 蝠侠 大 电影 系列 十 季 有 最 近 的 大片 吗 有 哪些 樱井翔 出场 的 一 个 人 战争 找 找 最 热门 的 动漫 适合 五十多 岁 小孩 看 的 英语 综艺 有 没有 有 没 有 点 五 岁 小朋友 可以 看 的 微电影 放正 在 昌南 的 二十二 季 适合 五 到 六 岁 宝贝 看 的 纪录片 有 吗 我 不 想 看 刘江东 编剧 的 推荐 热门 的 大片 有 退休 男人 能 看 的 言情剧 没有 不 要 英文 的 剧情片 不 是 刘倩 婷演 的 有 雪山 飞狐 十七 集 吗 排除 粤语 的 帮 我 看看 有 没 有 孙涛 参与 的 悬疑剧 有 什么 新 的 悠木碧出演 的 动画片 推荐 吗 找江若琳 的 电影 看由 蔡子 健监制 的 动作片 求 推荐 种 丹妮 这 个 月 的 视频 要 看 这 部 卡哥 阴阳师 手游 实况 第十五 季十七 集 查找 流行 电影 我 想 看 泰坦 陨落九 搞笑 直播 回顾 的 第二十四 集 帮 我 找找 英文版 的 虾闹 找 张钧 甯拍 的 动画片 不 看 撒贝宁 客串 的 综艺 播雷牧 出演 的 走出 高考 复习 误区 系列 解析 放由 黎汉 持导 的 犯罪片 看 钢铁 飞龙 的 第一 集 看看 王双宝导 的 tvb 找 全部 适合 七 岁 帅哥 看 的 剧集 帮 我 看看 有 没 有 有 赵雅芝 参与 的 综艺 不 看 刘茜 主演 的 有 没有 些 三十二 岁 汉子 能 看 的 武侠剧 搜索 流行 恐怖片 放多 米尼克·珀塞尔 演出 的 大片 搜搜 激战 二十九 职业 技能 第十六 集 看 美味 人生 第十六季 搜索 王媛 可演 的 片 有 刘丕中 演出 的 牛男 吗 有 没 有 高世元 导演 的 电视剧 推荐 有 哪些 周放 最 近拍 的 家庭剧 播放 由 徐玺 涵编剧 的 纪录片 查找 李锦梅 监制 的 网络剧 查找 好看 的 写 作 微电影 有 哪些 上 个 月 的 我 的 世界 之 神奇 宝贝 第三 季 帮 我 找 吴绮莉 出演 的 中国 汽车 测试 看看 去年 的 陈亚兰 客串 的 网剧 有 农场主 参与 的 日剧 吗 有什么 最 新 的 迈克尔·特瑞威诺 主演 的 英剧 推荐 吗 我 不 想 看 粤语 的 给 我 看 肥猫 寻亲 记一 的 十七季 吧 有 适合 四十 左右宝贝 看 的 英文 神话剧 没有 放英文 版 的 韩剧 粤语 中国 藏 歌会 第二 季 王菁 华拍 的 情景剧 不 看 求 推荐 马季 相声 给 我 看 第一 美差 宣传片 二十六 季 吧 娃娃 能 看 的 电视剧 有 没有 播金 承民 拍 的 言情剧 播丁 军导 的 动画片 给 我 找 西班牙文 的 言情剧 看看 小米 生态链 四春季 沟通会 第二十一 集 看看 最 近 的 黄怡晴出演 的 犯罪片 推荐 一 部 上 个 月 的 综艺 想 看 黄帝 的 八 季 看看 张 冲拍 的 mv 给 我 看南 太平洋 的 二十五 集 吧 我 想 看 最 好看 的 动画片 我 要 看 些 于 越 编剧 的 微电影 不 是 英语 的 年代剧 帮 我 找 轩益 客串 的 动漫 我 想 看看 有 王心慰 参加 的 偶像剧 排除 国语 的 剧 搜索 国语 的 旅游 看 今天 推荐 些 适合 二十四 岁 小孩 看 的 不 要 杰克逊·赫斯特 的 动画 帮 我 看看 有 没 有 北川 景子 出场 的 综艺 找 几 部 中班 娃娃 能 看懂 的 mv要 看 这 部 变形 警车 珀利 玩具 海宝 二十二集 放热门 的 清 穿 电视剧 要 看由 李家慧 编剧 的 综艺 我 要 看 一 部 最 好 看 的 番剧 有 没 有 观剧 指 南 星星 韩 语速 成班 推荐 放碧 血劍 推荐 些 最近 的 木鱼 我 的 世界 奔跑 吧 兄弟 粤语 的 不 要 有战 神金 刚 二十九 集 吗 放 小刚 方言 第十三季 二十六 集 帮 我 找 找黎 汉持 新拍 的 mv 播放 生活面 对面 的 第四 季 给 我 找 高分 的 动画片 有中 班 娃娃 可以 看 的 视频 没 有 查下 西班牙文 的 电影 吧 观看 西班牙文 的 二十二 高考 真题 讲解 全国 卷 英语 适合 二十 左右 男孩 看 的 番剧 有 没有 推荐 点 孟卫东 参与 的 动漫 要 看 上 个 月 的 梁天 出场 的 电视剧 我 想 看看 吃遍 杭州 不 看 英语 的 我 想 看看 吴启华拍 的 大片 推荐 点蓝 爱子 拍 的 英剧 播姜 南吉 最 新 的 电影 观看 最 近 的 小原 乃梨子 客串 的 片 有 哪些 虾闹 我 想 看 看恋 上 黑天使 的 第二十一 季 帮 我 看看 有 没有 入江 闪闪 我 的 世界 模拟 人生 的 第二十一 季 推荐 双语 铁齿 铜牙 纪晓岚 找 朱相昱 监制 的 tvb 放 淘宝 摄影 这 点 事儿 第二 十四季 第六 集 最 新 的 犯罪片 来 点 国语 中国 好 青年 有 什么 周晓欧 主演 的 陨落 的 偶像 尤里 加加 林阴谋 事件 推荐 吗 我 想 看 百变 马丁之英雄 无敌手 游 第二十四 集 找 点 年轻 娃娃 可以 看 的 视频 查找 大史可监制 的 纪录片 有 哪些 高分 电影 找新 的 侦探山 上久司 放评 分高 的 爱奇艺剧 帮 我 找 さく ら编剧 的 电视剧 不 是 有 古川 登志夫 的 有 哪些 广 东话 的 星河 战神 闯关 模式 通关 视频 推荐 由 马率 监制 的 抗日剧 来 点 变形 金刚 之 汽车人 救援废 的 第二十四 集 播 左右 不 逢源 第二十六季 国语版 的 二十二 季 来 点 广东 珠江 二十二 元 宵晚会 的 第十六 季 宝贝 能 看 的 电影 有 吗 我 想 看看 二十七 行测 判断 推理 技巧 精讲 二十八 集 播放 最 近 的 宋清清 演出 的 动作片 观看 孙建东 最 近拍 的 青春片 新 的 西田敏行 客串 的 伦理片 有 适合 刚上 幼儿园 小朋友 看 的 电影 没有 播 最 新 的 天国 的 嫁衣 有 三 上 博史 主演 的 视频 没有 我 想 看看 我们 可以 相爱 吗 的 十 集 求申东靖 最 新拍 的 青春片 有 哪些 杨洋 最 新 的 大片 有 故握 依然 小握 音乐 专辑 的 第十三 集 吗 法图 麦· 天缘 主演 的 大片 不 看 推荐 几 部 适合 五 到 六 岁 男孩 看 的 电视剧 放由 刘沛导 的 电视剧 要 看由 姜瑞佳 编剧 的 偶像剧 有 二十九一生 一世合 家欢 第四 集 吗 找 十九 大学 英语 四六级 真题 解析 查下 血液 生命 的 动力 燃料 八季 吧 播放 豪宝 彩虹 六 号 围攻 实况解 说 第三 集 给 我 找评分 高 的 大片 有 哪些 这 个 月 的 康网 微视 小儿 脾胃 不 和 我 想 看 借问 英 雄何 处 十 季 搜搜广 东话 热血 进行曲 大 运动 会 正 版物 牛解 说 有 没有 不 是 韩语 的 帮 我 找 找 植物 大战 僵尸 全明星 流程 过 关解 说 专集 找找 诺亚 · 怀尔 监制 的 片 有五 到 六 岁 小朋友 可以 看 的 大片 没有 我 不 想 看 赵宝刚 导演 的 给 我 找 热门 青春剧 推荐 三十五 岁 娃 娃能 看懂 的 纪录片 适合 九 岁 学生 看 的 法语 视频 有 没 有 找找 最 近 的 岳华 客串 的 视频 查下 球球 大作 战缘 宝解 说 吧 有 哪些 最 热门 综艺 有 真 矢美纪新 的 剧集 没有 适合 小学 二年级 小孩 看 的 有 没有 不 要 翟万臣 客串 的 伦理剧 给 我 看 德语 的 拜托 小姐 国语版 吧 搜搜 梦妮 我 的 世界 小 游戏 有 纵览 一世界 武器 装备 发展 第六 集 吗 找 找 广阔 的 匈牙利草原 二十二 集 观看 西瓜 火 影忍者 究极 风 暴革命 八 集 给 我 找 赵涌 最 新 的 动画片 查下 胡彦斌 的 短片 吧 有 没有 适合 九 岁 小孩 看 的 我 想 看 未来 旅行 的 第十五 季 看洛克 王国 大 冒险 的 第五 季 想 看 史航煲 电影 的 七 季 推荐 一些 美女 看 的 我 想 看看 江易珈 最 新拍 的 视频 推荐 适合 三 到 四 岁 女生 看 的 推荐 点学生 能 看 的 抗日剧 播最 近 的 少齐生化 危机 十一 版 全流 程解 说 有 没 有 由 陈淑芳 监制 的 剧情片 推荐 几 部 评价 好 的 大片 适合 两 岁 小孩 看 的 爱情片 有 吗 帮 我 找 找由 山崎 和 佳奈 监制 的 视频 看奶酪 陷阱 全 网 十八 季 第十四 集 帮 我 找找 詹纽瑞·琼斯 最 新拍 的 综艺 节目 找所 有 七到 八 岁 小朋友 可以 看 的 微 电影 我 想 看 六月 的 马亮 主演 的 动画片 找 适合 小学 二年级 帅哥 看 的 科幻剧 有 哪些 西班 牙文 的 直播 来 点 由 金东旭 导演 的 剧集 放白珊 演出 的 栏目 酷炫 街舞 有 什么 朱墨 导演 的 儿童剧 推荐 吗 适合 三 到 四 岁 宝贝 看 的 谍战剧 有 吗 播放 大白 的 白银 青铜 时刻 的 第三 集 给 我 看 毁灭 战士 三物 牛解 说 的 二十五 集 吧 有 光 之 美 少女二十六季 第一 集 没有 想 看 高分 的 琼瑶 武侠剧 搜索 近期 的 中超 第七 轮 武汉 卓尔 大连阿尔滨 帮 我 看看 有 没 有下 南洋 预告片 的 第十三 集 帮 我 看看 有 没 有 日文 林家 食铺 四 有小孩 能 看 的 年代剧 没有 有 笑 囧 一 族 的 二十五 集 吗 找 几 部 妹子 看 的 韩剧 有 没 有 幼儿 亲子 小 故事 白雪 公主篇 第二 季 看 剧场版 哆啦梦三 的 二十三 集 女人 看 的 有 吗 有 没 有 的 游戏 视频 分享 的 第十六 集 看 小小 世界 历险 记 二十六 季 播日文 的 牧草二毛小 游戏 系列 实况 我 想 看 七 大專 棒 球聯賽 第十四 季 我 要 看关于 卡路里 的 真相 十一季 推荐 尹国华 新拍 的 动画片 石云鹏 拍 的 青春片 不 要 推荐 金甫 妍导 的 综艺 节目 看 莫言演 讲集 第二季 第十五 集 有 什么 由 吴冕编剧 的 宫廷剧 推荐 吗 找中文 的 男子 高 校生 的 日常 帮 我 找 小泉 今日 子演 的 综艺 有 哪些 英文 的 大片 观看 何 炅演 的 网络 剧 有 不 是 毕彦君 拍 的 吗 有 没 有些 适合 两 岁 宝贝 看 的 大片 笨蛋 测验 召 唤兽 笨 蛋测 试召 唤兽 第一 季 有 没 有 姑娘 看 的 剧 有 哪些 有 杨怡 出演 的 综艺 我 想 看 好看 的 短片 有 没 有 有 周杰伦 客串 的 古装剧 要 看 全部 林伯彦 的 片 推荐 些 适合 小学 二年级 妹子 看 的 科幻剧 看 两 会 财经 观察 要 看 些 四 圣兽 圣兽 降临 第十五 季 给 我 看 异形 侵略 的 第十六 季 吧 给 我 播 最近 的 抽风 解说 丨 画 个 火柴人 求 推荐 英语 启 蒙 这样 做 十九季 看看 这 几 年 的 壹号 皇庭 给 我 看 徐贵樱 的 大片 吧 有 哪些 陈思 诚演 的 经营 媒体 创新 发展 实战 探析 一 给 我 看 堀川 亮导 的 片 吧 有 没 有 不 是 城市 建筑 的 给 我 找 最近 的 金九拉 主演 的 动画片 金泰妍 的 年代剧 不 看 我 想 看 最 近 的 罗弘证 演出 的 悬疑剧 播放 好 看 视频 秀爱 监制 的 剧集 不 看 李虎城 的 播有 白石隼 也 出演 的 神话剧 有 什么 张春年 出演 的 硬汉 阿雷四 海 兄弟 十一 娱乐 流程解 说 推荐 吗 观看 我 的 世界 侏罗纪 公园 第二 季暗 墨解 说 第十三 集 推荐 评分 比较 高 的 宇宙 韩剧 我 不 想 看洪 小玲 主演 的 不 要 海泉 的 找找 高分剧 搜索 金希澈 参与 的 军旅剧 搜搜 最 新 的 范楚绒 主演 的 大片 我 想 看看 联系 频道 负责人 第十四 季 想 看 张国荣 和 他 的 男女 朋友 第十六 季三十 集 看 六一 儿童网 儿童 古诗 十七 季 要 看 些 韩语 的 剧集 推荐 一 点 热门 的 大片 找有 李志舆 参与 的片 来 点 有 巧虎 出场 的 剧 观看 陈玉莲 的 视频 我 不 想 看 多 部 未 华子 拍 的 mv 想 看 李宁编剧 的 动画 推荐 辰 亦儒 参加 的 抗日剧 播放 恩情 的 十 集 推荐 点星座 自习室 第三 季 适合 十五 岁 娃娃 看 的 有 没 有 没有 朗思 文化 的 要 看溏 心风暴 之 家好 月圆 的 十七 季 播设置 折线图 图表 坐 标轴 十二 集 播放 中学生 频道 宣传片 找找 去年 的 陈雨薇 客串 的 电影 有 最 近 的 算数 儿歌 吗 我 想 看看 十六 浙江 公务员 考试 备考 指导 的 第四 集 排除 陈雨薇 编剧 的 给 我 找 法语 的 片 热门 的 动漫 找找 高分 的 剧 帮 我 看看 有 没有 由 子安 武人 编剧 的 日剧 给 我 播法 语格格 的 女儿 废弃 有 没有 上海 纪实 往事 推荐 推荐 所有 朱镇模 参加 的 动画片 放初 二数学 考点 视频 解析 有 不 是 陈毓 芸导 的 吗 搜索 德语 的 大片 查找 猛砖 古 墓丽 影 三十十二 季 查找 吕晶晶 参加 的 警网 追追 追 我 要 看 些 牛莉 监制 的 剧 给 我 看新 的 托妮·克莱特 演出 的 动漫 吧 有 命运 的 春天 废弃 吗 有 哪些 日文 搞笑 漫画日 和 第二十一 季 有谈 婚论 嫁 八 集 吗 观看 英文 的 电影 给 我 找 中学 阶段 家庭性 教育 给 我 看 西游 中国 吧 安德莉·鲍恩 客串 的 恐怖片 播放 方芳 主演 的 青春片 查下 张杰 最 新拍 的 韩剧 吧 有 小松 彩夏 最 新 的 综艺 吗 穆静 监制 的 不 看 推荐 德语 的 电影 适合 老学生 看 的 广东 话年 代剧 有 没有 找 华少 编剧 的 搞 笑片 有 泡面 王者 荣耀 二十九 季 八集 吗 没有 曹璐 拍 的 神话剧 有 流行 的 公务员 考试 美剧 没有 给 我 播 西班牙文 的 大片 帮 我 找 找好 看 韩剧 帮 我 看看 有 没有 评分 比较 高 的 综艺 观看 工业品 渠道 模式 规划 及 渠道 招商 实战 解密 二十九季 我 要 看点 驯龙 高手 动画 的 十八集 有 没 有 新 的 高亚麟 演出 的 情景剧 我 想 看 朱敏瀚 拍 的 剧情片 来 点 韩语 车友 自嗨 女人 看 的 有 吗 放好 看 大片 查下 枪灵 计划 吧 求评分 比较 高片 刘竹 出场 的 搞笑片 帮 我 看看 有没有 苗可丽编剧 的 综艺 看 王鹏轩 演出 的 小轮 徊生 死格斗十六 全 剧情 吐槽 有 哪些 瑞奇 与 叮当 大帝 解 说 十九 季 来 点 杨雄 有 时间 帮 我 找 热门 动漫 我 要 看 一点 炎舞 工作室 十二 季 帮 我 看看 有 没 有 张静仪 编剧 的 正剧 查找 有 骆应钧演 的 视频 有 没 有 猪仔馆 人家 十八季 放戴娆 最 近 的 番剧 帮 我 看看 有没有 有 习雪 主演 的 爱情片 有 不 是 陈莎莉 演出 的 动漫 吗 播 最 近 的 陈慧珊 出演 的 片 有 马师 红演 的 小羊 宝贝 第二 季 吗 帮 我 找 去年 的 剧 推荐 点 女生 看 的 伦理剧 有 哪些 谁 借 我 厨房 第四 季 的 第十六 集 推荐 最 近的 气候 变化 观看 九 岁 县 太爷 第六 季 来 点 法语 的 陈瀚 不 是 日语 的 tvb 查找 我 的 世界 生化 危机 野比 大雄 篇 我 想 看看 由 金 玟导 的 电视剧 要 看些 德语 的 综艺 有 没 有 有 陈泂江 出演 的 动漫 推荐 想 看 六月 的 车道镇 主演 的 英剧 适合 幼儿园 小班 宝贝 看 的 有 没有 有 什么 颜葵 英雄 联盟 小 实 验三十 集 推荐 吗 由 徐路 导演 的 悬疑剧 给 我 播 陈豪 最 近拍 的 电视剧 有 哪些 神龙 斗士 找 最 近 的 大白 的 五五有 哪些 冷门 的 公开课 综艺 推荐 一 点 四十 左右 男人 能 看 的 综艺 推荐 点 适合 幼儿园 小班 女人 看 的 谍战剧 求 推荐 有 竹下 景子 主演 的 电视 看 刘茜 出演 的 视频 给 我 播由 袁奇峰 监制 的 喜剧 我 要 看点 好看 古装剧 适合 二十 左右 男生 看 的有 吗 搜搜 最 新 的 微电影 有什么 热门 的 文物 古迹 电影 推荐 吗 有周博文 演出 的 网络剧 吗 小孩 能 看 的 动画 有 吗 查找 英文 的 视频 大塚 明夫 参加 的 手游 观察室 西班牙文 的 康网 微视胆 结石江华 想 看 晚婚 的 第十六 集 帮 我 找 有 宋逸民 客串 的 恐怖片 帮 我 找庄米 雪客串 的 乐比 悠悠 十七 查找 星际 刺客 信条 十八 娱乐 视频解 说 第二十 集 查下 伊莉莎 最 新 的 网络剧 吧 找 日文 的 青春片 有 没 有 齐欢 出场 的 讲游 评推荐 想 看 十二 高考 生物 答题 技巧 解析 的 十一 季 菇凉 看 的 综艺 有 没有 专题 娱乐圈 防火 防盗防 闺蜜 第六 季 求吴 卓羲 最 近拍 的 动画片帮 我 找 找 去年 的 创业 那 点事儿 给 我 看 曾 之乔 拍 的 抗日剧 吧 求 戸田恵子 拍 的 动漫 想 看 乡约 德阳二十九 集 给 我 找 最近 的 中岛 知子 主演 的 剧 查下 日文 的 电影 吧 要 看 些 土豆侠 之 筷子 英雄 第二十一 季 二十八集 有 没 有 爱情 是 什么 的 十二 集 找 广 东话 的 动漫 有 什么 牛奶 与 丽丽 第一 季 的 第三 集 推荐 吗 我 想 看 徐乐拍 的 伦理剧 帮 我 找李英 爱演 的 美剧 播放 粤语 的 二十一罗杰斯 杯 自制 给 我 播山本 裕典 的 电影 有 没有 不 是 仲星火 的 有 什么 吴卓翰 主演 的 视云 少儿 推荐 吗 不 是 马丹旎 监制 的 我 想 看 刘东根 的 动漫 英文 的 不 看 要 看 大清 御史之云南 铜 案 第十六 季 第一 集 没有 叶彤 的 历史剧 看看 由 隋兰 监制 的 剧 播伊 藤英明拍 的 视频 帮 我 找 双语 的 动画片 有 哪些 新 的 姚笛 客串 的 电影 放 今年 的 剧 观看 马上 有 童谣 马贝贝系列 第二十四季 查下 玛格丽特· 柯林 最 新 的 伦理片 吧 我 想 看 爆丸 小子 第十四季 二十九 集 有 没 有 好看 罪案剧 有 哪些 马文忠 新 的 恐怖片放可 可 乐乐 之 童 趣乐园 妹子 看 的 有 没 有 有 没 有 铁梨花 推荐 我 想 看看 夏娃 的 时间 第二十 季 播放 环球 奇闻大 搜索 二十五 集 播日文 的 动作片 观看 中文 的 乐高 小游戏 系列 有 没 有 几 部 菇凉 看 的 网络剧 求 推荐 热门 的 谍战剧 求小队 对抗 第五 季 查下 专题 娱乐圈 躺枪王 文章 出轨 姚晨 躺枪 的 二十七 集 吧 有 不 是 陈冠宁 客串 的 片 吗 要 看 点胜 负师 传说哲 也 第四 集 播放 最 新 的 旅行 囧记 给 我 播 无限 生机 有 专题 绝色 尤物 时尚 大片 第二十一 集 吗 我 想 看看 热门 的 男孩 喜欢片 播放 有 刘园 园演 的 剧 推荐 点 郑成云 演出 的 韩剧 排除 网络 的 有 哪些 英语 的 古装剧 查下 张天 霖演 的 我 的 世界 新手 教学 小白 的 工业 冒险 吧 有 相爱 穿梭 千 年 没有 没有 粤语 的 剧集 查找 最 近 的 张文慈 参加 的 电视 有 妹子 看 的 纪录片 没有 七岁 小孩 可以 看 的 商战剧 有 吗 给 我 看 唐可 客串 的 综艺 吧 要 看 点 小猪 佩奇 欢乐 小镇 的 二十二 季 有 什么 双语 的 年代剧 推荐 吗 给 我 找 罗嘉良 拍 的 搞笑片 要 看 全 部 广东 话 的 隐者 热血 无 赖 娱乐 解说 刘沙 监制 的 宫廷剧 适合 二十 左右 男孩 看 的 电影 有 吗 播白 庆琳 的 悬疑剧 有 没 有 点 适合 九 岁 宝贝 看 的 恐怖片 要 看 点 茜茜 公主 的 第一 集 有 不 是 威利·加森演 的 吗 有 不 是 黄奕 出场 的 吗 有 没 有 西班牙文 的 哎 哟 有 闹 查下 有 颜世魁 参与 的 大片 吧 放日文 的 纪录 片 有 线性 代数 的 第一 季 没有 我 不 想 看有 悠木碧 的 搜索 新 的 综艺 给 我 找 胡洋 出演 的 小学生 我 的 世界 建筑 大王 有 什么 日语 的 最终 幻想 王者 之 剑 推荐 吗 给 我 播 百度 开发者 俱乐部 的 第五 季 没有 张韶涵 导演 的 我 要 看燃烧 吧 第二十四 季 上小学 妹子 能 看 的 罪案剧 有 没有 推荐 一些 学生 能 看 的 农村剧 不 看 有 李鹏 的 我 要 看 一些 李 厚 豪客串 的 航海 王 之 黄金城 游戏 剧场版 启航 不 看 日语 的 电视剧 有 哪些 马可 参与 的 直播 搜索 十六 教师 资格 证考 试面 试优秀 学员 试讲 对 啊 网 有 哪些 卓凡 演出 的 食在 健康 查下 黄凯伦拍 的 青春片 吧 找 找 英文 版 一 分钟 帮 我 找 找 大白 钻石 大陆 二十六 季 十五 岁 帅哥 能 看 的 直播 有 吗 看 二十四徐 老师 来巡山 十 季 有 什么 特莉安·贝利 索里 奥拍 的 电视剧 推荐 吗 有 哪些 娜菲莎 近 期拍 的 微电影 我 想 看有 娄 明演 的 伦理片 日语 的 一 个 人 战争 适合 二十四 岁 男生 看 的 有 没 有 查下 德语星 宝贝 于 逸驰 吧 要 看 些 牛飘新 的 科幻剧 我 想 看 冷门 的 英语启 蒙 电视剧 观看 徐乐 编剧 的 大片 想 看 流行 电影 排除 苗皓均 参加 的 偶像剧 我 要 看梦 想 十二星座 的 二十三 集 来 点 萝卜 报告 之 震震 有 词 第二十 季 要 看点 李威 出演 的 动画片 搜搜 董洁 参与 的 小七 我 的 世界 梦想 王国 一 查找 由 江若琳 导演 的 动画片 我 要 看 一些 歌 者 盟杨 老师 教 你 成为 歌达人 二十七 季 二十六 集 给 我 找 中文 的 片 有 没有 不 是 黎耀祥 监制 的 有 哪些 英语 蛋神 二十五 播放 六 哲绝版 现场 记录 时代 经典 播放 寻求 阳光 的 十 集 哆啦梦 之 母 大山 羡代 物语 十二 集 有 什么 由 李英 幼导 的 喜剧 推荐 吗 有 哪些 陈捷导 的 军旅剧 帮 我 看看 有 没 有 宗平 的 喜剧 有 没 有 适合 五十多 岁 娃娃 看 的 科幻片 帮 我 找 新 的 姜帆 参加 的 短片 查找 评价 非常 好 动漫 要 看些 粤语 的 击杀 时刻 搜搜 由 吴日言 监制 的 喜剧 给 我 播 最 新 的 嫂子 废弃 求 冯宝宝 最 新 的 网剧 有 铃木浩介 的 不 要 求 百度 五校园 招聘 有 没有 张惠妹 导演 的 动画片 推荐 不 看 方言 的 看看 最 近 的 大商道 查下 最 新 的 最 炫 民族 风合集 吧 有 保卫 萝卜二十九 金萝卜 通关 视频 攻略 障碍 全清 布阵 第四 集 没有 求 英语 的 警 中警 有 哪些 西游 中 国 来 点 阿津 黑暗 之 魂 三十流 程解 说 集八 集 推荐 些 好看 的 宫廷剧 播综艺 百分百 的 十八季 有 王子瑜 演出 的 视频 吗 给 我 播 黄帝 的 第二十一 季 看 森久保祥 太郎 参加 的 蛋蛋 阿拉亚 泰国 恐怖 医院 观看 四湖北 卫视春 晚 小品 合集 的 第十五 集 我 要 看 英语 咨询 工程师 宏观 经济 政策 与 发展 精讲课 查下 眼眼 葫芦娃 游戏 吧 搜索 六月 的 陈洁 客串 的 电影 有 金山 电子 表格 中 设置 循环图 没有 推荐 所有 小孩 能 看 的 武侠片 求 去年 的 齐中 旸 参与 的 历史剧 来点 赵立新 主演 的 视频 找 一 点适合 小学 二年级 姑娘 看 的 视频 播好 看 短片 找 小朋友 能 看 的 动漫 有 寻找 超大 质量 黑洞 第二 季 没有 推荐 由 吴静娴导 的 视频 帮 我 找找 机器人 与 怪兽 有 没 有 热门片 查找 张玮 导演 的 科幻片 查下尖 叫 现场森 竣 北京 握手会 的 第二十一 季 吧 有 马恩然 出演 的 动画片 没有 有 哪些 上 个 月的 设计 视频 教程 搜索 由 罗君 左 导演 的 电视剧 求 少年 刑警 的 第三 集 找有 王乐君演 的 悬疑剧 有 哪些 日文 的 苦干 来 点 最 近 的 奥特曼格斗 进化 二十 飞龙 解说 给 我 看 宝贝 来 了 第二 十四 季 吧 刘炎均 演出 的 不 看 观看 大天 大地 大人 家 第二 集 有 没 有点 适合 小学 三年级 男孩 看 的 剧 十八 岁 男孩 能 看 的 动漫 有 没有 推荐 些 小学三 年级 宝贝 能 看懂 的 喜剧 七 到 八 岁 娃娃 能 看懂 的 微电影 有 吗 求 推荐 活 佛济公 的 第十四 集 有 哪些 霹雳 神州 之 苍 玄泣 第二十四 部 的 第二十 集 有 哪些 楚门 奥特曼益智 游戏 的 第四 季 播曲 栅栅 客串 的 巴比伦十五 号 第十五 季 宝贝 能 看 的 综艺 节目 有 吗 想 看 热门 的 青春片 想 看 少年 正义 联盟 二十六 集 想 看 精彩 的 国漫 动漫 有 七 岁 学生 能 看懂 的 恐怖片 没有 我 想 看看 有 欧阳 奋强 演出 的 英剧 看看 美 人 鱼变 漂亮 成长记 的 第十三 季 搜搜方 瑶枪战 游戏 合集 帮 我 找 找 王强 的 纪录片 推荐 新 的 伦理剧 有 没 有 马率 的 商战剧 来 点 最 新 的 综艺 放徐道 营演 的 谍战剧 来 点 爆笑 星际 十六 第二 季 的 二十九 季 找 找 英语 的 怪盗 第二十三 部 想 看 英文 版 的 康网 微视乙肝 播放 最 新 的 使命 召唤 三 弱 鸡流程 实况 有不 是 日语 的 吗 有什么 古代 启示录 的 二十七 集 推荐 吗 推荐 点 冷门 视频 推荐 李相宇拍 的 大片 有 姜 文导 的 综艺 没有 推荐 适合 三十二 岁 男生 看 的 推荐 音乐 十八 的 第十六 集 给 我 播 李 文植 监制 的 大片 有 哪些 由 陈洁 编剧 的 视频 三十五 岁 男人 能 看 的 爱情片 有 没 有 给 我播评价 非常 好 历史剧 不 看 英文版 的 美剧 给 我 找 日语 的 二 年 中央 电视台 中秋 晚会 有 哪些 有 王梅 出演 的 电视 女生 看 的 有 吗 男孩 看的 综艺 有 吗 搜搜蔡 鸿翔 最 新 的 科幻剧 看 花样 姐姐 之 大 白型 暖 男马 天宇 我 不 想 看 律法 的 推荐 这 部 美女 看 的 动漫 查找 李晟毓 最 近 拍 的 视频 来 点 大清 盐商 要 看 台湾 十五 的 二十三季 我 想 看看 封神榜 之 凤鸣岐山 的 二十三 集 有 哪些 广 东话 超市 特工 第二十九 季 有 哪些 梁捷 客串 的 少 年 康熙 有 哪些 为什么 找渡 边裕之 最 新 的 抗日剧 我 想 看看 阿神 实况 植物 精灵 十七 集 不 是 凯文·波拉克 监制 的 求 煤矿 风云 的 八 集 推荐 点 流行 的 朗思文化科 幻片 我 要 看 德语 的 电视剧 播 这 个 月 的 神经枪第一 季 帮 我 看看 有 没 有 黄子 雄新 的 动画片 看看 新 的 中学 阶段 涉及 的 中国 古代 文化 常识 有 没 有 英国 爷爷 儿童 歌曲 十 集 找全部 适合 五 到 六 岁 学生 看 的 韩语 综艺 排除 田中 正 彦参加 的 言情剧 适合 七 岁 帅哥 看 的 有 没有 推荐 全 部 五 岁 学生 可以 看 的 电视剧 要 看 一 部 最好 看 电影 查找 高分 偶像剧 观看 最 新 的 小组 赛组 巴西 克罗地亚 搜搜 小米丸子 搞笑 奇葩 智障 脑残坑爹 游戏 合集 想 看 外科 医生 奉达 熙二十七 集 不 是 英文版 的 不 是 有 刘千赫 的 查找 广 东话 精彩 的 一 天 看看 张志忠 最 新 拍 的 视频 有 哪些 齐中 旸 新 的 动画片 有 姑娘 看 的 正剧 没有 帮 我 找 远方 的 祝福像素 画 邮票 系列 的 第四 集 播六月 的 最 美 孝心少年 英语 的 不 要 有 广东 话 小峰解 说 丧尸 围城 二十八主线 结局 流程 没有 适合 三十五 岁 宝贝 看 的 德语片 有 没有 适合 三十二 岁 姑娘 看 的 有 没 有 赵熠洋 监制 的 正剧 要看 点 皮查雅·瓦塔 那 蒙迪里 去年 的 犯罪片 找高分 的 剧 推荐 点 这 群人 想 看 雅思名师 张驰新 写作 课程 新 的 趣味 奥数数字迷 初级 看 谭洋 监制 的 言情剧 搜搜 高分 的 人体 家庭剧 查下 最 新的 刑案 故事 吧 看看 袁苑 新拍 的 片 推荐 点学生 能 看的 韩剧 没有 大卫·康拉德导 的 有 悦 人 悦己秀 第十四 集 没有 找 金 明洙导 的 视频 查下 甲虫 王者 吧 观看 张士会 参与 的 电视剧 有 贪吃 蛇 大 作战 二十二 季 吗 有 没有 不 是 中文 的 剧集 领导力 的 实战 手册 十九 集 我 想 看 看新 的 老皮 朕 知道 了 有 没 有 法语 的 超 电子 生化人 推荐 放 这 个 月 的 小恐 怖体感 咒怨 吓尿 实况 看 案件 聚焦 二十第二十 集 有 哪些 刘品言 参加 的 乐高 品牌 历史 放新 的 动漫 查下 李锦梅 参加 的 童话 故事箱 第二十五 季 吧 来 点 最 新 的 女人 的 颜色 求 魔法 妈妈 故事 妙妙屋 全集 我 想 看 粤语 梦色 糕点师 求 推荐 栏目 时 尚 杂志 大片 国际版 有 章萍 参加 的 电影 没有 推荐 全 部 钟亮 客串 的 动作片 有 没 有新 的 王刚 演出 的 综艺 推荐 播放 风云世家 的 十九 季 有 没 有 不 是 家庭 的 搜索 去年 的 古装剧 推荐 由何 连福 监制 的 剧 播放 新水浒 首映礼 的 第三 季 推荐 新 的 四电视 职业 联赛 帮 我 找 热门 的 传说 电视剧 查下 新 的 搞笑片 吧 有 饥荒 第六 集 没 有 放小许 福利 实况 闪乱 神乐 忍乳 负重 十一 集 我 想 看看 精彩 的 电视剧 求马 精武 客串 的 恐怖片 推荐 流行 的 言情剧 有 高分 的 网络 直播 吗 播魔具 少女 第二十九 季 的 第一 季 我 要 看 武田 真治 出演 的 魔哒 我 的 世界 怪物 大 乱斗 我 想 看方 子萱 的 剧 给 我 看 日语头 文字 吧 找 找 蒋林静 出场 的 视频 求 推荐 金釉利拍 的 片 有 没 有 粤语 的 红箭 求 这 几 年的 动画片 有 哪些 最 新 的 幸福生 活万 年长 要 看 一 点 流行 电视剧 播放 外星人 小 闹闹 的 第十六 季 帮 我 找 这 几 年 的 网剧 搜搜 中文 广告 风云 适合 二十 左右 宝贝 看 的日文 青春片 有 没有 播 这 几 年 的 第二 次 二十 岁 全网 要 看 有 金东旭 出演 的 英剧 有 哪些 大盘 的 判断 和 掌握 给 我 播有 爱 的 日子 的 第四 季 想 看 你 好 艺术 的 十九 集 推荐 张裕东导 的 英剧 帮 我 找找粤语 的 影片 赏析 找 吕中 演出 的 电视剧 给 我 找 金志文 的 家庭剧 找找悦 守望 先锋 开 黑日记 最近 的 电视剧 播放 最 新 的 剧集 小学 二年级 美女 能 看 的 片有 没有 帮 我 找柒 柒 我 的 世界 双人 娱乐 冒险 涓子 拍 的 不 看 有 没 有 紫禁惊雷粤语 八 集 推荐 好看 的 视频 找 廖伟雄 这 几 年 的 美剧 有 什么 广 东话 的 宫廷剧 推荐 吗 有 粤语 的 电影 没有 搜搜 有 尹施 允出演 的 动漫 不 看 奥尔马·伊普斯 主演 的 有 卡慕 撩妹 日记 我 的 世界 生存 最 新版 的 第三 季 吗 适合 小学 三 年 级 女孩 看 的 剧有 没有 我 想 看笑 里 藏刀 的 第一 季 我 想 看看 奔跑 吧 兄弟 第二 十四 季手 游 十八 集 观看 由 马精武 监制 的 青春片 排除 英文 的 儿童 剧 播放 直播 影视 二十六 集 观看 达人 开跑 真 人秀 第十四 季 有 组装 机械 恐龙 游戏 的 十九 集 吗 求 推荐 最 新 的 逃生 九特 效 全开 剧情 流程 有 哪些 有 林 家川 主演 的 日剧 播日文 的 喜剧 观看 有 胡可 演出 的 情景剧 观看 唐琅 探案 十九 集 有 没有 不 负天职 的 二十七 集 有 单词 的 诞生 的 十九季 没有 有 哪些 无限 生机 求 推荐 李岳 的 电视剧 我 想 看看 评分 比较 高 的 综合伦 理片 放 英语 口语 天天学 给 我 看 埃米·罗森 主演 的 老李船长 解说 求生 之 路 吧 有 没 有 不 是 国语 的 来 点 姚莹莹 最近 的 电影 有金 兴贤 参加 的 我 和 我的 父亲 吗 有 哪些 公子史 上 最 坑爹 的 游戏 给 我 播势 不 可挡 第三 季 明道 的 二十三 集 找 双语 会计 做账 视频 搜索 范楚绒 的 科幻剧 我 想 看 新白 娘子 传奇全网 的 十八 季 求 热门 的 职场 学 习片 帮 我 看看 有 没 有 苦干 的 二十六 集 我 想 看看 十二星座 二十五 季 来 点 农夫手 游 不 看 仓田 保昭 的 视频 给 我 看 万秀 猪 王十二 集 吧 适合 二十 左右 帅哥 看 的 动画片 有 没有 搜搜 尼克·西塞 出场 的 动漫 想 看 半 熟 少女 第十六 季 帮 我 看看 有 没 有 精彩 抗日剧 推荐 新 的 拜托 爸爸 播放 植物 大战 僵尸 西游 龙宫版 花园 战争 英雄 给 我 看 综艺 百分 百二十三 季 吧 帮 我 找朱德 承演 的 综艺 想 看 魏天堂拍 的 青春片 有 台湾 大学 狭义 相对论 的 意义 第十三季三十 集 吗 我 想 看看 金字塔 魔方角 先法 初级 课程 第二十 季 有 哪些 芭比之梦 想 豪宅 芭比娃娃 欢乐 游戏 的 第六 集 有 没 有 康磊 拍 的 偶像 剧 推荐 不 看有 田野 的 播放 番番 大头 儿子 和 小头 爸爸 小 游戏 第十六 季 七 集 播放 英语 神科普 女生 的 那 点 事儿 有 德语 的 农村剧 吗 有 泡面 光头 强独 闯恶 魔城 七季 吗 有 没 有 一点 适合 十 岁 姑娘 看 的 农村剧 看看 最 新 的 老 旅我 的 世界 暮色 森林多 人 生存 系列 求 大鹏演 的 综艺 我 要 看 些 空难日 十八 集 找找 最 新 的 宋佳伦主演 的 武侠剧 我 想 看 陈捷拍 的 美剧 想 看 零 之 使魔 第十 季 播放 青铜 星露谷物语 的 十 集 有 黑狐 之 风影 第十四季十九 集 吗 要 看 点 有 李思蓓 参加 的 综艺 适合 十八 岁 小孩 看 的 西班牙 文宫廷剧 有 没有 有 哪些 双语 的 正剧 推荐 那么 爱 的 第二 季 给 我 播熊 出 没 之 丛林 总动员 手游 九 季 不 是 有 陈谨 的 最 新 的 东方 诺亚 方舟 朴尚 元 拍 的 不 看 查下 互谱 十八季 吧 有 哪些 德语 的 搞 笑片 播放 栏目 明星 杂志 大片 有 英文 的 恰恰恰舞蹈 教程 没有 推荐 这 部 适合 两 岁 小孩 看 的 看看 国语 的 搞笑片 我 想 看看 英文 版 笑傲浆糊 不 是 近代 的 有 什么 双语 我 的 中国 梦 推荐 吗 求推荐 韩语 的 大片 搜索 西班牙文 的 动作片 不 是 古迹 的 搜索 李弼模 参加 的 入目 三 分 要 看 一 点 高分 的 漫改商 战剧 适合 上 小学 学生 看 的 片 有 没有 不 是 德语 的 有 适合 中 班 娃娃 看 的 综艺 没有 体验 的 七 季 看 女神 创世纪 的 十八季 帮 我 找 找 金沛晟 的 综艺 帮 我 看看 有 没有 上 个 月 的 入门 教程 色彩 搭配 设计 讲解 我 要 看 些 傲剑 至尊 的 二十二季柿原彻 也 演出 的 正剧 我 要 看 些 中法 建交 秘闻 看粤语 的 商战剧 看 七彩 云南 的 第四 集 推荐 广 东话 的 四小时 搞定 事业 单位 考试 公文 写作 有 一 岁 姑娘 能 看 的 动漫 没有 安娜 ·贝尔克耐普 出演 的 每 幅 画 讲述 一 个 故事 搜索 上 个 月 的 武侠剧 查下 老 徐情 报 站 十二 集 吧 给 我 找 第一 家 第十四 季 找 宠 宠物语 第一 季 的 二十六 集 放张 伟拍 的 谍战剧 想 看 植物 大战 僵尸 二十七 未来 世界 黑暗 时代 巨浪 沙滩 的 十九 季 有 没 有 这 部 大班 小孩 可以 看 的剧 陷入 纯情 的 第二十 集 不 是 雨婷儿 出演 的 有 哪些 有 赵红喜 客串 的 神话剧 给 我 播地球 变种 的 第五 季 要 看 些 西班牙文 战场 女 武神 帮 我 看看 有 没有 今年 的 黄一飞 参与 的 剧 观看 雨昊宝 粥 我们 要 成为 恋爱 魔法师 二十八 集 我 要 看点 由 赵 柯导 的 动画片 查找 由 杨蕊导 的 片 有 哪些 十春季赛 第十五 季 精彩剧 有 恶梦 之 屋 二十一四年 通关 娱乐 解说 的 二十八季 吗 查下 幽灵 朋友 吧 有什么 安在 模监制 的 片 推荐 吗 我 要 看点 我 的 世界 多 人 超 能力 钻石 大陆 第一 集 给 我 找勿 忘九 一 八 看 模范煮夫 第十五季 的 二十三 季 想 看 乌贼 在 一 个 晚上 爱 与 死亡 第二 十四 季 要 看 几 部 朱佳煜 的 家庭剧 有 哪些 有于 慧 演出 的 剧 求 推荐 最 新 的 英雄 联盟 雪人 骑士 努努 推荐 点 姑娘 看 的 排除 金玟 编剧 的 求 推荐 由 李 依玲 导演 的 偶像剧 我 要 看 一点 小 沈阳 最近 拍 的 恐怖片 有 最近 的 真野惠 里菜 演出 的 剧 吗 有 什么 广 东话 的 电影 推荐 吗 看 最 近 的 郑源钟 参与 的 农村剧 不 是 日文 的 适合 十五 岁 娃娃 看 的 有 吗 适合 退休 美女 看 的 有 没有 帮 我 找由 权海 孝 监制 的 网剧 求 推荐 杨丽萍 出场 的 动画片 陈思诚 的 不 看 有什么 迷失 森林 的 第二十 集 推荐 吗 求 曾华倩拍 的 喜剧 要看 所 有 今年 的 剧 有中 华一 家 第二十一 集 没有 有 适合 小学三 年 级 娃娃 看 的 没有 帮 我 找 找 西班牙文 的 网络剧 推荐 好看 的 tvb 放 最 新 的 桃花深处 三 到 四岁 宝贝 能 看懂 的 古装片 有 吗 有 哪些 新 的 笑面 狸王者 荣耀带 你 上王者 系列 想 看 飞雪 我 的 世界 实况 解说 第十五 季 第六 集 我 要 看所有新 的 综艺分 甘同味 测试 有 英语 口语天 天学 二十三 季 吗 我 要 看 李泳汉 的 电视剧 有 矿蛙 我 的 世界 怪物 模组 介绍 第十六 集 吗 我 想 看看 去年 的 方块 十六 帮 我 看 看有 没 有 吉他谱 怎么 看 入门 技巧 三十集 有 什么 最近 的 尤承业 主演 的 电视剧 推荐 吗 观看 丛林 之 书 英文版 二十六 集 帮 我 找 二动画 朱峰 社区 想 看 新 的 郑素敏 出场 的 伦理片 看 超级 航母 八 集 播曾 诗 梅新 的 武侠片 有没 有些 适合 年轻 美女 看 的 青春剧 放新 的 天龍 八 部 找 找解 密黑手党 的 第二十 季 排除 孙艺洲 的 给 我 播赏 金术士 三十 季 推荐 章芳 的 综艺 有 陈萍 客串 的 家庭剧 没有 有 速度 与 激情 二十二 手游 十 季 第十六 集 吗 观看 最 新 的 番剧 有 哪些 中文 的 正剧 有 小 男人 遇上 大 女人 的 二十五 集 没有 给 我 找 孟卫东 最 近拍 的 动画片 没有 季芹 的 剧 不 看 陈国邦 导演 的 有 没 有 不 是 西班牙文 的 历史剧帅哥 看 的 有 没 有 帮 我 找找 正在 昌南 帮 我 找 郎峰 出场 的 动画片 搜搜 龙菁 编剧 的 mv 有 李泽锋新 的 动画片 没有 找 英文 的 颜葵 我 的 世界 蜘蛛 女王 的 日常 我 想 看 西田 敏行 演出 的 青春片 我 想 看 由 本田 贵子 编剧 的 大片 看看 由 杨凯琳 导演 的 电视 给 我 播西村 知道 出场 的 钓赛大事件 查下 有 冈村 明美 参加 的 mv 吧 播一 蒙彼利 埃自制 查找 热门 的 情景剧 求 推荐 杰米·金监制 的 科幻剧 给 我 看 吴海若演 的 言情剧 吧 推荐 这 部 小朋友 能 看 的 伦理片 有 哪些 上 个 月 的 武侠剧 查找 好看 的 网剧 帮 我 看看 有 没有 粤语 中国 电信 欧洲杯 完美 观赛 指南 求 推荐 德语 的 军旅剧 帮 我 找 寂静 村风 骚身法 集合 推荐 这 部 最 新 的 教师 资格 学科 高中 体育 系统 精讲 我 想 看 韩语 的 龙穴 中文版有 什么 留学 的 十一 季 推荐 吗 想 看 尹泽强 演出 的 新包 青天 推荐 一些 六月 的 杨斯 客串 的 爱情片 麻生 久 美子 演出 的 不 要 播放 金子 统昭 客串 的 阿富汗 战争 前线 有 没有 不 是 李瑞超 出场 的 片 求 推荐 这 几 年 的 行尸 走 肉米 琼恩 推荐 热门 搞 笑片 求 战场 指挥 的 第十三 季 查下 刑警 本色 的 十八 集 吧 有 适合 刚上 幼儿园 宝贝 看 的 双语 年代剧 没有 查下 广东 话 的 星猫 寻宝记 吧 张晋 的 电影 不 要 西班牙文 的 微电影 搜搜 涂凌 参加 的 艺术 名家 来 点 国语 的 亲宝 解说 小 猪佩奇 小 游戏 第一 季 我 要 看 一些耶鲁大学 美国 内战 与 重建 三十 季 有 适合 五十多 岁 宝贝 看 的 没有 有 没有 史蔚霞导 的 武侠片 克李 撕配 个音 的 二十五 季 有 适合 二十四 岁 女孩 看 的 没有 找 适合 幼儿园 小班 男生 看 的 给 我 找 高分 视频 给 我 播 高分 的 综艺 我 想 看 老皮台 火线 猎杀 的 第五 集 求 推荐 最 热门 的 历史剧 找 秦岚 的 电视剧 想 看 胡荣华 出场 的 爱情片 播有 周敬 峰演 的 谍战剧 给 我 播 小海 我 的 世界 虚无 与 黑暗 的 十 季 给 我 看女 王牌 第十三 集 吧 妹子 看 的 有 吗 找高分 tv b 有 卢卓婕 的 科幻片 没有 找 找 由 李天熙监制 的 综艺 查下 评价 好 的 古装片 吧 给 我 播男 主播 游戏 直播 实况 的 八 集 有 高分 罪案剧 没有 有 没有 适合 刚上 幼儿 园女 人 看 的 古装片 给 我 看由 郑素熙编剧 的 日剧 吧 找些 五十多 岁 宝贝 可以看 的 搞 笑片 求 推荐 热门 视频 搜搜 李 宗阳导 的 剧情片 有 没 有 中文 龟岩 许浚 看看 中文 的 关于 睡眠 你 应该 知道 的 十 件 事 搜索 粤语 的 电视剧 不 是 廖伟雄 出演 的 帮 我 找 找 英文 的 济众院 要 看 点 小本 成龙 小成 我 的 世界 红石 教程 有 不 是杨乐 乐导 的 吗 有 不 是 有 马率 的 吗 我 不 想 看有 杨安琪 的 放 最 新 的 动画 看颜 行书 去 年拍 的 剧 年轻 菇凉 能 看 的 片有 吗 不 要 纪姿含 的 喜剧 看看 霍建 华演 的 大片 求 推荐 日文 绝代商骄 给 我 播立 花慎 之 介编剧 的 伦理片 埃里克·米勒 根 的 不 要 查下 二十一点 报道 十九 季 吧 有 我 是 大评委 的 第三 集 吗 帮 我 找 流行 的 伦理片 有 不 是 克里斯蒂安·史莱特 客串 的 吗 找评分 高日剧 看 看好 看动漫 我 不 想 看 郑 欣宜 出场 的 动画片 给 我 播有 文国 基出演 的 古装片 帮 我 找戚 迹演 的 片 有什么 大卫 ·杜楚尼 参与 的 动画片 推荐 吗 给 我 找 高分 正剧 有 什么 宋清清 今年 的 网剧 推荐 吗 我 想 看 高分 的 时代 大片 搜搜 李泰林 主演 的 制生活 看 炼狱 生灵 第十三 季 观看 我们 这 一 家 的 第二十四 季 播评 价好 的 科学 情景剧 有 没有 幽灵 部队 的 十季 搜索 解密 黑手党 搜搜 近期 的 何嘉丽 客串 的 日剧 有什么 钟林 参加 的 动漫 推荐 吗 看 乌鸦 嘴妙女郎 的 十七 季 帮 我 找 这样 背单词 不 会 觉得 痛苦 第二 十一 集 播放 英语 的 奇葩 舍友 许正廷 监制 的 大片 有 哪些 热门 的 片 搜索 徐向东 上 个 月拍 的 视频 有 没 有点 退休 学生 能 看懂 的 剧 查找 诺基亚 搞笑 视频 合集 第六 集 想 看言 承旭 监制 的 短片 帮 我 看看 有 没有 程诚 主演 的 桃聊 电影 有 没 有 新 的 李凡秀 出演 的 电视剧 我 要 看点 这 几 年 的 喜剧 我 想 看 好看 的 大片 给 我 看有 草尾毅 主演 的 科幻片 吧 查找 中田 和 宏上 个 月 的 电影 有 哪些 好看 的 谍战剧 有 哪些 韩语 的 动画片 想 看 恋爱特 烦恼 十二 季 搜搜 由 石小满 导演 的 剧 有 哪些 高分 的 大片 有 哪些 火影 忍者 疾风 传 剧场 版 鸣人 之 死 热门 动画片 高分 正剧 韩熙庭 的 情景剧 不 要 有 没 有 韩瑜 最近 的 言情剧 给 我 看 幻云 魔兽 争霸 二十二 遗忘者 的 崛起 的 第二 十一 集 吧 排除 英文 的 没有 有 樊昊仑 的 查下 六月 的 剧 吧 推荐 瓶子 我 的 世界 勇者 斗恶龙 有 哪些 玫瑰花 开 第五 季 帮 我 看看 有 没 有 双语 的 高三 政 治 复习 课程 求 推荐 有 杨龙泽 主演 的 动画片 查下冈 村明 美 主演 的 琳时 出发 吧 找 找 西班牙文 的 综艺 求何 佳仪 的 抗日剧 找 几 部 娃娃 能 看 的 剧情片 求 推荐 解说 泰坦 陨落 一 解说 合辑 二十三 季 有 没 有 杨滨 出演 的 雾柳镇 推荐 要 看 一 部 沈世朋 参与 的 古装片 看 天涯明月刀 神 刀门 全 给 我 播 悠派 映画 咯 咯 玩具 第二 季侏罗纪 世界 十二 季 推荐 适合 五十多 岁 宝贝 看 的 英文版 古 装片 求 推荐 法语 的 电影 给 我 看 乌鸦 嘴妙 女郎 的 九季 吧 我 要 看 这 部 高分 的 剧集 查找 评价 好 电影 求日语 最 热 视频 找 五 狙击手 幽灵 战士 五 求东方 卫视 十九 跨年 晚会 给 我 看 零速 四驱 联盟 的 二十八 集 吧 我 想 看看 热门 的 白领 电影 推荐 饭圈 应援 韩语 我 要 看 最 近 的 奥布瑞·普拉扎 主演 的 剧 有姐 妹情深 的 九 季 没有 我 想 看看 宇菲 最 近 的 爱情片 有 没 有 好看 的 视频 播 那么 爱 二十二 集 找 这 个 月 的 科幻剧 有什么 最近 的 洋光主演 的 综艺 推荐 吗 我 要 看 英文 的 从 爱情 开始 观看 新 的 金晓 珠演 的 大片 有 幸福 的 女人 二十二季九集 吗 不 要 粤语 的 有 没 有上 个 月 的 叔叔 童乐 会 推荐 给 我 播加 拿大 国家 公园 房车 之 旅 原来 这么 拍 第三 季 不 看游琳 姝拍 的 综艺 帮 我 找 德语 的 剧 有 两 岁 娃娃 能 看懂 的 正剧 没有 播放 粤语 当 我们 同 在 一起 来 点 中国 藏 歌会 第二 季 有 品冠 参与 的 tvb 观看 好 看 偶像剧 男人 看 的 有 没有 帮 我 找 日语 的 勇敢 的 心后 传 帮 我 看看 有 没有 最 新 的 孙东清 主演 的 剧 不 要 历史 的 有下 一 站 歌后 第二十七 季 九集 没有 推荐 些 五十多 岁 小孩 能 看懂 的 动漫 找找 英语 小护 我 的 世界 遗忘之海 推荐 适合 七 岁 娃 娃看 的 综艺 有 什么 王力 客串 的 变形金 刚 十三 卷土 重来 推荐 吗 我 想 看 看零 的 真实 第四 季 看看 上 个 月 的 纪录片 看看新 的 终极 悬案 我 想 看 悠然 小天 我 的 世界 幸运 方块 多 人 赛跑 的 第六 季 我 想 看看 有 李婷宜 主演 的 动漫 搜索 桑原 由 气客串 的 美剧 给 我 播 炫动 酷地带 的 十九 季 有 没 有 最 新 的 动画 推荐 有 哪些 刘颖导 的 宫廷剧 看看 国语康网 微视 骨科 疾病 二十 左右 宝贝 可以 看 的 历史剧 有 没有 找找 国语 的 宫廷剧 有 双语 恶名昭 彰次子 剧情 电影 流程 攻略 没有 要 看 些 侯永生 出演 的 陈瀚 给 我 找 认证 之 基础 网络 知识 第二十 集 播三 角迷踪 第六 集 找 找 凉茶 我 的 世界 神奇 宝贝 幸运 方块 十七 集 找些 适合 七 岁 学生 看 的 电视剧 不 看 汪俊 的 来 点 黑 超 激情 热血 无赖 系列 播放 最 新 的 卓凡 参加 的 日剧 看 奇妙 的 動物 朋友 第二 十七 季 的 二十七 季 查找 乐高得宝 拼 装灵感 教程 第二十 季 想 看 木乃伊 黄金 比例 的 二十八季 有 没 有 刘冠麟导 的 古装片 推荐 推荐 一些 适合 中 班 男生 看 的 看看 李珊珊 参与 的 古装片 播放 金隼奖 两岸 四 地 青年 微电 影 大赛 十二 入 围作品 有 新 的 蒋瑞征 出演 的 剧 没有 播 韩 语 一 个 鬼子 都 不 留 有 哪些 英文 的 电视剧 有 适合 小学三 年级 帅哥 看 的 年代剧 没有 推荐 韩语 小马 宝莉 欢乐 游戏 搜搜 财子 论道 的 八 集 推荐 好看 的 装逼 大片 搜搜 龙隆 演出 的 动画片 找 找 有 陈晓 主演 的 伦理片 推荐 有 卢克·威尔逊 客串 的 综艺 有 哪些 有 张恒 参加 的 青春剧 播变 形金 刚 十三 卷土 重来 十九季求 高分 的 离婚 tvb 我 想 看 英文版 笑 口常 开 播朱慧珍 参加 的 犯罪片 有 赌博 默示录 的 二十三 季 吗 不 是 穆恩·布拉得古德拍 的 来 点膜 法 工坊 的 八季 求由罗君 左导演 的 古装剧 有 适合 三 岁 学生 看 的 动画片 没有 爱娅 的 视频 第五 季 推荐 全部 适合 小学 三年级 小孩 看 的 英语 电视剧 有 没 有 松 风雅 也 拍 的 宫廷剧 推荐 求 推荐 有 孙大 川客 串 的 动漫 排除 范鸿轩 客串 的 短片 帮 我 看看 有 没 有 江川 央生 参加 的 综艺 来点 有 王今铎 客串 的 剧集 我 想 看 吕 夏拍 的 大片 给 我 找 白客 主演 的 卷心 菜 我 是僵尸 有 没 有 家和子 贵 系列 讲座 视频 集第五 集 要 看 这 部 赵亮 监制 的 综艺 娃娃 能 看 的 片 有 吗 我想 看看 最 近 的 津夜 嘉年华 帮 我 找 十四百度 沸点 查找 热门 的 电影 给 我 找 最近 的 剧 推荐 些 适合 中 班 汉子 看 的 推荐 适合 年轻 宝贝 看 的 中文宫廷剧 我 要 看些 二十九 命运 的 第五 集 播秀 你 一 脸 第五 集 吴建国 编剧 的 不 要 找 找 韩语 的 设置 折线图 图表 坐 标轴 有 没有 节气 养生 必修课 的 第十五 季 搜搜 不 负 天职 九 季 有没 有 最 热门 正剧 帮 我 看看 有 没有 方龄 这 几 年 的 电视剧 推荐 一 部 新 的 魔法 使 之 夜 放李 崇霄 导演 的 军旅剧 有 没 有 点刚 上 幼儿园 小朋友 可以 看 的 片 搜索 七 年 中 考 物理 之 质量 和 密度 想 看 托尼·海尔 参与 的 隐者 我 的 世界 时间 大 逃亡 我 想 看 粤语 的 准备 做 妈妈 孕妇 瑜伽 查找 这 几 年 的 司法 考试 刑法 考点 解析 给 我 看 新月 格格 的 第十五 集 吧 不 看 有 马瑶瑶 的 我 想 看看 斯大林格勒 战役 德军 为何 由胜 转败 的 第四 集 我 想 看 名师 高频 考点 串讲 二十八 集 来 点马 昂导 的 tvb 没有 日语 的 搜索 日语 特效 化妆师大 对决 第一 季 老司 机生 死 狙击 搞笑 解说 的 第二十 集 国语 的 直播 我 想 看看 最近 的 情景剧 有好 看 动漫 吗 没有 万潼 参加 的 片 找 孕妈 健身 手册 查找 张亮拍 的 年代剧 来 点 今年 的 噜噜 英文 原声 慢速 儿歌 第二十七 季 想 看 石龙岗 之 路 第二十二 季 的 三十 集 来 点二十海 外春 晚 十九 集 播放 由 杨名 编剧 的 科幻片 查找 郭政鸿 主演 的 年代剧 放贾一平出演 的 我 是 歌手 第一 季 观看 网调 查组 的 第四 集 小孩 能 看 的 动画片 有 没 有 播放 朴龙河 监制 的 美剧 播放 金河 那 的 悬疑剧 不 看 宋 清 清拍 的 tvb 想 看 粤语 的 九 国 考 行测 判断 推理 有 没有 木鱼 我 的 世界 生活 大 冒险 第三 季 八 集 推荐 不 要 有车 永莉 的 推荐 中文 的 剧 帮 我 找 找精彩 搞 笑片 搜索 粤语 的 史上 最 适合 初学者 入门 的 基础 我 想 看 尹宰文 监制 的 电视剧 查找 由 吴倩 编剧 的 电影 帮 我 看 看有 没有 春天 后 母心十二季 有 没有 友邻 小店 第十五 集 推荐 我 想 看康网 微视 乳牙 滞留 第十三 集 查下 谢天谢地 你 来 啦 吧 我 想 看 童可 可导 的 电影 播放 粤语 的 冲关 我 最 棒 想 看 有 孙燕姿 演出 的 剧 给 我播 这 个 月 的视频 推荐 伊森·卡特科斯基 最 近拍 的 剧 找点 小学 三年级 妹子 能 看 的 科幻剧 想 看 由 朱泳腾监制 的 电影 有 哪些 拜年 祭二十六 集 观看 大嘴 行尸 走肉 第二 季 有 哪些 解密 黑手党 第十六 季 推荐 去年 的 视频 看看 向 井理 参与 的 剧 查下 二十六年 高考 冲刺 点睛 课程 物理 吧 我 要 看 些 少年康 熙十七 季 放 这 几 年 的 动漫 要 看 一 点孔 舒航 最 新 的 电视剧 趣味 奥数 幻方 初级 十二季 有 适合 十 岁 男人 看 的 没有 我 想 看 高分 大片 看由 石原 夏织 监制 的 片 看 热门 的 血腥 正剧 想 看 王梅 参加 的 综艺 求 牛宝军 客串 的 动画片 观看 崔江 熙演 的 片 看看 郑善京 监制 的 恐怖片 我 要 看所 有 我 的 丑爹 的 三十 集 不 是 彼得·克劳斯拍 的 军旅剧 找 这 部 适合 年轻宝贝 看 的 宫廷剧 适合 四十 左右 男生 看 的 大片 有 吗 找 全 部 适合 七 到 八 岁 宝贝 看 的 剧 找 找 剧场版 蜡笔 小新 二十三 找 新闻 手语 第五 集 有 中 班 宝贝 可以 看 的 剧 没有 排除 王茜华 的 犯罪片 观看 金燕玲 出场 的 下南洋 预告片 看曲 少石 最 近 的 tvb 有 最 新 的 托福 名师 冷毅 听力 课程 吗 查找 流行 的 人体 电影 有 哪些 校园 歌曲 的 二十五 季 要 看 全部 奥特曼格斗 进化 二十二恋 墨解 说 第六 季 搜索 热门 综艺 排除 沈泰 参加 的 儿童剧 适合 幼儿园 小班 小朋友 看 的 动漫 有 没有 有 好看 的 视频 吗 观看 彗星 传 说 十一 集 放嫂 子十九 岁 的 八季 我 想 看 热门 抗日剧 帮 我 找 妈妈圈 的 流言 蜚语 十一 集 要 看 趣味 奥数 找 规律 入门级 放于军主演 的 mv 有 新 的 陈之辉演 的 片 吗 帮 我 找 热门 视频 求星 球队 之 梅西 阿根廷 放流 行喜剧 有 哪些 曲德 明演 的 大片 查找孔 孝真 监制 的 动画 有 没 有 一 点 适合 七 岁 妹子 看 的 mv 来点 高分 的 青春剧 看国 语爱 与 恨 给 我 找 最 近 的 崔嵩 出演 的 动漫 来 点 沛旭 最 近拍 的 日剧 我 不 想 看 玛莎·托马森 的 动画片 推荐 些 菇凉 看 的 没有 吴智 昊拍 的 观看 沙盒 游戏 实况 解说 的 二十五 季 推荐 问医 百科 之 健康 体检 的 十九 季 找点 适合 一 岁 女人 看 的 动画片 有 没有 蔡蝶 最近 拍 的 电影 推荐 帮 我 找找 英语 的 言情剧 播星 宝贝 于 逸驰 二十二 季 二十五 集 我 要 看零 的 真实 的 第十四 季 我 要 看些 侯乃 文演 的 tvb 我 想 看 广东话 的 失踪 女人 有 高分 学员 访 谈 七季 没有 有 什么 戈治均 上 个 月拍 的 片 推荐 吗 有 没有 不 是 爱奇艺 的 帮 我 看 看有 没有 热门 动漫 帮 我 看看 有 没 有 今年 的 电影 给 我 看 鲤鱼解 说 瘟疫 公司 第二十一 集 吧 搜搜 好看 的 韩语 动漫 有 没 有 不 是 英文版 的 剧 我 想看 今年 的 金亨俊 出场 的 伦理片 观看 热门年 代剧 找 小学 四年级 宝贝 可以 看 的 电视剧 我要 看 些 日文 冰晶 凤凰 艾尼维亚 播王牌 二十八 集 来 点 托马斯 和 他 的 朋友们 第十七 季 高清版 推荐 爸爸 去 哪儿 第三 季 有 没 有 法语 的 夏佐 解说 推荐 来点 好看 的 配音 综艺 看看 有元 基俊 参加 的 动画片 有 哪些 好看 的 时代 家庭剧 给 我 播高分 的 卡拉ok 电影 没有 郭碧婷 客串 的 查找 英语 的 探险 第三 季 有 哪些 好看 m v 有 没有 一些 小孩 能 看 的 历史剧 搜搜杨 谨华 演出 的 大片 想 看 据说 娱乐 二十三 季 我 要 看 些 慕泽 我 的 世界 极限 生存 的 八 季 帮 我 看 看有 没 有 新 的 方涛 参加 的 tvb 给 我 播 远方 的 呼唤 的 第十 五 集 来 点程 砚秋 参加 的 大片 搜索 最 好看 动画 有 最 新 的 大卫·马佐兹 参与 的片 没有 有 最 近 的 风语 没有 我 想 看看 日文 美 男 酷飙车 神激情 日记 有 主公 在 哪 第二十五 季 吗 帮 我 找好 看武侠剧 来 点 姚莹莹 最近 拍 的 tvb 找 四十 左右 妹子 能 看 的 视频 有 没 有 达 娃卓玛 参加 的 探险 第三 季 推荐 我 想 看 李德华 的 电影 给 我 看 我 的 世界 神奇宝贝 全攻略 幸运物 牛解 说 二十五 集 吧 有 有 布莱恩 演出 的 视频 吗 有 没有 最 新 的 泽佛兰克 的 网络 游戏室 推荐 帮 我 找無證 之 罪 我 不 想 看 张檬 主演 的 有 适合 五 到 六 岁 帅哥 看 的 视频 没有 推荐 一 点 法语 的 老皮 欧洲行 有 没 有 宝贝 我 爱 你 的 第二 十一 集 双语 的 电视剧 不 要 播放 安娜·帕奎因 这 个 月 的 商战剧 有 没 有 原声 演讲 选集 二十六 推荐 排除 孙渤 洋拍 的 帮 我 找找 冷门 动画片 观看 最 热 门伦理剧 求 英文 百城 春晚 有 路晨 监制 的 动漫 没有 有 适合 老菇 凉看 的 没有 帮 我 找 蓝迪 智慧 乐园 之 生 活好 习惯 有 哪些 好看 的 短 纪录剧 情片 新 的 电影 放星座 运势 的 第四 集 观看 最 新的 综艺 十七 播好 看 的 管理 培训 科幻片 找 找 后 藤麻衣 监制 的 动画片 双语 的 英剧 朱晨 丽演 的 正剧 不 看 放悲伤 时 唱 首 歌 的 二十八 集 我 想 看 看火 影忍者 疾风 传究 极忍者 风暴革命 的 第二十 集 想 看 徐熙媛 的 动画片 求 推荐 积木 宝贝 十猴年 宝宝 春晚 海选 播德语 的 片 给 我 找 丁建华 最 新 的 微 电影 有 非常 三十三十 吗 找找 新世纪 福音 战士 版 女孩 看 的 电影 有 吗 找 热门 的 婚外 恋片 有 哪些 高三 英语 写作 提升 训练 写作 基本功 训练 之 巧用 连 七 季 播 我 在 活 着 的 二十六 集 有 没 有 适合 二十 左右 学生 看 的 英文 青春剧 推荐 点 粤语卡慕 球球 大作 战作 死记 没有 英文 版 的 抗日剧 观看 广东 话 的 军旅剧 不 要 有 凯文 · 马克德 的 有 好看 的 青春 爱 情片 吗 推荐 中 村俊 介演 的 综艺 看看 黑 帮 秘史 有 没有 最 新 的 动作片 搜搜 最 好看 的 番剧 我 要 看 一 部 萝球社 二十三 季 有 哪些 刘圆媛 编剧 的 言情剧 播放 有 小野 大 辅演 的 大片 播放 英文 黄卓明 单项 提 分班 有 没 有点 适合 三 岁 宝贝 看 的 剧 想 看 日文 的 片 不 是 陈彦妃 出演 的 看看 陈良平 最 近 的 片 给 我 播好 看 的 化学 电视剧 查下 白承焕 导演 的 武侠片 吧 凌潇 肃导 的 电视剧 推荐 些 梁 琤 编剧 的 综艺 节目 适合 二十 左右 学生 看 的 有 没有 有 巴布豆 品格 故事屋 二十三二十三 岁 十七季 没有 没有 阮红拍 的 电视剧 有 哪些 有 梁琳琳 参与 的 电视剧 想 看 关公 观看师 奶兵团 粤语版 二十八季有 没有 不 是 李阳拍 的 动漫 推荐 一 点 张建 新 参加 的 动画片 查下 好 看纪 录片 吧 求 沈晓谦 主演 的 微 电影 给 我 找 高分 古装片 有 哪些 神田 朱未 今年 的 青春剧 有 哪些 手 游木名 体验服 最 新 爆料 稀有 幻影 角色 有方 舟生 存进 化 我 的 世界 物牛 解说 没有 给 我 播蔡 依林 导演 的 片 要 看 杨念生 最近 的 剧 搜搜 老六 先 疯 十八季 求 抗击 广泛 耐药 结核 有 没有 不 是 琼妮·威利 参加 的 播虚拟 现实 设备 的 未来 二十六 集 来 点 由 戴筱 轶编剧 的 商战剧 看乐 高品牌 历史 第十四 季 不 是 阿兹·安萨里 主演 的 情景剧 我 想 看看 高分 电影 有没 有 聊斋 推荐 我 要 看些 由 海泉 导演 的 综艺 给 我 找 宋运 成拍 的 视频 李宝军 导演 的 不 要 有 解读 中国 南海 节目 二十八季 没有 我想 看新 的 美丽 进修班 找找 郭妃丽 最 新 拍 的 剧 有 有 罗曼君 参与 的 家庭剧 吗 我 的 世界 节操君 日常 视频 九季二十三 集 我 想 看 法语洛 小 天王者 荣耀解 说 好看 的 近代 史动漫 帮 我 看看 有 没有 最 新 的 天国 之 恋 来 点 周韦彤 演出 的 植物 大战 僵尸 十四奇妙时空 之 旅 全集 播西 班 牙文 的 番剧 有 裂痕 第九 季 七 季 第三 集 没有 帮 我 找 找 胡龙吟 六月 拍 的 综艺 帮 我 找找 刘威崴 编剧 的 动漫 有 没 有 刘晓 洁演 的 开心 宾馆 有 没 有 几 部 适合 小学 四 年级 学生 看 的 给 我 看 日文 的 大秧 歌上海 发布会 吧 不 看有 喻虹渊 的 有什么 最 新 的 美剧 推荐 吗 求 推荐 可 可和 老旅 的 无尽 战区 最 新 游戏 试玩 的 二十六 集 查找 火线 放映室 的 十二季推荐 李乃文 去 年拍 的 伦理片 有 没有 这 部适合 一 岁 娃娃 看 的 英文版 科幻剧 推荐 一 部 沈世朋 这 几 年 拍 的 悬疑剧 看 热门 的 直播 西班 牙文 的 不 要 观看 闲画部 落 小 小 画廊 九 集 播棋 逢对手 第十四 季 帮 我 看看 有 没 有 有 千菅春 香出场 的 综艺 我 要 看 一 点 评价 非常 好 电视剧 推荐 一些 大策 参与 的 韩剧 推荐 点 女孩 看 的 搞笑片 有李 允智 的 不 要 不 看 西班牙文 的 推荐 点 高分 的 明清 电视剧 看 劳拉和 奥西里斯 神庙 中文 流程 解说 七 季 我 要 看所有 最 近 的片 播放非 你 莫属 二十三 季 不 要 有张 若昀 的 看 英文 版 十四 国服 第一 职业 选手 大神 主播 第一 视角 求 去年 的 冯婧 主演 的 动画片 观看 评价 非常 好 的 生活 课堂言情剧 播放 小飞机 卡卡 的 二十二 集 我要 看 一些 小海 植物 大战 僵尸 二十三 季 求 推荐 小握解 说 艾米丽 玩 闹鬼 给 我 找 张惠 中 拍 的 古装剧 不 要 日语 的 宫廷剧 有 学生 能 看 的 电影 没 有 看 地狱 幼稚园 的 二十二 集 有 哪些 井上 喜久子 客串 的 赵正 宝格 局观 第一 季 学生 能 看 的 电视剧 有 吗 搜索 法语 的 tvb 想 看 德语 的 电视 找 西班 牙文 的 方块 学园 彩蛋 集 推荐 董世奎 编剧 的 片 找 找 日文 的 星空 酱史莱姆 牧场 我 想 看 奥特曼大 乱斗 观看 无法 逃离 的 背叛 第五 集 有 新 的 张喜 前 演出 的 片 吗 有 没 有 王翎芳 的 电视剧 推荐 帮 我 看 看有 没 有 由 萧潇 编剧 的 视频 看高分 综艺 想 看 广东 话 的 tvb 推荐 魔笛 辛巴德 的 冒险 的 第四 集 帮 我 看 看有 没 有 雷佳音 的 视频 十六 教师 资格 证考 试面试 优秀 学员 试讲 对 啊 网 的 第十六 季 帮 我 看看 有 没有 李雅贤 拍 的 电影 推荐 男生 看 的 播放 有 田重 参加 的 剧 求 推荐 朴晶秀 最 新 的 大片 找 找好 看动 画片 查下 流行 动漫 吧 不 是 双语 的 动漫 搜搜 广东话 的 网络剧 有 哪些 最近 的 高 三概 率论 初步 求 爱情 两 好 三 坏 的 十 季 找 近期 的 正剧 想 看 女 超人 第二十七 季 七 集 没有 粤语 的 求 推荐 好看 的 综艺 上 小学 宝贝 可以 看 的 大片 有 吗 帮 我 找 找 由 提米 导 的 电视剧 推荐 几 部 年轻娃 娃能 看懂 的 片 有 哪些 新 的 高一 重要 知识点 视频 解析 观看 汉口 码头 的 十七 集 有 哪些 秦风 拍 的 搞笑片 帮 我 找找 高分 的 现代 悬疑剧 帮 我 找 找幻云 魔兽 争霸 四决战 之 日 第一 集 观看 小勇者 斗恶龙 英雄 娱乐 流程 解说 第六 季 第二十一 集 给 我 看 游戏 教科书 单机 主机 宣传片 吧 我 不 想 看 海洋 探险 的 适合 七 到 八 岁 小朋友 看 的 有 吗 查下 蔡佩璇 新拍 的 搞笑片 吧 给 我 看 锡恩 管理 培训 系列 课程 的 十二季 吧 有 崔嵩 出场 的 万门 大学 韩语 初级 课程 下 吗 有 李 诚儒 出场 的 日剧 吗 搜搜 最 近 的 伊咪 我 要 看 这 部 新 的 综艺 给 我 看 我 亲爱 的 小冤家 的 第六 季 吧 有 健康 第一 十 季 十集 吗 适合 四十 左右 小朋友 看 的 悬疑剧 有 没有 有 星舞 访 二十三 集 没有 要 看 些 十一 天 津 网球 公开赛 全景 回放 十 季 第二十一 集 排除 英文 的 科幻剧 播精彩剧 集 有 不 是 有 挂川 裕彦 的 吗 找找 这 个 月 的 恶魔 之 翼 求 推荐 刘奕丹 最 近拍 的 综艺 观看 医讯 的 二十九 集 看卡特琳娜·格兰厄姆 客串 的 犯罪片 求 推荐 李韬 爆笑 生活 精选 第四 集 找适合 七 到 八 岁 小孩 看 的 我 想 看有 西恩·海耶斯 参与 的 电视剧 有 没有 今年 的 网剧 给 我 播 老皮 返校 的 第二十一 季 有 没 有 李博 的 抗日剧 有 适合 大班 宝贝 看 的 视频 没有 给 我 看 每 周 车闻 乱弹 第十六 集 吧 播小本 我 的 世界 怪物 大乱斗十二 季 有 没 有 非洲十 年 的 第二十 季 帮 我 找 找 高分 纪录片 模特 基础 视频 教程 十二 集 放妒海 国语 版 有 哪些 热门 的 动漫 帮 我 找找 韩语 的 青春片 有没有 张雯客 串 的军 转干 考试 专项 提升 申论 严孝 燮 的电视剧 不 看 我 想 看看 高分 的 动作片 要 看 些 韩 松演 的 大片 播放 杨晨 出场 的 立方 杀阵 惊悚 逃生 童唯佳 新拍 的 儿童剧 有 没 有 德语 全国 少儿 外语 艺术 大赛 西安 高 新 一中 赛区 推荐 给 我 看爱 了 散 了 二十五 的 二十八集 吧 有 没有 最 好看 的 电视剧 观看 评价 非常 好 的 宇宙 电影 来 点 甲午 的 第十 四 集 查下 米乐米 可 之 神奇 海豚 岛 第四 集 吧 找 由 奉太 奎导演 的 番剧 观看 饭圈 应援 韩语 的 二十五 集 观看 神奈川 寻宝 之 旅 的 第三 集 我 想 看看 蔡佩璇 的 韩剧 查找 小握 解说 以 撒 的 结合 要 看 些 白庆琳 监制 的 青春剧 有不是 汪琳演 的 吗 看看 硬汉 阿雷龙珠超 宇宙 二十三 的 第二十 集 有 哪些 玩具 星球 工程 车 英文 的 闺蜜 女行团 给 我 找 高分 的 吐槽 商战剧 有不 是 英文 的 吗 有 什么 法语 的 历史剧 推荐 吗 看 英语 爆笑 梁山泊 我 想 看 小岚朵 拉系 列益智 游戏 的 二十七集 找 找 周冬雨 监制 的 综艺 搜索 高分 的 特工 动画片 找 这 部 适合 上 小学 女孩 看 的 古装片 想 看 胖子 的 爱情 第二 十九 季 放高 考作文 考场 救命 大法 二二 的 第二十一 季 推荐 新 的 青春 全 员 集合 惊喜 惊喜 第四 集 有 哪些 歪歌 社团 唱谈 奥运汇 给 我 看 不 可错 过 的 中国 的 第五 季 吧 搜索 有 阚清子 客串 的 青春剧 有 哪些 有 刘蓓 参加 的 宫廷剧 有 哪些 粤语 的 复合天 使 查下 好 看纪 录片 吧 看看 好看 的 片 有天 地 男儿 粤语 第二十 季 没有 放专 题星 二代不思议 的 基因 突变 的 十七集 排除 英文版 的 武侠剧 适合 刚上 幼儿园 学生 看 的 mv 有 吗 帮 我 找 高分 的 搞笑片 剑网 三 版 射雕 英 雄传 的 二十八季 有 哪些 评价 非常 好微 电影 推荐 国语 的 抗日剧 搜搜 大湖 飞歌 五 合肥 青年 歌手 大赛 放李 大 强演 的 孤独 的 美 食家 不 要 环保 的 有 最 新 的 少年 卷福 没有 帮 我 找 韩语 的 片 有 英语 的 白袍 之 恋 没有 找找 广 东话 不 可 错过 的 中国 帮 我 看 看有 没 有 流行番剧 有 哪些 郑慧 善 导演 的 动画片 要 看 德语 的 综艺 播放李 婳 客串 的 熊出 没 之 奔跑 吧 熊大暗 墨解 说 搜索 最 新 的 校园 恐怖 游戏 合集 有 女人 看 的 没有 有 哪些 新 的 王丹 出场 的 喜剧 有 哪些 三浦 研一 参加 的 佳人 当道 帮 我 找找 崔正宇新 的 直播 找 高分 的 网剧 给 我 找 李永林 拍 的 年代剧 搜索 大头 儿子 小头 爸爸 欢乐 游戏 第二 十一 季 适合 十五 岁 美女 看 的 偶像剧 有 吗 求 街头 拔刀剑古 生物 冒险 多 人 联机 的 二十八季 有 没 有 李君峰 最 近拍 的 纪录片 播王 国强演 的 小小 海绵 宝宝 小 游戏 系列 不 要 何 赛飞 的 适合 小学 二年级 女生 看 的 有 吗 来 点 吴军 导演 的 综艺 有 没 有 适合 一 岁 学生 看 的 播放 大男 当婚 全 网 观看 西班牙文 的 芭比 之 时尚 奇迹 有 中华 小当 家 日语版 七季 没有 给 我 找 最 新 的 孙丹菲 参与 的 电视剧 求 德语 废弃 嘭 发射 给 我 找由 尤勇 导演 的 大片 想看 双语 的 大片 不 是 日语 的 动漫 有 三 岁 汉子 能 看 的 动漫 没有 我 不 想 看 许 还 幻 的 电影 想 看血色 纳粹 僵尸 部队 实况 娱乐 解说 九集 找 些 妹子 看 的 有 最近 的 奔跑 吧 兄弟 第五 季 合集 游戏 吗 给 我 播陆 贞传奇 的 十八 季 有 没 有 一点 女孩 看 的 求 推荐 流行 的 直播 想 看 马特·朗 导演 的 剧 有 没有 柠檬 我 的 世界 雷亚 王国 九九 的 九集 给 我 播上 个 月 的 正午 三分 有 黄世 超拍 的 大片 吗 有 新 的 视频 没有 我 想 看 机甲 兽神 的 第十四 集 帮 我 找 小然 奥特 曼格斗 进化 重生 娱乐 解说 的 十 季 求 最 好看 的 片 我 想 看看 马良建模 十一 雕花 高级 我 想 看看 最近 的 幸福街 第二十六 号 出口 有 没有 不 是 内野 圣阳 拍 的 网络剧 有 哪些 惠娟 艳编剧 的 英剧 有 不 是 英语 的 吗 观看 最 新 的 平松 晶子 演出 的 片 查下 冷门剧 吧 不 看 有 姜文 的 帮 我 看 看有 没有 由 朴 政民 编剧 的 悬疑剧 有 什么 特里·奥奎 因 出演 的 植物 大战 僵尸 西游 龙宫 版 推荐 吗 没有 生活 的 要 看 热门 动漫 搜搜 由 柏杉 编剧 的 情景剧 有 没 有 热门 的 综艺 推荐 小学 三 年 级 学生 能 看懂 的 大片 有 吗 看看 最 新的 米思捷 客串 的 视频 放最 新 的 马景涛 参与 的 年代剧 看看 活动 二十二季 张慧仪 的 不 要 我 想 看 看 牧草炎 神侠 盗车 手系列 给 我 看 日文 的 黑白无双 吧 我 想 看看 一考 研复 试英语 口语 复习 指导 的 第十三 季 有 适合 小学 四年级 女孩 看 的 没有 找 找 郑子寒监制 的 科幻片 我 想 看看 冬季里 的 灿烂 阳光 的 第十三 季 求新 的 动画片 推荐 适合 三十五 岁 汉子 看 的 有 什么 何政军 编剧 的 片推荐 吗 有 谈 车论 驾 第五 集 没 有 观看 有 池昌旭 演出 的 罪案剧 三十二 岁 男生 能 看 的 商战剧 有 没有 黄金 计程车 二十九季 二十七 集 不 是 金庆载 参加 的 看 魔兽 世界 的 第十四 集 给 我 看 猪猪侠 第二十七 季 吧 有 没 有些 适合 五 到 六 岁 小朋友 看 的 我 想 看 魔力 学院 数学 二十三 季 有 西班牙文 王者 荣耀 高端 排位赛 吗 推荐 些 一 档 香港 速度 预告 首发 二十五 集 我 要 看 些 小镇 惊魂 黑暗 守护者 第二十四 集 求有 金永载 出场 的 科幻剧 求 推荐 评分 比较 高 的 韩剧 有 没有 不 是 张静初 的 青春片 播放 剧场版 新 全职 猎人 最后 的 使命 的 第二十 集 放小 组赛组 韩国 比利时 的 二十七 集 不 看 粤语 的 电影 有 哪些 哥普拉六 人 勇士 有 没 有 官恩娜 监制 的 谍战剧 推荐 帮 我 看看 有 没有 杰克 与 梦幻岛 海盗 国语版 的 三十季 推荐 由 朴晶 秀导 的 伦理剧 姊妹 的 二十三 季 找 点 汉子 看 的 电视剧 有 新 的 炉石传 说 冰蓝 飞狐 吗 帮 我 找评分 高 的 当代 综艺 有 石川 英郎 的 不 看 埃米·罗森 的 电视剧 推荐 全部 火影忍者 疾风 传究 极忍者风暴革命 的 第十五 集 求林师杰 拍 的 大片 我 不 想 看 有 黄海 的 帮 我 看看 有 没有 刘德凯 编剧 的 商战剧 排除 何琢言 参与 的 放老 戴 在 此 战争 机器 的 第十五 季 不 要 英文版 的 有 哪些 德语 小飞机 卡卡 找 找 恐山 逝者 魂 归 之 处 二十二 集 有 没有 评分比 较 高 大片 我 要 看点 阳光 普照 第十 五 集 有 适合 九 岁 小朋友 看 的 没有 有 不 是 有 马惠珍 的 吗 有 哪些 由 郑少秋 监制 的 大片 放杰 里米·克拉克森 编剧 的 电影 楊 一 展 出场 的 不 看 找黑 社长 的 九 季 找海岛 奇兵 专集 搜索 郑多燕 最 新 美胸 美臀 美 腹减 肥操 的 第六 季 想 看 上 个 月 的 麦王 争霸 我 想 看看 老爸 加油站 十八 集 有 没有 中文 的 动漫 推荐 有 没 有 汉子 看 的 电影 播放 英文 版 的 直播 侯岩松 的 科幻片 放影 视行业 资讯 八季 想 看 去年 的 霍 元 甲 放有 来 微视 心律 失常 的 十八 集 推荐 好看 的 离婚 动画 有 哪些 熊出 没 奇幻 空间 手机 游戏 第十五 集 有新 的 范艳华 出演 的 纪录片 没有 没有 广东话 的 动漫 放 奇葩 肛门 旅馆 住在 大肠里 的 第三 集 观 看 西班牙文 的 四 设置 折线图 图表 坐 标轴 播放 粤语 的 橘子 街头霸 王侍魂 找瑶山 剿匪记 第五 季 超级 多 玩 星期 天十八 季 推荐 妻子 的 秘密 废弃 十一 的 二十三 集 我 要 看 这 部 马良 节点 一 有张 玉嬿 的 不 要 有 没有 适合 幼儿园 小班娃 娃看 的 国语 电视剧 有 没 有 有 张檬 演出 的 动画片 英文 的 不 看 有 三十五 岁 男人 能 看 的 动漫 没有 有 适合 幼儿园 小班 帅哥 看 的 没有 二十四 岁 汉子 能 看 的 情景剧 有 没有 有 哪些 高分 的 动漫 tvb 有 什么 四 年级 分数 的 初步 认识 第六 季 推荐 吗 宝贝 能 看 的 电视 有 吗 有 没 有 迈克尔·兰德斯六月 的 古装剧 推荐 查找 日文 的 忍者 龟 第二十 季 有 没 有 最 新 的 步步 为 赢 推荐 想 看 热门 的 历史剧 找找 新 的 综艺 找 小朋友 能 看 的 动漫 放白 雪公主 的 第十六季有 西班牙文 的 电影 吗 有 哪些 新 的 搞机 啦 字幕组 搜索 交响 少 年 梦 七 季 搜索 我 的 世界 丸子 多 妹子 多 模组 九月 生存 十一 集 播放 新 白娘子 传奇 全网 的 二十六 集 有 没 有 双语 狙击 精英 十一 看流行 喜剧 我 要 看点 阿津 神秘 海域 德雷克 合集 流程 解说 的 第十四 集 想看 废弃 十五 的 八集 给 我 看 中国式 离婚 吧 有 国语 海峡 艺术 名家 吗 有什么 有 加布里埃尔·鲁纳 主演 的 网络剧 推荐 吗 找找 沈伐 最 新 的 动画片 播星猫 汉 字营 二十五 季 性侵犯 调查 的 二十八 集 放立 花慎 之 介 的 英剧 推荐 小学 三年级 小朋友 能 看懂 的 神话剧 我 要 看些 由 博 弘导 的 谍战剧 推荐 所有 双语 自说自画 有 娱乐 八点 的 第十三 季 没有 我 不 想 看裴 勇俊 参与 的 电视剧 给 我 看 今年 的片 吧 放爬 行者 推荐 些 小孩 能 看 的 悬疑剧 推荐 好看 的 励志 电影 放超级 飞侠 之 神 奇动物 篇 的 第一 季 给 我 看 六 哲 绝 版 现场 记录 时代 经典 吧 帮 我 找找 评分 比较 高 的 片 有 新 的 抗日剧 没有 推荐 我 要 恋爱 的 二十七 集 我 要 看 点 于 洋客串 的 抗日剧 播李琳 演出 的 电视剧 求 日文 的 魔力 学院 语法 没有 有 申东浩 的 帮 我 找由 汪涵导 的 片 想 看 新 的 言情剧 要 看 一 部 设计 入 门到 精通 教程 八季二十六 集 适合 上 小学 菇凉 看 的 有 吗 找 找 双月 之 城 推荐 些 适合 一 岁 娃娃 看 的 综艺 给 我 找 精彩 的 微纪录 动漫 给 我 播及 川光 博演 的 归家 异途 小握 娱乐 实况 帮 我 看看 有 没有 十八 设置 文档 中环 形图 循环图 教程 十八季 帮我 看看 有 没有 小 崔弟 和 傻大猫 的 二十九 季 有 没 有 有 米思捷 主演 的 微电影 推荐 放叶 凯茵 这 个 月 的 剧 推荐 贝瓦儿 歌 五 一 劳动节 的 七 季 我 想 看 一 一 明星 听诊 会 二十六 集 看看 法语 生命 的 颜色 我 要 看些 扬州 八怪二十八 集 搜搜 无 权 之 王 的 联合 国秘 书长 的 第四 季 求 推荐 最近 的 秦始皇 与 阿房女 有生 活家 工作室 八集 吗 搜搜 粤语 的 别 让 爱 沉默 找徐 老师 讲 故事 十六 最 新 视频 的 第一 集 有 哪些 霍亚 明出场 的 纪录片 有 日语 的 剧 没有 帮 我 看看 有 没 有 最 新 的 神话剧 帮 我 找 包贝尔 客串 的 天骐 我 的 世界 怪物 大乱 斗生存 适合 退休 娃娃 看 的 中文 电影 有 吗 找 找 张新华演 的 旅游 卫视 九春晚 查找 吉莹 出场 的 大片 我 想 看 老黑 我 的 世界 疾风 剑豪 十七 季 我 想 看 最 佳 情侣 全网 的 第一 集 要 看 全部 不 负 天职 要 看 点 评价好 的 电视剧 我不 想 看 西班牙文 的 观看 最近 的 军旅剧 观看 好 看动 画片 想 看程 诚导 的 商战剧 看手 游穿越 火线 攻略 中心 第二 十一 季 推荐 些 由 桥本 晃 一编剧 的 纪录片 女人 看 的 有 没 有 放由 姚晨 编剧 的 言情剧 有 由 麦人 导演 的 短片 吗 想看 程莉莎 最 新 的 剧 有 法语 女人 帮 预告片 花 没有 要 看 些 可可 的 杂七杂八 求由 温心 编剧 的 综艺 求 推荐 全民淑 的 伦理片 推荐 些 叶问 的 二十七 季 不 看 三森す ず こ 出场 的 年代剧 求 余子 明演 的 科幻片 搜搜 最 新 的 美剧 有 舌尖 上 的 高校 的 九 季 没有 查下 流行 的 mv 吧 求 推荐 钟 正 出场 的 独生子 有 什么 热门 科幻片 推荐 吗 李雨 泽拍 的 不 看 没有 方 青卓 主演 的 搜索 德语 的 大地 飞歌 一 声 所 爱 我 想 看看 斗鱼十九季 来点 壮游 南非 九 季 查下 魏骏 杰新 的 综艺 吧 中年 危机 的 不 要 播放 黑 帮 秘史 的 十一 集 我 想 看 看 陀枪 师姐 粤语 第六 集 求 推荐 改善 工作 的 快乐 之 道 的 二十九 集 要 看 几 部 泡面 王者 荣耀 二十二 季 给 我 播 日语 天涯明 月 刀钟 汉良 版 我 不 想 看有 唐国强 的 看 花样 少 男少 女 二十六 季 找 这 部 汉子 看 的 tvb 求好 看抗 日剧 查下 明星 到 我 家 之 女神 干 农活 吧 有 什么 粤 语兔 小贝 英语 宝典 推荐 吗 推荐 退休 娃娃 可以 看 的 综艺 帮 我 找 精彩 的 日剧 有 东 摸摸西 摸摸 第二 季 的 十 集 没有 有 哪些 粤语 的 大片 给 我 播童蕾 最近 的 剧 最近 的 上海滩 帮 我 看看 有 没 有 口袋 妖怪 复刻 排除 李梦洋拍 的 给 我 找评分 高 的 日剧 找 韩语 的 敌营 十八 年 第一 部 没有 金英 哲拍 的 有 没 有 经典 人文 地理 的 七 季 有 没 有 仙仙 我 的 世界 逃离 月球 月球 迫降 第二 集 推荐 播放 游侠 胖虫 第十九季 的 八季放吃 货爱 美莉 的 十二 集 帮 我 找释 小龙编剧 的 大片 帮 我 找 黄金 渔场 三十 有 有 铃木达 央演 的 搞笑片 没有 找 点 适合 刚 上幼儿园 男生 看 的 看 西田 尚 美 监制 的 电视剧 有 没 有 无 不 能 客串 的 视频 推荐 查找 蒋欣客串 的 综艺 给 我 看由 夏 菜导 的 剧 吧 有 没 有 颜行书 最 近 的 直播 有 没 有 新 的片 给 我 找 中丸 雄一 参加 的 视频 看丁家 有 女喜洋洋 有 没 有 棒球 大联盟 第二 十四 季 九 季 放评 价好 的 正剧 查找 德语 的 守 着 阳光 守 着 你 找些 三 到 四 岁 姑娘 能 看 的 历史剧 给 我 看道 重沙 由 美演 的 历史剧 吧 不 要 邹静 编剧 的 超级 航母 的 第五 集 有 适合 三十二 岁 男人 看 的 没有 有 德语 燦爛 人生 没有 推荐 点 英文版 的 剧集 求 评价 非常 好 的 剧情片 推荐 些 女人 看 的 没有 日文 的 电视 要 看 最 近 的 爽食 赢天 下 之 畅 游 茶马 古镇 享束 河 美景 美食 我 想 看看 李思捷导 的 动作片 要 看 些 日语 小郁房 有 什么 关少 曾 的 农村剧 推荐 吗 查下 热门 动画 吧 有 国语 的 武侠片 吗 推荐 英文 的 俏摩 女搶 頭婚 有 这 几 年 的 徐正曦 出场 的 搞笑片 没有 找 克里斯蒂安·史莱特 演出 的 识骨 寻踪 第十六 季 观看 足球 荣耀 第二十 集 查找 强宇 演出 的 小马 宝莉 特辑 之 逃跑 的 彩虹 找找 新 的 武侠剧 有 小羽熊 出 没 亲子 游戏 没有 我 想 看好 看 的 视频 给 我看 双语 的 幻云 魔兽 争霸 四决战 之 日 吧 帮 我 看看 有 没 有 陈晓雪 出场 的 视频 有 安徽 卫视 二十七中 秋晚 会 的 二十三季 吗 有 没 有 好看 的 大片 推荐 求德语 蒋介石 日记 八八 求 今年 的 电视剧 我 不想 看 西班牙文 的 观看 由 邰祖辉 编剧 的 综艺 播新 的 强暴组 合 幸运 方块 大 冒险 合集 找 精彩 的 综艺 有 实验 刑事 都 鸟 十一 的 第二十四 集 没有 我 想 看 最近 的 剧 放猎奇 八卦 趣闻 十九 集 找 几 部 三 岁 宝贝 能 看懂 的 tvb 播放 高分 的 翻拍 谍战剧 观看 日语 的 别 笑 了 吧 给 我 看 高分 的 纪录片 吧 想 看 陈祉希 最近 拍 的 视频 搜搜 有 罗小 龙演 的 剧集 美 女看 的 有 吗 找找 德语 的 神话剧 放谁 借 我 厨房 第四 季 第一 集 排除 阳光 编剧 的 有 兄弟 车行 吗 想 看 杨英伟 的 犯罪片 搜索 今年 的 刘圆媛 主演 的 电视剧 找找 刘滢 参加 的 动漫 给 我 看 陈祉希 导演 的 伦理片 吧 给 我 看 近期 的 武侠剧 吧 我 要 看全部 最 近 的 斗龙 战士 第三十 季 龙印 之 战 我 要 看点 英文版 的 视频 我 想 看 盖子 我 的 世界 以 太 多 模组 生存 的 第十三 集 适合 退休 汉子 看 的 电视剧 有 没有 我 要 看 一些 杰克·法拉赫 监制 的 电视剧 我 想 看 看置 鲇 龙太郎 监制 的 神话剧 推荐 最 新 的 视频 有 哪些 有 朱少鹏 主演 的 动漫 给 我 播 幼儿 情景 英语 课堂 三十 集 搜搜 火海 英雄 的 第三 集 不看 有 小泉 今日子 的 有 哪些 小马 宝莉 儿童 游戏 的 三十 集 来 点 德语 的 晓鹿 老师字 卡乐园 找找 十二 分钟 教 你 做 人 第四 集 我 要 看点 中国 笑话王 的 二十七集 我 想 看看 热门 的 跟播 新番正剧 有 什么 广东话 的 英剧 推荐 吗 有 黄金 彩虹 预告片 花 二十三 季 二十七 集 没有 播天 堑 十九 的 第十四 季 观看 唐熙六月 的 剧 查找 由 黄慧 编剧 的 电视剧 来 点 有 吴伟 参加 的 片 有 没 有 鲤鱼 解说 瘟疫 公司 推荐 推荐 适合 幼儿园 小班 小 朋友 看 的 周世 艺演 的 剧 不 要 要 看点 最 近 的 南家 小唯 来 点 贾宗超 参与 的 综艺 找 三 到 四 岁 男生 能 看 的 综艺 有 麻婆 斗妇 吗 播放 好 看谍 战剧 要 看 李荷娜 主演 的 对 啊 网职业 成长 微 电影 推荐 几 部 最 好 看武 侠片 有 没 有 评价 非常 好 的 侦探 动漫 查找 新 的 任炜东 演出 的 电影 我 想 看看 狼烟连奕名版 的 第三 季 看 刘竞 出场 的 犯罪片 观看 上 个 月 的 刘军 演出 的 动画片 我 想 看 六月 的 杨凯琳 客串 的 军旅剧 有 不 是 国语 的 日剧 吗 找找 有 蒲巴甲 出场 的 剧 给 我 找 蔡蝶新 的 言情剧 评价 好 的 犯罪片 查下 王君平 演出 的 动画片 吧 有 高三 排列 组合 与 二项式 定理 没有 放 六月 的 片 播紫君 芭比娃娃 十八 集 有 小灰 我 的 世界 生存者 荣耀 二十三 集 没有 播放 赵自 强演 的 烽火 天福山 我 要 看卡卡解 说 娱乐 十七 季 不 是 童自 荣演 的 有 没 有 不 是 刘芳毓 的 给 我 找 高分 综艺 要 看 婚姻 宝典 八 季 第十 六 集 我 不 想 看 安泽 豪演 的 电视剧 有 哪些 美味 银座 要看 流行 的 网剧 找点 小孩 能 看 的 电影 要 看 一些 海岛 奇兵 之 幻 影步医 冰妹 视频 第五 集 找找 最 近的 朱义 参与 的 动漫 有 五十多 岁 姑娘 能 看 的 电影 没有 推荐 我们 的 法兰 西 岁 月 找 适合 两 岁 男人 看 的 推荐 初二 英语 同步 提高 的 第十三 季 综合 的 不 要 放一 智 千 金 的 第十六 集 有 哪些 流行 的 视频 不 是 粤语 的 年代剧 小学 二年级 娃娃 能 看懂 的 片 有 没 有 有 学生 能 看 的 电影 没有 要 看 这 部 四 大 公司 传奇 第五 集 有 姑娘 看 的 没 有 看看 新 的 钟秀娴 参与 的 动画片 帮 我 找 赵软祐六月 拍 的 视频 有 哪些 精灵宝 可 梦 七 季 有 最 近 的 郭妃丽 参与 的 电影 吗 查找 和 本弗尔格 探索 鳄鱼 的 神秘 生活 九 季 找找 新 的 高磊 参与 的 综艺 节目 有 英文版 的 小小演 说家 第二十七 季 吗 求 推荐 法语 的 片 播放 法语 鬼鬼 开箱 时间 来 点 有 小小彬 演出 的 动漫 我 要 看些 杨明 敏演 的 医学 微视 肖新华 糖尿病 有 办 公室 第三十季 的 第二十四 集 没有 观看 中文 的 剧 看筑 英 台 第二十四 集 有 哪些 热门片 适合 三 岁 宝贝 看 的 有 吗 看孟 卫东 参与 的 正剧 周杰伦 拍 的 不 要 播有 许绍雄 演出 的 伦理片 帮 我 找找 精彩 的 电视剧 有 没有 老天 一 我 的 世界 创世神 六 明星秀 的 第一 集 我 想 看 日野 聪演 的 犯罪片 有 最 近 的 金沛晟 主演 的 动漫 吗 找 绝 世双 骄 第四 季 我 不 想 看 郭昊伦 导演 的 帅哥 看 的 有 吗 有 不 是 有辛 芷蕾 的 吗 我 不 想 看 热血 的 帮 我 找 找 朴诗恩 新 的 动画片 给 我 找 最 热门 的 视频 播德 语炮炮 向前 冲 一 天 我 想 看 小强我 的 世界 方块 战争 七季三十 集 播放 薛家燕 的 儿童剧 推荐 近期 的 铁帽子 王庆 亲 王奕 劻 的 贪腐 嘴 脸 有 没 有 美食 致富经 推荐 适合 小学 四年级 小朋友 看 的 有 没 有 播放 档案 第二十五季九集 看看 名医 大 会 诊话 养生 的 第十三 集 给 我 看 红旗飘扬 的 七季 吧 有 没 有 些 四十 左 右学生 能 看懂 的 抗日剧 播最 新 的 王刚 参与 的 剧 搜索 陈洁 六月 的 电影 有 什么 流行 喜剧 推荐 吗 想 看田 中 裕子 客串 的 阿霞 韩语 的 不 要 求 推荐 牧草冉珊 生态 玻璃 球 空岛生 存 实况 解说 的 九季 二十四 岁 小朋友 能 看懂 的 爱情片 有 没有 播放 孟蔚 出演 的 谁知 女人 心 播放 瞰贵州 第十五 季 看看 七解 决文 档 中 的 各种 故障 教程 的 十一 季 给 我 找 精彩 的 犯罪片 看 西班 牙文 的 山东 卫视 十九 元 宵戏 曲晚会 太保 出场 的 不 看 有 没 有 有 寺岛 拓笃 演出 的 综艺 推荐 妖精 的 尾巴十 七 集 吴磊 拍 的 不 要 有 张小燕 的 恐怖片 没有 康网 微视 鼻窦炎 的 二十七 集 侯长荣 出演 的 不 看 没有 日文 的 纪录片帮 我 看看 有没有 热门 的 化学 犯罪片 推荐 几 部 十八 岁 男孩 能 看 的 动画片 我 要 看些 异形 侵略 的 第六 集 查找 谢金燕 最近 的 大片 播放 星野源演 的 如何 表达 感谢 的 方式 方法 来点 张钧 甯演 的 童话 故事箱 第二十五 季观看 马良建 模八 的 第十三 季 有 这 几 年 的 宝贝 来 了 吗 观看 法语 的 言情剧 有 没 有 笨蛋 测验 召唤兽 笨蛋 测试 召唤兽 二十三 季 吴兴国 客串 的 我 的 功夫 女友 找 国语 我 在 你 左右 给 我 看 魔法 少女队 阿尔斯 的 七季 吧 有 不 是 有 郭品超 的 吗 放动 画版 相声 小品 的 第四 季 查找 日语 女神 留声机 帮 我 看看 有没 有 渡部 笃郎 出场 的 我 知道 第二十 季 找活 着 乐 着 二十八集 找 点 适合 刚上 幼儿园 娃娃 看 的 英语 视频 法语 的 不 看 搜搜宫 河家 的 空腹 我 想 看 上海 风云 的 第十六 季 没有 奇闻 的 查找 温升 豪拍 的 综艺 节目 看看 西班牙文 的 雨昊宝 粥 我们 要 成为 恋爱 魔法师 有 哪些 由余 声 导演 的 视频 有 杨辉 客串 的 东南 特工队 吗 不 要 王智慧 导演 的 播中文 的 综艺 节目 给 我 播尹淇 参加 的 糊涂 小天 使 我 要 看 些 有 梁 传斌演 的 综艺 求 推荐 海德 哲基尔 与 我 废弃 十二 季 有小孩 能 看 的 综艺 没有 要 看 天天 向 上沫姐 二十五 季 帮 我 看看 有 没 有 樱井 孝宏 近期 的 番剧 有 哪些 极速 前进 第二十四 季 的 三十 集 有 哪些 马良建 模 十一 雕花 高级 的 十二 集 给 我 看 巴布 工程师 第三十 季 的 第十六 季 吧 帮 我 找 夏雨 监制 的 网络剧 最近 的 视频 帮 我 找 你 的 名字 票房 大卖 之 谜 七 季 帮 我 看看 有 没 有 有 王 沺 裁客串 的 美剧 来点 日语 的 动漫 推荐 双语 的 中华 德育 故事 第十 季 适合 五十多 岁 学生 看 的 动漫 有 吗 有 没有 不 是 张钧甯 参加 的 mv 搜索 樱庭 奈奈 美 主演 的 武侠剧 不 看 王维维 客串 的 要 看 一些 日语 幻城手 游 给 我 找新 的 直播港 澳 台 来 点 郭品 超 出场 的 神话剧 给 我 看 神科普 女生 的 那点 事儿 的 九季 吧 我 想 看看 评价 非常 好 的 片 帮 我 找找 李锦梅 参加 的 电视剧 这 个 月 的 游戏 主播 小智 我 要 看 一 部网调 查组 的 第二十季 给 我 播 广东 话 的 欧巴桑 不 看广东话 的 二十 左右 小孩 能 看懂 的 网剧 有 吗 有 没 有 上 个 月 的 贾伟 客串 的 大片 推荐 找好 看剧 情片 有 适合 小学 三年级 小孩 看 的 抗日剧 没有 有 日语 的 初升 高 英语 主谓 宾表 定状 补 之 定语 从句 吗 给 我 播剧 场版 柯南 二第二 个 前锋 第十五 集 小孩 能 看 的 情景剧 有 吗 看 日语 的 日剧 找江 总解 说 疯狂 的 麦克斯 流程 思密 达 七 季 有 二十五 教师 资格 面试 初知面 试技 巧课 的 第十六 季 吗 排除 金贤 重拍 的 江公主们 的 战国 二十八 集有 没 有康网 微视 推 拿程 五 中 七 季 给 我 找 中文 的 谍战剧 推荐 适合 十五 岁 宝贝 看 的 法语宫廷剧 帮 我 看看 有 没 有 李清波 主演 的 倒霉熊 的 杯子 之 旅 有 哪些 徐荣拍 的 神话剧 观看 苍蓝 钢铁 的 琶音 排除 张驰导 的 查找 这 个 月 的 正剧 有 白乐天 零 大陆 专辑 十二 集 没有 找 找 黄俊鹏 导 的 网络剧 播热门 的 动漫 动画片 查下 冷门 的 探秘片 吧 找 点 女生 看 的 视频 想 看家 在 大巴窑 的 十二 季 有 由 侯继林 导演 的 大片 吗 有 我 的 世界 小 游戏 合集 八 季 吗 查下 最 近 的 武侠片 吧 帅哥 看 的 有 吗 帮 我 找 超级 导师 第二 集 有榨 男日 记二十六 集 没有 找 适合 三 到 四 岁 男生 看 的 流行 的 古装剧 给 我 看 微课堂 小词 大用 系列 的 十九季 吧 查下 唱玩 剑桥 英语 第十六 季 吧 有 没 有 好看 的 直播 有 哪些 欧萱 编剧 的 动画片 搜搜 由 刘晓春 导演 的 片 给 我 看 螺丝侠 十九二十九 集 吧 找找 杨铭威 演出 的 商战剧 看看 日文 全网 给 我 看 老杨 我 的 世界 刀剑 神域 二十七 集 吧 放广 东话 的 趣味 奥数 数 字迷 初级 播老 皮 台 模拟 人生 十八十一 季 第二十一 集 放张 雁名 的 剧 推荐 任鲁豫 最 新 的 搞笑片 有 赵亮 演出 的 梦尼玛 我 的 世界 光晕 战争 没有 给 我 看 最 新 的 耶鲁大学 开放 课程 博弈 论 吧 我 想 看 默寒 创世 战车 的 十一 季 可 可 小爱 第二十五 季 推荐 美 女看 的 给 我 找 粤语 的 覆雨 翻云 全网 有 没有 家 有 六 子 的 二十五 集 查下 由 申东 靖导 的 剧 吧 播放 英语 的 恐怖片 有 有 熊欣欣 演出 的 视频 没有 我 不 想 看 英文版 的 电视 播彭 清洋 上 个 月 的 动漫 有 经济学 第十三 集 吗 有 五 岁 小孩 可以 看 的 视频 没有 有 哪些 这 几年 的 小牛顿 科学 启蒙惊喜 科学秀 给 我 播 今年 的 片 给 我 看 评价 非常 好宫廷剧 吧 适合 二十 左 右娃 娃 看 的 双语 电影 有 没有 给 我 播 纪录 四川 二十九 双手 第二 季 的 二十三 集 有 没 有 不 是 日文 的 有 哪些 高分 的 青春剧 给 我 看 山东 故事 的 第十四 集 吧 推荐 些 范明 的 短片 找 点 适合 九 岁 娃 娃 看 的 年轻娃 娃 能 看懂 的 纪录片 有 吗 查下 去年 的 三 年 考研毛 中特 冲刺 导学 课程 吧 有 哪些 法语 的 黑 帮 秘史 帮 我 找 去年 的 片 看看 流行 的 魔幻 日剧 不 是 粤语 的 短片 有 没 有 康网 微视 死胎 第四 集 推荐 我 要 看好 看 电影 帮 我 看 看有 没 有 陈灏文 演出 的 池 小霞 频道 花絮 篇 要 看 科科成长 日记 二十七 的 二十二 集 排除 谈莉娜 拍 的 陈奕 的 不 要 给 我 播 娶 个 微商 做 老婆 的 第二 集 给 我 播张子枫 参加 的 仙仙 实况 女 汉子 的 饥荒 世界 看看 丁君 六月拍 的 农村剧 播英文 的 动漫 排除 星野源拍 的 mv 日语 的 不 看 有 哪些 梦妮我 的 世界 国外 小 游戏 地图 的 第二十四 集 我 想 看 二十三成 人礼二十二季 查下 林家栋 出演 的 综艺 节目 吧 放 女子 特案组 给 我 找枫 桦火 影忍者 疾风 传 之究 极 风 暴十四 的 第二十一 集 要 看 一 部 使命 召唤 二十七 无限 战争 全 的 二十二 集 给 我 播 奇闻 异录 有 没有 少林 海宝 推荐 有 哪些 高分 青春片 要 看 些 李艳秋 演出 的 思客 讲堂 我 想 看看 托马斯 和 他 的 朋友们 第二十八季第十三 季 看 朱敏瀚 参加 的 m v 帮 我 找 最近 的 剧情片 我 要 看点 高级 教程 之十九 站 长会 忽略 的 操作 方法 第三 集 有 没 有 帅哥 看 的 要 看点 阿朵 监制 的 电视剧 有没 有 新 的 问医 百科 之 双 胎 多 胎 妊娠 找 点 五十多 岁 娃娃 可以 看 的 大片 给 我 找好 看 的 片 求 推荐 六月 的 王凯 参与 的 商战剧 给 我 找 德语 的 剧 给 我播 李力刚 最近 的 动画 观看 老旅 我 的 世界 暮色 森林多 人 生存 系列 十一 季 西班牙文 的 伦理片 不 看 要 看些 木筏 求生 的 八 季 推荐 十五 高考 新 东方 在线 名师 解析 推荐 点 莫瑞娜·巴卡琳 新 的 大片 我 想 看 小玩家 第二十五 季 的 七 季 帮 我 找 找 若风 视频 的 八集 有 没有 法语 二十五二十五 小米 新品 发布会 放罗曼君演 的 宫廷剧 帮 我 找 这 几 年 的 何彦霓 演出 的 科幻剧 帮 我 看 看有 没有 幸运 方块 类型 游戏 二十八 集 想 看 法语 开 心乐园 幼儿 英语学 单词 第七 季 有 哪些 高分 视频 我 想 看 高分 的 现实题材 mv 查下 乐乐 课堂 三 年 级 语文 的 二十七 集 吧 给 我 找 有 张殿伦 客串 的 纪录片 有 英文 的 宫廷剧 吗 我 不 想 看 藤原启 治拍 的 动漫 适合 小学 二年级 小孩 看 的 英文版 网剧 有 没有 求 推荐 近期 的 深仔火 影忍者 终极风暴二十八 剧情 全解 找 找 他 是 妹妹 的 恋人 排除 何铁红 监制 的 帮 我 找找 晴天 我 的 世界 神奇 的 跑酷 的 二十二季 有 没 有 新 的 超级 食人蛇 想 看 我 是 公主 二十五 季 找 些 汉子 看 的 喜剧 有 小学 三 年级 帅哥 能 看 的 视频 没 有 想 看 高峰 客串 的 二十海 外 春晚 求 推荐 俄语中级 课程 上 我 想 看 唐颂 教育 之 唐诗 精选 第一 季 播 十三线 下 总决赛 第二十一 季 第五 集 适合 十八 岁 男孩 看 的 直播 有 没有 帮 我 看看 有 没有 双语 的 红色利剑 看流行 动漫 播 最 新 的 电影 要 看 些 最近 的 王牌大 明星 不 看 林申 的 推荐 我 行 我 宿 的 二十三 季 有 适合上 小学宝 贝看 的 中文 神话剧 没有 帮 我 找 找新 的 白鳥 由 里 出演 的 搞笑片 帮 我 找找 最 新 的 动作片 帮 我 看看 有 没 有 韩语 陈瀚 有 植物 大战 僵尸 二十七未来 世界 黑暗 时代 巨浪 沙滩 没有 有 评价 好 的 科学 电影 吗 给我 找 英文 版 刺猬 天堂 广东话 的 不 看 帮 我 找植物 大战 僵尸 西游 龙宫 无尽 版 战 有 不 是 西班 牙文 的 爱情片 吗 我 想 看看 地球 上 的 自然 奇观 有 丧尸 围城 四 绝密 档案 的 七集 没有 放法 证 先 锋 我 不 想 看 有官 恩娜 的 观 看兔 宝宝 和 三 件 神奇 宝贝 九 季 有 没 有 蜡笔 小新 二十六 手 游 十八 集 推荐 不 看 果果 主演 的 播放 阿撸 吧 的 三十 季 找 刘玉婷 出演 的 电影 放精彩剧 给 我 看由 李毓芬 监制 的 抗日剧 吧 迷失 的 情感 八 季 我 想 看 石文 中 这 个 月拍 的 爱情片 推荐 去年 的 霍泥芳 参与 的 武侠片 求 推荐 中学生 初中 地理 十二季 播由 范雨林 导 的武侠片 播评 分比较 高 的 综艺 有 没 有 一些 女生 看 的 三 岁 学生 可 以看 的 大片 有 吗 我 想 看看 阿第三十 季兔 智来 了 三十 的 十二 集 有 不 是 新农村 的 吗 帮 我 找 找 冯砾 拍 的 视频 帮 我 找伍 宇娟 拍 的 谍战剧 适合 二十 左右 帅哥 看 的 有 没有 有 什么 好看 的 军 旅剧 推荐 吗 播放 阿拉丁 国语 有有 申军 谊演 的 mv 没有 我 想 看 高分 的 电视剧 我 不 想 看 英语 的 有 不 是 中文 的 吗 给 我 看 贾璐 主演 的 微博 超级 大 吧 看有 唐 于 鸿参与 的片 帮 我 找 高分 的 小 清新 科幻片 观看 飞越 死亡线 二十五 季 帮 我 找 找 星座 食语 第三 季 第二十 集 查找 默炎 二十六二十六二十六 神秘 时代 二十六 坑爹 生存 已 完结 第十三 集 找 找由 奉太 奎编剧 的 英剧 段 秋旭 的 不 看 我 想 看 唐文龙 参加 的 科幻剧 查下 徐乐拍 的 搞 笑片 吧 播放 于滨 最近拍 的 韩剧 我 想 看 法语 的 呼叫 大明星 有 什么 去年 的 喜剧 推荐 吗 有 没 有 雷人 恶搞 还 珠格 格系列 二十六 集 播舌尖 上 的 高校 十二 季 适合 幼儿园 小班 小朋友 看 的 有 没有 我 想 看 英语 的 科幻片 推荐 郑毓 芝演 的 言情剧 我 想 看由 杨丽萍 监制 的 电影 排除 臧金生 参与 的 动漫 推荐 这 部 中文 的 罪案剧 有 不 是 日野聪 的 吗 我 想 看看 最 新 的 电视剧 播最 高档 第四 季 第三 集 求 评分 比较 高片 战场 女武神 二十二 集 求王海 地演 的 生命 与 磁场 系列 课程 看看 练束 梅新 的 动画片 我 想 看印 小天 监制 的 武侠剧 看看 精武 英雄 陈真 帮 我 找找 热门 的 片 给 我 看 最近 的 奇妙 的 恋爱物语 吧 有 幼儿园 小班 宝贝 可以 看 的 电视剧 没有 观看 上海 十二 第一 季 找 最 新 的 屌丝心 理学 之 爱情 心理学 推荐 新 的 朴 寒星 演出 的 电视剧 有 索菲亚 游戏 集合 九季 吗 帮 我 看看 有 没 有 广东话 漂亮 主妇 我 想 看 是 元介 今年 的 mv 有 没有 有 梁波罗 出演 的 动画片 推荐 有 什么 去年 的 微电影 推荐 吗 找 亲宝学 汉字 人物 篇 想 看关 灯拆 电影 的 第十四 季 有 刘玉玲 新拍 的 tvb 没有 来 点 热门 的 文物 伦理片 宝贝 能 看的 动漫 有 没 有 帮 我 看看 有 没有 最近 的 月见 喜羊羊 与 灰太狼 闯 关集 看看 张丰毅新 的 抗日剧 我 要 看 全部 最 新 的 舒耀 暄主演 的 电影 给 我 播老 旅 我 的 世界 拔刀剑 最终 之 战剑 客收 藏家 的 七 季 求 推荐 最 热门 的 国考 电视剧 查下新 的 金来沅 客串 的 动画片 吧 适合 三十五 岁 妹子 看 的 动画片 有 没 有 看看 好看 的 战争 综艺 适合 大班 小朋友 看 的 剧 有 没有 有 没有 村长 幽灵 行动 荒野 逗比 实况 的 十七 集 我 想 看 由 黄亮 监制 的 片 查下 毛豆 新 葫芦娃手 游 七 季 吧 找 找 陈子豪 视 频解 说 查下 奥特曼格斗 进化 重生 第二十 季 吧 推荐 适合 一 岁 宝贝 看 的 片 搜索 木内 玲子 主演 的 剧 我 想 看 最 新 的 习雪 参加 的 武侠片 有 哪些 最 近 的 为 中国 歌唱 帮 我 找找 金喜 善演 的 动漫 我要 看 日文 复疆 台湾 义勇队 抗战 纪实 求 推荐 有 肖扬 参与 的 动画片 推荐 刘佳佳 新 的 纪录片 帮 我 找找 梦妮 实况 梦妮 二十五二十五 单人 生存 的 第二十一 集 看看 由田 中 一成 编剧 的 电视剧 没有 刘钇 彤拍 的 帮 我 找找 小颖子 拍 的 日剧 苏小明新 拍 的 伦理片 播 叠影 危情 十七季 观看 我 的 世界 四儿 百 人 服生 存实况 的 第十三 季 要 看 一 点 法语 的 笑脸怪 王者 荣耀 查下 高分 动作片 吧 不 要 国际 的 不 是 英语 的 适合 退休 男人 看 的 悬疑剧 有 吗 看 我 是 公主 的 七 季 给 我 看康网 微视 去 眼袋 手术 王永前 吧 想 看 刘江 监制 的 剧集 找找 有 陈美 行客串 的 电视剧 有 没有 最近 的 凹凸君 说 有 不 是 韦宝拉 拍 的 年代剧 吗 给 我 播 十春季赛十季 要 看 蝙蝠俠 秘密 系谱剧情 电影 流程 攻略 的 第四 季 我 想 看看 水果 冰淇淋 音乐 的 十七 季 有没 有 最近 的 动漫 帮 我 找找 申奥 的 微电 影 我想 看看镜 之 边缘 催化剂 特效 全开 中文 剧情 电影 第二十一 集 看 壹号 皇庭 想 看 激情 穿越 瑞士 的 第二 十四 季 看看 新 的 朴振英 出场 的 动画 看看 日文 的 贝瓦 儿歌 之 音乐 好 儿歌 搜搜 马 越 客串 的 大片 今年 的 老皮台 模拟 人生 十八 求由力 参加 的 死神 少女 找 郑子诚 六月 拍 的 动画片 适合 退休 帅哥 看 的 有 没 有 我 想看 卡尺我 的 世界 异度 之 遥 探险 之 旅 的 十八集 给 我 播雨 之 国 第十三 集 有不 是 韩语 的 吗 搜搜枪 战类 小游戏 播耶 鲁大学 美国 内战 与 重建 第十三 季 给 我 播 新歌 来 啦二十六 季 有 由 那维勋 导演 的 伦理剧 吗 我 想 看 渲染 之 心 原理 篇实操篇 案例 四 的 十 季 来 点 最 近 的 恐怖片 我 想 看 看新 的 爱 与 恨 二十四 岁 美女 能 看 的 儿童剧 有 没有 有 胡荣华 新拍 的 大片 吗 搜搜 牛 犇 演 的 小 智英 全 能 主播雄 联盟 讲解 有 废 变形金 刚 领袖 之 证 第六 季 吗 查下 新 的 英剧 吧 搜索 最 热门 的 喜剧 有没 有 高分 的 时尚 历史剧 给 我 播 英语 的 说 唱 神童 有 没 有 不是 王东 的 日剧 搜搜 牛郎织 女 鹊桥相会 的 二十三 集 求 推荐 阳光 学园 有 没 有 些二十四 岁 宝贝 可以 看 的 悬疑剧 给 我 看新 的 球球 大作 战缘 宝解 说 吧 播放 八日 语名师 考前 辅导 十一 集 我 不 想 看方 子哥 的 给 我 找 颜葵 英雄 联盟 小 实验 的 十一 季 有 没 有 温玉娟 客串 的 直播 推荐 帮 我 找找 潘辰 的 正剧 有 明白 了 妈 第五 季 吗 给 我 找洪恩希 参加 的 识骨 寻踪 第十六 季 求 推荐 最 近 的 贾延龙 演出 的 剧 有 没 有 有 颜丹晨 参加 的 动漫 帮 我 找 找醉 美文山 的 二十九 季 播张 晞临 最 新拍 的 动作片 求 推荐 韩语 第二 届 新 东方 家庭 教育 高峰 论坛 搜搜季 芹拍 的 动画片 查找新 的 电视剧 有 哪些 日文 的 边缘 战士 给 我 播热门 的 青春片 有 没 有 有 陈秀环 出场 的 综艺 我 想 看看 二十七 黑龙江 公务员 考试 申论 真题 解析 第十四 季 二十二 集 我 不 想 看 韩语 的 求林 成敏 最 近拍 的 军旅剧 帮 我 找 流行 m v 小孩 能 看的 抗日剧 有 吗 给 我 播问 医 百科 之 面肌 痉挛 九 季 帮 我 找找 有 李洙赫 主演 的 纪录片 求 推荐 评价 好 的 美少 女 大片 有 没 有客 从 何处 来 第八 季 全网 的 二十三 季 推荐 不 看 有 近藤芳 正 的 我 要 看些 花亦图 说 的 第三 集 有 没有 有 牛飘演 的 科幻剧 播放 有 安娜 ·贝尔克耐普演 的 视频 给 我 看 侯乃文 编剧 的 剧集 吧 来 点 英文 的 母親 播放 邵美琪 最近 拍 的 电视剧 给 我 播初 中语 文语言 之 美 求 推荐 张骏平 编剧 的 历史剧 有 适合 老娃娃 看 的 宫廷剧 没有 播六 月 的 冢原卜传 不 看 谢雪心 编剧 的 有说 出 感谢 没有 搜索 石微 羽拍 的 电视 推荐 些 男孩 看 的 电影 给 我 找 张皓然演 的 外星 邻居 第二十九 季 老 汉子 能 看 的 正剧 有 吗 推荐 霍尔 查导演 的 儿童剧 推荐 黎姿 导演 的 电影 播放 热门军 旅剧 我 想 看 老公 看 你的 第十四 季 找些 姑娘 看 的 动画 观看 成龙 的 mv 超级 新闻场 推荐 谷村 美月 监制 的 网剧 搜搜 法语 的 王者 荣耀萌新 也 要 上 王者 有 没 有 晓说 二十八 的 第二十四 季 有 祝福 你 阿富汗 的 十季 没有 播放 评价 非常 好 的 悬疑 韩剧 有 没 有 不 是 国庆 监制 的 找找 西班牙文 的 综艺 节目 求 由 冯国强 导演 的 剧 我 想 看看 特工 皇妃楚 乔传 十一 集 仙仙 实况女 汉子 的 饥荒 世界 的 第二十一 季 没有 王渝文 出演 的 十 岁 娃娃 能 看懂 的 大片 有 没有 有 哪些 蛙闻 联播 十八季 推荐 粤语 木鱼 节日 活动 欢乐颂 帮 我 看看 有 没 有 金九拉 出演 的 电视剧 求伯蒂奇鲁芬 叶蓉 新拍 的 日剧 我 要 看 些 明星 伙伴 全 网 第四 季 第三 集 求 推荐 萨日 娜 导 的 军旅剧 放爆 笑岛 的 二十六 集 观看 柏青 的 儿童剧 找找 最 新 的 有顶天家族 适合 年轻 小孩 看 的 网络 剧有 没有 搜索 去年 的 陈伟 客串 的 日剧 有 甲斐田雪 的 不 看 有 没 有 不 是 英文 版 的 动画片 播放 六月 的 钟夫翔 出场 的 电视剧 要 看 一 部 兔兔儿 歌 八 集 来 点 张聪 出演 的 健康 就 好 适合 退休 汉子 看 的 武侠片 有 吗 有 蓝 又 时 的 宫廷剧 没有 播易车 吱道 十一 季 播迷 失青春 第二十四 集 有 没 有点 适合 小学 二年级 美女 看 的 剧集 查找 最 近 的 二十九 命运 观 看 最 热门 的 当代 电影 来 点最新 的 tvb我 想 看看 英文 的 剧场版 哆啦梦三 有 不 是 英文版 的 吗 想 看 上 个 月 的 千菅春香 出场 的 科幻剧 没有 有 卢奇 的 播放 二 战 经典 时刻 的 第十四 集 看看 矿蛙 使命 召唤 九 无尽 战争 的 九 季 找 这 部 三 到 四 岁 小孩 可以 看 的 农村剧 没有 金安歌 的 有 没 有 新 的 阿仁王者 荣耀 超神 之 路 推荐 高分 的 家族 搞笑片 有 热门 电视剧 吗 要 看点 高昊 的 喜剧 有 没 有 亲 宝学 汉字 人物 篇 的二十八 季 我 想 看 看有 张怡 美演 出 的 动漫 要 看点 叶峰 的 动画片 有 哪些 英文 版 雷锋 我 要 看点 刘红雨 的 电视剧 有 哪些 第九 章 会 计档 案 有 哪些热门片 来 点 第二十一 季 的 第一 集 我 想 看看 好看 视频 适合 二十 左右 学生 看 的 有 没 有 初级 职称 初级 实务 预科 知识 有 哪些 五 插件 系列 的 第五 集 有 没 有 雨昊宝 粥 我们 要 成为 恋爱 魔法师 的 第二 集 找周 一 围 演出 的 趣味 奥数数字 谜 高级 求好 看 的 美国 历史 频道 番剧 有 十六 重庆 公务员 考试 真题 解析 二十三 集 没有 要 看 一 部 国语 的 短片 播魔 幻陀螺 的 二十七 集 有 金惠 秀拍 的 军旅剧 没有 我 想 看金延 智拍 的 电视剧 想 看 国语 的 刺蝶 有 哪些 由 王尼玛 监制 的 情景剧 找些 适合 九 岁 男生 看 的 查下 面条 之 路 的 二十八 季 吧 不 要 曹凯拍 的 剧集 适合 十 岁 学生 看 的 广东话 大片 有 吗 查找 老戴 在 此 黑手党 二十九 剧 情流 程解 说 找找 去年 的 大片 有 英语 四六 级 阅读 与 翻译 二十六 季 没有 最 新 的 郭碧婷演 的 商战剧 没有 杨紫彤 的 有 哪些 案发 现场 第四 季 有 不 是 赵软祐 的 吗 观看 手游 木名 守望 之 城 十 连杀 根本 停 不 下来 第四 季 英文 的 不 看 有 不 是 日常 的 吗 搜搜 双语 的 微电影 有 高分 的 美剧 没有 查找 高分 的 财务 培训 视频 搜搜 最 新 的 手游 木名刀 僵尸 巨作 震撼 你 的 眼球 帮 我 找 热门 纪录片 放律 师情人 的 十一 集 给 我 看有 黄智雯 主演 的 美剧 吧 查找 国学 启蒙 的 八集 求 最 近 的 女神 创世纪 搜搜 小学生 该 懂 的 生理 知识 观看 艾摩 的 世界 第二十六 季 英文版 的 十九 集 搜索 冷门 的 生活 课堂军 旅剧 查下 杜旭东 主演 的 军 旅剧 吧 给我 看 双语 的 偶像剧 吧 播近 藤芳正 监制 的 纪录片 求 推荐 乐高幻 影忍者伏 魔传 的 二十九 集 播评价 好 的 动漫 找找 英雄 联盟 暴徒 生活 系列 给 我 播有 艺见 的 二十六 季 不 是 高圆圆 参加 的 大片 我 想 看 王智 参加 的 电视剧 有 村田 太志 的 不 要 推荐 由 陈庭 妮监制 的 剧集 七 到 八 岁小 朋友 可以 看 的 喜剧 有 吗 有 没有 大卫·克罗斯 出场 的 华尔兹 舞蹈 教程 推荐 找找 阿紫 玩具 八 季 播放 萤爱 的 二十三 季 想 看 这 几 年 的 高考语文 总复 习苏教版 有 没 有 上 小学 小孩 能 看懂 的 年代剧 看看 最 新 的 内山 昂辉 演出 的 剧集 有 没 有 李子 雄演 的 古装剧 推荐 帮 我 找找 近期 的 齐木楠雄 的 灾难 不 要 敏智 拍 的 搞笑片 看看 新 的 抗日剧 播红 槐花 十 集 我 不 想 看于盈 的 动作片 有 哪些 冷门 大片 有 流 行动漫 没有 不 看孙 大川 的 电视剧 想 看 玛丽·麦克科马克 演出 的 喜剧 求 推荐 西班 牙文 的 动漫 播黑 土地 黄 棉袄 第三 季 第二十 集 学生 能 看 的 悬疑 剧 有 没有 我 想看看 最近 的 刘芸 主演 的 剧 推荐 有 吴大奎 出演 的 动漫 适合 三 岁 男孩 看 的 商战剧 有 吗 有 没 有 流行 的 剧 推荐 找 卡哥 我 的 世界 奔跑 吧 兄弟 二十三 季 播 最 热门 的 角色 扮演 视频 播放 专题 一 周 明星 麻辣榜 十五 的 第三 集 播放 六月 的 网剧 播金 武烈 出演 的 王者 荣耀 萌新 也 要 上 王者 给 我 找 张倩如 出演 的 视云 纪录片 无奇 不 有 有 没 有 一 部 三 到 四 岁 学生 可以 看 的 日剧 我 要 看所 有 韩 君 婷主演 的 英剧 我 要 看 点 有 蔡康 永客 串 的 大片 求 推荐 热门 的 大 陆动 作片 看看 中文 的 守护 搜索 新西兰 之 旅 的 第十五 季 找点 适合 五 到 六 岁 娃娃 看 的 纪录片 求 推荐 暗战 废弃 的 三十 集 帮 我 找 热门 恐怖片 有 什么 戴军 拍 的 视频 推荐 吗 有华 莱士·肖恩 导演 的 动漫 没有 有 没有 最 好看 的 军政剧 情片 推荐 男人 看 的 动画片 有 没有 搜搜 最近 的 动漫 要 看点 人间 交叉点 二十二 集 查下 唱玩 剑桥 英语 第二十四 季 吧 帮 我 找 毕福剑 去 年拍 的 伦理片 推荐 一 部 适合 小学 四年级 娃娃 看 的喜剧 有 没 有 全部 适合 二十四 岁 女人 看 的 有 金子 玉拍 的 伦理片 没有 给我 看 最 新 的 有来 微视鼻 咽癌 吧 给 我 播 机械 巨无霸 的 二十六 季 有 没有 一 部 妹子 看 的 观看 今年 的 郝洋演 的 恐怖片 有 高级 教程 框架 二十九季 吗 有 没 有点 适合 老 宝贝 看 的 我 想 看 专题 女星 嫁给 谁 之 导演 篇 二十九 集 小孩 能 看 的 正剧 有 吗 没有 张洁 的 电影 帮 我 找 找 最 新 的 聪明 小 空空 查找 高曙光 客串 的 小组 赛组 巴西克罗地亚 播放 广东话 的 动漫 给 我 找 这 几 年 的 黑色 皮革 手册 给 我 看 历史 零时 差 的 二十八 集 吧 想 看 航拍 中国 的 第十五 季 给 我 看 英文版 的 大片 吧 我 想 看英 雄泪 的 第十五 集 给 我 播 二十五鹿特丹 自制 第十六 季十八集 我 要 看些 咨询 工程师 宏观 经济 政策 与 发展 精讲课 的 第一 集 有 托福考 试 听力 详解 的 第十四 集 吗 求 推荐 好看 的 电视 求 莫瑞娜·巴卡琳 的 mv 找 一 部 适合 五 岁 学生 看 的 求 埃米·罗森 参加 的 乌拉拉 夫妇 推荐 些 二十 左右 女人 能 看 的 武侠剧 查找 上 个 月 的 情景剧 我 想 看看 山东 卫视 四春晚 我 想 看由 魏兰柱 监制 的 剧集 要 看点 爆丸 小子 三十季 想 看 尚政 公考 公务员 考试 热点 解读 的 第二十四 季 播炉 石传 说 冰蓝 飞狐 第六 季 第三 集 有 陈宇秋 监制 的 电视剧 没有 看 热门 的 青春片 有 没 有 三 岁 男人 能 看 的 剧 我 想 看 家 有 六 子 的 第二十四 集 帮 我 找 英文 的 伦理片 我 想 看巾 帼枭雄 之义海 豪情 粤语 二十二季求 推荐 上 个 月 的 日剧 推荐 宋祖英演 的 电视剧 看人生 赢家 精选集 的 十八季 求 推荐 好看 的 年代 年代剧 搜索 诺珉 宇导 的 视频 适合 大班 菇 凉看 的 有 吗 我 想 看 佩佩猪 玩具 学堂 第十一 季 第四 集 我 想 看 热门 的 环保微 电影 有 没 有 步步 危机版 推荐 给 我 看酷 艾 英语 吧 不 看 涂松 岩导 的 没有 有 金海淑 的 我 想 看看 吕鑫 新拍 的 网剧 找 点 年轻 妹子 能 看 的 mv 找有 吴丹丹 出场 的 农村剧 有 不 是 齐中旸演 的 儿童剧 吗 来 点 黄桃 小报 的 十九 季 播放 感恩 父母 沙画 的 第十六 季 给 我 看 学警 狙击 的 二十七 季 吧 来点 宋新妮 演出 的 巴西 柔术 单挑无敌 有 哪些 精灵宝 可 梦 第四 季 播放 苏恩磁演 的 韩剧 有 没 有点 适合 三十二 岁 菇 凉看 的 视频 我 想 看 看新 的 动画片 给 我 看真 人 秀梦妮 与 你 周周见 第二十一 集 吧 看看 唐 爱国 导演 的 动画片 我 想 看看 小 小世界 历险 记八 集 没有 备孕期 的 看 奇迹 梦工厂 第二十四季 的 第十三 集 我 不 想 看 宗教 的 有 没 有些 男生 看 的 抗日剧 想 看 六月 的 马杰 客串 的 动画片 给 我 播 近期 的 农村剧 给 我 播 宠物 星球 的 第三 季 有 英文 的 罪案剧 没有 给 我 找 韩国 儿歌 二十二季求上 个 月 的 徐荣 演出 的 剧 求 预告片 第二 季 小镇 惊魂 黑暗 守护者 的 第十四 季 求李亦凡 深渊 日记 的 二十二 集 给 我 播女奴 的 十八 集 我 要 看王 志演 的 番剧 查下 米菲 第四 季 吧 我 要 看几 部精彩 番剧 想 看新 的 傅晶 主演 的 抗日剧 有 什么 华为 二十怎么 玩 都 型 推荐 吗 找 找 日文 的 直播 苗强 客串 的 宫廷剧 给 我 看评分 比较 高 的 大片 吧 有 没有 良家 妇女 二十八季 第二十四 集 有 没有 安在 模拍 的 爱情片 搜索 朱晓鹏 出场 的 我 是 召唤师 我 想 看 中国 文房 之 宝 有 没 有点 中 班 宝贝 可以 看 的 片 搜索 鬼神 童子 的 第一 集 我 想 看 最近 的 李艳冰 演出 的 古装片 想看 台湾 首任 巡抚 刘铭 传七 集 男人 看 的 言情剧 有 没有 播有 王慧 参加 的 科幻片 找找 卡哥 我 的 世界 火影 忍者 第二 季 有 没 有 刘令 飞监制 的 片 推荐 查找 韩语 分分钟 掌握 常用 日语 十五 句 生活 篇 我 不 想 看 赵利剑 的 言情剧 给 我 播有 蒋亚楠 客串 的 动画 找好 看 的剧 放航 海王 之 黄金城 游戏 剧场版 启航 的 二十七 季 播放 有 李成 烈演 的 纪录片 给 我 找 最近 的 朴璐 美演 的 动作片 看看 高分 的 法律 政治军 旅剧 我 想 看看 财神 传奇 九 集 有 哪些 张天其拍 的 剧 找 有 赵才 炫主演 的 电影 查下于 盈客 串 的 我 的 世界 扁桃蛋疼 爆笑 的 跑酷 实况 吧 不 要 时装 的 观看 黄杏秀 拍 的 电影 有 这 几 年 的 片 吗 推荐 淘宝 大学 主图 怎样 才 能 出彩 八 集 有什么 最近 的 剧场 版火 影忍者 十五羁绊推荐 吗 找 去年 的 权利 的 游戏 解说 全 想 看 十一 高考 真题 讲解 全国 卷语 文二十二 集 有 哪些 最 新 的 苏芳瑜演 的 动漫 有 哪些 吉欧夫·斯图兹 导演 的 片 适合 小学 二年级 娃娃 看 的 广东 话动 作片 有 吗 帮 我 找 找有 建国 参加 的 电影 帮 我 找 崔兰 编剧 的 网剧 有 哪些 新 的 文化 珠江 查找 六月 的 大桥 彩香 出场 的 搞笑片 推荐 几 部 今年 的 王淑君 出场 的 微电影 有 哪些 史上 最 适合 初学者 入门 的 基础 十一 集 不 是 卞贞秀拍 的 剧 有 没 有 韩语 的 丹佛 最后 的 恐龙 给 我 看 建筑 讲座 及 培训 二十五 集 吧 推荐 娃娃 能 看 的 大片 有 高分 的 儿童剧 吗 有 梁镜珂 最 新 的 动作片 没有 放 第一 健康 的 第十五 集 不 要来 喜拍 的 武侠片 播日文 玫瑰色 的 人生 有 没有 这 几 年 的 吴宗宪 参与 的 综艺 推荐 求 推荐 牛奶 与 丽丽 第一 季 二十六 集 真人 的 不 要 播 韩语 的 正剧 想 看 洛小天 我 的 世界 合集 第十六 季 第四 集 搜索 由 王东华 编剧 的 武侠片 有 哪些 刘立 最 新 拍 的 罪案剧 播放 高级 教程 开发 的 九 季 没有 杨烁 出场 的 有 德语 的 科幻剧 吗 我 想 看 新 的 曾 华倩 出场 的 剧情片 帮 我 找 最 新 的 米菲 第四 季 找找 吴健参与 的 家庭剧 看 英语 的 小 握解 说 魔都 怪谈 恐怖 小 故事 系列 上小学 娃娃 可以 看 的 动画片 有 吗 帮 我 找 罗湘 晋拍 的 伦理剧 想 看 绝世 双骄 第十五 集 有 哪些 金尚浩演 的 我们 文人 的 普洱茶 老班 章王 上 小学 小孩 能 看懂 的 电影 有 没有 放古代 死亡 线索 第十三 集 观看 桃子 我 的 世界 神奇 宝贝 橙色 大乱斗三十 季 有 刑警 二人组 二十五 季 吗 我 想 看 广东 话 小贤菌 我 的 世界 幸运 方块 神奇宝贝 查找管 艺拍 的 宫廷剧 推荐 这 部 杨志刚 的 罪案剧 小孩 能 看 的 科幻片 有 吗 有 爆笑梁 山泊 的 第一 集 没有 我 要 看新 的 正剧 放 跳跃 吧 菜鸟 第十四 季 给 我 找 学警 狙击 我 要 看点 姜敏京 演 的 动作片 有 哪些 李梦颖 参与 的 足球 荣耀 适合 十八 岁 小孩 看 的 有 吗 给 我 看 李安 参加 的 剧 吧 看有 德井青空 参与 的 剧集 想 看 中国 金丝猴 部落 的 二十九 集 帮 我找 国语 的 古装剧 观看 血战 长空 首映 礼 第四 集 放吉 濑美 智子 参加 的 综艺 看 热门 的 校园 年代剧 梁波罗 最 新拍 的 电视剧 有 破天荒 游戏 第十四季 没有 求 推荐 索菲亚 游戏 集合 的 第十六 季 林青霞秦汉 共同 出演 的 电影 和 电视剧 都 有 哪些 有什么 好看 的 盗墓 埃及 金字塔 那 种 电影 有 没 有 类似 少儿 不 宜 这 类 的 电影 有 什么 经典 超 震撼 的 穿越 类型 电影 angelbaby 演过 的 电影 电视剧 都 有 哪些 求 电影 老签 的 资源 韩国 最 新 灾难 电影 潘多拉 有 一 个 大 眼睛 的 仙草 是 什么 电影 葛优宋丹丹郑凯白 百何 李小璐演 的 电影 是 什么 求 一 部 西班牙 电影 丹泽尔 华盛顿 主演 的 电影 和 黑帮 枪战 2014年 angelababy 出演 的 电影 有 哪些 最近 上映 的 好看 的 电影 有 哪些 世界 最早 电影 电影 外国 电影 几 个 人 在 那 藏 一 张 牌 这 只 兔子 是 哪 部 电影 郭富城 变烂 赌客 的 电影 有 部 电影 里 一 个 女人 跨下 和 胸部 都 装 了枪 是 什么 电影 红军 长征 电影 有 哪些 最 新 2016 国 内动 作 电影 有 哪些 电影 台词 把 屌炮 给 我 是 什么 电影 美国 一 部 监狱 的 电影 里面 有 个 黑人 叫 大雷蒙 电影 青禾 男 高 什么 时候 上映 9月 5号 有 什么 电影 上映 电影 心理罪 李易峰版 什么 时候 上映 有 一 个 电影 里面 有 一 个 弓叫 伊庇鲁斯弓 杨洋 参与 的 电视剧 或 电影 有 哪些 求 寄生兽 电影 上 下 两 部 求 斯嘉丽 主演 的 电影 唐璜 欢乐 好 声音 电影 拐卖 儿童 有 那些 电影 韩国 电影 向 日 葵 周星驰 和 雷宇扬 玩 骰子 的 电影 求 韩国 电影 流感 彭于晏 有 个 和 女人 在 飞机 斗嘴 的 电影 是 啥 电影 里面 有 个 可 萌 的 白兔子 是 什么 电影 有 没 有 陈冲 主演 的 les 电影 面子 吴京 主演 骆天 红 什么 电影 宝强 的 电影 吗 小马 宝莉 大 电影二 的 英文 版 刘青云 扮 演雷 大牛 的 电影 叫 什么 求 百度 隐形 狂人 电影 电影 蓝 是 最 温暖 的 颜色 求 电影 大 空头 百度云 彭于晏 与 张子函 合作 的 电影 求 美国 电影 早熟 百度云 求 电影 泰迪熊 1 和 2 电影 女 主角 叫 斯特丝 是 什么 电影 钟汉良 唐嫣 李敏镐 主演 的 什么 电影 大梦西 游 电影 刘德 华演 百万 富翁 电影 欧美 有 部 电影 里 面有 精灵 矮人 有 一 部电影 一 只 手 被 怪物 占 了 电影 釜 山行 英文 日本 的 关于 幼儿园 的 电影 有 哪些 mc 天佑 最 近拍 的 电影 叫 什么 名字 梁朝伟 饰演 的 风水师 是 部 什么 电影 蓝淋 的 不 可 抗力 电影 彭于 晏升 做头等舱 那 个 电影 叫 什么 电影 大风 投有 没 有 周星 驰演 老师 的 电影 叫 什么 求 愤怒 的 小鸟 大 电影 高清 国语 最 好 了 求 三 打 白骨 精电 影完整 的 百度云盘 哪 部 外国 电影 中 有 光明 神 电影 里 有 个 叫 李文俊 和 思桐 二战 犹太 人 电影 求 安妮 海瑟薇 主演 的 电影 糊涂 侦探 的 电影 双头 怪物 入侵 人类 的 电影 叫 什么 倪妮魏晨 彭于晏 的 电影 叫 什么 黄渤 电视剧 卖糖 的 电影 美国 电影 女 主人 公叫 阿哈娜有 部 电影 全 世界 人梦 到 同 一 个 人 求 丧尸 电影 黑 人 用 武术 打到 一 个 拳手 电影 这 是 什么 电影 有 个 人物 叫 甘道夫 海洋 之 星 电影 上映 了 吗 野孩 子电影 高清 中字 百度云 金三角 有 军队 电影 周星驰 电影 刘德华 早期 电影 mbi 影视 公司 都 有 哪些 作品 啊 金刚 与 梁烈 唯拍 过 的 电影 安吉丽娜 茱莉演 的 电影 用 黑内裤 蒙 住 摄像头 的 电影 阿米尔 汗演 了 哪些 电影 适合 儿童 看 的 励志 电影 2016 中 秋节 有 哪些 上映 的 电影 邓超 刘诗诗 彭于晏 将 要 一起 拍 什么 电影 郑中 基林 雪雷宇杨杜 文泽 合作 过 既 电影 叫 什么 名 范中举 是 哪 部 电影 上 的 这 电影 叫 什么 名字 俄罗斯 的 哪 部 电视剧 有 叫 喜乐 和 季丽莎 在 哪 找到 热播 电视剧 全集 有 一 部 电视剧 男主角 叫 展望 电视剧 里 面有 叫童心 有 叫 袁 老师 的 是 什么 电视 李雪健 都 演 过 什么 电视剧 哪 部 电视剧 有 叫 刘飞燕 的 李沁 演过 的 电视剧 有 哪些 哪 部 电视剧 里 有 乔天宇 任重 在 2016 演过 所有 电视剧 有 一 部 电视剧 有 小明 的 是 什么 chompooaraya 有 哪些 电视剧 叶三 天 是 什么 电视剧 电视剧 中 有 春生 贝贝 叫 什么 电视剧 叫 应辉 的 什么 电视剧 有 个 电视剧 有 个 人物 叫 长清 有 个 叫 佳慧 有 一 部 电视剧 主角 叫 羽皇 宋扬 是 什么 电视剧 2016年 暑假 有 什么 好看 的 电视剧 宋仲基 出演过 哪些 电视剧 林志玲演 的 电视剧 有 哪些 米热 与 迪丽 热巴 演过 的 电视剧 哪 部 电视剧 里 有 主角 叫 张赫明 有 什么 电视剧 好 看像 好 先生 这 类型 的 有助于 六 岁 孩子 学习 的 电视剧 有 哪些 有 部 电视剧 和 幻城 差 不多 的 叫 什么 名字 绝世 宠妃 电视剧 国民党 和 共产党 打战 的 电视剧 电视剧 里 演姚 小贝 的 电视剧 是 什么 张翰 郑爽 一起 出演 的 电视剧 有 哪些 近播 电视剧 寒山 令 在 哪 个 台 美国 末日 灾难 题材 电视剧 小时候 的 古装 电视剧 每 几 集 一 个 故事 特种 兵里 有 个 小孩 叫 蓝妞 是 哪部 电视剧 那 部 电视剧 里面 的 男主 角演 保安叫 国梁 的 女人 的 苦 你 知道 多少 是 那部 电视剧 的 歌 武动 乾坤 电视剧 什么 时候 上映 湖南台 李佳 航主 演林总 是 哪 部剧 郑爽 杨洋 一起演 的 电视剧 有 哪些 一 个 女人 娶 了 30多 个 老公 电视剧名 电视剧 战争 tf 的 电视剧 或 电影 胡菱恩 演过 哪些 电视剧 薛之 谦演 过 哪些 电视剧 葛优躺 来自 哪 个 电影 还是 哪 个 电视剧 孙则 成是 什么 电视剧 乔任梁 和 何润东 演过 的 电视剧 机器 人演 的 电视剧 有 哪些 电视 连续剧 因为 爱上 你 电视剧 养活 一 个 孩子 怎么 那么 难 最近 有 个 新出 的 电视剧 叫 什么 法医 泰朋主要 是 谁 啊 一 名 女士 买 迈巴赫 的 车 这 部 电视剧 国内 最 长 电视剧 求琅 琊 榜 电视剧 全 集要 百度 云盘 的 在线 等 急 有 一 个 电视剧 里面 男演 员演 郭震 的 总监 刘涛演 的 哪部 电视剧 叫 金娜 电视剧 里面 有 个 叫顾 里 的 是 什么 电视剧 高以翔 主演 那些 都市 言情剧 电视剧 红星照 耀 中国 20152016 好看 的 电视剧 电影 有 哪些 20152016 好看 的 电视剧 求 类似 那 年 青春 我们 正好 的 电视剧 或 电影 谢谢 李易峰 赵丽颖 合作 的 电视剧 陈建斌 主演 警察 的 电视剧在 哪里 可以 看 我们 的 爱 电视剧 全集 关晓 彤演 的 电视剧 中 哪 一 个 叫做 林夏 湖南 卫视 播过 的 所有 电视剧 郑恺 演过 的 电视剧 有 哪些 哪 部 电视剧 里 有 个 人物 叫 蜘蛛蟹 微微 一 笑 很 倾城 电视剧 29 集 刘涛 拐卖 儿童 的 电影 陈赫 演过 哪些 电视剧 给 我 推荐 几 部 吴优主演 的 电视剧 楚乔 传 电视剧 杜源 刘莉莉 合演 的 电视剧 哪 个 综艺 节目 小鲜肉 多 got7 参加 的 所有 中国 综艺 节目 包括 访谈 2016 江苏 卫视 的 综艺 节目 有 哪些 张云龙 参加 过 那些 综艺 节目 井柏然 参加 过 哪些 综艺 陈妍希 上 过 那些 综艺 节目 韩国 的 一 个 综艺 节目 是 跟 中国 的 放开 我北 鼻 一样 的 叫 什么 京东 冠名 的 综艺 节目 有 哪些 出道 至今 张 靓颖 参加 的 综艺 节目 都 有 哪些 综艺 节目 中国 有 猎人 的 哪 个 综艺节 目叫 什么 目前 有 哪些 好看 的 喜剧 类 综艺 节目 找 一 个 美国 的 综艺 节目 贾玲 上过 哪些 综艺 节目 我 想 知道 王嘉尔 到 目前 为止 在 中国 参加 过 或 主持 过 的 综艺 王源 都 上过 哪些 综艺 节目 wuli咕咕 是 哪 个 综艺 节目 tfboys 演 过 什么 综艺 节目 2016年 有 猎人 的 综艺 是 什么 一 款 中国 综艺 节目 是 考老 外汉语 的 中国 式关 系 演员 上 综艺 节目 sm 公司 中exo 参加 的 综艺 节目 谁 能 推荐 几 部 好看 的 中 韩 合作 综艺 谢谢 有什么 综艺 节目 是 中 韩 明星 合拍 的 比如 作战 吧 偶像 黄晓明 和 angelababy 综艺 节目 有 哪些 范冰 冰亮 相 日本 综艺 节目 是 什么 节目 迪丽热巴 参加 过 的 所有 综艺 节目 是 综艺 不 是 电视 吴亦凡 最近 参加 什么 综艺 节目 了 白百何 和 赵丽颖 参加 的 综艺 是 哪 个 exo新 的 综艺 节目 是 什么 gd 综艺 节目 2017 参加 的 综艺 节目 有 哪些 魏晨 参加 过得 所有 综艺 节目 林更新 和 张静 初上 的 是 什么 综艺 节目 吴亦凡 freestyle 是 什么 综艺 节目 孙杨 2016 参加 的 所有 综艺 节目 刘涛 贾玲 李晨 最 近 的 综艺 节目 求 赵丽颖 和 陈伟霆 参加 的 全部 综艺 节目 求 薜 之谦 2016年 所有 综艺 极速 前进 第3 季 综艺 什么 时 候播 有 华 晨宇 镜头 的 综艺 节目 snh48 黄婷婷 参加 过 哪些 综艺 节目 exo 参加 过 的 韩国 综艺 节 目有 哪些 李亚鹏 黄子韬 小 沈阳 等 明星 一 起演 的 那个 综艺 节目 陈赫 当出租车 司机 是 什么 综艺 节目 韩国 god 前辈 综艺 跳ioi 的 舞 是 哪 个 综艺 节目 国学 文化 类 综艺 节目 有 哪些 李金铭 和 孙艺洲 参加 过 什么 综艺 节目 出现 傅园慧 的 日本 综艺节 目叫 什么 汪涵 跟 撒 贝宁 主持 一 个 综艺 节目 一 个 男 的 用湖 南话 求张 艺兴 参加 过 的 所有 节目 包括 和 其他 人 一起 的 山东 综艺台 今晚 怎样 抢 红包 刘昊然 和 谭松韵 一起 参加 过 什么 综艺 节目 民咕咕 是 什么 节目 王祖蓝 进 女生 宿舍 宿管 阿姨 差点 报警 是 什么 综艺 节目 王宝强 和 马蓉 参加 的 这 个 是 什么 节目 哪 一 期 2017年 周二 有 什么 好看 的 综艺 节目 2016 星期 五 晚上 有 什么 综艺 节目 simond 和 gray 一起 参加 过 的 综艺 有 什么 李晨 和 岳云鹏 相声 是 哪 个 综艺 节目 安徽 卫视 2016 综艺 节目 有 哪些 杨幂 最近 参加 的 军人 综艺 节目 叫 什么 2017 周日 晚上 有 什么 综艺 节目 周日 晚上 有 什么 综艺 节目 江苏 卫视 2016 有 什么 综艺 节目 防弹 少年团 2016 回归 参加 的 综艺 艾玛·沃特森 上 过 哪些 综艺 runningman 综艺 玩 恐怖箱 是 哪一 集 2016年 音乐类 综艺 节目 有 哪些 sjm 参加 过 哪些 中国 的 综艺节目 2017年 春节 初五 有 哪些 综艺 节目 吴亦凡 给 范冰冰 打 电话 综艺 求林心如 煮饭 的 综艺 节目 里面 有 何炅 汪东 城 王子文 2016年 参加 过 哪些 综艺 节目 中 韩 明星 一起 参加 的 综艺 多 一 点 2017 星期 六 有 什么 好看 的 综艺 节目 星期 六 有 什么 好看 的 综艺 节目 btob 在 中国 有 哪些 综艺 有 一 个 郭德纲问 问题 岳云鹏 回答 的 综艺 叫 什么 啊 2017年 tfboys 最 近 拍 的 综艺 节目 王凯 参加 了 哪些 综艺 节目 薛 之 谦参 加过 的 综艺 节目 有 哪些 黄磊 何炅 谢娜 赵丽颖 一起 上 的 是 什么 综艺 尹 正 上过 什么 综艺 节目 沈腾 和 林志玲 合拍 的 什么 综艺 节目 吴亦凡 和 吴磊 参加 了 什么 综艺 节目 求好 看 的 综艺 节目 韩国 综艺 跳 节奏 加速 后 的 舞蹈 的 综艺 节目 这 是 什么 综艺 江苏 卫视 的 有 exo华 晨宇阿兰 鞠婧祎 参加 哪些 综艺 节目 广东 卫视 有 哪些 综艺 节目 赵雅芝 莫 文蔚 最 近 参加 的 湖南台 的 什么 节目 撒 贝宁 cos 王凯 是 哪 个 综艺 黄晓明 参加 的 搞笑 综艺 节目 薛 之 谦抱 着 一 只 羊 是 什么 综艺 薛之 谦上 过 的 所有 综艺 2016 中国 好看 的 综艺 节目 有 哪些 刘翔cos 美 少女 战士 的 是 哪 个 节目 江苏 卫视 综艺 节目猜会 唱歌 的 白敬亭 参加 的 综艺节 目有 哪些 王俊 凯景 甜 参加 的 综艺 节目 叫 什么 金星 和 她 老公 参加 的 真人 秀 节目 是 什么 啊 韩国 一 档 综艺 节目 逆天 化妆 整容 是 什么 节目 啊 权志 龙上 了 什么 综艺 节目 2016 黄晓 明薛 之 谦岳 云鹏 是 哪 个 综艺 节目 郭俊辰 演过 的 电影 综艺 节目 等 等 陈乔恩 上过 的 真人 秀节 目有 哪些 2016 综艺 节目 周日 晚上 王宝强 在 浙江 卫视 给 他 妈妈 做饭 的 节目 叫 什么 有 一 个 节目 是 中国 和 韩国 拳击 的 沈梦辰 参加 的 综艺 节目 2016年 有 哪些 歌 唱型 综艺 节目 浙江 卫视 tf 和 跑男 的 呢 个 综艺 节目 叫 啥 易烊千玺 和 妈妈 上 了 什么 综艺 节目 台湾 年轻人 现 在 喜欢 看 哪些 综艺 2016李晨 和 范冰冰 一起 参加 的 综艺 节目 叫 什么 段宜恩 抓鬼 是 哪 个 综艺 释小松 都 参加 过 哪些 综艺 节目 英国 有 哪些 旅行 真 人 秀 综艺 节目 李胜贤 参加 了 什么 综艺 节目 景甜 跟 苏 有 朋 参加 的 综艺 节目 叫 什么 浙江 卫视 近期 tfboys 综艺 吴亦凡 和 爵迹 剧组 一起 上 了 哪 个 节目 金钟国 综艺 三 个 女孩 唱 他 的 歌 王嘉尔许 英智 参加 的 综艺 节目 有 哪些 老外 江南 皮革厂 什么 综艺 节目 中国 明星 男女 恋爱 综艺 有 什么 二 次 元 大 作战 综艺 节目 在 哪里 看 我 想 看 羽毛球 教学 视频 有 没 有 处理 小 黄鱼 的 视频 有 没有 健身操 的 视频 有 没 有 健身 的 教学 视频 推荐 挠脚心 视频 想 看 俄语 学习 视频 给 我 看 气氛 比较 恐怖 的 电影 帮 我 找些 比较 浪漫 的 电影 有 没 有 炉石 的 教学 视频 想 看 最 新 一 集 的 鬼吹灯 评分 最 高 的 英文 动画 推荐 一 点 英文儿 歌 吧 有 没 有 适合 小孩 看 的 动画 有 没 有 适合 小学生 看 的 电影 综艺 节目 中 假 唱 辨别 谁 是 真的 的 歌手 韩国 综艺 exo 张 艺兴 说 侏 罗纪 有 王嘉尔 有 王凯 有 白敬亭 是 什么 综艺 韩国 综艺 节目 超人 回来 了 20161225 期 第53 分钟 有 一 部 描写 酒店 管理 的 美剧 叫 什么 有 哪些 美剧 主角 是 有 超 能力 且 发生 在 学校 里 的 2016年 有 什么 好看 的 美剧 上映 求 欧美 儿童 主演 电影 或 美剧 求 美剧 无耻 之 徒 看 美剧 生活 大 爆炸 有什么 法 医类 的 美剧 好看 推荐 一 部 跟 生活 大 爆炸 一样 好笑 的 美剧 跪求 美剧 蛇蝎美 人 推荐 几 部 像 生活 大 爆炸 一样 的 搞笑 美剧 有气 垫船 出现 的 电影 或 美剧 美剧 讲述 一 个 罪犯 代替 做 警察 美剧 黑白道 有 第二 季么 介绍 好看 的 美剧 或 电影 求 推荐 情节 紧凑好看 的 美剧 关于 犯罪 或 测谎 的 美剧 有 没 有 适合 学习 英语 的 美剧 啊 推荐 几 部 好看 的 迪士尼 动画片 越 多 越 好 4 岁 儿童看 的 动画片 有 哪些 三 只 熊 是 什么 动画片 2008 至 2010少儿 频道 播过 的 所有 动画片 求 90后 的 一 部 动画片 最 新 的 动画 电影 有 哪些 蕾姆 是 什么 动画片 的 有 一 部 动画片 里 有 一 个 小男孩 叫 金阳 求 一 个 有 一 头 熊叫 贝贝 的 动画片 关于 当兵 的 中国 动画片 有什么 动画片 适合 10 岁 小女孩 看 三 岁 男孩 应该 看 什么 动画片 中东 或西亚 有 哪些 有名 的 动画片 关于 蚂蚁 机甲 的 动画片 关于 撒旦 之 子 的 日本 动画 电影 有 哪些 以动物 为 主角 的 动画 电影 迪斯尼 第一 部 有 声 动画 是 什么 以 鹿为 主角 的 迪斯尼 经典 动画片 看 包 龙星 被 打 的 电影 有 没 有 得星云奖 的 科幻片 我 的 前半生 第一 集 系 鞋 带 之 爱心 结 视频 教程 谁 知道 这 是 什么 动漫 这 是 什么 动漫 动漫 海滩 背景 没有 人 的 那 种 有 个 人 叫蕾姆 日本 动漫 是 什么 身体 互换 的 动漫 有 哪些 主角 男 变女 的 动漫 或 动画 校园 恋爱 喜剧 动漫 推荐 男多 女少 的 恋爱 动漫 适合 10 到 12 岁 看 的 动画片 有 哪些 推荐 和 我 的 妹妹 不 可能 那么 可爱 类似 的 日本 动漫 东京 喰种 动漫 现在 哪里 可以 看 校园 后宫 日本 动漫 排名 男主 高冷 且 很 强 的 动漫 4 岁 儿童 看 的 动画片 有 哪些 恋爱性 后宫 动漫 2013到2016 的 动画片 钢蹦 大王 的 电视 名字 叫 什么 5 岁 男孩 看 什么 动画片 国内 什么 漫画 讲 的 是 一 个 女 老师 带高三 最 差 的 班 bilibili 软件 里 有 哪些 比 较 污 的 动漫 推荐 点 比较 污 的 动漫 求 推荐 一些 好看 的 热血 动漫 成人 武侠 动画 连续剧 有 哪些 像 魔鬼恋 人 一样 的 日本 动漫 或 像 初恋怪 兽样 的 日本 动漫 求 动漫 不 正经 的 魔法 讲师 极乐 净土 这 首 歌曲 哪 部 动 漫里 有 呀 还 有 什么 像 恶魔 高校 这样 的 后宫动漫 呢 我 太 受 欢迎 了 该 怎么办 动画 什么 时候 更新 日本 动漫 死神 国语版 在 那里 才 能 看 谁 能 推荐 一些 跟 秦时 明月 类似 的 动漫 类似于 赤凰 传奇 的 漫画 有 月字 的 动漫 侦探 动漫 有 什么 好看 的 小姐 可以 帮 我生 个 孩子 出自 那 部 动漫 有 一 本 漫画 男主 叫 季辰 工藤 大 丈制 作 过 什么 动漫 武器 叫才牙 的 动画片 是 什么 有 什么 性 转变 的 动漫 2016年 10月 新番 动漫 动漫 重返 十七 岁 百度云 谢谢 最近 有 什么 动漫 好看 呀 人身 马面 是 什么 动画片 三 岁 男孩 应该 看 什么 动画片 播放 熊出 没 下 一 个 动画片 有 一个 男孩 很 喜欢 吃 是 什么 动漫 近年 来 比较 热门 的 动漫 精灵宝 可 梦 第二 季 动画片 目录 三 时 三 餐 看 的 什么 漫画 腾讯 出品 的 动漫 有 哪些 动漫 男生 团体 偶像剧 中央 电视台 的 动画片 有 哪些 和 relife 同类 的 动漫 主角 又 帅 又 厉害 的 动漫 推荐 几 部 近 几 年 好看 的 外国 大片 要 欧美 大片 好看 的 科幻 大片 求 推荐 好 看 的 美国 大片 少见 一点 的 17年 6月份 有 什么 美国 大片 推荐 几 部 最 新出 的 国外 大片 科幻片 2016年 年底 电影 大片 有 哪些 最好 看 最 经典 的 美国 大片 有 哪些 美国 好莱坞 2016 的 大片 有 哪些 美国 大片 用 一 枚 导弹 解决 一 名 狙击手 是 什么 电影 我 想 看 美国 大片 有 推荐 的 吗 求 一些 都 市 电影 动作 电影 搞笑 的 科幻 的 美国 2017年度 灾难 大片 即将 上映 的 有 哪些 推荐 几 部 好看 的 电影 要 科幻 大片 有 哪些 好 的 二 战 影片 一 部 堪称 年度 神作 的 火爆 大片 叫 什么 名字 2016 好莱坞 大片 有 哪些 最 火 有 什么 好看 的 美国 大片 推荐 几 部 美国 电影 有 哪些 动作 科幻 片子 是 女模 特演 的 美国 大片 二 战 男主 是 军医 现在 有 什么 好看 的 大片 angelababy 演 了 哪些 古装剧 2016年 好看 的 古装 电视剧 有 哪些 求 古装 三点 全露 电影 有什么 很色 的 古装 电影 1980 至 2005 古装 电视剧 七 年 前 播出 的 所有 古装 电视剧 求 推荐 几 个 经典 好看 的 古装宫斗 电视剧 有 个 叫 李静忠 的 古装 电视剧 叫 什么 名字 古装 电视剧 一 个 女主 古装 叫 丑女 若 水 后 来变 漂亮 的 电视剧 唐嫣 最近 演过 什么 电视剧 古装剧 古装 电视剧 女 主角 师傅 叫 东林子 很早 以前 看 得 电视剧 孙红雷 电视剧 古装 春秋 古装 武侠 电视剧 有 那些 有 好看 的 古装 电影 推荐 一下 吗 2017 最 好看 的 古装片 洪金 宝演 的 古装 电影 有 哪些 国产 良心 古装 电影 或者 电视剧 值得 细细 品味 有 一 个 古装 电视剧 里面 一 个 人 叫 潘金莲 18 年 前 林心 如拍 的 古装 电视剧 一 部 电影 国内 的 是 古装剧 比较 恐怖 已经 很 老 内地 搞笑 喜剧 古装 电影 小时候 的 古装 电视剧 每 几 集 一 个 故事 古装 电视剧 中 是 宋朝 的 有 哪些 2016 韩国 古装剧 2016年 赵丽颖 的 古装 戏演 的 有 那些 古装剧 一 个 皇帝 强奸 了 给 娘娘 洗澡 的 宫女 里面 有 天下 第一 带刀 侍卫 的 古装 电视剧 是 什么 乐视剧 古装剧 有 哪些 赵 又 廷演 过 哪些 古装 仙侠片 找 一 部 邵氏 古装 武侠片 韩国 好看 的 古装 独幕剧 有 一 部 古装 电视剧 有 绿珠 的 是 什么 剧名 微微 一 笑 很 倾城 电视剧 杨洋 古装 造型 是 哪 一 集 2016年 赵丽颖 的 古装 戏演 的 有 那些 古装 电视剧 弱女子 一剑刺 死别人 最 新 播出 的 古装剧 有 哪些 哪部 古装 电视剧 小孩生 下来 是 个肉球 2016年 搞笑 的 古装 电影 有 哪些 李子雄 和 张学友 一起 演过 的 古装片 电影 求 推荐 近 几 年 好看 的 国产 古装历史 偶像剧 比如 长歌 古装 韩剧 皇帝 跳现 代舞 周星驰 演过 的 古装 电影 有 哪些 有什么 好看 的 古装 电视剧 最近 有 什么 好看 的 玄幻 古装 电视剧 好看 的 古装 动漫 古装 电视剧 现在 有 什么 好看 的 韩国 古装剧 啊 有 没有 很 虐 的 古装 电视剧 港台 的 古装 电视剧 有 哪些 赵丽颖 和 林更新 演过 哪些 古装 电视 连续剧 有 一 部 古装 盗墓 奸尸片 林心 如 饰演 与 还 珠格格 同年 播出 的 早期 古装 电视剧 鹿晗 拍 的 古装戏 叫 什么 名字 最近 爱奇艺上 有 哪些 热门 古装 电视剧 有什么 新拍 的 古装 电视剧 最 近 一年 里 的 80年代 古装 破案 电视剧 类似 锦绣 未 央 的 古装 电视剧 还 有 哪些 周迅 2017年 的 古装剧 什么 时候 播出 杨幂 在 哪部 古装 电影 里 演 反派 老电 影 古装 有 一 个 蒙面人 拿 了 把伞 作武器 功夫 很 高 有关 古装 的 电影 奔跑 吧 兄弟 哪 一 季 哪 一期 是 杨幂 参加 的 杨幂 凭 哪 部剧 拿下 了 人生 第一 个 国际 影后 金星 杨幂 邓超 女装 跳热 辣舞 是 什么 综艺 节目 杨幂 演过 一 部 空姐 的 电视剧 是 什么 杨幂 的 第一 部 作品 是 什么 杨幂 饰演 郭襄 是 哪 个 版本 的 神雕 侠侣 天天 向上 有 杨幂 的 那 一 期 郑太 顺牌技 教学 视频 有什么 好听 的 歌 好听 的 歌 好听 的 歌 有 哪些 新歌 歌词 里 带 时候 的 歌 好听 的 歌曲 要 很多 快手 的 热门 歌曲 都 有 哪些 歌词 有 我 曾经 的 歌 推荐 几 个 好听 的 歌 好唱 又 好听 的 歌 有什么 好听 的 歌 有 什么 好听 的 歌 最 新 好听 的 歌 有 什么 给 我 介绍 几 个 比 较 好听 的 歌 但 不 要 现在 大街 上 放 的 现在 比较 好听 的 歌曲 今年 有 哪些 好听 的 歌曲 现在 好听 的 歌曲 是 she 好听 的 歌 有 哪些 好听 的 歌 最 好 听 的 歌 有 什么 好听 的 歌 好听 的 歌 你们 觉得 好听 的 歌曲 有 什么 好听 的 歌 没 有 好听 的 歌 有 什么 好听 的 歌 歌曲 现在 有 什么 好听 的 歌 有 哪些 听 着 快乐 又 好听 的 中文 歌 有好 听 的 歌 没 歌词 千万里 的 歌 是 什么 好听 的 歌 有什么 好听 的 歌 有什么 好听 的 歌 好听 的 歌曲 林忆莲 经典 歌曲 有 没 有 好听 的 歌 有什么 好听 的 歌 歌曲 近期 好听 的 歌曲 有什么 好听 的 歌 歌曲 歌词 里 有 抓住 我 的 歌 有什么 好听 的 歌 介绍 介绍 有什么 歌好 听 的 关于 好听 的 歌曲 有 哪些 有 哪些 好听 的 民俗 歌曲 呀 呀 呀 呀 是 什么 歌 的 歌词 这 是 什么 电影 的 歌 有 哪些 好听 的 歌曲 求 双程 电影里 的 歌 推荐 老歌 好听 的 谢谢 最近 的 有 没有 新 歌 比较 流行 的 好听 的 歌词 带 春夏 秋冬 的 歌 有 哪些 好听 的 公益 歌曲 有 哪些 有什么 好听 的 歌曲 卡拉ok 必 点 歌曲 好 听 的 有 哪些 有 什么 经典 老歌 好听 的 欢乐 喜剧人 蒋欣常 远唱 的 什么 歌 双程 电影 里 主角 在 一起 听 的 歌 叫 什么 名字 歌曲 相似 的 最近 有 什么 新歌 好听 的 好听 的 韩语 歌推荐 有 哪些 中 文歌 的 歌词 很 诗意 很 有 意境 有 什么 好 听 的 歌曲 推荐 吗 求类 似于 断情笔 一 人 饮酒 醉 之 类 的 歌 歌名 里 有 如果 的 歌曲 最近 有 什么 好听 的 歌曲 搞笑 的 歌曲 乔羽 作词 的 歌曲 有 哪些 的 的 的 的 得 的 的 得 的的 是 什么 歌 的 歌词 粤语 经典 歌曲 歌词 有 朝阳 里 的 歌词 有 太 多 太 多 的 有 哪些 歌 中国 最 好听 的 歌曲 好听 的 中文 歌 好听 歌曲 2017 有 没 有 好听 的 歌曲 好听 的 新歌 求助 介绍 好听 的 歌曲 这 部 视频 里 的 歌曲 关于 校园 的 歌曲 关于 自信 的 歌曲 微微 一 笑 很 倾城里 出现 过 的 所有 歌曲 有 什么 好听 的 新 歌 啊 我 的 同桌 是 极 品 中 的 王元 鹅唱 的 歌叫 什么 名字 80年代 的 经典 歌曲 我 我 我 是 什么 歌 的 歌词 谁 知道 这 个 小 视频 里 的 歌曲 欢乐 喜剧人 里 蒋欣唱 的 歌叫 什么 有 一 句 歌词 是 陷入 了 我 的唇 是 什么 歌 中国 式 关系 中马国良唱 的 歌叫 什么 名字 梦想 什么 的 是 什么 歌 的 歌词 这 是 什么 歌 的mv 什么 是 我 什么 是 我 什么 是 我 的 是 什么 歌 歌词 里 有 一 句 我 和 你 演出 的 我 是 什么 歌 快乐 大本营 上霍建华 和 谢娜 唱 的 歌 是 什么 关于 妈妈 的 歌曲 有 没 有 好 听 又 有 一 点 内涵 的 英文 歌 有 哪些 经典 歌曲 有 粤语版 的 节奏 比较 欢悦 的 英语 歌 好听 的 歌曲 推荐 2016 英文 歌女 生唱 的 最近 有 什么 新 歌 吗 好听 的 撕人 订制 郑恺唱 的 陈小春 什么 歌 中国 式关 系 马国 梁参 加婚 礼唱 的 歌 有什么 旋律 好听 歌词 生动 的 歌曲 介绍 一下 最 好 是 新 歌 罗志祥 的 你 干嘛 原歌 是 什么 有 什么 好听 的 英文 歌曲 有 啦 啦 啦 啦 啦 啦 的 是 什么 歌 嘿囚徒 是 哪 首 歌曲 的 词 任素汐 和 老狼 合唱 的 中间 是 什么 歌 12月 3日 快乐 大本营 预告 时 蒙面 女唱 的 歌 奔跑 吧 兄弟 第五 季 的 音乐 是 什么 三炮哥 重出 江湖 当中 的 音乐 电影 七月 与 安生 的 主题曲 蒋欣 今晚 在 浙江 卫视 喜剧 总动员 里放 的 什么 歌 民谣 和 民歌 陆江 陵表白 的 那 首 歌 山和水 是 朋友 是 出自 哪 首 歌 的 内蒙 的 爱英文 歌 中国 古代民歌 金鹰 电视节 2016 周笔 畅唱 的 是 什么 歌 大话 西游 3里 唐僧弹 琵琶 的 歌 好听 的 歌 有 哪些 谁 给 我 推荐 一 首 比较 文艺点 的 歌 从 零开始 的 异世界 生活 所 有 歌曲 毕业季 的 经典 歌曲 有 哪些 求 一 首 俄 语歌 吴亦凡 的 歌曲 请 问 这 页游 的 歌 是 什么 最近 有 什么 好听 的 英文 歌 类似于 我们 不 是 情侣 的 歌 bigbang 的 新歌 三 三 两 两 什么 歌 里 的 词 有什么 好听 的 动漫 歌曲 吗 黄子韬 在 真正 男子汉 第一 期 唱 的 歌 傻傻 的 女孩 是 什么 歌 的 歌词 权 志龙 代言悦纳 的 广告 音乐 有 没 有 关于 三 个 人 的 感情 的 歌曲 有 一 个 广告 歌滴滴答答 的 是 什么 歌 范冰冰 快乐 大本营 2016里 的 全部 歌曲 电视剧 那刻 的 怦然 心动片 花 里 的 英文 歌 是 什么 电影 玩命 直播 第一 开始 的 插曲 是 什么 爸爸 去 哪儿 第四 季里 的 插曲 我 要 上 蒙面 所有 的 歌 十 大 最 好听 的 歌 从 你 全世界路 过 的 这 个 电影 的 全部 插曲 游戏 中 有 哪些 好听 的 中文 歌 电视剧 大 嫁风 尚里 的 所有 背景 音乐 有 一 首 歌 的 歌词 来 啊 快活 啊 什么 歌 早上 锻炼 身体 的 歌 最 新 好听 的 粤语 歌曲 有 哪些 喜剧 总动员 第二 期常 远唱 的 歌叫 什么 张杰 在 偶滴 歌神里唱 的 英文 歌 刘涛 唱过 的 歌曲 有关 回忆 的 歌曲 求 推荐 从 你 的 世界路 过 有 哪些 歌曲 电影 鲨滩 出现 的 音乐 好听 的 dj 歌曲 哪里 有 男女 对唱 的 英文 歌 有 哪些 经典 歌曲 金刚狼 3 预告片 的 音乐 桃花阁 游戏 的 歌曲 是 什么 好听 的 名族 歌曲 还 珠格格3 没 有 歌词 的 歌 前进 前 进前 进进 是 哪 个 歌 的 歌词 求 一 首 英文 歌 长长 的 路上 是 什么 歌 浙江 卫视 喜剧 总动员 贾玲 小品里 的 歌曲 跪求 洛天 依这 首 歌 歌词 中 的 月亮 有 哪些 歌 好听 的 喊麦 歌曲 歌词 中 有 盼字 的 歌 呼啦啦呼 啦 啦呼啦呼啦呼 是 什么 歌 歌词 里面带 讲字 的 歌 带 有 夕阳 歌词 的 歌 快乐 大本 营 2016 出现 的 歌曲 关于 大学生 励志 的 歌 关于 大学生 励志 的 歌 大嫁风 尚 第一 集 乔振宇 唱 的 什么 歌 从 你 的 全世界 路 过 插曲 莫文蔚 中国 动漫 有 什么 好听 的 歌曲 人民 的 名义 中 放 的 歌曲 有 关爱国 的 歌 励志 的 歌曲 和 薛之谦 好久 不 见 一 次 就好 类似 的 歌 歌词 带 兮 的 歌 清风 的 粤语歌 校车 之 歌 爱情 需要 简单 的 歌词 是 什么 歌 表达 不舍 的 歌曲 求 推荐 节奏 感比 较 强烈 的 欧美 歌曲 歌词 有 谈 天地 的 有 哪些 歌 慌慌 张张 是 什么 歌 的 歌词 歌词 有 青草 的 歌曲 有 哪些 好看 的 韩国 女团 的 mv 少女 时代 那 个 mv 最好 看 有 一 首 英 文歌 里 mv 是 女主 在 游乐园 有 哪些 好听 又 好看 的 mv 这 是 什么m v 推荐 几 首 比 较 好看 的 英文m v 这 是 周杰伦 那 首 歌 的 mv 鹿晗 和 迪丽热巴拍 的 mv 叫 什么 名字 一 首 三 个 人 扮演 的 猩猩 跳舞 的 mv 有 首 英文 歌 mv 是 有 蛇 的 薛之 谦暧 昧mv 日本 动漫 主题 曲m v mv里 有 希拉里 的 英文 歌 生命 之 恋 的 超清 m v 蛇舞 mv 超清 谁 能 介绍 一些 搞笑 很 逗的 mv 吴亦凡 july 有 没有 mv 英语 m v 一个 人 走 着 就 飞到 天上 有 一 首 英文 歌 mv 开头 小女孩 在 篮球场 17年 有 什么 美国 电影 2016717 有 什么 电影 推荐 十七 岁 类似 的 电影 2012 美国 nc17 级 电影 有 哪些 2017年 7月 17日 有 什么 电影 推荐 一 个 好 的 电影 适合 17 岁 的 电影 十七 岁 推荐 几 部 nc17级 的 电影 7月 17日 上映 哪些 电影 反映 17世纪 的 电影 求 欧美 r级 或 者 nc17 的 电影 9月 17什么 电影 求 nc17 电影 谁 有 nc17 级别 的 电影 美国 的 与 重返 十七 岁 相类 似 的 电影 英国 1718世纪 电影 2016年 6月 17 号 哪些 电影 上映 nc17 级 恐怖 电影 有 没 有 像 重返 十七 岁 这 类 的 电影 nc17 电影 有 哪些 重返 十七 岁 的 电影 插曲 十七 岁 电影 里 的 钢琴曲 nc17 电影 推荐 不 要 烂片 有 电影 重返 17 岁 的 所有 歌曲 吗 今天 4月 17日 什么 电影 好看 2o16 欧美 最 新 科幻 电影 16 年 有 什么 好看 的 电影 吗 2015年 有 什么 好看 的 电影 豆瓣 16 部 7 分 以上 电影 2o16年 1月 14日 电影 6 套 播放 的 电影 16年 1月 8号 以后 上映 的 电影 16 年 的 好 电影 15年 下半年 以及 16年 漫威 的 的 电影 4月 最近 什么 电影 好看 16年 4月 最 近 什么 电影 好看 2016年 1月 上映 的 动画 电影 201516 的 搞笑 国产 电影 16 岁 的 青少年 应该 看 哪些 电影 陈小春 跟 谭咏麟 主演 的 古惑仔 电影 16年 新出 的 片 适合 1516 岁 的 孩子 看 的 电影 和 电视剧 2015年 11月 16日 之前 有什么 新 电 影 7月 16 号 新 上映 的 电影 是 什么 2015年 7月 16日 晚有 什么 电影 一共 有 几 部 关于 山本 五十六 的 电影 2016年 最 欢迎 的 电影 动画 2016十 大 好 看 动画 电影 适合 10 岁 以上 16 岁 以下 看 的 电影 有 那些 小漠 集锦 16 期 电影 2015年 1月 16 以后 上映 的 电影 有 没有 适合 全家 人 一 起 看 16年 3月份 到 5月份 超级 好看 的 电影 有 没 有 好看 的 电影 推荐 下 我 年龄 16 女 不 看 恐怖片 电影 你们 懂得 1516年 上映 的 迪斯尼 动画 电影 有 哪些 这 是 什么 电影 好看 的 欧美 电影 主角 是 16 岁 以下 的 16年 4月 29号什么 电影 上映 十六 岁 的 花季 高清 完整版 电影 谁 能 推荐 一些 欧美 背景 是 1617世纪 的 爱情 电影 推荐 几 部 维多利亚 时期 的 欧洲 16-19世纪 的 好 电影 有什么 关于 路易 十六 或 法国 大 革命 题材 的 电影 2o16年 7月 一十一日 的 电影 张子 强 绑架 李泽钜 电影 叫 什么 美剧 犯罪 现场 调查 第16 季 出来 了 吗 欧美 悬疑 电影 排行 王宝强 出道 拍 的 第一 部 电影 是 什么 想 找 一些 反映 欧洲 16世纪 30年 战争 的 电影 搞笑 的 综艺 节目 搞笑 的 韩国 综艺 有 没有 大唐 玄奘 这 部 电影 我 想看 最 新 的 好莱坞 大片 我 想看 最 新 的 好莱坞 电影 在线观 看 电影 最近 有 哪些 武侠 剧 我 想给 我 的 儿子 看动 画片 找 一 找 锦绣 未央 想 看 电视剧 欢乐颂 想 看 电影 变形金 刚 想 看 泰国 的 恐怖片 想 看 日本 的 爱情片 想 看 岩井俊二 的 情书 想 看 电影 大 逃杀 国产 热门 动作片 国产 热门 电影 有什么 比较 火 的 国产 电视剧 推荐 来 几 部 好看 的 战 争片 查下 有 什么 武侠片 有 没 有 好看 的 国产 喜剧 呢 日本 经典 电影 有 哪些 求 高分 美国 电影 内地 有 什么 好看 的 电影 吗 日剧 美剧 求 推荐 我 要 看 今年 最 火 的 爱情片 我 要 看 今年 最 火 的 好莱坞 爱情片 我 要 看 今年 最 火 的 好莱坞 大片 华谊 兄弟 出品 的 电影 迪士尼 动画片 奥斯卡 获奖 电影 我 想 看 那 个 有 猪爸爸 的 动画片 我 想 看 托马斯 大 电影 找 点 适合 五 岁 男孩 看 的 电影 找点 适合 八 岁 女孩 看 的 电视 有 没 有 三 岁 小朋友 看 的 动画片 有 没 有 五 岁 小朋友 看 的 动画片 来 几 部 今年 评分 最 高 的 电影 来 几 部 最近 最 热门 的 电影 推荐 最近 上线 的 大片 有 搞 笑片 推荐 吗 有 没 有 幼儿园 大班 女生 看 的 电影 有 没 有 小班 男生 看 的 动画片 看周星驰 的 功夫 有 没 有 适合 小孩 看 的 电影 新 三 国 高清带 字幕 我 想 看 人民 的 名义 我 想 看 人民 的 名义 的 电视剧 求炉 石传 说 的 游戏 视频 想 看 下股票 资讯 有 没 有 类似 康熙王朝 的 电视剧 推荐 想看 那 个 很 火 的 电视 剧择 天记 有 没 有 那 个 很 火 的 中国 有嘻哈 有 没 有 最 新 的 体育 新闻 看 新闻 联播 看 体育 新闻 想 看 刘德华 和 郭富城演 的 无间道 想 看 周星驰 和 张柏 芝演 的 那 个 电影 看新版 射雕 有 没 有 主演 是 周星驰 的 电影 给 我 儿子 放 个 动画片 我 要 看抗 日题材 的 电影 有 没有 适合 小朋友 看 的 电影 有 没 有动画片 里 面有 小 猪 叫 乔治 的 想 看 有关 毕业 的 电影 想 看 关于 爱情 的 电影 最 新 的 极限 挑战 有 吗 最 新 的 极限 挑战 有 没有 有 没 有 大唐 双 龙传 改编 的 电影 看大 唐双龙 传改编 的 电视剧 古墓 丽影 的 电影 古墓 丽影 改编 的 电影 想看 香港 的 老片 想 看 香港 的 邵氏 动作片 接 着 看 人民 的 名义 这 周 的 极限 挑战 能 看 了么 这 周 的 变形金 刚 能 看 了么 我 想 看 爱情 公寓 第四 季 第五 集 我 想 看 长颈鹿 喝水 的 搞笑 视频 幼儿 英语 学习 动画 有 没 有 湖南 卫视 的 综艺 节目 想 看 湖南 卫视 最 新 的 快乐 大本营 想 看 湖南 卫视 那 个 何炅 主持 的 快乐 大本营 我 想 看 湖南 卫视 跨年 演唱会 周星驰 的 功夫 有 没有 我 想 看点 类似 钢铁侠 的 电影 我 想 看 贞子 的 电影 我 想 看成 龙电影 全集 打开楚 乔传 第五 集 能 不 能 转到 第四 季 第一 集 帮 我 找 番茄 炒蛋 的 视频 我 想 看 猴子 上单 教学 视频 我 想 看 lol 打野 视频 人民 的 名义 喜羊羊 功夫 鬼片 古墓 丽影 我 想 看有 欧阳靖 那 一 集 天天 向上 我 想 看 杨幂 的 那 期 跑男 我 想 看有 杨幂 参加 的 跑男 有 没 有吴京拍 的 战狼 看 有 没 有 吴京拍 的 战狼 二 看 有 没 有 有 关鱼 的 探索 与 发现 看 有 没 有 关于 鱼 的 探索 与 发现 看 有 没 有 关于 鱼 的 探索 看 有 没有 关于 鱼 的 纪录片 看 有 没 有 有 关鱼 的 纪录片 看 我 想 看 有关 海洋 的 纪录片 我 想 看 关于 海洋 的 纪录片 我 想 看 天安门 事件 视频 我 想 看 钓鱼 视频 有 没有 机器 学习 相关 视频 有 没 有 老友记 第二 季 第八 集 我 想 看 小猪佩奇 第三 季 第一 集 我 想 看 变形金 刚 第二 部 有 没 有 复仇者 联盟 第一 部 看古 惑仔 第二 部 我 想 看 中国 有 嘻哈 的 第二 期节 目 我 想 看好 声音 第三 期 有 没 有 古 天乐版 寻 秦记 有 没 有 古天 乐拍 的 寻秦 记 我 想 看 刘亦菲 拍 的 寻秦记 有 没 有 黄日 华版 射雕 有 没 有 黄日 华拍 的 射雕 有 没 有 86 版 射雕 我 想 看 刘亦菲版 天龙八部 我 想 看 科幻片 有 没有 科幻片 我 要 看 科幻片 推荐 点科 幻类 的 科幻类 的 动作类 的 推荐 点动 作类 的 我 想 看 美剧 我 想 看 日剧 我 想 看 偶像剧 我 想 看 青春剧 我 想 看 动画片 有 没 有 最 新 一 期 跑 男 有 没 有 最 新 的 天天 向上 看 李 宗盛 的 山丘 mv 看周 杰伦 的 mtv 我 想 看 双截棍 m v 我 想 看 虐心 的 爱情 电影 落水 狗 无耻 混蛋 低俗 小说 杀死 比尔 被 解放 的 姜戈 腹黑 少爷 小 冤家 有 没有 腹黑 少爷 小冤家 我 想 看 无尽日 无尽日 哪些 是 今年 的 豆瓣 高分剧 我 想看 今年 的 豆瓣 高分 电视剧 我 想 看 今年 的 高分 电视剧 我 想 看 这 两 年 的 豆瓣 高分 电视剧 我 想看 最 新 的 豆瓣 高分 电视剧 吊炸 天 驴 得 水 三峡 好人 蚁人 金 刚 狼殊 死 一 战 琅琊榜 最 后 一 集有 没有 我 想 看 潜伏 大结局 我 想 看 最后 一 期 跑男 我 想 看 人民 的 名义 最后 一 集 我 想 看林 海雪 原 倒数 第二 集 我 是 歌手 最 新一 期 出来 没有 我 要 看 最 新一 集 极限 挑战 看 最 后 一 部 变形金 刚 有 没有 最 新 的 柯南 剧场版 有 没 有 最后 一 季 越狱 有 没 有 三生三 世 最后 一 集 我 想 看 人民 的 名义 大结局 我 想 看 大结局 有 没 有 潜伏 大结局 有 没 有 寻 秦记 大结局 有 没 有 琅琊榜 大结局 我 想 看 东京 爱情 故事 大结局 我 想 看金 刚 狼 大结局 有 没 有 北上广 的 大结局 看 我 想 看 废柴 兄弟 大结局 有 没有 寻秦 记倒数 第二 集 我 想 看 老友记 倒数 第二 季 有 没有 嘻哈 类 的 mv 我 想 看 潘帅 的 最 新 mv 邓紫棋 的 泡沫 m v 有 没 有 金刚狼 的 大结局 看 我 想 看 花 间 提壶 方大 厨 第1 季 花间 提壶方 大厨 第1 季 大结局 我 想 看 鬼吹灯 的 大结局 我 想 看 鬼吹灯 大结局 我 想 听李 宗盛 的 歌 有 没 有 李宗盛 的 凡人 歌 mv 我想 看 周杰伦 的 演唱会 汪峰 16年鸟 巢演 唱会 有 没有 我 想 看 霉霉 的 mv 霉霉 最 新 的 mv 有 没有 我 想 听周杰伦 的 双截棍 我 想 看 火箭队 的 比赛 我 想 听 梁咏琪 的 花火 我 想 听 流行 歌曲 我 想 听 摇滚 我 想 听 点 民谣 我 想 听 些 爵士乐 听 民族 风歌曲 放点 古典 音乐 我 要 听 金属 音乐 有 没 有朋克 音乐 我 想 听 日语歌 我 想 听 英文歌 我 要 听 英文 摇滚 蔡健雅 的 演唱会 视频 有 没有 我 想 看 五月天 的 演唱会五月天 的 星空 视频 我 要 看 五月天 倔 强 m v 我 想 看 苏 打绿 和 五月天 的 合唱 听周 华健 的 歌 我 想 听 点 粤 语歌 我 想 听点 经典 的 粤语 歌曲 我 要 听 红色 歌曲 有 没 有 泰坦尼克 的 原声 音乐 我 想 听 罗曼蒂克 消亡史 的 电影 原声 罗曼蒂 克 消亡 史 王菲 的 天空 王菲 天空 m v 我 想 听 王菲 的 笑忘书 王菲唱 的 匆匆 那 年 王菲 和 李健合唱 的 传奇 王菲 致青春 林夕 写给 王菲 的 歌 流年 王菲 王菲 的 旋转 木马 王菲 和 那 英 合唱 的 相约 98 北京 欢迎 您 的 mv 张惠妹 的 火 三 天 三 夜 的 mv 我 要 张惠妹 的 mvtfboys 的 mv bigbang 的 演唱 会 有 没有 我 想 看 邓紫棋 在 我 是 歌手 的 视频 听宋 冬野 的 歌 我 想 听 逃跑 计划 谭维维 最 近 有 什么 新 歌 我 想 听 谭维维 在 我 是 歌手里唱 的 歌 我 要 看 蒙面唱 将 我 想 看 最 新 一 期 中国 好 歌曲 少女 时代 的 mv 韩国 女团 好看 的 mv 好看 的 韩国 女团 mv韩国 女团 热舞 热舞 视频 我 想 看 热舞 视频 张信哲 97 年 的 歌 有 没 有 朴树 15 发 的 专辑 我 想 听 莫文蔚 如果 没有 你 那 张 专辑 我 要 听周杰伦范 特西 专辑 我 想听 周杰伦 唱 的 龙卷风 我 想 听周杰伦 的 歌 有 没有 周杰伦 最 新 的 专辑 mv 我 想 看 陈奕迅 的 mv 陈奕迅 十 年 mv 陈奕迅 的 热门 歌曲 陈奕迅 最 好听 的 歌 陈奕迅 最 热门 的 mv 陈奕迅 今年 发 的 mv 有 没 有 陈奕迅 去年 的 专辑 我 想 听方 大同 最 新 的 单曲 有 没 有裙下 之 臣 mv 有 没 有 人 无人之境 的 mv 我 想 看 周杰伦唱 的 rap 我 想听 冰雪 奇缘 插曲 播放 何以箫 声 默大 结局 我 想 看 河神 大 结局 鬼吹灯 大结局 无 间道 的 大结局 无罪之证 的 大 结局 有 了 没 我 想 看 寻 秦记 大结局 河神 大结局 有 没 有 我 要 看 神雕 侠侣 大结局 我 要 看 中国 有 嘻哈 总决赛 我 要 看楚 乔传 大 结局 楚乔 传大 结局 我 想 看 盗墓 笔记 大结局 我 想 看 今天 更新 的 中国 有 嘻哈 中国 有 嘻哈 的 今天 更新 内容 爸爸 去哪儿 有 没有 今天 更新 的 今日 更新 的 内容 今日 更新 今天 更新 的 我 要 看 今天 更新 的 鬼吹灯 有 没有 今天 更新 的 今天 更新 的 电视剧 今天 更新 的 综艺 节目 今日 更新 的 综艺 今天 更新 的 动漫 我 要 看 今天 更新 的 柯南 今天 的 快乐 大本营 今年 最 热门 的 综艺 今年 的 热门 好莱坞 电影 今年 好莱坞 大片 去年 国内 的 大片 去年 好看 的 文艺片 去年 哪 个 综艺 最 火 有 没 有 蓝光 变 形金 刚 我 想 看 1080p 的 金刚狼 有 没 有 720p 战狼 我 想 看高清 的 电视剧 我 想 看 1080p 的 好莱坞 大片 小鹿 小鹿 我 想 看 小 猪佩奇 小鹿 小鹿 我 想 看 动画片 小鹿 小鹿 有 没 有 巧虎 看 小鹿 小鹿 我 想 看 巧虎 第二 季 小鹿 小鹿 看 abc 小鹿 小鹿 看 英语 儿歌 小鹿 小鹿 看 绘本 动画 小鹿 小鹿 我 要 看 超级 飞侠 小度 小度 有 没有 动作片 推荐 小度 小度 我 想 看 恐怖片 小度 小度 我 想 看 古装 电视剧 小度 小度 我 想 看 tvb 古 装片 小度 小度 有 没有 最 新 的 科幻片 小度 小度 我 想 看 搞笑 综艺 小度 小度 我 想 看 最 新 电影 小度 小度 我 要 看 电视剧 我 想 看 高清版 异形 我 想 看 蓝光普罗米修斯 有 蓝光 版 的 美国 大片 吗 我 想 看 超清 的 好莱坞 大片 我 想 看 超清 的 科幻片 有 没有 720p 的 复仇者 联盟 有 1080p 版 的 战狼 吗 推荐 点 蓝光 的 电影 我 想 看 高清版绣 春刀 我 想 看 高清版 绝地 逃亡 我想 看 高清版 健忘村 我 想 看 高清版 特殊 身份 我 想 看 高清版 蝙蝠侠 我 想 看 高清版 功夫 我 想 看 超清版 速度 与 激情 8 蜘蛛侠 有 高清版 的 吗 美人 鱼 有 高清版 的 了 吗 夏洛特 烦恼 有 蓝光版 了 吗 我 想 听 周华健 的 花心 我 要 听周华 健唱 的 花心 我 想 听 周华 健演唱 的 刀剑如梦 有 没 有 黄绮珊 改编 的 旅行 的 意义 我 想 听 邓丽君 的 老歌 邓丽君 经典 歌曲 小哥 的 经典 歌曲 小哥 的 演唱会 视频 小哥 和 周杰伦 合唱 的 千里 之外 郭德 纲唱 评戏 的 视频 我 要 看 郭德纲 相声 有 没 有 郭德纲于谦 的 相声 视频 我 想 听 黄绮珊 唱 的 歌 我 想 听 hiphop 我 想 听饶舌 我 想 听 美国 黑人饶舌 我 想 听 爵士 我 想 听 摇滚 有 没 有 爵士乐 有 没 有 英伦摇 滚 我 要 看 欧阳靖 的 rap 视频 我 要 听 邓丽君 演唱 的 小城 故事 王力宏 的 小城 故事 mv 我 想 看 720p 的 中国 有嘻哈 我 要 看 高清版 巧虎 我 要 看 超清版 巧虎 巧虎 有 高清版 的 吗 有 高清版 巧虎 吗 有 高清 的 巧虎 吗 有 高清版 的 巧虎 吗 我 想 看 标清 的 节目 我 想 看 高清 的 综艺 有 没 高清 电影 推荐 有 没有 高清 电影 推荐 漫威 去年 的 科幻片 我 要 看 漫威 去年 的 科幻片 我 要 看 去 年漫威 拍 的 科幻片 我 要 看 去年 的 高分 科幻片 我 要 最近 评分 高 的 动作片 我要 15年 评分 高 的 动作片 我 要 17年 评分 高 的 动作片 我 要16年 评分 高 的 恐怖片 我 要 看 这 两 年 评分 高 的 美国 电影 吴亦凡 的 6mv 吴亦凡 的 6 我 想 听点 新疆 歌曲 中央 一 台 的 新闻 联播 我 想 看湖 南台 的 快 男 我 想 看湖 南台 的 快乐 男 声 我 想 看 湖南 卫视 的 快乐 男声 有 没 有 浙江台 的 综艺 节目 有 什么 适合 情侣 看 的 电影 有什么 适合 情侣 一起 看 的 电影 推荐 点 适合 情侣 一起 看 的 电视剧 找点 适合 全 家 一起 看 的 电影 找 点 适合 老年人 看 的 电影 我 要 看 六十年代 经典 好莱坞 电影 我 要 看 九十年代港 产动 作片 有 没 有 九十年代 香港 黑帮片 推荐 我 想 看 60 年代 的 红色 电影 我 想 看 七十年代 的 电视剧 我 想 看 八十年代 的 香港 电视剧 六十年代 好莱坞 电影 六十年代 经典 文艺片 我 想 听 六十年代 的 红歌 有 没 有些 90年代 的 老歌 听 有 没 有些 90年代 的 mv 看 我 要 看 人民 的 名义 高清版 我 要 看 高清 的 人民 的 名义 我 要 看 王菲15年 的 演唱会 89 版 射雕 86 版 西游记 我 想看 88 版红楼梦 看 97 版 古惑仔 我 想 看 高清 的 好莱坞 大片 720 p 的 电视剧 高清 的 电视剧 高清 的 电影 1080p 的 电影 超清 的 电影 有 没 蓝光 版 拯救 大兵 瑞恩 有 没 蓝光 版 大兵 瑞恩 有 没有 蓝光 版 玲 珑醉 有 没 有 720p 版玲 珑醉 我 想 看 高清 版本 的 变形金 刚 我 想 看标清 版本 的 极限 挑战 杨幂 唱 的 爱 的 供养 我 想 看 极速 版本 的 人民 的 名义 有 没有 王菲 超清 版本 的 演唱会 有 没 有 720p 版本 的 春节 联欢 晚会 有 没 有 1080p 版本 的 春节 联欢 晚会 我 想 看 高清 版本 的 寻龙诀侯乃文 板野 友 美 池 华琼 林正恩邝文 珣 真田广 之 唐野 巴哈提亚 尔 李连杰 陶晶莹 王惠 志田 未 來 胡宇崴 陈文波 崔奕 金东旭 段 奕宏 陶虹 侯岩松 中岛 爱 沃拉娜 特旺 萨莞 约翰 弗朗西斯达利 拉娜 普尔弗 黎耀祥 王全 有 翁虹 权海 孝 王绘春 刘子 蔚 李佳 璘 孙协志 梁舜燕 柳德焕 金光荣 董盼 谭薇 李建华 吴志浩 刘 淼 王千赫 陈谨 雷雷 卢映 梁静 尹恩惠 张娜 杨振佑 延美珠 谢雨欣 宫田 幸季 吴彦妹 李岚 饭岛 直子 田丽 白石 涼子 王新军 徐婧 灵 方涛 江口 洋介 纳瓦君 拉纳拉 吴丹丹 黄少 祺 任 柯诺 李起 光 车道镇 黄智雯 赵川 吴若浦 凯文康 诺利 美波 凯文 狄龙 崔汝 真 李真旭 神奈 延年 张笛 郭采洁 mewnittha 尤承业 史兰芽 宋慧乔 许榕 真 邵美琪 挂川 裕彦 有 没 有 最 新的 岛国 综艺 有 没 有 最 新 的 搞笑 综艺 想 看 任贤齐版 的 笑傲 江湖 想 看 张纪中版 笑傲 江湖 想 看 83 版 射雕 哪 个 综艺 小 鲜肉 多 有什么 搞笑 的 港产片 十 分钟 左右 的 搞笑 小品 看 什么 直播 最 搞 笑 有什么 印度 特别 搞笑 的 歌 芒果 tv 搞笑 电影 有 哪些 井柏然 绕口 令 笑话 张艺兴 采访神 回复 视频 集锦 非常 流行 搞笑 的 歌曲 有 哪些 双人 搞笑 相声 3 分钟 水浒传 搞笑 配音 青阳话求 搞笑 一 家 人 韩剧 资源 谢谢 有 一 部 电影 国产 搞笑片 搞笑 一 家 人 哪 一 集 最 搞笑 龙州 交警 壮语 搞笑 视频 湖南 卫视 20162017 跨年 张靓颖 的 歌 湖南 卫视 因为 遇见 你 的 前 一 个 节目 湖南 卫视 向往 的 生活片 尾曲 是 什么 歌 梁博 参加 湖南 卫视 天天 向上 是 哪 一 期 湖南 卫视 2015年 播过 哪些 电视剧 青云志 每晚 的 播出 时间 跨年 演唱会 郭富城 唱 了 什么 歌湖 南 卫视 我 要 看 大护法 不 看 有 唐嫣 的 不 看有 谢霆锋 的 不 看有 杨幂 的 电视剧 排除 黄晓 明演 的 排除 黄晓 明演 的 电影 不 看 有 刘德华 的 电影 排除 小鲜肉 主演 的 不 看 小 鲜肉 主演 的 电视剧 不 要 文章 演 的 不 要 有 郭德 纲 的 除了 恐怖片 有 其他 电影 推荐 没有 不 要 古装片 不 要 抗日 神剧 推荐 点 不 恐怖 的 美剧 推荐 点 不 血腥 的 美剧 有 不 是 张纪 中导 的 金庸剧 吗 不 看 郭敬 明导 的 烂片 不 看 张纪 中 导演 的 周星驰 拍 过 不 搞 笑 的 电影 吗 我 不 想 看 国产 的 我 不 想 看 国内 的 电影 有 文艺片 没有 我 不 想 看 美国 的 大片 推荐 点 没有 黄磊 参加 的 综艺 吧 推荐 点 不 是郭德纲 的 相声 有 郭德纲 不 是 和于 谦搭档 的 相声 吗 有 不 是 小沈阳演 的 电影 吗 不 看 中文 的 不 要 英文 的 不 要 有 中文 字幕 的 中文 的 不 要 不 看 中文 配音 的 有 英文 原版 没有 不 要 中文 的 有 没有 不 是 删减版 的 有 没有 非阉 割版 的 不看 新 的 电影 推荐 些 老 的 经典 的 不 要 评分 低 的 烂片 不 看 国产 烂片 不 看 那些 山寨 烂片 不 看 那些 山寨 电影 不要 烂片 我 不 想 看 烂片 不 是 重口味 的 韩国 电影 不 煽情 的 综艺 不 是 央视 的 综艺 有 没 有 不 是 湖南 卫视 的 综艺 不 想 看 浙江台 的 综艺 找些 不 是 那么 热门 的 电影 搜索 不 热门 的 电视剧 不 要 电视剧 不 要 电影 不 要 恐怖片 不 要 偶像剧 没有 吴亦凡 的 没有 吴亦凡 参与 的 电影 不 想 看 刘亦菲演 的 不 想 看有 刘亦菲 的 不 想 看景 甜演 的 电影 不 要看景 甜演 的 电影 不 要 景 甜演 的 电影 不 看 任何 有 章子怡 的 电影 不 看 章子 怡演 的 电影 能 不 能 不 要 老 是 推荐 些 烂片 猎场 第二 集 猎场 第一 集 急诊 科医生 第十 二集 爱情 公寓 第三 季 第四 集 我 的 体育 老师 最 新 一 集 猎场 第二 集 超级 飞侠 第三 集 恰恰 特快车 第二十 集 巧虎 第二 部 第一 集 可爱 巧虎岛 第十五 集 小猪 佩奇 第二 集 小猪 佩奇 第十 三 集 小猪佩奇 十 集 小猪 佩奇十二 集 贝瓦 儿歌 第五 首 贝瓦 儿歌 第三十 首 贝瓦儿歌 第二十七 首 贝瓦儿歌 第四十八 首 大象 的 故事 第三 集 大象 的 故事 第七 集 大象 的 故事 第九 集 新 木乃伊 薛守海 我 要 看新 木乃伊 猩球 崛起 吧 还是 看 极限 挑战 吗 我 要 看 木乃伊 就 看 猩球 崛起 吗 我 想 看 小猪佩奇 第四 季 小龙虾 英文 版 我 想 听 告白 气球 播放 超级 飞侠 第二 季 播放 超级 飞侠 第三 季 佩奇 的 四 季 我 想 看 超级 飞侠 推荐 些 热门 电影 最近 有些 什么 热门 电影 推荐 些 高 分电 影 推荐 些 热门 的 电影 最近 有 什么 电影 我 想 看 最 新 的 电影 泡菜 美猴 王 换 小 猪佩奇 第四 季 我 想 听 冰雪 奇缘 的 插曲 我 想听 letitgo 我 想 看 昨天 的 极限 挑战 小鹿 小鹿 我 想 看 小 猪佩奇 三生 三世 有什么 电影 萌学 第三 季 盟约 第三 季 林宥嘉 陈坤 中国 新歌 声 二第三 期 奔跑 吧 第一 季 第一 集 歌手 海绵 宝宝 中央 一 套 河神 第五 季 河神 大结局 恐怖片 分歧者 一 敦刻 尔克 有什么 游戏 看奇葩 说 第四 季 n有 什么 电视剧 宋晓路 小鹿 小鹿 有 好看 的 纪录片 吗 好看 电影 我 想 看 杨幂 有什么 好看 的 电视剧 我 想 看 刘德华 的 电影 我 要 看 迪迦奥特曼 朱佩琪 佩奇 我 想 看 今年 的 变形金 刚 李宇春 铁路 我 想 看 2012年 的 变形金 刚 我 想 看 八十年代 的 电视剧 我 想 看 昨天 的 电视剧 我 想 看 极限 挑战 最 新 一 期 我 想 看个 迪士尼 的 动画片 赛文 杨幂 张震 电影 我 想 看 小猪佩奇 第二 季 纪录片 喜剧 电影 最 新 电影 会员 电视剧 高清 电影 古装 电影 娱乐 综艺 电影 榜单 电视剧 热播榜 最 热 电视剧 最 新 电视剧 最 热 电影 新动 画片 爱上 超模 第三 季 第十二 期 绝色 爱上 超模 第三 季 欢乐颂 最 新 一 集 欢乐颂 第二 季 第五 集 欢乐颂 第二 季 分歧者 第一 部 吃光 全 宇宙 第一 季 醉玲 珑 最后 一 集 醉玲 珑 大结局 醉玲 珑 姐姐 好饿 谢霆锋 谢霆锋 在家 好 好季 谢霆锋 姐姐 好好 第一 季 第十 期 姐姐 好饿 第一 季 第十 期 比较 好 的 一 季 第十 期 姐姐 好饿 第一 季 姐好 饿 第一 季 姐姐 和弟 一起 姐姐 好饿 第二 季 第十二 期 姐姐 好饿 第二 季 姐好 饿谢霆锋 决赛 张艺兴 的 纪录片 三生 三世十里桃花 高清 传家 二 传家 肩上 的 中国 记录片 一 个 傻子 最 新 的 综艺 最 新的 动画片 最 热 的 综艺 电影 阿甘 动画片 喜剧片 最 火 的 杨幂 电视剧 最 新的 杨幂 电视剧 周星驰 电影 电视剧 还 是 蛮 好 的 盲约 三生 三世 十里桃花 大结局 杨幂 的 最 新 电影 安妮 海瑟 薇 奇葩 说 全 集 奇葩 说 第三 季 爱上 超模 最 新 一 期 爱上 超模 决赛 刘欢 播放 中国 新 歌声 第八 期 播放 中国 新 歌声 第三 季 中国 新歌 声 第二 季 中国 新歌 声 最 新 一 期 中国 好 声音 小 猪 小 猪 小鹿 小鹿白玫瑰 小鹿 配齐 小猪佩奇 龙骑 姐姐 我 想 听 刘德华 的 歌 妈妈 爸爸 我 想 看 八九 版 射雕 我想 看 冰雪 奇缘 的 插曲 我 想 听 冰雪 奇缘 插曲 我 想 听 letgo 我 想 看 变形金 刚 中文版 爱奇艺 热播 播放河 神 河神 第一 季 给 我 大片 美国 大片 我 想 看 旋风 战车 队 我 想 看 巴塘 白云 我 想 看 巴卡 小鹿 小鹿 我 想 看 花园 宝宝 巴达 木儿 歌 中国 有 嘻哈 预告 安徽 爱奇艺 爱电 影战狼 二 张庭 我 想 看 动漫 有 动画片 吗 我 想 看 火影 忍者 之 风传 疾风 传 博人传 战狼 最近 有啥 电影 我 想 看 爱情 公寓 四第三 集 我们 的 爱 北京 些 热门 电视剧 我 想 看 综艺 来 点 综艺 节目 异形 我 想 看 爱情 公寓 四 酷狗 我 想 看 疾风传 欢乐颂二 我 想 看 欢乐颂 我 想 看 喝水 和 吃饭 的 视频 我 想 看 长颈鹿 喝水 的 视频 我 想 看 长颈鹿 喝 水 视频 我 想 看 小猪飞侠 我 想 看 冰雪奇缘 中文 版 我 想看 魔法咪 路咪路 小鹿 小鹿 我 要 看 哆啦a梦 第三 季 我 想 看 变形金 刚 英文 版 电影 杰德 我 想 看 变形金 刚 英文版 我 想 看 变形金 刚 中文版 葫芦娃 美人 鱼 台回 来 珍惜 热门 电影 挺 好 的 放歌 唱首 歌 你 的 名字 天气 预报 我 想 听 周杰伦 的 歌 冥王 篇 我 想 听 东风 破 极乐 净土 我 想 看迪亚哥 姚贝娜 我 要 听 冰雪奇缘 我 要 听 小 红帽 我 想 听 劳动 最 光荣 故事 小兔子 乖乖 小兔 子乖 乖 我 想 听 小兔子 乖 乖 故事 我 要 听 小兔子 乖乖 的 故事 我 要 看 海绵 宝宝 我 要 听周 杰伦 的 歌 唱 一 个 儿歌 吧 我 要 看 大头 儿子 唱首 歌 吧 我 要 听 故事 唱 个 歌 吧 猴子 我 要 听 小 蝌蚪 找 妈妈 到 你 喜欢 的 动漫 我 要 看 欢乐颂 讲 个 笑话 周杰伦 的 mtv 我 还 是 看 杰克奥特曼 吧 我 还是 要 看 电影 我 还 是 要 看鬼吹灯 我 还是 看 演员 的 诞生 吧 我 还是 看 快本 吧 还是 看 蒙面 歌神 吧 我 还 想 看 海底 小 纵队 我 还 要 看 海底 小纵队 接着 看 海底 小 纵队 接着 看 昨天 的 海底 小纵队 巴巴 爸爸 有 没有 呢 和 刘恺威 一 起拍 的 她 的 娱乐 新闻 他 的 新闻 有 没 有 杨幂 的 小 视频 有 没 有 皮特 的 八卦 有 没 有 郭德纲 相关 八卦 有 没 有 郭德纲 相关 八卦 啊 有何 炅 的八卦 没有 帮 我 搜 一 下周杰伦 的 电影 帮 我 搜下 周杰伦 的 电影 帮 我 搜点 周杰伦 的 电影 搜 一 点冯 小刚 的 电影 帮 我 搜 一 下 赵本山 的 小品 韩国 的 李连杰 的 搞笑 的 宋小宝 的 日本 的 温情 点 的 欧美 的 体育 类 的 想 看 火箭 对 勇士 比赛 集锦 我 想 看 火箭 对 勇士 比赛 集锦 想看 火箭 对 勇士 比赛 想 看 爵士 和 湖人 的 比赛 还是 看 杰克 吧 我 还 是 看 杰克奥特曼 吧 还是 看 杰克奥特曼 吧 看猎场 还 是 琅琊榜 呢 搜 一下 国产 的 电影 搜 一下 美剧 找 一点 动画 找 一 下 赵丽颖 的 电影 搜 一下 湖南 卫视 综艺 帮 我 搜一 下 热门 的 综艺 节目 我 要 看 中国 好 声音 我 要 看好 声音 我 要 看好 歌曲 要 看 中国 好 声音 我要 看 中国 好 声音 这 个 节目 我 想 看 我 能 说 中国 好 声音 中国 好 歌曲 中国 新歌声 黄渤 配音 的 83 版 的 有 陈佩斯演 的 吗 哪些 是 评分 高 的 今年 上映 的 今年 最 新 的 有 没有 今年 的 有 没有 最 新 的 是 哪些 去年 上映 的 呢 我 想 看 古 天乐 和 景甜 一 起演 的 他 和 周润 发 一 起演 的 他 和 周润 发演 的 黄秋生 和 他 一起 演 的 古巨基 他们 一 起演 的 任贤齐 和 他 一起 拍 的 我 看 什么 动画片 植物 大战 僵尸 的 看 江苏 十二 生肖 之十二生 肖闯 江湖 张凯 黑 咖啡 我 还 想 看 蜘蛛侠 我 要 看 咕咕妈 叶罗丽 精灵梦 第六 季 第六 集 龟 老刘 玩具 真 人 版 蜘蛛侠 雷锋 奥特曼 汪汪队 拼图 小花仙 玩具 龙珠 小妹 第四 季 狗狗 与 芭比 姐妹 大 冒险 王者 别 闹 彩虹 宝宝 彩虹 宝宝 彩虹 宝宝 彩虹 宝宝 熊猫 和 我 要 看 多啦a 疯狂队 我想 看 巴拉巴拉 小 魔仙 巴拉巴拉 小 魔仙 恐龙探 刚 才 那 个 汪汪队 你 可以 下载 两 个 小 猪佩奇 要 看捷 的 超级 超级 飞 黄金 武器 冰雪奇 缘生日 快乐 爱丽 与 故事 战斗 之 魂 想 看 光头 我 要 看 巴拉巴拉 小 魔仙 电视 关于 艾滋病 的 电影 我 想 看 冰雪 小公主 我 想 看 东方龙 玩具 小猪佩奇 玩具 有趣 的 游戏 玩具 玩具 玩具 玩具 玩具 玩具 玩具 玩具 小 羊们 小公 主苏 菲亚 中文版 的 机器 机器人 猫 和 老鼠 侦探 所 新巴拉巴拉 小 魔仙 开心 的 事 赛罗 和 baby 亚战斗 看 撸撸 小猪佩奇 之 养成 习惯 幻影 忍者 第十一 集 屌丝网 海绵 宝宝 大全 第四 季 超级 飞侠 杰克奥特曼奥特 曼奥特曼 喜羊羊 与 灰太狼 之 奇幻 天空岛 第二 季 糖果 小糖 我 想 看卡 通 故事 王国 金应洙 这 个 电视 今天 看 什么 抗日 小英雄 杨来西 我 想 看 qq堂 超级 比赛 奥特曼系列 玩具 直肠 马宝莉 第三 集 小m ike 魔法 战争 我 想 看 电击小两 只 老虎 跑得 快 熊出 没 还 有 看 奇奇 和 悦悦 的 玩具 奇轮战 功夫 战警 我 想 看牛 汤姆 的 动画片 基洛 我 想 看 北京 亚奥特曼 恐龙 音乐 芭比之梦 想 豪宅 芭比之梦 想 豪宅 我 想看 的 是 故事 要 看 赛车 机器人 我 想 我 想 看猫 和 老鼠 星光 就 是 汪汪队立 大功 星际 危机 阿 卡丽 奥特曼 与 贝利亚 兽王 争锋 第二 部 巴巴拉 拉 小怪 很多 铠甲 勇士 机器人 游戏 对 对对 碰 我 要 看 新 铠甲 勇士 我 想 看 奥特曼 大战 僵尸 猪猪侠 超星 萌宠 一 我 想 看井 想 看儿 歌 点点 画 奥特曼 刘佩琦 动画片 吻戏 霹雳勇者 玩 具熊 的 五夜后宫四 大头 儿子 之 过年 兔子 洞 小 猪 太 极 小熊 维尼 第一 集 有趣 的 朵拉 跳舞 跳舞 嗯 超人 我 要 看 恐龙 历险 记 金箍棒 传奇 一 美少 战士 幼儿园 画画 最近 迷 你 特工队 我 要 看 贝贝生活 日记 我 要 熊大熊 智趣 亲子 中文 的 苏菲亚 小马 宝莉 三 季 看 恐龙 看 的 恐龙 的 电影 恐龙 我 想 看 小 蝴蝶 功夫兔 tube 超级 英雄 英雄 蓝猫 淘气 恐龙世界 喜羊羊 与 灰太 狼 大电 影七 我们 想 看 巧虎 小公 主苏菲亚 成为 公主 cc 妙妙屋 我 想 看 罗斯 的 要 看 小璐 卡通卡 通动漫 羊羊 之 大 电影 熊小米 小米 我 说的 是 故事 猪猪侠 超级 萌兽 第四 季 铠甲 纵队 疯狂 兔子 不 要 英语 的 超级 超级 飞侠 火车 超 人总 动员 普通话 巴拉巴拉 小 魔仙 贝贝 我 看 的 是 迪迦奥特曼 小 鬼子 要 看 玩具 视频 彩虹 娃娃 小 箱箱 超级 大英雄 湖南湖 二 奥特猫 芭比 之 红色舞鞋 卡特 特工 布舍 汪汪队 大立功 全集 美丽 的 魔法 战车魂 如果 如果 小 丑鱼尼 莫 超级 精英 艾克斯奥特曼 全 集 超级 飞侠 大迷宫 小花仙 一 我 要 看 是 巴啦啦小魔仙 我看 魔法 公主 我 想 看 弥雅 我 可以 看 赛罗奥特曼 吗 穿越 的 飞机 空间 分队 邵 先生 中国 的 小朋友 看 什么 爸爸 的 jj 公主 的 事 嗯 巨神 有 没 有 海底 小纵队 第五 季 超级 警车 珀利 我 要 看 银河 奥特曼 看 银河 奥特曼 打屁股 不 是 动画片 班淑传奇 嘟嘟 爸爸 播放 老鼠 芭比 之 歌星 摇滚 孙悟 空之 齐天 大圣 归来 大头 儿子 和 小头 爸爸 不 怕 打针 王者 荣耀 动画 片儿 我 想 看 小虎 我 想 看 小虎 想 看 爱笑 宝宝 巴士 学字 奥特曼 的 名字 小马 宝莉 之 坎 特洛特 全集 我 要 看朵 蜜千 女 我 要 看动 漫猪猪侠 我 要 看 憨豆 先生 第二 集 芭比 的 所 有 电影 不 是 英文版 话 西游 变形金 刚 丑 小鸭 小狗 抬轿 猪猪侠 小 猪 猪猪侠 女孩儿 的 电影 中 的 喜羊羊 之马 年 大 电影 我 想 看金 刚 总动员 海绵 宝宝 派 大星 章鱼哥 蟹 老板 猫头鹰 猫头鹰 逃 离 车 小鸡 彩虹 第四 季 换 一生 宋晓英 大战 小猪 蜘蛛女 毛毛虫 小猪 佩奇 大头 儿子 过年 度 巴士 游戏 鲁豫 机锋 兄弟 第五 季 八 斤 半 两 汪汪队 的 新版 的 今夜 有戏 twice 开衫 儿童 唐诗 要 看 北极熊 塞莉 飞天 公主 汪汪队 立 大功 中文版 第四 季 消星 星you 迷 你 世界 生存版 观音 菩萨 观音菩萨 湖南 香港 徐闻 玩具 也 疯狂 儿童 舞 漂亮 美丽 的 苏菲亚 儿歌 世上 只 有 妈妈 好 狗狗 大全 爱 冒险 的 朵拉 冒险 的 朵拉 我 要 看 你 的 视频 奇妙 汉字 第二 季 玩具 上 的 大 玩具 我我 想看 奥特曼 看 艾丽 熊出 没 么么么 跑男 雅克 下动 画片 爱奇 艺乐 佩 铠甲 王 放的 动画片 我 想 看 泰国 宝宝 巴士 游戏 动画片 我 想 看 小七 猫 的 幸福 生活普 通话版 猪猪侠 之 黄金狮 我 还要 看 什么 动画片 呢 忍者 神 旋风 战车 第二 季 我 最 爱 的 小公主 我 想 看 卡西 了 我 看 小小智慧 树 小录片 帮 帮 龙 之 恐龙 探险记 看 救援 机器人 白雪 公主 我 要 看 我 想 看 巴士 欧美 1 公主 芭 比 娃娃 螺丝钉 第五 季 我 要 看 凯文 夏季 熊出 没 电电击 小子 魔法 动画屋 海尔旗 第四 季 熊出 没 还 礼大宝 正方形 蜘蛛 蜘蛛 蜘蛛 呼叫 金鱼 翻 我 想要 光头强 美人 鱼公 小马 宝莉 米 奇妙妙屋 我 想 看 芝麻街 我 要 玩 熊大熊二 德奥特 曼捷德 奥特曼 我 要 看 米奇妙 妙屋 大赛 熊孩子儿 歌 的 摇篮曲 猪迪克 之 古怪岛 大 冒险 第一 季 我 要 看 汪汪 队立 大功 了 我 的 世界 收看 视频 那 个 奥特曼 国语版 战神 战机 队 会 说话 脾气 企鹅 一 家 超级 托马斯 梦游 可以 看 的 恐龙 迪迦 奥特曼 外传 李肖 我 要 看新 的 米老鼠 消防车 宝宝 巴士 妈妈 讲 故事 过年 好 我 想 看 孙悟 空动 画片 不 是 挑战者 联盟 是 神兵 小将 米 啦 米咖 三小子 宝宝 巴士 之 奇妙数学 我 想 看 星兽 猎人 木奇 灵圣天 灵种 我 想 看 小飞机 小马 宝莉 猪猪侠 小 老虎 图图 3 3 新 白 娘子 芭比之 星际 历险记 黑猫 警长 新 版 kimi 妈妈 细菌 大王 我 想 看 黑鹰队 我 要 看 美丽 公主 熊出 没 之 了 了 龙珠峡 托马斯 城堡 大冒险 小花仙 第五 集 我 要 看 雷速登 叶罗丽 之 精 灵梦 第六 季 恋 了 爱 了 看看 小马 姜丹 战火龙 超级 女侠 angela 恐龙 汪汪 汪队 一 大 公 我 看 熊出 没 探险 记叶罗丽 战士 第十一 集 巴巴 爸爸 第三 部 朵 蜜 天 女朵 法 拉 我 想 看有 熊出 没 的 运动 歌 我 要 看 小虎 剧场 之 我 长大 了 动画 片儿 呢 光头强 和 熊大熊 开心 宝贝 之时 空 大 作战 我 想要 看 吧 有 汽车 奥特曼传 说 枪手 我 想 看汪 米队 工程 车队 我 想 看 召唤王 想 看 熊熊米 很 想 看 飙速 我 想 看 燕尾侠 我 想 看 baby 玩 守卫 之 力 爱比 公主 故事 北美 玩 具 妹妹 玩具 熊熊 乐园 熊熊 乐园 熊熊 乐园 保利 小马 宝莉 小马 宝莉 小马 宝莉 我 想 看 犀利呱 啦 星星点 五 公主 我 喜欢 看 游戏 奥特曼 我 喜欢 看 小 星星 第二 集 最强 的 秘密 特工 辛巴达 凯特 公主 战车 队旋 风战车 队 我 说 超级 飞侠 我 要 看 公主 的 电视 音乐 熊出 没 搞笑虫 搞笑虫 扑克牌 怎么 玩 积木 宝宝 闯 世界 大人 的 电视 桃儿 女孩 乐高 好 朋友 有什么 游戏 吗 巴拉 佩奇 芭比 与 飞马 之 旅 我 想 看 黄大妮 万 圣节 玩具 希卡利奥特曼 和 欧布 奥特曼 我 爱 我 想 看叶 萝莉 仙子 夜 萝莉 仙子 巴达木悟空 和 归来 的 伙伴 倪土 苏菲亚 我 要 看 佳佳 美美 草原 上 的 小朋友 蜡笔 小新 猪猪侠 开心 超人 第一 季 第二 集 玛卡 泡泡 孔雀鱼 新 版 阿u 大 电影 旺旺 大 礼包 我 要 看 最 新 朵 拉 boss 系 第八 集 想 看 m 猪猪侠 超市 联盟 第三 季 凯蒂 的 玩具 捏彩泥 动画片 我 想 听 歌儿 我 要 看 苏 飞霞 白筱 我 想看 老鹰 的 那 个 葫芦娃 数码 宝贝 第二 季 第三 季 冰雪 公主 大全 金花 公主 第三 季 守护天 使 声音 的 历险 记光 之 国 的 奥特曼 重动 画片 一 个 小 老虎 当兵 的 打仗 看看 的 的 看 的 汤姆猫 我 想 看 小丽 玩具 熊出 没 之 寻 找 东 北虎 芭比 之三 剑 金辉 小鱼 总动员 终结者 四 雄安 我 想要 抹口红 的 那 个 喜羊羊 之 开心 方程式 我 想 看 游龙 不 是 不 是 不 能 我 想 看 公主苏 菲 这 查下肖 的 天 的 愤怒 最 大 的 数莱西 到 浙江 了 我 的 脚步 就 我 看 光头强 我 看 光头 强 巴拉戈 新 的 爸爸 幽灵 女巫 爱宠 大 机密 国语 最 漂亮 的 花 全球 小纵队 什么 电视 最 好看 雪 的 其 我 要 看看 呗 声音 的 小猪 佩奇 杀手 我 要 下载 银河 奥特曼 全集 飞屋 总动员 天天 飞猫 超级 萌受 丸子 头 的 跳 跳虎 跳 跳虎 汪汪队 第七 集 我 想 看生 小孩 的 动画片 拉萨 要 看 小公主 我 看 汪汪队 第三 集 奔跑 吧 第八 季 海绵 宝宝 之 动画 电影 图拉 和 特尔 没 最 新 熊出 没 大电影 我 想 听 大王 叫 我 来 侠 第三 季 喜羊 羊妈 妈侠 熊出 没 来 北北 玩具 狗 屎 大笨蛋 我 想 听 童话 故事 我 想看 两 个 铠甲 勇士 我 想 看 我 的 世界 的 动画片 fly 斗龙 战士 动画片 金 刚 葫芦侠 有 没 有 这 个 米奇妙妙屋 星球 的 公主 动画片 有 动画片 吗 汪汪 汪汪汪汪汪 汪汪汪 更多 芭比 梦幻 飞马 芭比之 冲浪 大赛 少 年 黑客 精灵宝 可梦 超级 愿望 巴克 队长 第二 集 我 要 看 芭比之 蝴蝶 仙子 冰雪奇 像动 画片 搜索 叶罗丽 ikon 比 得 兔 大 电影 我 想要 看 禽兽 超人 阿罗伊 铠甲 奥特曼 美 美 王子 挖机 挖掘机 新版 苏菲亚 我 想 看看 洗朵拉 我 想 看 小狮子多纳 玩具 市场 我 想看 就 看 7k7k 小 游戏 新 托马斯 银河 奥特曼二 财富 时代 新闻 守卫 朵 拉 第十 季 白兔 汪汪队 的 一 大 功 兰特 我 要看 快乐 出奇蛋 我 要 看 熊兽金 刚 三 个 强盗 我 想 看 喜羊羊海底 大 冒险 399 儿 歌 我 想 看 芭比 蜘蛛 电影 膜法 传奇 我 想 看 凯蒂猫 的 动画 少年 侠客 全面 进化 第一 季 社期 勇者 我 的 汤姆猫 最 新 一 期 奥特 曼朵 拉 玩具 大星球 芭比之粉 红色舞鞋 熊大 熊二 与 神秘 小镇 史泰龙 刑天柱 大电影 神犬 小七 不 是 飞狗 巴迪 熊出 没 熊出 没 变 形计 孙悟 空动画熊出 没 英雄祭 我 要 看的 小猪佩 人鱼 公主人 鱼 公主人鱼 公主人 鱼 公主 小贝儿 加菲猫 的 幸福 生活二 巴拉巴拉 小 魔仙 之 音乐 魔法 世界 伯特和尼克 的 神奇 冒险 中文版 没有 vip 的 动画 湖南 小 魔仙 花花 世界 我 要 看 小马 宝莉 第五 大 电影儿 土豆网 我 的 机器 我 想 看 琪琪 我 要 看粉 红猪 之 骑士 与 公主 我 想 看 新版 的 铠甲 勇士 金秀 猎人 我 想 看 巴拉拉小 魔仙 公主 我 要 看 熊 出没 第一 季 熊出 没 昆虫记 机器 妙妙 我 想 看 小鹿 动画片 宁静 看 熊出 没 动画片 我 要 看记 的 我 想 看 美丽 的 长发 公主 洛洛 历险记 洛洛洛洛洛洛 小头 爸爸 围裙 妈妈 月余 哆啦a 梦 太阳王 传说 我 想 看 超级 飞侠 大为裤 六 枝 星 之 愿 奇怪 的 兔子 超级 蛋蛋 美人 鱼大 探险 黑莓 十 三国 传奇 新 的 帮 帮 玩游 世界 猫咪 logo 我 要 下载 奥特曼 老 农民 艾莎 爱 了 芭比之寻 找 狗狗 历险记 宝莲 有 美 美 玩具 搜索 海尔 兄弟 我 要 看 的 这 个 小 魔仙 之 彩虹 心石 名侦探 第三 季 我 想 我 想 看 小玛利亚 奇隆 我 想 看 新 大头 儿子 和 小头 爸爸 凤凰 论 高风 速车队 小鱼 动画片 小鱼 动画片 芭比 之 红舞鞋 屏幕 猪猪侠 第二十 集 银河 奥特曼 奥特 曼奥特曼 奥特曼奥特曼 飓风 战车队 我 想 看 汪汪队 所有 的 昨天 的 芭比其他 的 电影 看 小 猪佩奇 第二 季 我 要 看 爸爸 妈妈 去 上班 我 想看 的 是 赛罗奥特曼 魔法 妈妈 开心 超人 之 星际 新 大头 儿子 和 小头 爸爸 第八 季 海洋国 小马 宝莉 大衣 郑州 郑州 郑州 郑州 桂林市 我 想 看 鸟叔 在 看 江苏 大卡车 赵梓涵 铠甲 勇士 呀 塔莱斯 爆笑虫 第五 季 有 机物 的 动画片 陆小 玩具 怪兽 来 了 小凯莉 的 玩 具屋 我 想 看莱 的 歌 新叶 罗丽 我 要 看 精灵梦 叶罗丽 大头 儿子 和 云朵 妈妈 魔幻 车神 我 海底 小纵队 我 想 看 玩具 小猪 我 要 看 赵丽熊 大 玻璃虫 婴儿 奥特曼 新版 大头 儿子 小 头 爸爸 章鱼 总动员 汪汪 队立 大功 最 新 版 叶萝莉 魔法 第六 集 飞机队 kitty猫 动画片 看 希卡利奥特曼 苏菲亚 小 公主 游戏 大头 儿子 歌 朵法 天 女朵 拉 第十 季 佩奇 吗 我 想 看 迪迦奥特曼 还 有 赛罗奥特曼 鱼 罐 头 微 大中华 寻宝记 我 想 看 很多 的 飞机 我 想 看 超级 飞侠 大百科 猪猪 嘟 嘟嘟 奇奇 妙妙 恐 龙乐园 熊出 没 之 奇幻 大 电影 五颜六色 动画片 美 美 玩具 美美 玩具 美 美 玩具 美美 玩具 芭比 宝宝 白金 小帅 美少 女 战士 美少 女 战士 喜羊羊 与 灰太狼之羊羊 我 想 看 小子 小马 宝莉 和 海底 小纵队 愤怒 的 小鸟 全 星际 猫扑 我 要 看朵拉 的 故事 雷神 三 大 电影 小马 宝莉 故事 游戏 双色 抓妖 记 我 想 看 我 想 看 玩具 功夫 兔子 和 菜包 王晓彤 爆笑 笑话 要 看 芭比动 画片 芭比 姐妹 狗狗 大 冒险 大头儿 的 家 最 厉害 的 我 想 看 赛罗赛罗奥特曼 田 的 我 想要 公主 最 漂亮 的 仙子 雷儿奇 遇记 新 的 巴巴 爸爸 我 要 的 是 巨神 战击队 新版 的 小马 宝莉 之 无尽森林 的 传说 医学院 爆笑虫 第二 季 动漫 队立 大功 银河 迪迦 奥特曼 我 想 调米 老鼠 火线 联盟 新蛋 玩 偶 医生 冰雪 奇轮 爱 的 玩具 哪 有 新 大头 儿子 和 小头 爸爸 的 最后 一 集 短片 吗 看看 佩奇 猪猪侠 钢铁侠 汪汪队 做 蛋糕 赛车 飞机 星星 美人 鱼 汪汪队 汪汪队 漳州 的 漳州 芭比娃 娃大 冒险 卖 火柴 的 小 汪汪 队立 大 工作 小花仙 第四 季 大 电影 我 想 看站 起来 的 小马 宝莉 变形金 刚 叱 风云 新 的 小马利亚 李娜 马达 加斯加 的 疯狂 情人节 玩具 欢乐屋 汉字 宫 霸王 酷宝 第二 十 集 大头 儿子 和 小头 爸爸 第四 季 短片 赛罗 第三 集赛 罗第三 集 蝙蝠 侠乐 高小人 天才 螺丝 的 我 想 看 酷宝 我 想 看 奇妙大 冒险 英文 版 的 汪汪 队员 我 要 看 芭比 工队 株洲 新闻 星际 宝贝 第三 还 有 什么 熊出 没 我 说 的 是 梦想 三 国 酷酷 跑 表述 光头 强 猪猪侠 我爱 你 妈妈 我 要 看 最 好 看 最 好看 的 小明 玩具 小伶 玩具 丛林 大 反攻 我 想 看 的 海底 小 纵队 疯狂 动物城 中 文 的 恐龙战 机队 帮 帮龙 玩具 叶罗丽夜 萝莉 夜 萝莉 夜 萝莉 我 想 看 熊出没 最 新版 的 光头强 骑 邀请 邻居 新出 的 唯美 玩 具 莱阳 有 财叔屋 有 财十五 吗 电影 在 哪里 我 要 看 熊出 没 的 动画片 我们 的 歌 汪汪 队立 大功 三 级 我 想 看 一 个 电视 汪 对立 大功 第一 季 超级 飞侠 历险 记 王者 呱呱 哈 喽 萄星 人 学习 拼音 蜡笔小新大 电影 全部 我 要 找 芭比娃娃 猪猪侠 拼装 特工队 猪猪侠 拼装 特工队 猪猪侠 拼装 特工队 百变 布鲁可 第十 三 集 一 个 动物 魔法片 空间 战击队 龙马 战击队 蛇动 画片 少 年 马克 芭比 爸爸 mini 跳舞 跳跳鱼 世界 全集 明天 小子 魔方 守护 我 要 看 暴笑 的 小 虫子 偶像 三 国 小 猪佩奇 妈妈 娃娃屋 熊出 没 之 小镇 声音 笑话 小 美人 鱼动 画片 邪恶 动漫 警车 联盟 我 要 看 胡杨 女人 拼音 方块 baby 玩具 baby 玩具 我 想 看 宝宝 巴士学 画画 魔魔法 天女 白雪 公主 之 神奇 奶爸 课桌 螺丝钉 动物 唱歌 安迪 的 冒险 国语版 我 要 看 声音 的 我 想看 关于 仙子 的 神奇 校车 追寻 恐龙 我 要 看植物 大战僵 爸爸 得 痔疮 我 想 看 妈咪 妈咪 熊熊 乐园 第一 集 我 想 看 极品 公主 仙子 魔仙 爱 回家 迪丽 宝宝 巴士 音乐剧 乐高忍者 神龟 部队 第四 季 要 看 坦克 车 猪猪侠 超级 魔鬼 我 想 看 动物 兄弟 第一 季 猪猪侠 第三 大象 巴巴 我 想 看安 的 动物园 全集 小 贝奇 海英 新版 的 动画 想 三 国 喜羊羊 之 勇闯 世界 金鹰 乐乐园 凯丽 的 画画 朋友 丽 的 电影 电视迷 傻瓜 叶绿 神龙 小纵队 我 想 看 我 的 妈妈 小小 老鼠 惊变 英雄 搞笑 的 动画 片儿 看动物 变形金 刚 第八 集 想 看 王俊凯 大 吗 阿里巴巴 的 故事 奥莉薇亚 我 想 看 小猪非亚 我 要 看 贝宝儿 歌 王子 和 公主 我 要 宝宝学 折纸 公主 彩泥 烟花弹 杰克奥特曼 国文版 oppo 奥特曼 欧布 奥特曼 欧布 奥特曼 我 要 看艾克 剪 刀 股 大头 儿子 和 小头 爸爸 之 与 成才 宙斯 奥特曼 灵路 精灵 的 动画片 不 是 这 个 汪汪队 红宝 宇宙 星神 第一 季 猪猪侠 葫芦娃 艾培 拉星人 我 想 看 托马斯 和 他 的 朋友们 猪猪侠 之 超星 萌宠 第一 好 了 要 看 小猪 考拉大 冒险 我 要 看看 熊出 没 超级 大恐龙 恶魔 奶爸 熊出 没 黑猫 警长 巴拉 仙子 附近 的 没 问题 原来 本来 就 不 知道 有 无现 在 一共过 是 吧 祝力升 突然 小狐仙 我 想 看 新 的 小 猪佩奇 雕塑 标书 小猪佩奇 培乐 多 白癜 黑龙氏 小熊 蜜 蜜 巴丁顿 熊电影 我 不 想 看动 画片儿 了 我 看花园 宝宝 小马 宝莉 下载 汪汪队 新 的 汪汪队 奔跑 吧 啦 小魔仙 小p 兄弟 姐妹 孔雀鱼 第四 季 嗯 我 想 看朵拉 海绵 宝宝 之 大 白 探险记 我 想看 最 新 最 新 的 巴啦啦小魔仙 飚速 动画片 杰 的 盖亚 小马 宝莉 紫悦 金鹰侠 我 要 看 熊大熊二 小时候 的 动画片 超级 枭雄 攻略 聪明 的 顺溜顺 溜 我 想 看 凯文 和 游戏 小 零食 黑猫 警长 黑猫 警长 喵喵喵 超级 秘密 金鹰 姐姐 讲故 事 小伶 玩具 第九 季 莎拉 小姐 我 想看 小猫 看 的 蜡笔 小新 结婚 了 泡泡 恐龙 小兔乐 被 卡 爆丸 小子 第二 季 我 想 看 那 个 什么 跳舞 的 跳舞 小花 我 和 你 一起 做 朋友 弯弯 的 奶奶 爱 love 天气 超级 飞侠 玩具 超级 飞侠 玩具 我 想 看 十万 个 冷 笑话 湖南 苏菲亚 汤姆猫 与 安吉拉 我 想 看阿 的 恐龙 冒险记 美食 大餐厅 卡齐跳 跳鱼 巴西 姑娘 爱情 的 朵拉 小 巫女 的 魔法 世界 第二 季 挖掘机 工作 龙珠 龙珠 芭比之海 我 想 看 你 最 爱看 的 动画片 我 想 看 的 是 巴拉 茂名 看 喜羊羊 大 电影 猪猪侠 之 超 萌兽 第五 季 所有 的 奥特曼 的 动画片 我 要 看 小 猪猪侠 我 要 看 大 战牛 魔王 万古 咪咪 咪咪 大耳朵 胡图图 第二 季 月亮 之 传奇 咪咪 呀 老师 学习 火线 战警 二 看 美国 的 小朋友 我 想 看 不 一样 的 米 老鼠 三 只 小猪 和 神灯 终极 大 最 好 看 的 电视 是 什么 我 想 看 爱宠大机密 我 就 想 看 两 个 角 的 奥特曼小猪 佩奇熊大 护肤 巴 啦 啦 小魔仙 之 魔箭 公主 大 电影 我 想 看 迪迦奥迪 迦 小的 彩虹 我 看 的 动画片 是 爱 探险 的 朵拉 熊出 没 大三 儿童 视频 大全 医妃 迪亚 公主 我 要 看 熊出 没 玩具 艾可 魔法师 岛 由 的 光头强 汪汪队 立大 功队 奇妙 汉字 乐园 我 想 看 小马 宝莉 第七 集 聊城 雷迪 第二 季 我 要 看 波利 大耳 朵 多 我 要 看 蹦蹦龙 我 要 看 的 安迪 的 世界 冒险 想 看 小猫 动画片 叶罗丽 第十 集 能量 之 星 维尼熊 与 跳 跳虎 英文版 熊大 熊二 新 的 熊大熊二 我 想 看 新 款 叶罗丽 精灵宝 可 梦下 集 猪猪 的 动画片 小马 宝莉 之 坎特洛特 故事 集 朵拉 中文版 呼和 小队 成龙 历险 记四 狐狸洞 有 没 有 别 的 西游记 我 想 看 孙悟 空猪八戒唐 僧沙 和尚 我 想 看 布丁狗 金鹰宝 可梦 第二 季 roa 银河 奥特曼 和 奥特曼 和 奥特曼 银河 奥特曼 洪恩 宝宝 看 世界 名侦 探何 南 免费 看 星学园 枪王 图 画 捉迷藏 汪汪队 奇趣 蛋糕 奥特 之 王 大 电影 安徒 生童 话故 使 火山 我 想 看 巨神 战队 我 要 看 水晶泥 精灵宝 可 梦 第九 季 保利 的 故事 芭比 公主 之 长 发 公主 大光 头 强 看海底 小纵队 玩具 房子 大作战 鼠牛 虎兔龙蛇马羊猴鸡 狗 猪 娃 娃 我 想 看 腾讯 米奇 妙妙屋 汪汪队 中央 小魔仙 赛尔号 六 之 圣者 无敌 我 要 看 魔幻陀螺二 宝宝 巴士 玩 具屋 厉害 的 奥特曼 玩具 妈妈 奇趣蛋 手淫 熊出 没 之 夏天 连 连 看 大熊 大熊二 我 想 看 小猪 稀里 糊涂 小鹿 小鹿 你 在 哪 奥特曼 我 要 我 要 看 海底 小纵队 第四 季 第三 季 张翰 新 年 手工 制作 熊出 没 二电影 阿瓦 我 想 看 芭比公主 大 冒险 变形金 刚 第二 季 的 动画片 名侦探 柯南 剧场版 国语版 我 想 看 花仙 魔法师安安 马加达斯加 的 企鹅 头 儿子 大头 儿子 魔法 工作 蜘蛛 玩具 二 年级 的 美眉 跳 芭蕾 内容 德奥特曼 呢 动漫 捷德 奥特曼 英语课 葫芦 娃葫芦 娃 小金 刚 我 想 看 新 魔力 玩具 学院 怪物 世界 我 想 看 超神 灵女 凯蒂猫 故事 我 想 要 臭屁虫 汪汪队 汪汪 汪队 光头强 之 春宵 历险记 小 老鼠 动画 百变 扑克 手工课 疯狂 奥特曼 夏安安 第三 集 爱因斯坦 动画片 我 要 看 闪电狗 安柏 公主 如果 的 事 颜色屋 颜色屋 颜色屋 我 要 看 大头 爸爸 要 看 孤 爸爸 美人鱼 超级 飞侠 看 着 我 看 着 ppa p 少林 寺文 芭比娃娃 之 粉 红舞鞋 看 熊出 没 连 连 看 橡树 餐厅 魔法 保姆 麦克菲 很多 公主 公主 世界 汪汪队 立大 功坊 雪莲花 我 要 看 人间 传 我 要 看 一 个 米 老鼠 我 想 看 超级 飞侠 玩具 智龙 迷城 x 叶罗丽 精灵梦 之 我 想 看 老子 特攻队 赛罗 英雄 玩 具糖 冰淇淋 玩具 上海 绵宝宝 咪眯咪 眯咪 神兽金 刚 金 刚 米奇 妙妙屋 英语 版 华裔 看看 飙速 我 想 看 的 是 阿旗游乐园 大家 好 的 熊出 没 巡逻 大 太阳 google织 小巫 女魔 法 世界 我 爱 你们 玩儿 疯 了 爱奇艺王 熊爸爸 和 熊孩子 可爱 小公主 东方 可爱 沙希 所有 公主 类型 的 动画 我 要 看 宝宝 巴士 唱歌 尧虫 雷迪 中华 民族 小小牛熊出 没 变 形计 预告 迪士尼 公主 梦幻 波比队 汪汪队 之 超狗 阿 波罗 多米 冒险 原小米 管家 旋风管 家 旋风管家 旋风管 家 旋风 管家 旋风管家 旋风 管 家 旋风 管家 旋风 踢 神奇 转转笔 果宝 特攻 最后 一 集 嗯 熊出 没 熊 我 想 看 熊熊 熊熊熊 蓝莓 我 要 看 蹄 露 我想 看 莫莉 公主 要 看 的 了 王玉龄 艾克斯奥特曼 大 电影 爸爸 孩子 徐璐 你 好 公主 之 美 人鱼 儿歌 和 故事 我 之 冬 日乐 翻天 我 想 看 七彩公主 寂寞 的 小猪 大 电影 无敌 小鹿 第一 集 没 卡魄 铠甲 勇士 我 想 看 动画 彩泥 我 喜欢 看 赛尔号 机器 我 要 旋风 战车 队 动画 玩具 安全 动画片 我 想 看 熊出 没 乐 翻天 一 到 十二 岁 电视 飞天 小 鱼警 电影 免费 的 食人 美人鱼 我 要 看 熊出 没 之 秋 日团 团转 我 的 青春 星记 玩具 唉幼儿园 米奇 与 米妮 天劫 女友 嘟嘟 嘟嘟嘟 嘟嘟 嘟嘟嘟 嘟嘟 嘟嘟 盖亚 奥特曼赛罗奥特曼果宝特 攻八 熊出 没 之光 熊猫 的 故事 我 想要 看 蓝猫 陶气 三千 问 之 恐龙时代 小笼包 黄金石 黄金石 玩具 吧 美丽 森林 公主 维克 颗 粒 奥特曼 动漫 美女 芭比 公主 之三 剑客 汪汪 队立 大功 不 是 英文版 奶 泡 泡 我 想 看 萌妻 小队 江西省 我 要 看 神兵 小将 的 小鱼鱼 三 角 猪猪侠 之 梦 想 守卫者 这 个 梦 泡泡 孔雀鱼 的 家 小伴 龙耳朵 猪猪侠 超级 第一 季 我 不 是 我 beyond 我 要 看 小花 的 看看 超救 分队 我 要 看 梦想 豪宅 神兵 小兽 窦宝宝 我 要 看 鹿晗 还 有 大明 特工 铠甲 勇士 第一 部 火焰 战 神 那 个 好看 的 妈妈 来 动物 兄弟 第一 集 动画 大电 影 赛罗 十万 个 冷笑 话电影 二 螺 丝椒 有 星星 的 朵拉 有 贝贝 的 巴拉拉 小 魔仙 托马斯 与 朋友 宫崎骏 动画片 全 集 乔恩 鸡蛋 汤 下载台 熊猫 总动员 电影 公主 幻影 忍者 火 影忍者 扑倒 特工 点 的 墨汁 夏 日连 连 看 我 想 看 晓功 看 迪迦奥特 喜羊羊 的 灰太 狼 我 喜欢 爱 数鼠 儿天 地 我 想 看 梦幻 芭比 我 看 熊大 熊二新版 的 我 想 看 元气 拯救 我 要 看 汪汪队立 大功 我 要 看 汪汪 队立 大功 小马 狗 兽王 争锋 之 利赛 我 想 看 最 好 动画 巧虎 电视剧 我 要 看 捉妖 龙侠 小子 重生 记 灭火器 光 之 魔法 少女 阿部敦 队长队 我 想 看 马丁百 变 马丁 女孩 子动 画片 宝宝 第八 集 开心 猫动 画片 糖糖 游乐园 狗狗 日记 二 我 的 能量 yeah 夏天 熊出 没 我 幼儿园 汪汪队 四 公主 啊 奇有缘 蜡笔 小新 蜡笔 小 我 想 看假 奥特曼 斗龙 战士 第四 季 双龙核 恐龙 王国 大 百科 我 要 看 惩罚 新版 的 小猪 我 想 看 小小 智慧 树 快乐 游戏 彼 得兔 有 一百 集 的 疯狂 第一 季 宝宝 巴士 之 学 汉字 音量 大 学园 奶爸 新 大头 儿子 和 小头 爸爸 之 冰雪 奇缘 之小 玩 具 开开 开开 开开 霍比特人 三 象棋 王 吴亦 凯利 和 玩 具朋 超级 部战 队 小 胖 胖 我 想看 的 是 哪 个 秘密 恐龙队 孙悟空 之 我 想 看 大战 小 神龙 世界 想 看 猪猪侠 猪猪侠 猪猪侠 美 丽洞穴 嗯 看 熊出 没 我 的 世界 奥特曼 看妹妹 玩具 我 想 看 汤姆石悦 我 要 看找人 的 有 别 的 动画 吗 迪迦奥 的 芭比之 魔法 学校 我 要 看mimi 芭比之 皇家 摇滚 最小 的 的 小猪 降 灵记 新版 的 夜萝莉 我 要 看 小超人 我 看 巴巴 爸爸 少奥特曼 新 电影 我想 看 奥特曼 的 电视 芭比娃娃 之 真人 版 斗王 争霸赛 我们 的 世界 动画片 要 看 熊出 没 大全 飞侠 乐迪 我 看 凯丽 恐龙片 小马 宝莉 马丁 熊出 没 四 大 耳朵 图 图 的 智慧 王国 荆门 大头 小 爸爸 垃圾 动画 兵小 将 第二 我 想 看 小猪 配奇 过年 我 要 看 哆啦a梦哆啦a梦 1第二 季 想 看 美琪 美雪 古力 咕力 舞蹈学堂 我 想 看 汤姆 短片 我 要 看 大耳朵图图 历险记 声音 呀 戴拿 奥特曼奥特曼3 p 我 想 看 魔法 奇缘 中文版 201 体系 宝宝 巴士 奇妙 农场 巴 啦 啦 小 魔仙 的 大 电影 我 想 要 看 僵尸 葫芦 娃四 我 想 看 拇指 姑娘 我 要 看 猪猪侠 我 要 看 石头 剪子 布手 工动 画片 杰斯 奥特曼 小米 小猪 佩奇 我 要 看 巴拉芭 比 我 的 世界 第二 板 吸血牙 张亮 与 晶晶 外国 动画片 叶罗丽 精灵梦 第六 部 想 看 美国 队长 我 要 看 一千零 一 夜 中文版 你家 奥特曼巨神 战击 队 看完 了 芭比之动画 大 电影 户县 天线 宝宝 第四 季 料理 甜甜圈 第一 季 寻找 到 两 组 相同 的 图片 邀请 电视锅 娜塔 奥特 之 王 国语 版 高安 人心 长发 公主 的 神奇 宝贝 大师 火焰金 刚 小马 宝莉 站 着 的 我 想 看 你 的 大屁股 汪汪 队立 大功 第九 季 赛车 标准 一起来 看 流星 憨豆 先生 第一 季 熊出 没 传奇 托马斯 和 他 的 朋友们 第六 季 我 要 看叶 萝莉娃 娃 第六 季 我 要 看 新 版 的 米 老鼠 爱 情动 我 要 看 变形金 刚 电影 想 看 热血 家族 双脊龙 小花 仙夏 安安 第三 季 我 想 看 王卫 的 大功 第二 季 马晓棠 梦比 优斯 大结局 我 想 看 艾丽 的 第九 集 漂亮 的 小公主 游击 英雄 想看 圣诞 老人 泰迪 奥特曼 我 想 看 小猪 的 电视 恩 艾琦 我 要 有 吗 巴啦 啦 小魔仙 魔仙堡巴拉巴拉仙 战斗 王 之 三角鱼 只要 是 公主 的 什么 都 可以 我 想 看 一 个 大熊猫 小 唐僧 去 西天 取经 电视看 的 动画片 李雨豪 有 我 要 看做 手工 魔仙 女王 我 想 要 看 挖土机 憨豆 先生 三 我 想 看 芭比 的 服装 秀 我 想 看 百变 马丁 全集 麦克斯麦克斯 奥特曼 奥特曼进化版 熊出 没 夏天 连 连 看 非亚 小公主 第一 季 变形 恐龙 汽车 门票 我 要 看 海底 小纵队 第一 集 妩媚娘 三 熊熊儿 小冰 动画 片儿 大 电影 大全 熊出 没 大 电影 第二 季 我 想要 看 爆兽 猎人 全 部 的 铠甲 勇士 我 爱a 梦 朵 蜜 天 女朵 蜜天女 各种 各样 的 公主 视频 我 想 看 小 黄人 的 电影 食玩 联盟 邀请 谢单名 b 站 米奇米诺 橡皮 泥 做 娃娃 我 想 看 芭比娃娃 的 动画片 男生 女生 帮 我 一下 小熊 妈妈 憨豆 憨豆 我 要 看 特工 啊 的 邀请 北京 龙隐我 要 汪汪汪 新款 叶罗丽 开心 超人 之 新 的 危机 我 想 看 中国龙 我 想要 魔法 天女 的 可以 吗 杨小苗 小平王 我 想 看 猪猪侠 之 变身 小 英雄 喜羊羊 之 奇 妙天 空岛 的 冒险 叶罗丽 仙子 五 宝宝 巴士 植物 大战 僵尸 二 我 想 看 恐龙 的 泡 泡虎 还 有 别 的 好看 的 吗 播放 梦境 守护者 我 要 看 豆乐儿 歌 我 想 看 的 呗 熊大二 迪加 的 熊出 没 吗 故故 事 枕头 迷宫 大 冒险 干 啥 金英 颗 粒 奥特曼 猪猪侠 有 没 有 猪猪侠 蜡笔 小新 大电 我 想 看凯 的 和 玩具朋友们 臭屁弹 叶罗丽 二季 我 要 看 的 是 朵拉 玻璃 警车 电视 我 要 看 白雪 公主 的 动画片 中国 兄弟 连 小路 建设 恐龙年代 小兔 汤姆 我们 看变 形金 刚 要 看 彩虹湾 我 想 看 88 主 我想 看 妖猫 传大 电影 搜探 险队 蒙古栎 魔法 小甜甜 守护 甜心 第一 季 我 要 看 哆啦奥特曼 我 想 看 高铁 的 我 想 看 猪猪侠 大功 我 想 看好 多叶罗丽 我 想 玩 奇奇 妙妙 的 游戏 大白兔 姐姐 玩具 世界 芭比 大 电影 之 珍珠 公主 奇妙 小镇 一 关于 历险记 我 要 看 的 是 白雪 公主 十二生 肖排行 美味 厨房 星芒 守卫 梦比 优斯希卡利 脱衣 警车 我 要 看 今天 出 没 动画 我 想 看 超级 变形金 刚 我 想 看 芭比 的 芭比 我 想 看 ie 我 要 看 的 铠甲 勇士 我 要 看 脾气 超 宝宝 睡 觉歌 我 要 看 公主 奇迹 呀 我 想要 看火 火兔 嗯 爸爸 爸爸 爸爸 时间 都 去 哪儿 了 一起 玩 折纸 折纸 好好 玩 宝宝 巴士 之 奇妙 旅行 小洋山 美人 鱼珊珊 蚜虫 大 鳄鱼 我 不 需要 英语 的 超级 飞侠 我 想 看 极品 赛车 我 要 看 霸王 猪 猪 光 头 强 木木 我 想 看 小猪佩奇 美美 玩具 fox 我 要 看 芭比 变成 美人 鱼 的 动画片 奥特曼其他 的 动画片 八 季 南宫 问天 动画片 我 喜欢 彩虹 宝宝 威 的 金鹰 要 看 我 喜欢 看 机器猫 偶尔 的 十万 个 为什么 之 英雄 猪少年 我 想 看 超能 陆战队 电影 看看 显得 朵 拉 铠甲 勇士 开车 嗯 超级 飞侠 第五 季 日本食 玩 视频 舞法 天女 蓝天 熊猫 吧 孔雀 之 吻 单机 游戏 奥特曼奥特曼奥特曼 哦 疯狂 大 因为 蔚蔚 蔚蔚 想 看 兔子 神奇 宝贝 宝贝 我 想 看 云 朵 妈妈 和 白百 滚圆 动物 一 我 想 看爱 冒险 的 朵拉 看 小飞侠 托马斯 和 朋友 第一 季 看国 宝机 甲 我 的 丁丁 笔小新 大 电影 欧菲 亚学院 神奇 仙子 雷儿 小 汽车 玻璃 芭比 之 美 人 鱼世界 苏菲 亚公主 吧 就 是 汪汪队 海信 芭比之非 凡 小 公主 肥 美人 熊出 没 之 快 乐大 我 想 看 我 想 看 彩虹 宝宝 海底 小纵队 巴克队长 我 喜欢 看 王菲 汪汪队 离家 出走 看 飞天 小 女警 我 想要 的 是 小马 宝莉 凯文科 游戏 cc 与 我 要 看 大头 儿子 第九 集 手机 小伴龙 奥特曼 大 的 响 的 没有 其他 的 熊出 没 吗 怪盗 德基 亲爱 的 小鸭 彼 得 兔 圣诞节 王 老养 小 猪佩奇 之 奥特曼 芭比 梦幻屋 第七 集 今天 电影 哆啦a 梦 四 季 弟弟 姐姐 讲故 事 我 想 换 一 个 朵 拉 熊出 没 冬日 对对 碰 我 想 看 螳螂 历险 记 美人 鱼公主 爱丽儿 我 喜欢 看 米奇妙妙 我 是 朵拉 呼噜 呼噜 小 精灵 第五 季 么么 qq 我 的 世界 我 想 看 一 个 海绵 宝宝 的 动画片 大梦 日本 食玩 故事 想 看 葫芦娃葫芦 娃 我 要 看 莎拉 与 乖乖 鸭 猪猪侠儿 歌 我 想 看 这 是 我 想看 的 奇缘 因为 爱 公主 猪猪侠 之 超级 萌宠 大全 奥特曼 来 了 熊出 没 之 探险队 熊出 没 之 探险队 憨豆 先生 第三 泡 泡 泡 泡 泡泡 打开冰 雪奇缘 消 消乐 比 西幼儿园 海星 大 耳朵 猫 熊出 没 之 夏季 赛文 奥特曼 奥特曼青青 草原 大作战 一 个 多 月 奥特曼 安妮 的 恐龙 冒险 网球 王碰碰狐 恐 龙世界 动画片 有 没有 这 个 美 人 鱼 成龙 宇宙 队 想 看 飞机 大战 说明 我 想 看 哪吒 幻梦 战记 星星星 妖王 小草小草 耳朵 图 图 全集 铠甲 勇士 第三 部 星学院 第三 季度 的 夏天 神奇奇缘 巴 啦 啦 小魔 仙魔仙 女王 喜羊羊 之 探险 拖 把 我 想要 妈妈 电影 蝴蝶 小屋 奇奇 妙妙 万 圣节 我 想 看 植物 动画片 龚小 公主 我 想 看毛 阿克 梦幻 天女 我要看 托马斯第三 集 帮 我 找 超级 飞侠 新 上映 的 光头强动漫 图片 小小 龙女 英雄 乐园 爱丽 的 故事 全集 我 想 看 小怪兽 小四 我 的 世界 可可可 小爱 飞行 公主 格 雷佛 游记 杜源 g5 蛇 王子 神奇 小语 看 888 我看 蜡笔小新 恶心 科学 专家 动漫片 我 要 想 看 钢铁侠 我 要 看捷 关 的 公主 宝贝 玩 具店 奥特曼 有 奥特曼 我 要 看好奇 超人 金鹰 熊敦 我 想 看夏 安安 美国 小朋友 最 爱 看谁 赛罗 高斯 戴 拿 奥特曼叶罗丽 之 全集 看 无敌 小鹿 乐迪 奥特曼 给 你 声音 天降 美食 国语 枪王 那 五 常 我 想 看英雄传 猪 狗 动物 兄弟 第六 季 味道 回音 惊变 阴谋 猫 抓 老鼠 猫 和 老鼠 我 看 赛车 我 想 看 艾莎 的 动画片那 个 光头 强 中国 新 声代 海绵 宝宝 的 大 电影 西游记 之 风 暴法米拉 看花儿 幼儿 简笔 画动画 我 想 看 粉红猪 巴 啦 啦 小魔仙 彩虹 精灵 姐妹 兄弟 帮 帮 龙二 如何 奥特曼 巴 啦 啦 小魔仙 高级 怪兽 在 巴黎 帮 我 放 一 下 裙子 新葫芦 兄弟 下篇 第一 季 齐鲁 你 最 喜欢 的 动画片 是 什么 僵尸 公主 联盟 奥特曼 玩具 u 我 想 看 佩 宝宝 彩虹 宝宝 暴力 恋人 我 想 看 超级 飞侠 超级 飞侠 兔菲 来 帮忙 湖南 第二 季 湖南点 小飞侠 第二 季 新 网球 王子 tv 版 亚奥特曼 嘉华 公鸡 小子 我 看 的 是 免费 花仙 第四 季 叙利亚 我 想 看 奥特曼 之 钢铁 飞龙 花 姑娘 动画片 米露 奥特曼 我 要 看嗯 小猫 我 想 看奇 和 奥特曼 汤姆 猫二 爆笑 虫儿 我 想 看 巴巴 爸爸 第四 季 芭比之 梦 想 豪宅 宝宝 巴士 蜡笔 小新 二十 集 我 要 看 熊出 没 我 要 看 的 第六 季 我 想 要 看 飞天 小 女警 魔法 天女台 我 要 看 苏菲亚 公主 新版 的 弦子 墨汁 环球 大 冒险 苏菲亚 公主苏 菲 亚公主 苏菲亚 公主 苏菲亚 公主 爸爸 芭比大 电影 第二 大 电影 托马斯 第十一 季 中国 版名 侦探 柯南 赛罗 奥特 曼格 斗系 快 乐星猫 第一 集 安吉 的 恐龙 探险 巴拉巴拉 小 魔仙 之 彩虹宝 恐龙王 国大 发现 好看 的 巨神 战击队 经 学院 小公 主苏 菲亚 大全集 朱婷 小小 火车 汽车 动画 大全 齐天 大圣 大 电影 我 想 看 叶罗丽 仙境 第六 季 朵 拉tube 滚蛋 吧 赛 罗奥特曼 第十 集 小公 主 苏菲亚 啦 啦 啦 王子 和 芭比 娃娃 花 仙子 夏 安安 刘氓 大 电影 机器人 大 冒险 五兽 偷星 九月 天 我 想 看 搞笑 动画 小姨子 小猪 佩奇 英文版 的 小猪佩奇 这 个 小猪配奇 猪猪 猪侠 之 拼 装 特工队 我 想 看 奥特曼 呢 斗龙 战士 动物 地瓜 密鲁大 冒险 孙悟空 第三 季 徐露 的 动画片 新 的 芭比 美人鱼 哪 吒 英文 版 神奇 宝贝 第四 部 中文 星际 宝贝 我 想 听 佩奇 我 想 看 童话 公主 汪汪叽 叽呱呱 我 想 看 少儿 争锋 戴 耳环 的 少女 我 要 看 恐龙蛋 的 视频 动画 葫芦 娃 我 想要 看 小玲 猛虎 王 变形金 刚 传 最近 的 中文儿 歌 我 想 看 芭比娃娃 全集 超级 飞侠 超级 飞侠 超级 飞侠 超级 飞侠 超级 飞侠 光头强 的 光头强动漫 迪迦 奥特曼 我 想要 看 很 帅 很 帅 的 动画片 红米队 猪猪侠 小 猪猪 路桥 领养 操练 舞 受 嗯 小小猪 汪汪学 团队 我 想 看 瓢虫 为敌 小鹿 小鹿 我 想 看 小 哪咤 南 的 我 想 看 大头 儿子 第四 季 赛尔号之 第一 季 武功 熊猫 我 想 看海 的 快乐 城堡 中央 光 头 强 猪猪侠 超级 英雄 第四 季 云 朵 妈妈 云 朵 宝宝 棉花糖 和 云朵 妈妈 棉花糖 和 云 朵 妈妈 棉花糖 和 云朵 妈妈 美国 的 电视 帮 我 下 汪汪队 电影 第二 季 给 我 打开熊 出没 之 小 猪佩奇动画片 我 喜欢 看 猪猪侠 小时候 汤姆猫 和 杰米鼠 超星 萌宠 第一 集 你 和 咪咪 宝宝 乖乖 魔法 魔法 公主 狼队 多 吉 律动儿 歌 汪汪队 飞行 幼乐园 我 想 看 熊大熊 二动画片 那 个 米 老鼠 猪猪侠 之 超级 萌宠 第三 狮子 王国语版 赛尔儿 歌 超级 飞侠 的 新 版 黄飞鸿 赵丽熊 出 没 我要 看马 的 宝宝 巴一 芭比 之 孔雀 熊出 没 光头 强熊 大熊 二光头 我 要 看 小 老虎 叶罗丽 下 大年初 一 的 光头强 赛迦 奥 公主 乐园 我 喜欢 看 小金 刚 鞭炮 小小 的 美人鱼 幼儿 动画片 你 的 世界 冒险 猪迪克 大 冒险 我 要 看标书 神州 未央 钢铁 飞龙 钢铁 飞龙 钢铁 飞龙 钢铁 飞龙 钢铁 飞龙 小伶 玩 具请 搜索 如果 奥特曼 宝宝 巴士 玩 具乐园 打败 奥特曼 熊大 跟 翠花 的 婚礼 吴 的 的 我 要 火车 特洛伊 奥特 打怪兽 爸爸 睡 过头 了 我 想 看 车子 巴 啦 啦 小 魔仙 之 魔 仙彩虹 半 斤 八两 第一 集 凯丽 第二 集 大 耳朵 啦 宝宝 巴士 熊熊 乐园 葫芦咕噜 咕噜 咕噜 天王 盖 地虎 那 个 小 鸡 炖 蘑菇 你 好 开心 猴子 大作战 爱情消 消乐 汤姆 短片 两 个 猪猪侠 五 灵卫 功夫 与 菜包狗 毛毛 世界 格林 童话 中文 版 赛罗 赛文 奥特曼 我 想 看 海底 小纵队 第一 季 小马 宝莉 第四 季 中文版 我 要 看 萝西 的 神探 包星星 第二 部 切客 金鹰迷 你 特工队 狗狗 侦探 胡梦 拉拉裤 拉拉库 的 爱 你 我 看看 河北 军长 果 宝特 攻一 集 赛罗 奥特曼新 版 汪汪队 汪汪队 第二 季 小米 的 森林 我 雷霆 战机 王 拆弹 专家 我 要 看 的 是 睡美 人 探险 的 朵拉 第八 季 汪汪队 立大 功员 声音大 冒险 西游记 大话西 游 快乐 小丫 懒洋洋 当 厨师 爱心 巧克力 还是 小马 宝莉 巴 啦 对立 大功 帮 我 要 看 汪汪队 芭比之度 假屋 小 兔子 电视 天降 之 吻 冲锋号 电影 我 要 看做 雪糕 芭比之 彩虹 仙子 梦幻 仙境 叶罗丽 精灵梦 第五 季 全集 猪猪侠 之 超级 萌宠 第一 季 第二 季 第三 季 第四 季 小猫 小魔仙 我 要 看心路 新马力奥 精灵大 冒险 第二 部 花丸 幼稚园 芭比 之 小狗 大会 熊出 没 关系 我 要 看 的 妈妈 我 想 看 美国 的 电视 医学院 第三 季 旋风 少女二 悠拳道 英雄 真假 森林 王 乐高乐 高幻 影忍者 汽艇 总动员 金鹰 音乐 宝贝 第八 季 芭比 之 水晶 城堡 浏览器 我 想 看 猪猪侠 的 电影 贝尔动 起来 我 想 找 照片 我 想 看 肖恩阿 污污网 阿吉跳 跳鱼 百 草 彩色尼 第八 季 我 喜欢 看 飞哥 和 小佛 第二 季 国语版 我 想 看 爱心 小熊 我 要 看 男生 女生 向前 冲 很多 熊出 没 我 看 新 的 熊出 没 我 要 看 海绵 宝宝 呢 我 要 看拯 救队 猪猪侠 之 n 朵拉 梦溪 米奇 吧 我 想 看 美国 小朋友 小 孩子 看 的 我 要 阿凡提 熊出 没 之过 年 过年 过年 新 学院 第五 季 熊大熊二熊 大 熊二熊大 捷德奥特曼 频道 猪猪侠 奔跑 熊出 没 赛罗 芭比之梦 想 豪宅 有 三 个 我 要 看看 美人鱼 我 想 看 芭比 厨师 古力 古力 唱儿 歌 将 与 公主 我 想 看 恐怖 电影 武林 外 朵拉 冰淇淋 定位 小公 主 苏菲亚 新 版 的 汪汪 队立 大 不 我 要 克多 螺丝钉 我 要 看 汤姆 汤姆 贪吃鬼 小达 大 医生 我 要 看 的 是 汪汪队 的 小时 候熊 大熊 二 铠甲 勇士 全 面包人 芭比之神秘 的 女孩 我 想 看 急诊科 医生 芭比 娃娃 小 猪 变形金 刚 大作战 喜羊羊 与 灰太狼 之 漫 镜头 我 想 看 熊大熊 二 谢谢 想看 什么 看 汪汪 恐龙 探险 队 小 恐龙 阿布 黑暗 魔王 孙武 羽绒 疯狂万 岁 白雪 公主 找 爸爸 朱相 托 比 甲骨 我 想 看 米露 世界 英雄 出 没 乐高幻 影忍者 魔咒 幽灵 的 进击 闪亮 的 星星 我 想 看 小马 宝莉 第一百 集 还 有 巴拉巴 拉小 魔仙 吗 超级 玛丽奥 咖啡猫 的 幸福 生活 我 想 看 麦吉机器人 我 的 视频 老鹰 捉 小鸡 要 看 小马 宝莉 第一 季 小马 宝莉 免费 脑洞 挖掘机 舞法 天女 在 身边 火线 传奇 第二 季 狗狗 喔 喔 队 我 想巴 啦 啦 小 魔仙 我 喜欢 看 巴拉拉 熊出 没 之 白 熊山 露 台 成龙 小纵队 叉车 第四 季 小马 宝莉 照相 中央 电视台 cctv1 综合 cctv1 高清 综合台 cctv2 财经 cctv2 高清 频道 cctv3 综艺 高清 的 cctv3 cctv4 国际 cctv4 国际 频道 cctv5 体育 cctv5 高清 cctv5 加 cctv6 电影 cctv7 军事 cctv8 电视剧 cctv9 纪录 cctv10 科教 cctv11戏 曲频道 cctv 法 制频道 cctv13 新闻 cctv1 4少儿 少儿 频道 cctv少儿 频道 高清 的 cctv15 音乐 cctv4 欧洲 cctv4 美洲 中国 电影 频道 高清 电影台 安徽台 北京 台 北京 电视台 卡 酷少儿 频道 重庆 卫视 东南 卫视 厦门 电视台 厦门 卫视 甘肃 卫视 广东 台 深圳 卫视 广东 南方 卫视 广西 卫视 标清 贵州 卫视 旅游 卫视 标清河 北 卫视 黑龙江 卫视 河南 卫视 标清 湖北台 湖南 卫视 湖南 电视台 金鹰卡通 频道 江苏 卫视 江西 卫视 吉林 台 辽宁 卫视 内蒙古 卫视 宁夏 卫视 山西 卫视 山东 卫视 东方 卫视 高清 上海 炫动 卡通 陕西 卫视 四川 卫视 康巴 藏语 卫视 天津 卫视 新疆 卫视 云南 台 高清 浙江 卫视 青海 卫视 西藏 电视台 藏语 卫视 西藏 电视台 汉语 卫视 延边 卫视 兵团 卫视 福建 海峡 卫视 黄河 卫视 三 沙 卫视 高邮 新闻 综合 频道 黄岛 电视台 影视 频道 tvb 电视台 娱乐 新闻台 翡翠 台 明珠 台 高清 日剧台 tvb 经典 台 新 加坡 tvb 经典台 tvb 音乐台 tvb 新闻台 tvbgoodshow tvb8 tvb8 台湾 tvb 星河 频道 tvb 儿童台 我 只 想 看 文艺片 我 只 想 看 中 文版 的 只要 英文版 的 加菲猫 流氓兔 柯南 蜡笔 小新 樱木 花道 卡 卡西 蓝精灵 小熊 维尼 樱桃 小丸子 米 老鼠 唐 老鸭 龙猫 麦兜 机器猫 一 休哥 阿童木 皮卡丘 悟空 阿拉蕾 史努比 皮诺 曹 兔八哥 白雪 公主 小樱 蜘蛛侠 蝙蝠侠 超人 史瑞克 hellokitty 大力 水手 咸蛋 超人 星矢 紫龙 冰河 忍者 神龟 芭比 高达 大脸猫 大头 儿子 小头 爸爸 海尔 兄弟 孙悟 空 斑 点 狗 黑猫 警长 葫芦 娃 喜羊羊 灰 太 狼 路飞 卡卡罗特 三井寿 酷拉皮卡 黑崎 一 护 小遥 阿朵 周洁 杨林 李霞 陈自瑶 李小冉 李湘 金巧巧 蒋勤勤 梅婷 刘涛 秦海璐 安又 琪 杨钰莹 马伊俐 陈红 鲍蕾 牛莉 胡 可 杨幂 龚蓓 苾 田震 杨童 舒 吕燕 王姬 苗圃 李欣汝 王小丫 秦岚 徐帆 刘蓓 彭心怡 身临 其境 声临 其境 身临 其境 娄艺潇 声临 其 境梅婷 声临 其境 花絮 郭德纲 声临其境 赵立新声 临其境 声临其境 韩 雪 一 人 八角 邓超 热血街 舞团 热血街 舞团 花絮 鹿晗 热血街 舞团 邓超 帮 唱 向往 的 生活 陈赫 做客 完整 篇 向往 的 生活 第1 季 第1 期 朱锐 主演 的 电视剧 媳妇 是 怎样 炼成 的 媳妇 你 当家 爱情 保卫战 最 搞 笑 一 期 涂磊 主持 的 节目 完整 篇 非 你 莫属 爱情 保卫战 三 女 争 一 夫 偶像 练 习生 范丞丞 偶像 练习生 蔡徐坤 偶像 有 新番 妈妈 带 娃 记 第3 季 妈妈 是 超人 舞蹈 视频 奔跑 吧 第2 季 剧情 升级版 我们 结婚 了 维尼 夫妇 全部 集 我们 结婚 吧 郑凯 我们 结婚 了 世界 版 拜托 了 冰箱 李湘王 诗龄 陈翔 六点半 之 废话 少 说 钢铁侠 3 范 冰冰 归去来 发布会 全程 泡沫 之 夏 黄晓明 版 于 毅演 的 电影 走火 交易 阿伟 已经 死 了 抖音 精灵 梦 叶罗丽 全 集 范丞丞 跑男范丞 丞范 冰冰 范丞丞 蔡徐坤 周星驰 采访 唐嫣 电视剧迪丽热 巴跳舞 迪丽热 巴罗 晋 张 一 山 杨紫 张 一 山周 冬雨 张 一山 的 电视剧 李连杰 死亡 时间 李连杰 太 极 李连杰 成龙 李连杰 电影 大全 林俊 杰田 馥甄 林俊杰 南京 演唱会 林俊杰 梦想 的 声音 最 新 一 集 向往 的 生活 我 要 看 最 新 一 集 向往 的 生活 最 新 一 集 欢乐颂 我 要 看 最 新 一 集 欢乐颂 我 要 看 最 后 一 集 欢乐颂 最后 一 集 欢乐颂 欢乐 颂二 最 后 一 集 欢乐颂二 最 新 一 集 我 和 两 个 他 最 新 一 集 芸汐 传 最 新 一 集 我 要 看芸 汐传 最后 一 集 我 要 看 热血 高校 第一 季 最 新 一 集 热血 高校 第一 季 最 新 一 集 最 新 一 集 权力 的 游戏 最后 一 集 权力 的 游戏 最后 一 集爸爸 去 哪儿 爸爸 去哪儿 最 新 一 集 最后 一 集 小猪佩奇 小猪 佩奇 最后 一 集 最后 一 集 中国 新 说唱中国 新说 唱 最后 一 集 最后 一 集 人民 的 名义 最后 一 集钟 馗 捉妖记 最后 一 集 三生 三世最后 一 集 琅琊榜 最后 一 集神 探夏洛克 最后 一 集 深夜 食堂 最后 一 集 真正 男子汉 最后 一 集 锦绣 未 央 最后 一 集 灵魂 摆渡 最后 一 集 镇魂街 最后 一 集 生活 大 爆炸 最后 一 集 开 封府 最后 一 集 前 男友 不 是 人 最后 一 集 调香师 最后 一 集 老 九 门 调查 最 新 一 集 最 新 一 集 调查 调查 最后 一 集 最后 一 集 调查 快本 最 新 一 集 最 新 一 集 快本 快本 最后 一 集 最后 一 集 快本 亮剑 最 新 一集 最 新 一 集 亮剑 亮剑 最后 一 集 最后 一 集 亮剑 蜗居 最 新 一 集 最 新 一 集 蜗居 蜗居 最后 一 集 最后 一 集 蜗居 猎场 最 新 一 集 最 新 一 集 猎场 猎场 最后 一 集 最后 一 集 猎场 神 话 最 新 一 集 最新 一 集 神话 神话 最后 一 集 最后 一 集 神话 开讲 啦 最 新 一 集 最 新 一 集 开讲 啦 开讲 啦 最后 一 集 最后 一 集 开讲 啦 奋斗 最 新 一 集 最 新 一 集 奋斗 奋斗 最后 一 集 最后 一 集 奋斗 余 罪 最 新 一 集 最 新 一 集余 罪 余 罪 最后 一 集 最后 一 集 余 罪 猎豹 最 新 一 集 最 新 一 集 猎豹 猎豹 最后 一 集 最后 一 集 猎豹 少帅 最 新 一 集 最 新 一 集 少帅 少帅 最后 一 集 最后 一 集 少帅 洛神 最 新 一 集 最 新 一 集 洛神 洛神 最后 一 集 最后 一 集 洛神 红高粱 最 新 一 集 最 新 一 集红 高粱 红高粱 最 后 一 集 最后 一 集红 高粱 大 染坊 最 新 一 集 最 新 一 集 大 染坊 大 染坊 最后 一 集 最后 一 集 大 染坊 大宅门 最 新 一 集 最 新 一 集 大 宅门 大宅门 最后 一 集 最后 一 集 大 宅门 白鹿 原最 新 一 集 最 新 一 集 白鹿原 白鹿 原最 后 一 集 最后 一 集 白鹿原红高粱 最 新 一 集 最 新 一 集红 高粱 红高粱 最后 一 集 最后 一 集 红 高粱 秦始皇 最 新 一 集 最 新 一 集 秦始皇 秦始皇最 后 一 集 最后 一 集 秦始皇 闯 关东 最 新 一 集 最新 一 集 闯 关东 闯 关东 最 后 一 集 最后 一 集 闯 关东 白蛇 传 最 新 一 集 最 新 一 集 白蛇传 白蛇传 最 后 一 集 最后 一 集 白蛇 传 逆水 寒 最 新 一 集 最 新 一 集 逆水寒 逆水 寒 最后 一 集 最后 一 集 逆水寒 碧血剑 最 新 一 集 最 新 一 集 碧血剑 碧血剑 最 后 一 集 最后 一 集 碧血剑 调香师 最 新 一 集 最 新 一 集调 香师 调香师 最后 一 集 最后 一 集调 香师 瑯琊榜 最 新 一 集 最 新 一 集 瑯琊榜 瑯琊榜 最后 一 集 最后 一 集 瑯琊榜 佛跳墙 最 新 一 集 最 新 一 集佛跳墙 佛跳 墙 最后 一 集 最后 一 集佛 跳墙 瑯琊榜 最 新 一 季 最 新 一 季 瑯琊榜 瑯琊榜 最 后 一 季 最后 一 季 瑯琊榜 我 要 看 有 张雪迎 的 视频 张雪迎 的 回眸 一 笑集锦 视频 张雪 迎演 的 神雕 侠侣 张雪迎 演员 的 诞生 张家辉 的 鬼畜 视频 张家辉 贪玩 蓝月 张国立 演员 的 诞生 黄渤 极限 挑战 极限 挑战 黄渤 黄渤 高情商 回应 视频 黄磊 演 的 人间 四月 全景 版 变形金 刚 全景 版 大 闹 天宫 全景版 葫芦 娃 全 景 版 星际 穿越 全景 版 我 不 是 药神 全景版 邪不 压 正 全 景 版复仇者 联盟 3 全景版 银河 护卫队 2 全景版 神盾局 特工 全景 版 西部 世界 全景 版冰 与 火之歌 全景版 楚门 的 世界 全景版 阿凡达 全景版 疯狂 动物城 全景版 盗梦 空间 全景版 泰坦尼克号 全景版 少年派 的 奇幻 漂流记 全景 版头号 玩家 全 景 版 飞屋 环游记 全 景版 机器人 总动员 全景版 V 字 仇杀队 我 想 看 双语 字幕 的 肖申克 的 救赎 我 想 看 双语 字幕 的 少年派 的 奇幻 漂流 记我 想 看 双语 字幕 的 头号 玩家 我 想 看 双语 字幕 的 盗梦 空间 我 想 看 双语字 幕 的 机器人 总动员 我 想 看 双语 字幕 的 泰坦尼克号 我想 看 双语 字幕 的 楚门 的 世界 我想 看 双语 字幕 的 这 个 杀手 不 太 冷 我 想 看 双语 字幕 的 冰 与 火之 歌 我 想 看 双语 字幕 的 楚门 的 世界 我 想 看 双语 字幕 的 阿甘正传 我 想 看 双语 字幕 的 美丽 人生 我 想 看 双语 字幕 的 辛德勒 的 名单 我 想 看 双语 字幕 的 海上 钢琴师 我 想 看 双语 字幕 的 放牛班 的 春天 我 想 看 双语 字幕 的 教父 我 想 看 双语 字幕 的 当幸 福来 敲门 我 想 看 双语 字幕 的 怦然 心动 我 想 看 双语 字幕 的 天堂 电影院 我 想 看 双语 字幕 的 十二 怒汉 我 想 看 双语 字幕 的 窃听 风暴 我 想看 双语 字幕 的 闻香识 女人 极限 挑战 最后 一 期 最 新 一 期 极限 挑战 极限 挑战 最后 一 期 最后 一 期 极限 挑战 奇葩 说 第三 季 最 后 一 期 明星 大侦探 最后 一 期 中国 新说 唱 最 后 一 期 最后 一 期 中国 新 说 唱最 新 一 期 中国 新 说唱中国 新 说唱 最 新 一 期 中国 好 声音 最 新 一期 最 新 一 期 中国 好 声音 中国 好 声音 最后 一 期 最后 一 期 中国 好 声音 好声音 最后 一 期 最后 一 期好 声音 中国 成语 大会 最后 一 期 最后 一 期 中国 成语 大会 中国 成语 大会 最 新 一期 最 新 一 期 中国 成语 大会 梦想 改造家 最 新 一 期 最 新 一 期 梦想 改造家 梦想 改造家 最后 一期最后 一 期 梦想 改造家 晓松奇 谈 最 新 一 期 最 新 一 期 晓松 奇谈 晓松 奇谈 最后 一 期 最后 一 期 晓松奇谈 创造 101 最 新 一 期 最 新 一 期 创造 101 创造 101 最后 一 期 最后 一 期 创造 101 偶像 练 习生 最 新 一 期 最 新 一 期 偶像 练习生 偶像 练 习生 最后 一 期 最后 一 期 偶像 练习生 热血街 舞团 最 新 一 期 最 新 一 期 热血街 舞团 热血街 舞团 最后 一期 最后 一 期 热血街 舞团 调查 最 新 一 期 最 新一 期 调查 调查 最后 一 期 最后 一 期 调查 快本 最 新 一 期 最 新 一 期 快本 快本 最后 一 期 最后 一 期 快本 亮剑 最 新 一 期 最 新 一 期 亮剑 亮剑 最后 一 期 最后 一 期 亮剑 蜗居 最 新 一 期 最 新 一 期 蜗居 蜗居 最后 一 期 最后 一 期 蜗居 猎场 最 新 一 期 最 新 一期 猎场 猎场 最后 一 期 最后 一 期 猎场 神话 最 新 一期 最 新 一 期 神话 神 话 最后 一 期 最后 一 期 神话 开讲 啦 最 新 一 期 最 新 一 期 开讲 啦 开讲 啦 最后 一 期 最后 一 期 开讲 啦 奋斗 最 新 一 期 最 新 一 期 奋斗 奋斗 最后 一 期 最后 一 期 奋斗 余 罪 最 新 一期 最 新 一 期 余 罪 余 罪 最后 一 期 最后 一 期 余 罪 猎豹 最 新 一 期 最 新 一 期 猎豹 猎豹 最后 一 期 最后 一 期 猎豹 少帅 最 新 一 期 最 新 一 期 少帅 少 帅 最后 一 期 最后 一 期 少帅 洛神 最 新 一 期 最 新 一 期洛神 洛神 最后 一 期 最后 一 期 洛神 红高粱 最 新 一 期 最 新 一 期 红 高粱 红高粱 最后 一 期 最后 一 期红 高粱 大 染坊 最 新 一 期 最新 一 期 大 染坊 大 染坊 最后 一 期 最后 一 期 大 染坊 大宅门 最 新 一 期 最 新 一 期 大宅门 大宅门 最后 一 期 最后 一 期 大宅门 白鹿 原最 新 一 期 最 新 一 期 白鹿原白鹿 原最 后 一 期 最后 一 期 白鹿原极限 挑战 最 新 一 季 最 新 一 季 极限 挑战 极限 挑战 最后 一 季 最后 一 季 极限 挑战 奇葩 说 第三 季 最后 一 季 明星 大侦探 最 后 一 季 中国 新说 唱 最后 一 季 最后 一 季 中国 新 说唱最 新 一 季 中国 新 说 唱 中国 新 说唱 最 新 一 季 中国 好 声音 最 新 一 季 最 新 一 季 中国 好 声音 中国 好 声音 最后 一 季 最后 一 季 中国 好 声音 好 声音 最后 一 季 最后 一 季 好 声音 中国 成语 大会 最后 一 季 最后 一 季 中国 成语 大会 中国 成语 大会 最 新 一 季 最 新 一 季 中国 成语 大会 梦想 改造家 最 新 一季 最 新 一 季 梦想 改造家 梦想 改造家 最后 一 季 最后 一 季 梦想 改造家 晓松 奇谈 最 新 一 季 最 新 一 季 晓松奇谈 晓松 奇谈 最后 一 季 最后 一 季 晓松奇谈 创造 101 最 新 一 季 最 新 一 季 创造 101 创造 101 最后 一 季 最后 一 季 创造 101 偶像 练习生 最 新 一季 最 新 一 季 偶像 练习 生 偶像 练 习生 最后 一 季 最后 一 季 偶像 练 习生 热血街 舞团 最 新 一 季 最 新 一 季 热血街 舞团 热血街 舞团 最后 一 季 最后 一 季 热血街 舞团 调查 最 新 一 季 最新 一季 调查 调查 最后 一 季 最后 一 季 调查 快本 最 新 一季 最 新 一 季 快本 快本 最后 一 季 最后 一 季 快本 亮剑 最 新 一 季 最 新 一 季 亮剑 亮剑 最 后 一 季 最后 一 季 亮剑 蜗居 最 新 一 季 最 新 一 季 蜗居 蜗居 最 后 一 季 最后 一 季 蜗居 猎场 最 新 一 季 最 新 一 季 猎场 猎场 最后 一 季 最后 一 季 猎场 神话 最 新 一 季 最 新 一 季 神话 神话 最后 一 季 最后 一 季 神话 开讲 啦 最 新 一 季 最 新 一 季 开讲 啦 开讲 啦 最后 一 季 最后 一 季 开讲 啦 奋斗 最 新 一 季 最 新 一 季 奋斗 奋斗 最后 一 季 最后 一 季 奋斗 余罪 最 新 一 季 最 新 一 季余 罪 余 罪 最 后 一 季 最后 一 季余罪 猎豹 最 新 一 季 最 新 一 季 猎豹 猎豹 最后 一 季 最后 一 季 猎豹 少帅 最 新 一 季 最 新 一季少帅 少帅 最后 一 季 最后 一 季 少帅 洛神 最 新 一 季 最 新 一 季 洛神 洛 神 最后 一 季 最后 一 季 洛神 红高粱 最 新 一 季 最 新 一季红高粱 红高粱 最后 一 季 最后 一 季 红 高粱 大 染坊 最 新 一 季 最 新 一 季 大 染坊 大 染坊 最后 一 季 最后 一 季 大 染坊 大宅门 最 新 一 季 最 新 一 季 大宅门 大宅门 最后 一 季 最后 一 季 大宅门 白鹿 原最 新 一 季 最 新 一 季 白鹿原 白鹿 原最 后 一 季 最后 一 季 白鹿原 最 新 晓松 奇谈 最新 新歌声 最 新 好 声音 最 新 偶像 练 习生 最 新 创造 101 最 新 偶像练 习生 最 新 中国 成语 大会 最 新 晓松 奇谈 最新 梦想 改造家 最 新 明星 大侦探 最 新 向往 的 生活 最 新 极限 挑战 最 新 中国 新 歌声 最 新 中国 新 说唱 最 新 新歌声 最 新 奇葩 说 熊出 没 第一 集 熊出 没 第三 集 熊 出 没 第四 集 熊出 没 第七 集 果宝 特工 第一 集 果宝 特工 第二 集 汪汪队 第一 集 汪汪队 第六 集 汪汪队 第七 集 小猪佩奇 第一 集 喜羊羊 与 灰太狼 第二 集 喜羊羊 第九 集 新 飞天 小 女警 第五 集 托马斯 和 他 的 朋友们 第七 集 托马斯 和 他 的 朋友们 第八 集 大头 儿子 与 小头 爸爸 第十 集 亮剑 第一 集 猎场 第三 集 神话 第四 集 奋斗 第四 集 少帅 第五 集 幻城 第三 集 妈祖 第八 集 洛神 第三 集 太 极 第七 集 潜伏 第二 集 女相 第二十四 集 余 罪 第六 集 雪豹 第二十五 集 秦始皇 第十五 集 霍元甲第三十二 集 上海滩 第十六 集 杨家 将 第四十 集 武 则 天 第十二 集 碧血剑 第十 九 集 逆水寒 第五 集 白蛇传 第十三 集 闯 关东 第七 集 大宅们 第十八 集 白鹿 原 第二十 集 大 染坊 第九 集 红 高粱 第四 集 第三 季 第七 季 我 想 看 第三 季 我 想 看 第四 季 我 想 看 第五 季 我想 看 第六 季 我 想 看 第七 季 我 想 看 第八 季 我 想 看 第十 季 我 想 看 第十一 季 我 想 看 第十二 季 我 想 看 第十五 季 我 想 看 第二十五 季 我 想 看 第二十三 季 我 要 看 第三 季 我 要 看 第四 季 我 要 看 第五 季 我 要 看 第六 季 我 要 看 第七 季 我 要 看 第八 季 我 要 看 第十 季 我 要 看 第十一 季 我 要 看 第十二 季 我 要 看 第十五 季 我要 看 第二十五 季 我 要 看 第二十三 季 第一 季 第一 季 第二 季 第三 季 第四 季 第五 季 第六 季 第七 季 第八 季 第九 季 第十 季 第十一 季 第十 二 季 第十 三 季 第十 四季 第十 五 季 第十 六 季 第十 七季 第十 八季 第十 九季 第二 十 季 第二 十一 季 第二 十二 季 第二 十三 季 第二 十四 季 第二 十五 季 第1 季 第2 季 第1 季 第2 季 第3 季 第4 季 第5 季 第6 季 第7 季 第8 季 第9 季 第10 季 第11 季 第12 季 第1 3 季 第14 季 第15 季 第16 季 第17 季 第18 季 3d 4k 我 要 看 4k 的 星球 大战 我 要 看 4k 的 变形金刚 我 要 看 4k 的 葫芦娃 我 要 看 4k 的 复仇者 联盟 我 要 看 4k 的 喜羊羊 与 灰太 狼 我 要 看 4k 的 奇异 博士 我 要 看 4k 的 海面 宝宝 我 要看 4k 的 小猪佩奇 我 要 看 3d 版 的 变形金 刚 我 要 看 3d 的 葫芦娃我 要 看 3d 的 大闹 天宫 我 要 看 3d 的 西部 世界 我 要 看 3d 的 奇异 博士 我 要 看 3d 的 死侍 我 要 看 3d 的 星球 大战 有 没 有 3d 的 纪录片 3d 的 小猪 佩奇 3d 的 大鱼 海棠 3d 的 一 出好戏 3d 的 唐人街 探案 我 要 看 3d 电影 好看 的 3d 影片 3d 版 变形金 刚 我 想要 看 3d 版 3d 版 大闹 天宫 3d 版 葫芦娃 3d 版 星际 穿越 3d 版 我 不 是 药神 3d版 邪不 压 正 3d版 复仇者 联盟 3 3d版 银河 护卫队 2 3d 版 神盾局 特工 3d 版西部 世界 3d 版冰 与 火 之 歌 3d 版 楚门 的 世界 3d版 阿凡达 3d 版 疯狂 动物城 3d版 盗梦 空间 3d 版泰坦尼克号 3d 版少年派 的 奇幻 漂流记 3d 版头号 玩 家 3d 版 飞屋 环游记 3d版 机器人 总动员 3d 版 V字 仇杀队 480 p 的 泰坦尼克号 480p 的 V字 仇杀队 480p 的 飞屋 环游记 480p 的 头号 玩家 480 p 的 延禧 攻略 480p 的 钟馗 伏魔 480p 的 瑯琊榜 480p 的 宫锁 珠帘 480p 的 泰坦尼克号 480p 的 V 字仇 杀队 480p 的 飞屋 环游记 480p 的 头号 玩家 480p 的 延禧 攻略 480p 的 钟馗伏魔 720p 的 瑯琊榜 之 风 起 长林 720p 的 瑯琊榜 1080p 的 瑯琊榜 之 风 起 长林 1080p 的 瑯琊榜 4k 的 瑯琊榜 之 风 起 长林 4k 的 瑯琊榜 360 p 的 宫锁 珠帘 360p 的 芸汐传 360 p 的 执行 利剑 360 p 的 香蜜 沉沉 烬 如霜 360 p 的 甜蜜 暴击 360p 的 最 美 的 青春 360 p 的 面具 360 p 的 开封府 360p 的 猎毒 人 360p 的 为了 你 我 愿意 热爱 整个 世界 360p 的 爱情 进化论 360p 的 爱情 公寓 2 360p 的 岁 岁年 年柿 柿红 360p 的 面具 谍 战片儿 美国 大片儿 悬疑 片儿 欧 美 大片儿 国产 大片儿 侦探 片儿 动画 片儿 我 要 看谍 战片儿 我要 看 美国 大片儿 我 要 看 悬疑片儿 我 要 看 欧美 大片儿 我 要 看 国产 大片儿 我 要 看侦 探片儿我 要 看 动画片儿 播放谍 战片儿 播放 美国 大片儿 播放 悬疑 片儿 播放 欧 美 大片儿 播放 国产 大片儿 播放侦 探片儿 播放 动画片儿 我 要 放一 下 cctv3 的 向往 的 生活 给我 播黑 龙江台 的 皓 镧 传 我 想 看宁 夏 电视台 的 将 夜 我 想看 中央 6 台 的 歌手 2018 旅游 频道 的 知否 知否 应 是 绿肥红 瘦 我 要 放 一下 山东台 的 仙剑奇侠传 3 给 我 播 cctv1 的 圆桌 派 跳 到 陕西台 的 妻子 的 浪漫 旅行 我 想 看 央视 文化 精品 的 天下无诈 我 想 看 cctv2 的 触及 真心 我 想 看 河北 电视台 的 倚天 屠龙记 我 要 看 马桶台 的 德云社 安徽台 的 笑傲 江湖 给 我 播青海 卫视 的 锋味 给 我 播内 蒙古 卫视 的 开讲 啦 我 要 看 山东 卫视 的 步步 惊心 给 我 播怀 旧 剧场 的 触及 真心 跳到 央视 台球 的 一线 我 想 看 福建台 的 极限 挑战 四川台 的 白夜 追凶 跳到 马桶台 的 欢乐 喜剧人 给 我 播 cctv11 的 一线 我 要 观看 江西 卫视 的 如 懿传 跳 到 四川 卫视 的 知否 知否 应 是 绿肥红瘦 给 我 播风云 足球 的 香蜜 沉沉 烬如霜 我 要 放 一下 老 故事 的 我 的 奇妙 男友 我 要 放 一 下 青海 卫视 的 猫 和 老鼠 给 我 播 江苏台 的 一线 跳到 广东台 的 等 着 我 我 要 放 一下 辽宁 电视台 的 声入 人心 贵州 电视台 的 十 年 三月 三十日 我 想 看 青海电视台 的 今日 说法 我 要 放 一下 辽宁台 的 陈翔 六点半 我 想 看 辽宁 电视台 的 智慧 树 我 要 观看 央视 文化 精品 的 延禧 攻略 我 想 看 新疆 台 的 倚天 屠龙记 浙江 电视台 的 德云社 我 要 看 辽宁 卫视 的 父母 爱情 跳到 青海台 的 爸爸 去 哪儿 跳 到 上海 卫视 的 锋味 我 要 放 一下 江苏台 的 等 着我 我 要 观看 风云 足球 的 青春 有 你 我 要 放 一下 证券 资讯 的 等 着 我 跳 到 世界 地理 的 香蜜 沉沉 烬如霜 我 要 看 福建 卫视 的 天天 向 上 我 要 放一 下江西 卫视 的 步步惊心 北京 卫视 的 奔跑 吧 我 要 观看 北京 卫视 的 怒晴 湘西 给 我 播 四川 电视台 的 我 爱 我 家 央视 4 台 的 如 懿传 我 要 看 央视 5 套 的 偶像 练习生 我 想 看 电影 频道 的 十年 三月 三十日 我 要 放 一下 cctv1 的 天下 无 诈 我 要 看 央视十二套 的 三生 三世十里桃花 跳 到 陕西 卫视 的 动物 世界 我 想 看 cctv2 的 十 年 三月 三十日 给 我 播北京 卫视 的 鬼吹灯 我 想 看 甘肃 电视台 的 开学 第一 课 我 要 放 一下 浙江台 的 步步 惊心 我 想 看 cctv5 的 射雕 英雄 传 我 要 放 一下 芒果台 的 水浒传 我 想 看 江苏 电视台 的 触及 真心 我 想 看 安徽 电视台 的 天下 足球 我 要 放一 下科 教 频道 的 步步 惊心 我 想 看 重庆 卫视 的 感动 中国 我 要 看 江西台 的 三生 三世 十里桃花 给 我 播 广西 卫视 的 王牌 对 王牌 老 故事 的 挑战 不 可能 我 要 放一 下 福建台 的 水浒传 给 我 播云南台 的 古董局 中局 福建 卫视 的 逆流 而 上 的 你 我 想 看 吉林 卫视 的 秦始皇 给 我 播宁夏台 的 重量级 改变 山东 卫视 的 十 年 三月三十日 我 想看 山东 电视台 的 逆水寒 我 要 放一 下 青海台 的 笑傲 江湖 给 我 播 第一 剧场 的 仙剑奇侠传 3 我 要 观看 央视 台球 的 天天 向 上 给 我 播山 东台 的 奔跑 吧 跳到 广西 台 的 天下无诈 我 要 放 一下 江西 卫视 的 古董局 中局 我 要 观看 贵州台 的 笑傲 江湖 给 我 播 北京 卫视 的 将 夜 我 要 看 广东台 的 怒晴 湘西 我 要 看科 教 频道 的 开学 第一 课 我要 放一 下 四川台 的 逆水寒 我 要 观看 cctv3 的 小女花 不 弃 浙江 卫视 的 猫 和 老鼠 我 要 放 一 下 中学生 的 怒晴 湘西 我 想 看 新疆 卫视 的 步步 惊心 给 我 播央视 2 套 的 怒 晴 湘西 我 要 观看 山西 卫视 的 三生 三世十里桃 花 我 想 看 天津台 的 独孤皇 后 我 要 看 浙江 电视台 的 微微一笑 很 倾城 我 要 看 cctv2 的 地久天长 我 想 看 中央 五 台 的 国家 宝藏 我要 观看 湖南台 的 向往 的 生活 给 我 播重庆台 的 极限 挑战 我 想 看 辽宁台 我 要 看 央视 2 套 的 十 年 三月 三十日 跳到 怀旧 剧场 的 等 着我 我 要 放 一下 央视 六 台 的 我 的 奇妙 男友 cctv3 的 天眼 cctv1 的 天龙八部 我 要 看 cctv5 的 中国 情歌汇 我 想 看 贵州台 的 笑傲 江湖 我 想 看 安徽 卫视 的 天下 无诈 跳到 吉林 电视台 的 我 是 歌手 西藏台 的 一线 四川台 的 我 的 奇妙 男友 跳到 央视 一 台 的 古董局 中局 跳到 吉林台 的 三生 三世十里桃花湖北 卫视 的 今日 说法 给 我 播 中央 12 台 的 倚天 屠龙记 我 要 观看 证券 资讯 的 古董局 中局 给我 播 新疆 卫视 的 怒晴 湘西 给 我 播云 南 电视台 的 步步 惊心 我 要 看 cctv3 的 火星 情报局 我 要 放 一下 吉林 电视台 的 水浒传 我 要 放 一 下 卫生 健康 的 白夜 追凶 中央 卫视 的 仙剑奇侠 传 3 我 要 看 央视 11套 的 圆桌派 我 要 观看 cctv11 的 香蜜 沉沉 烬如霜 我 想 看湖 北台 的 三生 三世十里桃花 我 要 看 cctv3 的 陈翔 六点半 江苏 卫视 的 笑傲 江湖 我 要 放一 下 上海 卫视 的 皇后 的 品格 给 我 播 河北 卫视 的 奔跑 吧 兄弟 我 想 看 江苏台 的 我 在 大理寺 当 宠物 我 要 观看 海南 电视台 的 大江 大河 给 我 播马桶台 的 笑傲 江湖 我 要 看 山东 卫视 的 神雕 侠侣 给 我 播央 视 三 套 的 奔跑 吧 跳 到 西藏 卫视 的 香蜜 沉沉 烬如霜 给 我 播 中央 3 台 的 王牌 对 王牌 第三 季 央视 六 台 的 动物 世界 我 要 放一 下 陕西 台 的 我 爱 我 家 我 要 看 中学生 的 天天 向上 我 要 放 一下 电影 频道 的 天下 足球 我 要 看 综艺 频道 中央 十三 台 的 香蜜 沉沉 烬如霜 我 要 看 吉林 卫视 的 妻子 的 浪漫 旅行 跳到 北京 卫视 的 非诚勿扰 我 要 放 一下 央视 十二套 的 流淌 的 歌声 我 要 观看 央视 十二 套 的 新视觉 跳 到 第一 剧场 的 火星 情报局 给 我 播 央视 文化 精品 的 陈翔 六点半 我 要 放 一下 央视 六 台 的 跨越 给 我 播央 视 三 套 的 爸爸 去 哪儿 我 要 放 一下 山东 电视台 的 开讲 啦 发现 之 旅 的 天龙八部 我 想 看 电视 指南 的 秦始皇 我 想 看 山西台 的 红楼 梦 我 要 看 cctv11 的 百家 讲坛 给 我 播 四川 卫视 的 猫 和 老鼠 我 要 放 一下 电影 频道 的 还 珠格格 我要 看 央视 一 台 的 德云社 我 要 看 高尔夫 网球 的 爱情 公寓 给 我 播 发现 之 旅 的 极限 挑战 我 想 看 江苏台 的 我 在 大理寺 当 宠物 我 要 观看 中央 卫视 的 晓说 跳到 河北台 的 父母 爱情 我 要 观看 央视 文化 精品 的 将 夜 我 想 看 风云 音乐 的 一线 我 要 观看 北京 电视台 的 天眼 跳到 四川台 的 地久 天长 我要 放 一下 央视 六 台 的 重量级 改变 跳到 怀旧 剧场 的 流淌 的 歌声 我 想看 河南 电视台 的 惊蛰 给 我 播cctv5 的 我 爱 我 家 我 要 看 安徽 电视台 的 我 爱 我 家 我 要 看 安徽 卫视 的 动物 世界 跳到 浙江 电视台 的 非 诚勿 扰 我 想 看云南台 的 我 的 奇妙 男友 我 要 放一 下 四川 电视台 的 皇后 的 品格 我 想 看 海南台 的 中国 情 歌汇 我 想 看 山东 卫视 的 非诚勿 扰 我 要 观看 青海台 的 偶像 练习生 跳到 电视 指南 的 我 在 大理寺 当 宠物 给 我 播河北 卫视 的 逆流而上 的 你 我 想 看 江苏 电视台 的 天下无诈 新疆 电视台 的 怒 晴 湘西 我 想 看 上海台 的 微微 一 笑 很 倾城 我 要 看 云南 电视台 的 仙剑奇侠 传 3 给 我 播天津 电视台 的 天天 向 上 我 想 看 云南台 的 王牌 对 王牌 甘肃 卫视 的 开讲 啦 我 想 看 央视 1 台 的 王牌 对 王牌 我 要 看 中央 3 台 的 猫 和 老鼠 我 要 看 湖北台 的 我 的 奇妙 男友 中央 6 台 的 天衣 无缝 福建 卫视 的 锋味 给 我 播 天津 卫视 的 天天 向 上 给 我 播中央 卫视 的 知否 知否 应 是 绿肥 红瘦 我 要 放 一下 央视 三 套 的 笑傲 江湖 跳到 中央 卫视 的 一线 我 要 观看 马桶台 的 重量级 改变 我 要 观看 河南 电视台 的 爱情 公寓 我 要 看宁 夏台 的 极限 挑战 我 要 看 四川 电视台 的 小 女花 不弃 我 要 观看 cctv5 的 琅琊榜 我 要 看 云南台 的 天龙 八 部 我 想 看 电视 指南 的 偶像 练习生 我 要 看 广东 电视台 的 水浒传 我 要 放一 下 重庆 卫视 的 创造 101 我 要 观看 电视 指南 的 我 爱 我 家 给 我 播 辽宁 卫视 的 逆流而上 的 你 给 我 播风云 剧场 的 神雕 侠侣 我 要 放 一下 风云 音乐 的 逆流 而 上 的 你 我 要 观看 浙江 电视台 的 今日 说法 我 要 看青海台 的 琅琊榜 四川 卫视 的 逆水寒 跳到 宁夏台 的 我 爱 我 家 跳 到 电视 指南 的 王牌 对 王牌 第三 季 我 想 看 马桶 台 的 爱情 公寓 老 故事 的 如懿 传 我 要 放 一下 江苏 电视台 的 触及 真心 跳 到 内蒙古 卫视 的 开讲 啦 我 要 放一 下 央视 2 套 的 爱情 公寓 我 要 观看 贵州 电视台 的 镇魂 跳 到 广西 卫视 的 步步 惊心 我要 观看 天津 电视台 的 奔跑 吧 兄弟 山东 台 的 知否 知否 应 是 绿肥红瘦 我 要 放一 下 辽宁 卫视 山西 台 的 请 回答 1988 跳到 央视 台球 的 红楼 梦 跳到 黑龙江 台 我 要 看内 蒙古 电视台 的 还 珠格格 我 要 观看 央视 三 套 的 重量级 改变 我想 看 河南 卫视 的 天眼 我 要 看上 海台 的 天下 足球 内蒙古 卫视 的 延禧 攻略 我 要 观看 上海 卫视 的 琅琊榜 我 想 看 新疆 电视台 的 猫 和 老鼠 我 要 看 陕西 卫视 的 小女 花 不弃 跳到 安徽台 的 妻子 的 浪漫 旅行 海南 台 的 延禧 攻略 我 想 看 马桶台 的 德云社 我 要 观看 福建台 的 斗破 苍穹 我 要 放 一下 央视 十二 套 的 步步 惊心 我 想 看 cctv2 的 水浒传 我 要 放 一 下 四川 卫视 的 天龙 八 部 我 要 看 安徽 电视台 的 白夜 追凶 我 要 观看 中央 十三 台 的 皓 镧 传 我 想 看 江苏台 的 我在 大理寺 当 宠物 我 想看 芒果台 的 妻子 的 浪漫 旅行 我 要 看 云南 卫视 的 青春 有 你 我 要 看 高尔夫 网球 的 非诚 勿扰 我 要 放 一下 江西 卫视 的 三生 三世十里 桃花 我 要 看 央视 一 台 的 知否 知否 应 是 绿肥 红瘦 浙江 卫视 的 天眼 跳 到 福建 卫视 的 德云社 我 要 看 黑龙江台 的 青春 有 你 我 要 看 央视 1 台 的 极限 挑战 我 要 看内 蒙古 卫视 的 流淌 的 歌声 我要 看 天津 电视台 的 创造 101 我 要 看 上海台 的 地久 天长 央视 2 套 的 十 年 三月三十日 我 要 观看 新疆 台 我 要 观看 综艺 频道 的 开讲 啦 跳到 海南 电视台 的 猫 和 老鼠 给 我 播吉林台 的 青春 有 你 给 我 播贵州台 的 红楼 梦 我 要 观看 央视 十二套 的 如懿传 我 要 看 天津 卫视 的 地久 天长 我 要 放 一 下 山西 电 视台 的 锋味 给 我 播云 南台 的 偶像 练 习生 我 要 观看 芒果台 的 感动 中国 我 想 看 央视 5 套 的 德云社 cctv3 的 逆水 寒我 要 观看 山东 电视台 的 感动 中国 我 要 放一 下 老 故事 的 猫 和 老鼠 给 我 播广 东台 的 创造 101 我要 放 一下 山东 电视台 的 天眼 我 想 看 中学生 的 开学 第一 课 我 想 看 广西 电视台 的 皇后 的 品格 跳 到 宁夏 卫视 的 火星 情报局 我 想 看 甘肃 电视台 的 盗墓 笔记 我 要 看 cctv5 的 仙剑奇侠 传 3 我 要 观看 卫生 健康 的 秦始皇 重庆 卫视 的 猫 和 老鼠 我 要 放 一 下宁 夏台 的 非诚 勿扰 我 要 观看 中央 十三台 的 歌手 2018我 要 放 一下 贵州 台 山东 台 的 武动 乾坤 我 想 看 中央 五 台 的 奔跑 吧 山东 卫视 的 父母 爱情 我 想 看 央视 2 套 的 青春 有 你 我 想 看 福建 电视台 的 中国 情歌汇 我 要 观看 上海台 的 重量 级 改变 我 想 看 山东 卫视 的 步步 惊心 陕西 卫视 的 地久 天长 我 想 看 海南 电视台 的 还 珠格格 我 要 放 一 下 浙江 卫视 的 步步 惊心 我 要 看 中央 6 台 的 父母 爱情 给 我 播河 南台 的 武动 乾坤 给我 播 广东 电视台 的 偶像 练习生 跳到 重庆 电视台 的 妻子 的 浪漫 旅行 跳 到 江西 卫视 的 斗破 苍穹 我 要 放 一下 湖北台 的 倚天 屠龙记 有什么 湖北 地方台 有什么 电影 频道 有 哪些 云南 地方台 有 哪些 陕西 地方台 有什么 西藏 地方台 有 什么 辽宁 地方台 有 哪些 四川 地方台 有 哪些 综艺 频道 有 哪些 辽宁 地方台 有 哪些 湖南 地方台 有 哪些 青海 地方台 有 哪些 海南 地方台 有什么 广东 地方台有什么 北京 地方台 有什么 福建 地方台 有 什么 上海 地方台 有什么 陕西 地方台 有什么 科教 频道 有 哪些 辽宁 地方台 有什么 福建地 方台 有什么 西藏 地方台 有什么 海南 地方台 有什么 青海 地方台 有什么 旅游 频道 有 哪些 辽宁 地方台 有 什么 云南 地方台 有 哪些 音乐 频道 有什么 江苏 地方台 有 哪些 海南 地方台 有 哪些 湖南 地方台 有 哪些 浙江 地方台 有 哪些 福建 地方台 有什么 西藏 地方台 有 哪些 河南 地方台 有 哪些 北京 地方台 有 哪些 黑龙江 地方台 有 哪些 云南 地方台 有什么 江西 地方台 有 什么 福建 地方台 有什么 宁夏 地方台 有 什么 综艺 频道 有什么 海南 地方台 有什么 广西 地方台 有什么 新疆 地方台 有 哪些 河南 地方台 有 哪些 天津 地方台 有什么 内蒙古 地方台 有什么 江西 地方台 有什么 江西 地方台 有什么 旅游 频道 cctv3 明天 晚上 有 什么 好看 的 明天 cctv11 播放 什么 明天 江西 台 的 节目单 浙江 卫视 中午 的 节目单 一 小时 后 广西台 的 节目单 今天 贵州 电视台 的 节目单 3 小时 后 央视 5 套 播放 什么 贵州 电视台 1 小时 后 播放 什么 节目 一 小时 后 中央台 有 什么 好看 的 下午 宁夏电 视台 放 什么 重庆 电视台 下午 放 什么 节目 今天 晚 上发现 之 旅 的 节目单 十点 发现 之 旅 放 什么 节目 甘肃台 今晚 有 什么 好看 的 青海台 明天 的 节目单今天 早上 北京 卫视 有 什么 好看 的 四川台 3 小时 后 有 什么 好看 的 两 小时 后福 建卫 视播 放 什么 1 小时 后 音乐 频道 放 什么 十点 辽宁 卫视 放 什么 cctv113 小时 后放 什么 节目 央视 一 台 十点 有 什么 好看 的 青海 电视台 早上 有 什么 好看 的 2 小时 后 四川台 的 节目单 上午 河北 卫视 放 什么 辽宁 台 明天 放 什么 一 小时 后 广东 卫视 放 什么 明天 晚上 贵州 卫视 放 什么 河南 台早上 放 什么 湖北台 3 小时 后 有 什么 好看 的 2 小时 后 宁夏台 有 什么 好看 的 6 点 辽宁电 视台 的 节目单青海 卫视 中午 有 什么 好看 的 6 点 福建电 视台 的 节目单 下午 中视 购物 放 什么 西 藏 台 明天 晚上 放 什么 今天 海南 卫 视播 放 什么 节目 上午 辽宁台 有 什么 好看 的 中央 电视台 1 小时 后 的 节目单 3 小时 后 天津 电视台 有 什么 好看 的 明天 晚上 北京 卫视 有 什么 好看 的 2 小时 后 云南 台 放什么 节目 晚上 四川 卫视 放 什么 晚上 山东 电视台 的 节目单 福建 电视台 明天 晚上 播放 什么 节目 西藏 卫视 中午 的 节目单 内蒙古 卫视 今天 早上 的 节目单 四川台 中午 的 节目单早上 甘肃台 的 节目单 明天 第一 剧场 有 什么 好看 的 3 小时 后 cctv13 放 什么 节目 新疆 电视台 明天 晚上 有 什么 好看 的 旅游 频道 2 小时 后 有 什么 好看 的 中午 河南 电视台 播放 什么 节目 中央 十三 台 上午 有 什么 好看 的 广西 电视台 今晚 放 什么 节目 明天 早上 第一 剧场 播放 什么 节目 晚上 贵州 电视台 有 什么 好看 的 6点 江西 电视台 有 什么 好看 的 今天 新疆 电视 台 放 什么 节目 两 小时 后海 南卫 视放 什么 节目 中午 辽宁台 放 什么 明天 卫生 健康 放 什么 甘肃台 今天 晚上 放 什么 节目 中央 台 今天 早上 放 什么 节目 新疆 电视台 1 小时 后 播放 什么 节目 今天 晚上宁 夏台 的 节目单 明天 宁夏 台播 放 什么 节目 安徽 卫视 晚上 有 什么 好看 的 音乐 频道 今天 晚 上 放 什么 湖南 卫视 今天 晚 上播 放 什么 节目 早上 贵州 电视台 有 什么 好看 的 今天 晚上 北京 台 放 什么 节目 上午 黑龙江 卫视 播放 什么 今晚 云南台 有 什么 好看 的 今天 早上 宁夏 电视台 的 节目单 重庆 卫视 八 点 放 什么 四川台 上午 有 什么 好看 的 八点 陕西 卫视 有 什么 好看 的 早上 中央 卫视 放 什么 1 小时 后 四川 电视台 播放 什么 节目 甘肃 台 2 小时 后 放 什么 节目 晚上 吉林台 有 什么 好看 的 1 小时 后 黑龙江 电视台 放 什么 电影 频道 2 小时 后 放 什么 节目 上午 中央 6 台 有 什么 好看 的 今天 西藏 电视台 放 什么 今天 北京台 放 什么 节目 海南 卫视 下 午播 放 什么 今天 晚上 贵州 电视台 放 什么 安徽台 明天 早上 放 什么 节目 两 小时 后 山西 卫视 放 什么 今晚 河南 卫视 放 什么 节目 今晚 内蒙古台 有 什么 好看 的 一 小时 后 电视指 南播 放 什么 节目 今晚 江苏 电视台 有 什么 好看 的 明天 河南 电视 台 放 什么 节目 今晚 天津 台 播 放 什么 节目 女性 时尚 明天 早上 有 什么 好看 的 陕西 卫视 明天 晚 上 放 什么 节目 上海 卫视 今晚 播 放 什么 风云 足球 今天 晚上 的 节目单 明天 晚上 cctv11 的 节目单 天津 卫视 两 小时 后 放 什么 节目 江西 台 两 小时 后 播放 什么 中午 电影 频道 放 什么 今天 四川 电视台 有 什么 好看 的 八点 江苏 电视台 放 什么 1 小时 后 江西 电视台 有 什么 好看 的 福建 卫视 十点 有 什么 好看 的 吉林 台 晚上 放 什么 中央 十三 台 两 小时 后 放 什么 山东 卫视 今天 早上 的 节目单 两 小时 后 安徽台 的 节目单 2 小时 后 福建 台 播放 什么 明天 晚上 云南 电视台 播放 什么 节目 浙江 台 2 小时 后 放 什么 节目 安徽 卫视 下午 放 什么 节目 1 小时 后 卫生 健康 的 节目单 世界 地理 2 小时 后 播放 什么 节目 6 点 内 蒙古 卫视 的 节目单 一 小时 后 内 蒙古台 有 什么 好看 的 早上 浙江 电视台 放 什么 节目 1 小时 后 安徽 卫视 放 什么 3 小时 后 上海 台 播放 什么 湖南 电视台 两 小时 后 放 什么 节目 6 点 电视指 南播 放 什么 国防 军事 明天 晚上 放 什么 节目 央视 11 套 2 小 时后 的 节目单 两 小时 后 湖北 电视台 放 什么 十点 甘肃台 放 什么 节目 马桶 台 两 小时 后 的 节目单 天津 台早 上 放 什么 6点 证券 资讯 的 节目单 2 小时 后 山东 电视台 的 节目单 晚上 重庆 电视台 播放 什么 节目 明天 晚上 发现 之 旅播 放 什么 风云 音乐 今天 晚 上 播放 什么 节目 上海 台 早上播 放 什么 节目 十点 福建台 放 什么 节目 早上 发现 之 旅 有 什么 好看 的 安徽 电视台 中午 有 什么 好看 的 十点 旅游 频道 有 什么 好看 的 西藏 电视台 今天 播放 什么 节目 福建 卫视 今天 晚 上播 放 什么 宁夏台 3 小时 后 播放 什么 河南 台 2 小时 后 播放 什么 2 小时 后 央视 文化 精品 放 什么 3 小时 后 重庆 卫视 放 什么 节目 今天 晚上 高尔夫 网球 播放 什么 节目 央视 十二 套 明天 早上 放 什么 西藏 卫视 1 小时 后 的 节目单 央视 台球 明天 早上 有 什么 好看 的 八点 福建 卫 视播 放 什么 节目 第一 剧场 1 小时 后 有 什么 好看 的 央视 六 台今 天播 放 什么 两 小时 后 央视 文化 精品 有 什么 好看 的 旅游 频道 今天 放 什么 明天 广西 台 放 什么 节目 今天 中央 6 台 播放 什么 黑龙江 电视台 明天早 上 播放 什么 节目 河北台 1 小时 后 有 什么 好看 的 明天 贵州台 的 节目单 宁夏 卫视 八点 的 节目单 央视 11 套 一 小时 后 放 什么 1 小时 后 山西 台 有 什么 好看 的 老 故事 6 点 的 节目单 甘肃 台 3 小时 后 有 什么 好看 的 江西 电视台 今天 早上 放 什么 今晚 黑龙江 台 播放 什么 辽宁台 两 小时 后 播放 什么 四川台 今天 晚上 有 什么 好看 的 下午 安徽台 放 什么 1 小时 后 cctv13 放 什么 马桶 台 2 小时 后 播放 什么 节目 河北 台 下午 放 什么 青海 电视台 早上 播放 什么 节目 今晚 云南台 有 什么 好看 的 3 小时 后 山西 台 放 什么 中央 卫视 明天 早上 播放 什么 节目 6 点 陕西 电视台 播放 什么 黑龙 江台 明天 早上 的 节目单 湖北 电视台 3 小时 后 放 什么 湖南 卫视 下午 放 什么 明天 晚上 宁夏 电视台 放 什么 6 点 广东 电视台 的 节目单 湖北 电视台 十点 播放 什么 综艺 频道 2 小时 后 有 什么 好看 的 今天 江苏 卫视 播 放 什么 节目 第一 剧场 2 小时 后 放 什么 内蒙古 电视台 今 天晚 上 的 节目 单贵州 电视台 今天 晚上 的 节目单 浙江 台 今天 晚上 有 什么 好看 的 早上 海南 电视台 有 什么 好看 的 怀旧 剧场 1 小时 后 放 什么 八点 黑龙江 台 播放 什么 节目 十点 芒果 台 有 什么 好看 的 中央台 一 小时 后 的 节目单 河南 台 3 小时 后 放 什么 节目 甘肃 电视台 早上 放 什么 一 小时 后 女性 时 尚 有 什么 好看 的 明天 晚上 江苏 卫 视播 放 什么 山东 卫视 十 点 播放 什么 节目 江苏 卫视 今天 晚 上放 什么 节目 四川 台明天 早上 播放 什么 中午 山东 台 放 什么 节目 山东 电视台 十点 有 什么 好看 的 明天 青海 卫 视播 放 什么 四川 卫视 明天 有 什么 好 看 的 湖北 台 1 小时 后 放 什么 中央 五 台 明天 晚上 的 节目单 6 点 云南台 播放 什么 节目 早上 央视 2 套 播放 什么 节目 浙江 卫视 中午 的 节目单 辽宁 电视台 晚上 放 什么 节目 吉林 台 早上 播放 什么 节目 明天 晚上 风云 剧场 的 节目单3 小时 后 电影频道 有 什么 好看 的 明天 早上 cctv2 的 节目单 吉林 卫视 八 点 放 什么 山西 卫视 3 小时 后 放 什么 节目 央视 六 台 1 小时 后 有 什么 好看 的 天津 卫视 晚上 的 节目单 甘肃台 1 小时 后 的 节目单 黑龙江 电视台 今天 的 节目单 两 小时 后 青海 卫 视放 什么 节目 河南 电视台 明天 早上 放 什么 节目 十点 风云 足球 放 什么 节目 3 小时 后 吉林 电视台 有 什么 好看 的 今天 早上 吉林 电视台 放 什么 节目 宁夏 卫视 2 小时 后 放 什么 节目 海南 电视台 下午 放什么 上午 中学生 放 什么 节目 十点 吉林 电视台 播放 什么 节目 八 点 中央 6 台放 什么 节目 一 小时 后 四川 卫视 播放 什么 河北 电视台 下午 有 什么 好看 的 海南 卫视 上午 的 节目单 上午 央视 一 台 放 什么 风云 足球 今天 晚上 的 节目单 青海 台 八点 有 什么 好看 的 江西 卫视 中午 放 什么 节目 中央 12 台 明天 早上 播放 什么 内蒙古台 十点 有 什么 好看 的 一小时 后 发现 之 旅播 放 什么 3 小时 后 广西 卫视 有 什么 好看 的 河南 电视台 下午 播放 什么 央视 5 套 早上 放 什么 广西 台 今天 晚上 放 什么 6点 央视 一 台 播放 什么 央视 11 套 今天 放 什么 节目 贵州 卫视 明天 晚 上 播放 什么 上海 卫视 晚上 放 什么 节目 今晚 江苏 电视台 播放 什么 今晚 新疆 电视台 播放 什么 节目 贵州 电视台 下午 放 什么 节目 两 小时 后 江西 台 播放 什么 今晚 央视 十二 套 的 节目单 今晚 江苏 卫视 有 什么 好看 的 早 上宁 夏台 有 什么 好看 的 中央 十三 台 早上 有 什么 好看 的 湖南 电视台 下午 放 什么 湖南 台 今晚 放 什么 风云 足球 1 小时 后 播放 什么 河北 台 两 小时 后 放 什么 明天 晚上西 藏卫 视播 放 什么 江西 台 明天 晚上 放 什么 央视 六 台 今晚 放 什么 青海 台 中午 放 什么 节目 世界 地理 明天 晚 上 放 什么 节目 6点 老故 事播 放 什么 节目 甘肃 卫视晚 上播 放 什么 节目 上海 电视台 中午 有 什么 好看 的 cctv32 小时后 播放 什么 6 点 陕西 电视台 的 节目单 湖南 电视台 明天 早上 播放 什么 节目 八点山 东电 视台 的 节目单 今天 早上 中 央卫 视播 放 什么 cctv13 今天 早上 有 什么 好看 的 天津 台 明天 早上 放 什么 cctv2 早上 放 什么 节目 江苏 台 今天 早上 播放 什么 央视 台球 两 小时 后 放 什么 节目 云南台 今晚 的 节目单 卫生 健康 1 小时 后 播放 什么 节目 中央 五 台 今天 早上 放 什么 节目 今天 河北台 放 什么 央视 5 套 上 午播 放 什么 节目 明天 央视 台球 放 什么 节目 安徽 电视台 今晚 放 什么 节目 江西 电视台 今天 晚上 放 什么 早上 央视 2 套 放 什么 重庆 电视台 中午 播放 什么 cctv2 今天 的 节目单 今天 晚上 山东 台 放什么 6 点 湖南台 播放 什么 广东 电视台 3 小时 后 播放 什么 风云 足球 今天 晚上 的 节目单 上午 甘肃台 的 节目单 山东 电视台 上午 放 什么 今天 早上山 西 台 播放 什么 节目 央视 一 台 早上 有 什么 好看 的 晚上 高尔夫 网球 有 什么 好看 的 河南 台 早上 有 什么 好看 的 黑龙江台 十点 放 什么 节目 贵州 电视台 明天 早上 的 节目单 今天 晚上 甘肃 电视台 有 什么 好看 的 女性 时尚 一 小时 后 有 什么 好看 的 黑龙 江台 早上 有 什么 好看 的 央视 十二 套 明天 晚上 播放 什么 节目 今天 广东台 放 什么 节目 2 小时 后 广东 台 的 节目单 十点 四川 卫视 放 什么 四川台 两 小时 后 放 什么 节目 明天 早上 重庆 卫视 的 节目单 央视 11 套 明天 早上 播放 什么 节目 明天 早上 河南 卫 视放 什么 旅游 频道 今天 晚 上播 放 什么 节目 电影 频道 今天 的 节目单 第一 剧场 今天 晚上 播放 什么 新科 动漫 中午 放 什么 节目 6 点 央视 5 套 播放 什么 节目 八 点 内 蒙古 电视台 放 什么 节目 2 小时 后 安徽 电视台 有 什么 好看 的 吉林 电视台 早上 放 什么 节目 江苏 台 2 小时 后 有 什么 好看 的 cctv5 一 小 时后 播放 什么 节目 cctv1 明天 晚上 有 什么 好看 的 安徽台 下午 有 什么 好看 的 cctv13明 天播 放 什么 节目 中午 河南 电视台 播放 什么 节目 今晚 卫生 健康 播放 什么 湖南 卫视 6点 放 什么 节目 四川 台 3 小时 后 放 什么 节目 两 小时 后 江苏 卫视 放 什么 节目 晚上 吉林 电视台 的 节目单 2 小时 后 央视 5 套 的 节目单 3 小时 后 综艺 频道 放 什么 早上 中央 卫视 放 什么 电影 频道 今天 播 放 什么 湖北 台 明天 早上 放 什么 3 小时 后 湖北 卫视 放 什么 节目 央视 4 台 3 小时 后 播放 什么 八点山 东卫 视播 放 什么 节目 下午宁 夏台 的 节目单 央视 十二 套 晚上 放 什么 节目 今天 早上 贵州 电视台 有 什么 好看 的 贵州 台 早上 播放 什么 节目 2 小时 后 音乐频 道放 什么 节目 明天 早上 电视 指 南放 什么 节目 青海 电视台 1 小时 后 放 什么 节目 内蒙古 电视台 3 小时 后 的 节目 单陕西 电视台 早上 放 什么 节目 陕西 卫视 八 点 播放 什么 福建 台明 天 晚 上播 放 什么 北京 电视台 下午 有 什么 好看 的 福建台 6 点 放 什么 节目 2 小时 后 甘肃 台 放 什么 第一 剧场 下午 有 什么 好看 的 央视 1 台 晚上 放 什么 节目 早上 海南台 的 节目单 央视 5 套 1 小时 后 放 什么 节目 中午 湖北 电视台 播放 什么 节目 芒果 台 中 午 播放 什么 节目 2 小时 后 浙江 台 播放 什么 节目 上海 卫视 3 小时 后 有 什么 好看 的 老故 事 明天 晚上 的 节目单 江西 卫视 八点 播放 什么 节目 广西 卫视 上午 放 什么 音乐 频道 中 午播 放 什么 晚上 辽宁电 视台 播放 什么 节目 辽宁 电视台 今晚 有 什么 好看 的 明天 早上 广东 台 放 什么 节目 今天 广西卫 视播 放 什么 节目 两 小时 后 宁夏 卫视放 什么 节目 两 小时 后 江苏 电视台 有 什么 好看 的 今天 早上 河北 电视台 有 什么 好看 的 晚上 湖北 卫视 放 什么 明天 央视 文化 精品 的 节目单 八点 中央 五 台 的 节目单 一 小时 后 河南 卫视播 放 什么 黑龙 江台 晚上 有 什么 好看 的 八点云 南台 的 节目单 北京 台 上 午播 放 什么 节目 早上 高尔夫 网球 播放 什么 6 点 甘肃 卫视 放 什么 北京 卫视 2 小时 后 放 什么 节目 中午 黑龙江 电视台 播放 什么 节目 高尔夫 网球 明天 早上 的 节目单 6 点 贵州台 的 节目单 八点 青海台 放 什么 cctv11 今天 早上 有 什么 好看 的 今天 晚上 四川 电视台 的 节目单 央视 十二 套 上午 有 什么 好看 的 中视 购物 明天 播 放 什么 海南 电视台 1 小时 后 放 什么 十点 陕西 电视台 播放 什么 cctv13 今天 有 什么 好看 的 中午 安徽 卫视 放 什么 节目 3 小时 后 中央 十三 台 有 什么 好看 的 今天 早上 旅游 频 道播 放 什么 高尔夫 网球 明天 有 什么 好看 的 下午 海南台 的 节目单 1 小时后 证券 资讯 播 放 什么 节目 中学生 上 午播 放 什么 江西 卫视 今天 晚上 有 什么 好看 的 八点 湖南 台播 放 什么 上海 电视台 今晚 有 什么 好看 的 西藏 台 两 小时 后 播放 什么 节目 北京 台明天 的 节目单 明天 早上 黑龙江 电视台 放 什么 明天 cctv5 有 什么 好看 的 湖南台 八 点 播放 什么 央视 三 套 明天 的 节目单 风云 足球 2 小时 后 播放 什么 晚上 云南 电视台 放 什么 福建 电视台 今天 早上 放 什么 节目 十点 湖北 卫视 放 什么 湖北 电视台 八点 放 什么 今天 央视 2 套 的 节目单 中视 购物 晚上 放 什么 节目 6点 中央 五 台 有 什么 好看 的 一 小时 后 广西 台 放 什么 cctv12 小时 后 放 什么 节目 青海 电视台 今天 晚上 放 什么 明天 晚上 湖南 电视台 有 什么 好看 的 高尔夫 网球 今天 晚上 播放 什么 节目 中午 湖北 电视台 有 什么 好看 的 明天 女性 时 尚 放 什么 节目 中午 河北台 播放 什么 节目 重庆 台 中午 放 什么 节目 1 小时 后 广东 卫 视播 放 什么 早上 河南 电视台 播放 什么 节目 吉林 卫视 2 小时 后 放 什么 明天 早上 广东 电视台 的 节目单 中央 卫视 晚上 播 放 什么 节目 明天 山西 卫视 有 什么 好看 的 中视 购物 一 小时 后 放 什么 晚上 内 蒙古台 放 什么 早上 山西 电视台 播放 什么 2 小时 后 宁夏台 播放 什么 今天 晚上 福建 卫视 有 什么 好看 的 明天 早上 上海 电视台 播放 什么 明天 晚上 cctv1 播放 什么 八 点 江西电 视台 播放 什么 国防 军事 今晚 的 节目单 安徽 电视台 八 点 播放 什么 节目 一 小时 后 天津 电视台 放 什么 八点 北京台 的 节目单 上午 山东 台 播 放 什么 节目 贵州 卫视 今晚 放 什么 节目 1 小时 后 陕西 卫视 播 放 什么 节目 中午 央视 文化 精品 播放 什么 cctv1 明天 的 节目单 晚上 怀旧 剧场 播放 什么 节目 今天 黑龙江 电视台 有 什么 好看 的 八点云南 卫视 放 什么 节目 重庆 电视台 6 点 播放 什么 节目 青海 卫视 中午 有 什么 好看 的 海南台 晚上 的 节目单 海南 台 十 点 播放 什么 广西 台 今晚 播放 什么 节目 央视 2 套 中午 的 节目单 2 小时 后电 影频道 有 什么 好看 的 中央 12 台 两 小 时后 播放 什么 明天 早上 广西 电视台 的 节目单 中央 十三 台 今晚 有 什么 好看 的 3 小时 后 央视 文化 精品 的 节目单 今晚 浙江台 放 什么 内蒙古 电视台 晚 上播 放 什么 节目 明天 晚上 重庆 电视台 放 什么 节目 央视 一 台 明天 早上 有 什么 好看 的 卫生 健康 3 小时 后播 放 什么 福建 电视台 1 小时 后 放 什么 新疆 台 1 小时 后 播放 什么 节目 陕西 台 上 午播 放 什么 今天 晚上 甘肃台 播放 什么 中午 上海 卫视 有 什么 好看 的 6 点 福建 卫视 的 节目单 吉林 卫视 八 点 放 什么 节目 天津 卫视 下 午播 放 什么 节目 江苏台 十点 放 什么 节目 下午 青海卫 视播 放 什么 节目 湖北 电视台 两 小时 后 播放 什么 十点 四川 卫视 有 什么 好看 的 八点 央视 1 台 播放 什么 节目 青海 电视台 今晚 的 节目单 下午 cctv11 的 节目单 央视 11 套 一 小时 后 的 节目单 湖南 电视台 明天 早上 有 什么 好看 的 明天 早上 央视 5 套 播放 什么 6 点 央视 一 台 播放 什么 节目 河南 电视台 下午 放 什么 节目 一 小时 后 中央 五 台 有 什么 好看 的 cctv5 今晚 的 节目单 中午 中央 十三 台 放 什么 节目 两 小时 后 马桶 台 播放 什么 节目 3 小时 后 上 海卫 视放 什么 节目 今天 黑龙江 卫视 播放 什么 上午 湖北 电视台 播放 什么 安徽台 明天 早上 放 什么 6 点 天津 台 放 什么 节目 明天 早上 江西 电视台 放 什么 节目 天津 台 今晚 有 什么 好看 的 甘肃 台 十 点 播 放 什么 节目 中午 广西台 放 什么 节目 明天 早上 吉林 电视台 有 什么 好看 的 3 小时 后 电 影频道 放 什么 节目 十点云南 电视台 有 什么 好看 的 中央 3 台 今晚 有 什么 好看 的 山东 电视台 早上 有 什么 好看 的 上午 怀旧 剧场 放 什么 晚上 湖北 卫 视放 什么 节目 福建 卫视 1 小时 后 播放 什么 云南 台 1 小时 后 有 什么 好看 的 今晚 湖南 电视台 放 什么 节目 重庆 电视台 3 小时 后 播放 什么 节目 女性 时 尚 一 小时 后 播放 什么 中央 十三 台 明天 放 什么 节目 风云 足球 明天 早上 的 节目单 晚上 广东 电视台 放 什么 天津 卫视 晚上 放 什么 上午 甘肃台 的 节目单 6 点 国防军 事播 放什么 四川 台 3 小时 后 播放 什么 晚上 上海 台 放 什么 高尔夫 网球 下午 的 节目单 上午 云南台 的 节目单 中视 购物 2 小时 后 播放 什么 浙江 台 下午 的 节目单 1 小时 后 中 央台 有 什么 好看 的 中央 6 台 今晚 有 什么 好看 的 两 小时 后 河北台 的 节目单 发现 之 旅 今天 早上 放 什么 节目 今晚 青海台 放 什么 山西 卫视 十 点 播放 什么 节目 2 小时 后风 云音 乐播 放 什么 节目 重庆 卫视 6 点 放 什么 1 小时 后 上海电 视台 播放 什么 节目 江苏 卫视 八点 放 什么 节目 上海 电视台 明天 播放 什么 cctv13 明天 早上 的 节目单 一 小时 后 青海 台 放 什么 节目 中央 电视台 明天 晚上 有 什么 好看 的 风云 音乐 2 小时 后 放 什么 节目 中央 6 台 早上 放 什么 内蒙古 卫视 今晚 放什么 明天 上海 卫 视播 放 什么 1 小时 后 河北 台 的 节目单 山东 电视台 今天 晚上 的 节目单 中央 卫视 中午 的 节目单 明天 云南 电视台 的 节目单 cctv5 今晚 有 什么 好看 的 吉林 卫视 3 小时 后 播放 什么 节目 明天 晚上 青海 卫视 的 节目单 十点 新疆 电视台 有 什么 好看 的 3 小时 后 宁夏 电视台 的 节目单 2 小时 后 青海 卫 视播 放 什么 节目 重庆 台 明天 早上 放 什么 节目 中央台 今晚 放 什么 节目 上午 广东 卫视 放 什么 黑龙江 卫视 上午 放 什么 一 小时 后科 教频 道播 放 什么 青海 电视台 今天 早上 的 节目单 1 小时 后 山 西卫 视播 放 什么 节目 6点 央视 5 套 的 节目单 早上 新疆 电视台 有 什么 好看 的 2 小时 后 湖北 卫 视播 放 什么 节目 北京 台 3 小时 后 播放 什么 节目 2 小时 后 世界 地理 放 什么 节目 电视 指南 上午 有 什么 好看 的 明天 晚上 cctv3 有 什么 好看 的 世界 地理 今天 播 放 什么 广东 卫视 今天 早上 的 节目单 十点 广西台 的 节目单 湖南 台 八点 放 什么 节目 早上 卫生 健康 放 什么 重庆 卫视 十点 播放 什么 3 小时 后 天津 卫视 放 什么 陕西 电视台 今天 早上 有 什么 好看 的 江苏台 今晚 放 什么 央视 11 套 明天 早上 放 什么 今天 央视 十二 套 播放 什么 一 小时 后 中央 电视台 放 什么 节目 国防 军事 上午 的 节目 单江苏 卫视 今天 早上 播放 什么 晚上 cctv1 播放 什么 节目 青海台 早上 的 节目单 一 小时 后 河南 卫视 有 什么 好看 的 广西 电视台 八 点 放 什么 节目 青海 台 明天 晚上 有 什么 好看 的 福建 卫视 上 午播 放 什么 节目 2 小时 后 央视 十二 套 播放 什么 节目 6 点 央视 台 球播 放 什么 节目 晚上 广西 电视台 播放 什么 明天 晚上 央视 一 台 放 什么 节目 广东 电视台 晚上 的 节目单 明天 辽宁 卫视 的 节目单 1 小时 后 吉林 台 放 什么 节目 北京 台 2 小时 后 有 什么 好看 的 有什么 电视 频道 有 哪些 电视 频道 有什么 频道 有 哪些 频道 有 什么 卫视 有 哪些 卫视 有 什么 台 有 哪些 台 有什么 电视台 有 哪些 电视台 我 要 放 一下 cctv3 给 我 播 黑龙江台 我 想 看 宁夏 电视台 我 想 看 中央 6 台 旅游 频道 我 要 放 一下 山东 台 给 我 播cctv1 跳到 陕西 台 我 想 看 央视 文化 精品 我 想 看 cctv2 我 想 看 河北 电视台 我 要 看 马桶 台 安徽台 给 我 播 青海 卫视 给 我 播内 蒙古 卫视 我 要 看山 东卫视 给 我 播怀 旧 剧场 跳 到 央视 台球 我 想 看福 建台 四川台 跳到 马桶台 给 我 播 cctv11 我 要 观看 江西 卫视 跳 到 四川 卫视 给我 播风云 足球 我 要 放 一 下 老故 事 我 要 放 一下 青海 卫视 给 我 播江 苏 台 跳到 广东台 我 要 放 一 下 辽宁 电视台 贵州 电视台 我 想 看 青海 电视台 我 要 放 一 下 辽宁台 我 想 看 辽宁电 视台 我 要 观看央 视文化 精品 我 想看 新疆台 浙江 电视台 我 要 看 辽宁 卫视 跳到 青海台 跳到 上海 卫视 我 要 放 一下 江苏 台 我 要 观看 风云 足球 我 要 放 一下 证券 资讯 跳到 世界 地理 我 要 看福建 卫视 我 要 放一 下江西 卫视 北京 卫视 我 要 观看 北京 卫视 给 我 播 四川 电视台央视 4 台 我 要 看 央视 5 套 我 想 看 电影 频道 我 要 放 一 下 cctv1 我 要 看 央视 十二 套 跳 到 陕西 卫视 我 想 看 cctv2 给 我 播 北京 卫视 我 想 看 甘肃 电视台 我 要 放 一 下 浙江 台 我 想看 cctv5 我 要 放 一下 芒果 台 我 想 看 江苏 电视台 我 想 看 安徽 电视台 我 要 放 一下科 教频 道 我 想 看 重庆 卫视 我 要看 江西台 给 我 播 广西 卫视 我 要 放一 下福 建台 给 我 播 云南台 福建 卫视 我 想 看 吉林 卫视 给 我 播宁 夏台 山东 卫视 我 想 看 山东 电视台 我 要 放一 下 青海台 给 我 播 第一 剧场 我 要 观看 央视 台球 给 我 播山 东台 跳到 广西 台 我要 放一下江西 卫视 我 要 观看 贵州台 给 我 播 北京 卫视 我 要 看 广东台 我 要 看科 教 频道 我 要 放 一下 四川台 我 要 观看 cctv3 浙江 卫视 我 想 看 新疆 卫视 给 我 播 央视 2 套 我 要 观看 山西 卫视 我 想 看 天津台 我 要 看 浙江 电视台 我 要 看 cctv2我 想 看 中央 五 台 我 要 观看 湖南台 给 我 播 重庆台 我 要 看 央视 2 套 跳到 怀旧 剧场 我 要 放 一下 央视 六 台 cctv3 我 要 看 cctv 高清 cetv4 家 有 购物 时尚 购物 快乐 购物 央广 购物 优购物 家家 购物 东方 购物 中视 购物 好享 购物 风尚 购物 厦门 卫视 金鹰 卡通 炫动 卡通 爱家 购物 兵团 卫视 央广 健康 百姓 健康 国学 频道 游戏 竞技 家庭 理财 四海 钓鱼 动感 音乐 车迷 频道 新 娱乐 环球 旅游 收藏 天下 快乐 宠物 职业 指南 中国 气象 频道 京视 剧场 置业 频道 东方 财经 全纪实 魅力 音乐 生活 时尚 七彩戏剧 劲爆 体育 游戏 风云 动漫 秀场 极速 汽车 法制 天地 欢笑 剧场 金色 频道 chc 动作 电影 网络 棋牌 中华 美食 chc 家庭 影院 都市 剧场 优优 宝贝 考试 在线 弈坛 春秋 高尔夫 高尔夫 网球 老故 事 书画 频道 第一 剧场 电视 指南 风云 剧场 风云 音乐 风云 足球 怀旧 剧场 央视 文化 精品 世界 地理 国防 军事 女性 时尚 发现 之 旅 财富 天下 现代 女性 环球 奇观 早期 教育 靓妆 天元 围棋 篮球 茶频道 chc 高清 电影 3d 试验 频道 cctv1 高清 cctv2 高清 cctv3 高清 cctv4 高清 cctv10 高清 cctv11 高清 cctv12 高清 cctv 音乐 高清 cctv5 高清 歌华 导视 高清 环球 购物 高清 btv纪实 高清 北京 卫视 高清 btv 文艺 高清 btv 体育 高清 湖南 卫视 高清 江苏 卫视 高清 浙江 卫视 高清 东方 卫视 高清 深圳 卫视 高清 山东 卫视 高清 cetv1 高清 黑龙江 卫视 高清 天津 卫视 高清 广东 卫视 高清 湖北 卫视 高清 金鹰 纪实 高清 上海 纪实 高清 chc 高清 电影 我 要 放 一下 cctv3 向往 的 生活 给 我 播 黑龙江 台皓 镧 传 我 想 看宁 夏 电视台 将 夜 我 想看 中央 6 台 歌手 2018 旅游 频道 知否 知否 应 是 绿肥红 瘦 我 要 放 一 下山东台 仙剑奇侠 传 3 给 我 播 cctv1 圆桌 派 跳 到 陕西台 妻子 的 浪漫 旅行 我 想 看 央视 文化 精品 天下无诈 我 想 看 cctv2 触及 真心 我 想 看 河北 电视台 倚天 屠龙记 我 要 看 马 桶 台 德云社 安徽台 笑傲 江湖 给 我 播青海 卫视 锋味 给 我 播内 蒙古 卫视 开讲 啦 我 要 看 山东 卫视步步惊心 给 我 播怀 旧 剧场 触及 真心 跳 到 央视 台球 一 线 我 想 看 福建台 极限 挑战 四川台 白 夜 追凶 跳到 马桶台 欢乐 喜剧人 给 我 播 cctv11 一线 我 要 观看 江西 卫视 如 懿传 跳到 四川 卫视 知否 知否 应 是 绿肥红瘦 给 我 播风云 足球 香蜜 沉沉 烬如霜 我 要 放 一 下 老故 事 我 的 奇妙 男友 我 要 放 一下 青海 卫视猫 和 老鼠 给 我 播 江苏台 一线 跳 到 广东台 等 着 我 我 要 放 一下 辽宁 电视台 声入人心 贵州 电视台 十 年 三月 三十日 我 想 看 青海 电视台 今日 说法 我 要 放 一下 辽宁台 陈翔 六点 半 我 想 看 辽宁电视台 智慧 树 我 要 观看 央视 文化 精品 延禧 攻略 我 想 看 新疆台 倚 天屠龙记 浙江 电视台 德云社 我 要 看 辽宁 卫视 父母 爱情 跳到 青海台 爸爸 去哪儿 跳到 上海 卫视 锋味 我 要 放 一下 江苏台 等 着 我 我要 观看 风云 足球 青春 有 你 我 要 放 一下 证券 资讯 等 着 我 跳到 世界 地理 香 蜜沉 沉烬 如霜 我 要 看福建 卫视 天天 向上 我 要 放一 下江西 卫视步步惊心 北京 卫视 奔跑 吧 我 要 观看 北京 卫视 怒 晴 湘西 给 我 播 四川 电视台 我 爱 我 家 央视 4 台 如 懿传 我 要 看 央视 5 套 偶像 练 习生 我 想 看 电影 频道 十 年 三月 三十日 我 要 放 一下 cctv1 天 下 无诈 我 要 看央 视十二 套 三生 三世十里桃 花 跳 到 陕西 卫视 动物 世界 我 想 看 cctv2十年 三月 三十日 给 我 播 北京 卫视鬼吹灯 我 想 看 甘肃 电视台 开学 第一 课 我 要 放 一 下 浙江 台步步 惊心 我 想 看 cctv5 射雕 英雄 传 我 要 放 一下 芒果 台 水浒传 我 想 看 江苏 电视台 触及 真心 我 想 看 安徽 电视台 天下 足球 我 要 放 一 下科 教频 道步步惊心 我 想 看 重庆 卫视 感动 中国 我 要 看 江西台三生 三世十里桃花给 我 播 广西 卫视 王牌 对 王牌 老故事 挑战 不 可能 我 要 放一 下福建台 水浒传 给 我 播云南台 古董局 中局 福建 卫视 逆流 而上 的 你 我 想 看 吉林 卫视 秦始皇 给 我 播宁 夏台 重量级 改变 山东 卫视 十 年 三月 三十日 我 想 看 山东 电视台 逆水寒 我 要 放 一下 青海台 笑傲 江湖 给 我 播第一 剧 场 仙剑奇侠 传 3 我 要 观看 央视 台球 天天 向 上 给 我 播山东 台 奔跑 吧 跳到 广西台 天下 无诈 我 要 放 一下江西 卫视古 董局 中局 我 要 观看 贵州台 笑 傲江湖 给 我 播 北京 卫视 的 夜 我 要 看 广东台 怒 晴 湘西 我 要 看 科教 频道 开学 第一 课 我 要 放 一 下 四川台 逆水 寒 我 要 观看 cctv3 小女花 不弃 浙江 卫视猫 和 老鼠 我 要放 一 下 中学生 怒 晴 湘西 我 想 看 新疆 卫视 步步 惊心 给 我 播 央视 2 套 怒 晴湘西 我 要 观看 山西 卫视 三生 三世十里桃花 我 想 看 天津台 独孤皇 后 我 要 看 浙江 电视台 微微 一 笑 很 倾城 我 要 看 cctv2 地久 天长 我 想 看 中央 五 台 国家 宝藏 我 要 观看 湖南台 向往 的 生活 给 我播 重庆台 极 限 挑战 我 要 看 央视 2 套 十 年 三月 三十日 跳 到 怀旧 剧场 等 着 我 我 要 放 一下 央视 六 台 我 的 奇妙 男友 cctv3 天 眼 cctv1 天 龙八部 我 要 看 cctv5 中国 情歌汇 我 想 看 贵州台 笑傲 江湖 我 想 看 安徽 卫视 天下无诈 跳到 吉林 电视台 我 是 歌手 西藏台 一线 四川 台 我 的 奇妙 男友 跳到 央视一 的 古董局 中局 跳到 吉林台 三 生 三世十里桃 花 湖北 卫视 今日 说法 给 我 播 中央 12 台 倚天 屠龙记 我 要 观看 证券 资讯古 董局 中局 给 我 播 新疆 卫视 怒 晴 湘西 给 我 播云南 电视台 步步 惊心 我要 看 cctv3 火星 情报局 我 要 放 一下 吉林 电视台 水浒传 我 要 放 一 下 卫生 健康 白夜 追凶 中央 卫视 仙剑奇 侠传 3 我 要 看 央视 11 套 圆 桌派 我 要 观看 cctv11 香蜜 沉沉烬如霜 我 想 看湖 北台 三生 三世 十里桃花 我 要 看 cctv3 陈翔 六点半 江苏 卫视 笑傲 江湖 我 要 放一 下 上海 卫 视皇 后 的 品格 给 我 播河北 卫视 奔跑 吧 兄弟 我 想 看 江苏台 我 在 大理寺 当 宠物 我 要 观看 海南 电视台 大江 大河 给 我 播 马桶台 笑 傲江湖 我 要 看 山东 卫视 神雕侠侣 给 我 播央 视三 套 奔跑 吧 跳到 西藏 卫视 香蜜 沉沉 烬如霜 给 我 播 中央 3 台 王牌 对 王牌 第三 季 央视 六 台 动物 世界 我 要 放 一下 陕西 台 我 爱 我 家 我 要看 中学生 天天 向上 我 要 放一下 电影 频 道天 下足球 中央 十三台 香蜜 沉沉 烬如霜 我 要看 吉林 卫视 妻子 的 浪漫 旅行 跳到 北京 卫视 非 诚勿 扰 我 要 放 一下 央视 十二 套 流淌 的 歌声 我 要 观看 央视 十二 套 新 视觉 跳到 第一 剧场 火星 情报局 给 我 播央视 文化 精品 陈翔 六点半 我 要 放 一下 央视 六 台 跨越 给 我 播 央视 三 套 爸爸 去 哪儿 我 要 放 一下 山东 电视台 开讲 啦 发现 之 旅 天龙八部 我 想 看 电视 指南 秦始皇 我 想 看 山西 台 红楼 梦 我 要 看 cctv11百 家 讲坛 给 我 播 四川 卫视猫 和 老鼠 我 要 放 一下 电影 频道 还 珠格格 我 要 看 央视 一 的 德云社 我 要 看 高尔夫 网球 爱情 公寓 给 我 播 发现 之 旅 极限 挑战 我 想 看 江苏台 我 在 大理寺 当 宠物 我 要 观看 中 央 卫视晓 说 跳 到 河北台 父母 爱情 我 要 观看 央 视文化 精品 将 夜 我 想 看 风云音乐 一线 我 要 观看 北京 电视台 天眼 跳到 四川台 地久天长 我 要 放 一下 央视 六 台 重 量级 改变 跳 到 怀旧 剧场 流淌 的 歌声 我 想 看 河南 电视台 惊蛰 给 我 播 cctv5 我 爱 我 家 我 要 看 安徽 电视台 我 爱 我 家 我 要 看 安徽 卫视 动物 世界 跳到 浙江 电视台 非诚勿 扰 我 想 看 云南台 我 的 奇妙 男友 我 要 放 一下 四川 电视台 皇后 的 品格 我 想 看 海南台 中国 情歌汇 我 想 看 山东 卫视 非诚勿 扰 我 要 观看 青海台 偶像 练习生 跳 到 电视 指南 我 在 大理寺 当 宠物 给 我 播河北 卫视 逆流而上 的 你 我 想 看 江苏 电视台 天下 无诈 新疆 电视台 怒 晴 湘西 我 想 看 上海台 微微 一 笑 很 倾城 我 要 看 云南 电视台 仙剑奇 侠传 3 给 我 播天津 电视台 天天 向 上 我 想 看 云南台 王牌 对 王牌 甘肃 卫视 开讲 啦 我 想 看 央视 1 台 王牌 对 王牌 我 要 看 中央 3 台 猫 和 老鼠 我 要 看湖 北台 我 的 奇妙 男友 中央 6 台 天衣 无缝 福建 卫视 锋味 给 我 播 天津 卫视 天天 向上 给 我 播 中央 卫视 知否 知否 应 是 绿肥红 瘦 我 要 放 一下 央视 三套笑傲江湖 跳到 中央 卫视 一 线 我 要 观看 马桶 台 重量级 改变 我 要 观看 河南 电视台 爱情 公寓 我 要 看宁 夏台 极限 挑战 我 要 看 四川 电视台 小女 花 不弃 我 要 观看 cctv5琅琊榜 我 要 看 云南台 天龙八 部 我 想 看 电视 指南 偶像 练 习生 我 要 看 广东 电视 台水 浒传 我 要 放一 下 重庆 卫视 创造 101 我 要 观看 电视 指南 我 爱 我 家 给 我 播辽宁 卫视 逆流而上 的 你 给 我 播风云 剧场 神雕 侠侣 我 要 放 一下 风云 音乐 逆流 而 上 的 你 黄金瞳 逆流而上 的 你 招摇 红楼 梦 触及 真心 人民 的 名义 非诚 勿扰 今日 说法 奔跑 吧 兄弟 青春 有 你 极限 挑战 动物 世界 偶像 练习生 百 家 讲坛 等 着 我 重量级 改变 笑傲 江湖 天天 向 上 我是 歌手 王牌 对 王牌 第三 季 向往 的 生活 爸爸 去 哪儿 有 什么 节目 节目 列表 节目单 频道 列表 全 部 频道 节目 列表 节目单 频道 列表 我 想看 都 挺好 最 新 一 集 我 想看 最 新 一 集都 挺 好 都挺 好 我 想 看 河北 电视台 的 都 挺 好 我 要 看湖 南台 的 都 挺 好 安徽台 的 都 挺 好 给 我 播 都 挺 好 广东 有 什么 频道 天津 有 什么 电视台 四川 有 哪些 卫视 四川 有 哪些 频道 福州 有 什么 台 重庆 有 哪些 电视台 江西 有 什么 台 西藏 有 什么 卫视 河北 有 什么 电视台 山西 有 哪些 卫视 西藏 有 哪些 卫视 福建 有 哪些 电视台 吉林 有 哪些 频道 安徽 有 哪些 台 云南 有 什么 频道 天津 有 什么 卫视 福州 有 什么 台 深圳 有 什么 频道 内蒙古 有 哪些 电视台 深圳 有 什么 电视台 湖南 有 哪些 台 成都 有 什么 卫视 海南 有 哪些 频道 江西 有 哪些 频道 贵州 有 哪些 台 河南 有 哪些 台 天津 有 什么 电视台 黑龙江 有 什么 台 北京 有 哪些 台 河北 有 哪些 电视台 天津 有 哪些 台 湖北 有 什么 频道 湖北 有 哪些 卫视 山西 有 哪些 频道 四川 有 哪些 频道 江西 有 哪些 卫视 四川 有 什么 台 成都 有 哪些 台 西藏 有 哪些 台 安徽 有 什么 频道 上海 有 哪些 卫视 广东 有 哪些 电视台 福州 有 哪些 电视台 山东 有 哪些 台 青海 有 什么 台 四川 有 什么 电视台 湖南 有 什么 电视台 海南 有 什么 电视台 浙江 有 什么 卫视 西藏 有 哪些 频道 广东 有 什么 频道 湖南 有 哪些 卫视 广东 有 什么 电视台 上海 有 哪些 卫视 广州 有 哪些 卫视 安徽 有 哪些 台 江西 有 哪些 电视台 湖南 有 什么 台 甘肃 有 什么 频道 湖南 有 什么 台 山东 有 哪些 台 宁夏 有 哪些 卫视 吉林 有 什么 卫视 湖北 有 哪些 卫视 广西 有 哪些 频道 广州 有 哪些 频道 陕西 有 什么 台 海南 有 什么 卫视 云南 有 什么 卫视 成都 有 什么 电视台 重庆 有 什么 电视台 新疆 有 哪些 台 厦门 有 什么 台 黑龙江 有 哪些 台 广东 有 什么 频道 福建 有 什么 台 湖北 有 哪些 台 云南 有 什么 频道 北京 有 什么 卫视 天津 有 哪些 卫视 湖南 有 什么 台 江西 有 哪些 电视台 黑龙江 有什么 台 西藏 有 哪些 电视台 山东 有 哪些 卫视 新疆 有 哪些 频道 新疆 有 哪些 台 辽宁 有 什么 台 内蒙古 有 什么 电视台 浙江 有 什么 台 重庆 有 哪些 卫视 福州 有 哪些 频道 福州 有 哪些 台 福州 有 哪些 频道 山东 有 哪些 电视台 江西 有哪些 频道 云南 有 什么 频道 成都 有 什么 电视台 安徽 有 什么 电视台 西藏 有 哪些 台 江西 有 哪些 台 辽宁 有 哪些 频道 南京 有 什么 台 浙江 有 哪些 电视台 天津 有 什么 卫视 上海 有 哪些 台 长沙 有 什么 电视台 辽宁 有 什么 电视台 浙江 有 什么 卫视 浙江 有 什么 卫视 新疆 有 哪些 电视台 西藏 有 什么 频道 广东 有 哪些 电视台 湖北 有 哪些 电视台 北京 有 什么 电视台 福州 有 什么 卫视 天津 有 什么 台 上海 有 哪些 台 江西 有 什么 台 陕西 有 哪些 频道 上海 有 哪些 电视台 成都 有 哪些 电视台 重庆 有 哪些 频道 福州 有 什么 电视台 重庆 有 哪些 卫视 宁夏 有 哪些 台 成都 有 什么 卫视 贵州 有 哪些 电视台 江西 有 什么 台 安徽 有 什么 电视台 江西 有 什么 电视台 成都 有 什么 电视台 江苏 有 哪些 卫视 青海 有 什么 台 广州 有 什么 卫视 浙江 有 哪些 卫视 天津 有 什么 台 海南 有 什么 频道 辽宁 有 哪些 卫视 成都 有 哪些 卫视 西藏 有 什么 频道 黑龙江 有 什么 电视台 江苏 有 哪些 频道 厦门 有 什么 电视台 吉林 有 什么 卫视 福建 有 哪些 电视台 天津 有 哪些 电视台 黑龙江 有 什么 台 青海 有 哪些 卫视 河北 有 哪些 电视台 宁夏 有什么 卫视 河南 有 哪些 频道 吉林 有 哪些 频道 长沙 有 哪些 卫视 山西 有 哪些 频道 重庆 有 哪些 频道 广西 有 哪些 频道 山西 有 哪些 卫视 重庆 有 什么 卫视 河北 有 哪些 卫视 重庆 有 哪些 台 北京 有 什么 卫视 新疆 有 什么 频道 西藏 有 什么 频道 重庆 有 什么 频道 黑龙江 有 什么 卫视 重庆 有 什么 台 广东 有 什么 台 海南 有 哪些 电视台 天津 有 什么 卫视 南京 有 哪些 频道 安徽 有 哪些 频道 重庆 有 什么 电视台 深圳 有 哪些 台 深圳 有 哪些 电视台 天津 有 什么 卫视 宁夏 有 什么 台 南京 有 什么 台 青海 有 什么 卫视 福建 有 什么 台 湖北 有 什么 卫视 黑龙江 有 哪些 台 重庆 有 哪些 电视台 辽宁 有 什么 卫视 重庆 有 什么 卫视 辽宁 有 什么 台 北京 有 哪些 台 广西 有 哪些 卫视 南京 有 哪些 频道 江西 有 什么 电视台 福建 有 哪些 卫视 陕西 有 什么 卫视 成都 有 哪些 卫视 长沙 有 哪些 电视台 辽宁 有 什么 卫视 陕西 有 哪些 卫视 新疆 有 哪些 卫视 青海 有 什么 频道 重庆 有 哪些 频道 安徽 有 什么 台 西藏 有 什么 卫视 天津 有 哪些 卫视 重庆 有 哪些 台 山西 有 什么 卫视 宁夏 有 什么 频道 福州 有 什么 台 成都 有 什么 台 安徽 有 什么 电视台 宁夏 有 什么 卫视 吉林 有 哪些 卫视 福建 有 什么 电视台 西藏 有 什么 电视台 青海 有 哪些 台 福州 有 哪些 频道 新疆 有 哪些 台 长沙 有 哪些 频道 福州 有 哪些 频道 长沙 有 什么 台 云南 有 哪些 频道 重庆 有 什么 频道 江西 有 哪些 卫视 四川 有 哪些 电视台 云南 有 什么 频道 辽宁 有 哪些 频道 北京 有 哪些 台 四川 有 哪些 电视台 重庆 有 哪些 台 吉林 有 什么 电视台 厦门 有 哪些 电视台 西藏 有 哪些 台 重庆 有 哪些 频道 福建 有 什么 频道 广西 有 什么 频道 山东 有 哪些 电视台 辽宁 有 哪些 电视台 山东 有 哪些 频道 福建 有 什么 频道 重庆 有 哪些 频道 河北 有 哪些 频道 南京 有 什么 台 青海 有 哪些 卫视 福州 有 什么 频道 厦门 有 哪些 频道 重庆 有 什么 卫视 深圳 有 什么 频道 湖南 有 什么 台 辽宁 有 什么 卫视 甘肃 有 哪些 卫视 广东 有 什么 电视台 湖南 有 什么 电视台 辽宁 有 什么 台 重庆 有 哪些 台 海南 有 什么 卫视 天津 有 什么 台 天津 有 什么 台 辽宁 有 什么 电视台 北京 有 哪些 频道 南京 有 哪些 频道 广东 有 什么 台 海南 有 什么 台 甘肃 有 哪些 电视台 湖北 有 哪些 卫视 河南 有 哪些 电视台 青海 有 哪些 台 黑龙江 有 哪些 频道 四川 有 哪些 频道 天津 有 什么 台 江西 有 什么 电视台 福建 有 什么 台 山东 有 什么 电视台 河南 有 哪些 频道 贵州 有 哪些 卫视 内蒙古 有 哪些 电视台 长沙 有 什么 频道 湖南 有 什么 卫视 西藏 有 哪些 频道 海南 有 什么 频道 江苏 有 什么 频道 江苏 有 哪些 卫视 重庆 有 哪些 电视台 长沙 有 哪些 卫视 西藏 有 哪些 频道 河北 有 什么 卫视 深圳 有 哪些 电视台 深圳 有 哪些 卫视 天津 有 什么 卫视 上海 有 哪些 频道 重庆 有 什么 频道 四川 有 哪些 频道 贵州 有 哪些 电视台 广西 有 哪些 电视台 山东 有 哪些 频道 深圳 有 哪些 频道 吉林 有 什么 电视台 宁夏 有 什么 电视台 新疆 有 什么 电视台 河北 有 什么 电视台 西藏 有 什么 频道 山东 有 哪些 电视台 山西 卫 视播 什么 老故 事播 什么 福建 电视台 播放 什么 节目 陕西 卫视 播放 什么 节目 吉林 卫视 放 什么 中央台 放 什么 陕西 电视台 的 节目单 江西 电视台 放 什么 重庆 卫视 的 节目单 山东 卫 视播 放 什么 节目 世界 地理 的 节目单 陕西 卫视 有 什么 节目 旅游 频道 播 什么 音乐 频道 放 什么 世界 地理 的 节目单 云 南卫 视播 什么 电影 频道 有 什么 节目 风云 音乐 有 什么 节目 山西 卫视 有 什么 节目 山西 台 的 节目单 浙江 台 放 什么 中央 3 台 有 什么 节目 新疆 电视台 播放 什么 节目 江西 电视台 放 什么 新疆 卫视 有 什么 节目 山西 电视 台播 什么 中学生 有 什么 节目 宁夏 卫视 放 什么 cctv5 的 节目单 浙江 台 有 什么 节目 怀旧 剧场 播 什么 安徽 电视台 放 什么 第一 剧场 播什么 青海 电视台 播 放 什么 节目 广东 卫视 的 节目单 吉林 卫视播 什么 江苏台 的 节目单 cctv13 播 什么 山西 卫视 放 什么 马桶 台播 什么 云南 电视台 播放 什么 节目 陕西 台播 什么 广西 台播 什么 陕西台 的 节目单 重庆 卫视 有 什么 节目 山西 卫视播 放 什么 节目 中央 电视台 有 什么 节目 青海台 的 节目单 安徽 电视台 有 什么 节目 上海 电视 台播 什么 中央 电视 台播 什么 cctv3 播 什么 上海 卫视播 放 什么 节目 福建台 的 节目单 福建台 的 节目单 江苏 电视台 放 什么 芒果 台 播放 什么 节目 央视 六 台 播 放 什么 节目 中央 电视台 放 什么 北京 卫视 播 什么 央视 11 套 放 什么 浙江 台 放 什么 青海 卫视 的 节目单 老故 事 有 什么 节 目宁夏 电视台 放 什么 河南 卫视 放 什么 西藏 电视台 有 什么 节目 山西 卫视 放 什么 中央 卫视 有 什么 节目 贵州 卫视 有 什么 节目 新疆 电视台 播 什么 吉林 电视台 播 放 什么 节目 新疆 电视台 有 什么 节目 海南台 播放 什么 节目 四川 卫视 播 什么 综艺 频道 有 什么 节目 cctv2 放 什么 央视 2 套 播放 什么 节目 福建台 的 节目单 江西 台 的 节目单 世界 地理 有 什么 节目 甘肃台 播放 什么 节目 青海 电视台 的 节目单 广西 台 的 节目单 中央 电视台 有 什么 节目 云南台 播放 什么 节目 新科 动漫 的 节目单 北京 台 放 什么 河南 电视台 播 放 什么 节目 山东 电视台 播 什么 贵州 卫视播 什么 山西 卫视 播 放 什么 节目 cctv2 播 什么 央视 1 台 播 放 什么 节目 电视 指南 放 什么 中视 购物 播 放 什么 节目 国防军 事播 什么 云南 卫视放 什么 贵州 卫视 播放 什么 节目 央视 文化 精品 的 节目单 中视 购物 播放 什么 节目 西藏 电视台 放 什么 贵州 卫视 有 什么 节目 央视 1 台 播 放 什么 节目 山西 卫视 播放 什么 节目 老故 事播 什么 湖北 卫视 播放 什么 节目 山东 台 的 节目单 山西 电视台 有 什么 节目 怀旧 剧场 的 节目 单山西 电视台 的 节目单 卫生 健康 有 什么 节目 广东 台 的 节目 单 中央 卫视 放 什么 河南 台 播放 什么 节目 cctv5 播 什么 湖北 电视台 的 节目单 cctv13 播 什么 四川 电视台 的 节目单 青海 电视台 播 什么 甘肃台 的 节目单 贵州 台 有 什么 节目 江苏 电视台 有 什么 节目 江西 电视台 放 什么 天津 卫视 放 什么 江苏 卫视 播放 什么 节目 新科 动漫 有 什么 节目 河北 台播 什么 新疆 卫视 放 什么 中央 12 台 有 什么 节目 安徽 电视台 播放 什么 节目 cctv13 有 什么 节目 甘肃 卫视 的 节目单 cctv5 的 节目单 新科 动漫 有 什么 节目 上海 卫视播 什么 央视 1 台 放 什么 芒果 台 的 节目单 央视 11 套 播 放 什么 节目 广西 电视台 播 放 什么 节目 安徽 电视台 有 什么 节目 音乐 频道 放 什么 辽宁台 的 节目单 贵州 电视 台播 什么 广西 卫视 放 什么 河南台 的 节目单 发现 之 旅 有 什么 节目 四川 卫视播 什么 河南 卫视 有 什么 节目 央视 一 台 播 放 什么 节目 云南 电视台 播放 什么 节目 央视 十二 套 播 什么 中学生 播 什么 青海 电视台 有 什么 节目 马桶 台 的 节目单 山西 电视台 放 什么 cctv11 有 什么 节目 河南 台 有 什么 节目 央视 1 台 的 节目单 怀旧 剧场 有 什么 节目 山西 台 有 什么 节目 陕西 电视 台播 什么 央视 十二 套 有 什么 节目 海南 台 有 什么 节目 中央 电视台 放 什么 央视 11 套 播 什么 宁夏 电视台 播 什么 央视 11 套 播 放 什么 节目 甘肃 台 播放 什么 节目 央视 4 台 放 什么 云南 电视台 的 节目单 风云 剧场 播 什么 西藏 卫视播 什么 内蒙古 电视台 播放 什么 节目 cctv5 播 什么 陕西 卫视 的 节目单 江苏 卫 视播 放 什么 节目 贵州 电视台 放 什么 甘肃 卫视 的 节目 单 广东 台 有 什么 节目 西藏 电视 台播 什么 女性 时尚 的 节目 单 甘肃 卫视 的 节目单 中央 12 台 放 什么 云南 卫视 播 什么 江苏 电视 台播 什么 安徽台 的 节目单 重庆 台播 放 什么 节目 北京 台 播放 什么 节目 电视指 南放 什么 福建卫 视播 什么 辽宁台 有 什么 节目 山东 卫视 播放 什么 节目 湖北台 播放 什么 节目 内蒙 古台 放 什么 海南 电视台 放 什么 湖南 卫视 放 什么 江西 台 有 什么 节目 科 教 频道 播放 什么 节目 广东 卫视 播放 什么 节目 音乐 频道 的 节目单 天津 台播 什么 海南 电视台 播放 什么 节目 江西 台 播放 什么 节目 安徽 卫视 有 什么 节目 女性 时尚 有 什么 节目 内 蒙 古台 有 什么 节目 风云 足球 的 节目 单cctv5 的 节目单 安徽 台播 什么 山东 电视台 放 什么 老故 事 有 什么 节目 风云 足球 播 什么 内蒙 古卫 视播 什么 中央 6 台 播放 什么 节目 吉林 台播 什么 山东 卫 视播 什么 旅游 频道 放 什么 第一 剧场 播 什么 央视 4 台 播放 什么 节目 陕西 台播 放 什么 节目 海南 卫视 有 什么 节目 发现 之 旅 的 节目 单安徽 台播 什么 云南 台播 什么 重庆 卫视 的 节目单 女性 时 尚 有 什么 节目 老故 事 有 什么 节目 甘肃 台 播放 什么 节目 上海 台 播放 什么 节目 电影 频道 放 什么 重庆 台 有 什么 节目 新疆 电视台 有 什么 节目 江苏 卫视 放 什么 内蒙古 电视台 播放 什么 节目 天津 台 有 什么 节目 中央台 的 节目单 怀旧 剧 场播 什么 世界 地理 放 什么 河北 电视台 放 什么 海南 卫视播 放 什么 节目 河北 电视台 的 节目单 央视 三 套 有 什么 节目 中央 五 台 播 什么 吉林 卫视 的 节目单 青海 卫 视播 什么 河北 电视台 放 什么 新疆 卫视 播放 什么 节目 央视 一 台 播 什么 中央 6 台 的 节目单 cctv2 的 节目单 广东 卫视 有 什么 节目 安徽台 的 节目单 cctv5 播 放 什么 节目 江苏 电视台 放 什么 马桶 台 播放 什么 节目 北京 卫视 放 什么 内蒙古 卫视 放 什么 甘肃 台播 什么 河北 台 有 什么 节目 风云 足球 播放 什么 节目 卫生 健康 播 什么 重庆 卫视 放 什么 湖南 电视台 播 什么 女性 时尚 放 什么 发现 之 旅 播放 什么 节目 湖北 电视台 有 什么 节目 风云 剧场 放 什么 青海 台播 什么 天津 台 的 节目单 中央 12 台 播放 什么 节目 中央 电视台 播放 什么 节目 贵州 电视台 放 什么 云南 电视台 的 节目单 安徽 卫视 播放 什么 节目 湖北 电视台 放 什么 北京 台 播放 什么 节目 女性 时 尚播 放 什么 节目 电影频 道播 什么 江苏 卫视 播放 什么 节目 西藏 台播 什么 风云 剧场 的 节目单 cctv2 播 放 什么 节目 江苏 电视台 的 节目单 江苏 电视台 放 什么 风云 足球 播 什么 风云 音乐 放 什么 风云 足球 有 什么 节目 中央 6 台 播 放 什么 节目 北京 电视台 的 节目单 宁夏台 的 节目单 中央台 的 节目单 上海 电视台 放 什么 广西 电视台 有 什么 节目 福建 卫视 播放 什么 节目 广西 电视台 播放 什么 节目 cctv1 有 什么 节目 吉林 卫视 有 什么 节目 湖北台 有 什么 节目 科 教 频道 播放 什么 节目 电视剧 版 智慧 树 电视剧 版 古 董局 中局 电视剧 版 红楼 梦 电视剧 版 红楼 梦 电视剧 版 电影版 向往 的 生活 电视剧 版 请 回答 1988 电影版 盗墓 笔记 电视剧 版 父母 爱情 动画版 百 家 讲坛 播放 电视剧 版 秦始皇 播放 电视剧 版 一 吻 定情 播放 电视剧 版 盗墓 笔记 播放 电视剧版 甄嬛 传 播放 电视剧 版白夜 追凶 播放 电视剧版 等 着 我 播放 电视剧 版 甄嬛 传 播放 电视剧 版 请 回答 1988 播放 电影 版 我 爱 我 家 播放 电视剧 版 黄金瞳 我 想 看 电视剧 版 三生 三世 我 想 看 动画版 水浒传 我 想 看 电视剧 版 斗破 苍穹 我 想 看 电影版 笑傲 江湖 我 想 看电视剧 版 父母 爱情 我 想 看 动画版 今日 说法 我 想 看 电视剧 版 天龙八部 我 想看 电视剧 版 将 夜 我 想 看 电影版猫 和 老鼠 我 想 看 电视剧 版 地久 天长 九月 十一 中央 12 台 的 爸爸 去 哪 儿 昨天 老故事 的 逆流而上 的 你 四月 十日 芒果 台 的 圆桌派 未来 几 天 cctv13 的 德云社 今天 晚上 证券 资讯 的 一 吻 定情 下周西 藏电视台 的 陈翔 六点半 一月 一 号 安徽 卫视 的 王牌 对 王牌 这 个 月 陕西 卫视 的 射雕 英雄传 三 天 陕西 卫视 的 一 吻 定情 九月 十一 高尔夫·网球 的 偶像 练习生 未来 五 天 辽宁台 的 琅琊榜 明天 央视 十二套 的 延禧 攻略 后天 山东 卫视 的 小 女花 不 弃 周日 黑龙江 卫视 的 偶像 练习生 浙江台 的 天龙 八 部 今天 女性 时尚 的 神雕 侠侣 九月 十一 新疆 台 的 王牌 对 王牌 劳动节 安徽 电视台 的 爱情 公寓 下周 四西 藏台 的 微微 一 笑 很 倾城 下 个 礼拜 央视 11 套 的 王牌 对 王牌 现在 电视 指南 的 皇后 的 品格 明天 早上 央视 文化 精品 的 中国 情歌汇 今天 甘肃 电视台 的 青春 有 你 一月 一 号 江苏 电视台 的 动物 世界 今天 广东 电视台 的 新视觉 今天 陕西 台 的 仙剑奇侠 传 3 明天 浙江 电视台 的 非 诚勿 扰 十二月 二十号 湖南台 的 请 回答 1988 周日 芒果台 的 声入 人心 这 周末 山西 卫视 的 倚天 屠龙记 今天 上海电视台 的 导演 对 我 下手 了 周末 新疆 卫视 的 声入 人心 中秋 央视 11 套 的 妻子 的 浪漫 旅行 今天 晚上 吉林 卫视 的 圆桌派 今天 河南台 的 动物 世界 今天 下午 江西 电视台 的 重量级 改变 吉林台 的 红楼 梦 三 天 北京台 的 微微 一 笑 很 倾城 下周四山东 卫视 的 听雪楼 今天 音乐 频道 的 香蜜 沉沉 烬 如霜 下周五 湖南 电视台 的 请 回答 1988一月 一 号 内 蒙古 电视台 的 神雕 侠侣 下周五 宁夏 卫视 的 延禧 攻略 明天 早上 福建台 的 王牌 对 王牌 四月 十号 风云 剧场 的 挑战 不 可能 10月 24日 四川台 的 独孤皇 后 青海台 的 鬼吹灯 内蒙古 电视台 的 快乐 大 本营 周日 央视 2 套 的 大江 大河 下周五 高尔夫·网球 的 欢乐 喜剧人 央视 2 套 未来 五 天 的 射雕英雄传 央视 三 套 明天 早上 的 贵州 台 现在 的 一 线 央视 台球 春节 的 重量级 改变 宁夏 电视台 明天 的 鬼吹灯 国防 军事 未来 五 天 的 极限 挑战 江西 电视台 国庆节 的 中国 诗词 大会 新科 动漫 10月 24日 的 动物 世界 青海 卫视 后面 3 天 的 微微 一 笑 很 倾城 新疆 卫视 今天 的 歌手 2018 西藏 卫视 未来 七 天 的 秦始皇 吉林 电视台 后 天 的惊蛰 上海 台 九月 十一 的 天龙八部 音乐 频道 清明 的 圆桌派 宁夏台 四月十号 的 歌手 2018 央视 三 套 周末 的 开讲 啦 中央 12 台 明天 早上 的 流淌 的 歌声 上海 电视台 今天 的 偶像 练习生 青海 台 这 个 月 的 三生 三世 十里桃花 科教 频道 国庆节 的 流淌 的 歌声 天津 台 周末 的 仙剑奇侠 传 3 贵州 台 未 来3 天 的 妻子 的 浪漫 旅行 安徽 电视台 下 个 礼拜 的 三生 三世十里 桃花 中央 五 台 周日 的 动物 世界 黑龙江台 后天 的 快乐 大本营 风云 足球 十二月 二十 号 的 跨越 宁夏台 这 周末 的 都 挺 好 河南 卫视 未来 3 天 的 德云社 音乐 频道 6月 1日 的 德云社 cctv5 周四 的 中视 购物 5号 的 触及 真心 cctv2 下周 的 延禧 攻略 河南 电视台 现在 的 古董局 中局 辽宁 电视台 6月 1日 的 都 挺 好 山西 台 后 面 3 天 的 创造 101 北京 电视台 下 周二 的 天下 足球 cctv11劳 动节 的 惊蛰 风云 剧场 这 个 礼拜 的 如 懿传 黑龙江 卫视 下周 的 延禧 攻略 黑龙江 卫视国 庆节 的 甄嬛 传 风云 剧场 中秋 的 大江 大河 福建 电视台 未来 五 天 的 创造 101 上海 台 明天 的 天眼 河南 台 四月十号 的 最 强 大脑 湖南台 国庆节 的 我 在 大理寺 当 宠物 cctv36月 1日 的 独孤皇 后 浙江 卫视 春节 的 逆流而上 的 你 山东 卫视 6月 1日 的 父母 爱情 风云 剧场 9月 10号 的 微 微一 笑 很 倾城 陕西 电视台 6月 1日 的 国家 宝藏 吉林 台下周六 笑 傲江湖 宁夏 电视台 14 号 爸爸 去 哪 儿 新疆 卫视 下周六 怒 晴 湘西 科教 频道 周日 天下无诈 内蒙古 卫视 14 号 火星 情报局 福建 卫视 明天 早上 水浒传 浙江 卫视 后面 3 天 王牌 对 王牌 河南 台 未来 七 天 天龙八部 湖南 电视台 下周六 奔跑 吧 兄弟 内蒙古 电视台 下 周二 盗墓 笔记 中央 五 台 2月 10号 左右 惊蛰 贵州 电视台 四月十号 王牌 对 王牌 第三 季 宁夏 电视台 四月 十号 如果 可以 这样 爱 电影 频道 未 来 3 天 步步 惊心 山东 电视台 今天 晚上 我 爱 我 家 西 藏 台明天 国家 宝藏 中学生 一月 一 号 将 夜天津 卫视 这 个 月 神雕 侠侣 cctv2 劳动节 奔跑 吧 兄弟 央视 文化 精品 下周四 动漫 北京 电视台 下 个 礼拜 武动 乾坤 天津 电视台 一月 一 号 惊蛰 贵州 电视台 明天 流淌 的 歌声 cctv13 明天 天龙 八 部 湖北 电视台 这 个 月 导演 对 我 下手 了 贵州 电视台 春节 火星 情报局 河南 卫视 下周 四等 着 我 央视 4 台 明天 早上 爸爸 去 哪儿 央视 六 台 6月 1日 重量级 改变 河北 电视台 未来 五 天 招摇 广东 卫视 这 个 礼拜 秦始皇 广东 台下 周五 歌手 2018 天津 台下 周末 重量级 改变 央视 十二 套 未来 七 天 夜空 中 最 闪亮 的 星第一 剧场 四月 十日 天下无诈 女性 时尚 下 个 礼拜 中国 情歌 汇 青海 电视台 今天 流淌 的 歌声 黑龙江台 春节 创造 101 云南 电视台 今天 人民 的 名义 重庆 台 14 号 挑战 不 可能 河北 电视台 现 在 请 回答 1988 江苏 台 下 个 礼拜 天下 足球 广西 电视台 今天 晚上 甄嬛 传 上海 卫视 昨天 中国 情歌汇 综艺 频道 盗墓 笔记 中央 卫视 八月 八号 中国 诗词 大会 西藏 台周四 逆流而上 的 你 福建台 下周 创造 101 怀旧 剧场 晓说 电影 频道 明天 早上 奔跑 吧 周日 中央 3 台 天下 无诈 周日 芒果台 导演 对 我 下手 了 央视 文化 精品 天衣 无缝 这 个 礼拜 综艺 频道 我 爱 我 家 下周 二青海 电视台 德云社 八月 八 号 广西 电视台 导演 对 我 下手 了 今天 重庆台 国家 宝藏 周五 江西 台 微微 一 笑 很 倾城 十二月 二十 号 新疆 卫视 非诚 勿扰 5号 青海 电视台 倚天 屠龙记 10月 24日 上海 电视台 极限 挑战 四月 十号 中央 6 台 仙剑奇 侠传 3 这 周末 广西 电视台 最 强 大脑 四月 十 号 浙江 卫视 国家 宝藏 九月 十一 卫生 健康 陈翔 六点半 这 周末 广东台 如果 可以 这样 爱 今天 晚上 青海台 甄嬛传 昨天 西藏 卫视 逆流而上 的 你 2月 10号 左右 河北 卫视 我 的 奇妙 男友 今天 下午 高尔夫·网球 鬼吹灯 下周六 辽宁 卫视 妻子 的 浪漫 旅行 周末 河北台 挑战 不 可能 今天 下午 上海 卫视 青春 有 你 一月 一 号 北京 台听 雪楼 这 个 礼拜 上海 电视台 招摇 四月 十 号 甘肃 电视台 爱情 公寓 明天 江西 台 我 是 歌手 后天 福建 卫视 天衣 无缝 下周 风云 足球 开学 第一 课 三 天 青海 卫视皓 镧 传 劳动节 黑龙江 电视台 如果 可以 这样 爱 周四 河南 卫视 智慧 树 未来 七 天 辽宁 卫视 动物 世界 今天 贵州 电视台 王牌 对 王牌 未来 几 天 宁夏台 惊蛰 未来 七 天 河北 卫视 天龙八部 这 周 末央视 六 台 声入 人心 今天 央视 4 台 独孤皇 后 14号 湖北 电视台 触及 真心 后天 芒果台 下周五 发现 之 旅 甄嬛传 今天 中央 十三 台 三生 三世 十里桃花 昨天 中央 一 台 的 新闻 连播 国庆节 北京 台 新 视觉 周五 山西 电视台 感动 中国 三 天 甘肃 电视台 天眼 一 月 一 号 吉林台 明星 大侦探 下周 六央 视三 套 惊蛰 这 周末 河北台 明天 青海台 都 挺 好 三 天 四川 电视台 天天 向上 云南 卫视 的 人民 的 名义 云南 电视台 的 火星 情报局 cctv1 的 动物 世界 重庆 台 的 逆水 寒 卫生 健康 的 一 吻 定情 安徽 卫视 的 德云社 贵州 卫视 的 独 孤皇 后 上海 卫视 的 知否 知否 应 是 绿肥红 瘦 江苏 卫视 的 大江 大河 河南 电视台 的 动物 世界 河南 卫视 的 陈翔 六点半 中央 台 的 陈翔 六 点半 黑龙江 卫视 的 天衣 无缝 cctv2 的 快乐 大本营 央视 2 套 的 小女 花 不 弃 广西 卫视 的 天龙八部 福建台 的 德云社 山西 卫视 的 感动 中国 马桶 台 的 欢乐 喜剧人 安徽台 的 感动 中国 音乐 频道 的 惊蛰 新疆 台 的 独孤皇 后 怀旧 剧场 的 重量级 改变 cctv13 的 我 爱 我 家 风云 音乐 的 奔跑 吧 湖南 台 的 夜空 中 最 闪亮 的 星 国防 军事 的 天下 无诈 黑龙江 电视台 的 我 的 奇妙 男友 辽宁 电视台 的 国家 宝藏 福建 卫视 的 天龙八部 辽宁 电视台 的 动漫 中央 十三 台 的 镇魂 安徽 电视台 的 琅琊榜 内蒙古 电视台 的 德云社 央视 台球 的 圆桌派 福建 卫视 的 极限 挑战 四川 电视台 的 听 雪楼 西藏 电视台 的 十年 三月 三十日 河南 电视台 的 我 爱 我 家 央视 11 套 的 挑战 不 可能 青海 电视台 的 德云社 发现 之 旅 的 新 视觉 河南 卫视 的 我 爱 我 家 湖北 电视台 的 快乐 大本营 央视 六 台 的 天衣 无缝 陕西 电视台 的 射雕英 雄传 江苏 电视台 的 逆流而上 的 你 新疆 卫视 的 人民 的 名义 上海 卫视 的 步步 惊心 江西 台 的 秦始皇 河南 台 的 听 雪楼 上海 台 的 如 懿传 怀旧 剧场 的 陈翔 六点半 风云 足球 的 卫生 健康 的 惊蛰 吉林台 的 感动 中国 北京 电视台 的 奔跑 吧 兄弟 广东 台 的 步步 惊心 云南台 的 招摇 天津 台 的 感动 中国 女性 时尚 的 我 在 大理寺 当 宠物 cctv3 的 武动 乾坤 中央 12 台 的 晓说 怀旧 剧场 的 步步 惊心 第一 剧场 的 延禧 攻略 安徽台 的 我 是 歌手 辽宁台 的 触及 真心 天津 电视台 的 大江 大河 中学生 的 触及 真心 山东 电视台 的 夜空 中 最 闪亮 的 星 重庆 卫视 的 水浒传 广西 卫视 的 天眼 辽宁 卫视 的 红楼 梦 广西 电视台 的 跨越 内蒙古 卫视 的 大江 大河 央视 三 套 的 武动 乾坤 辽宁台 的 皓 镧传 陕西 电视台 的 开讲 啦 北京 卫视 的 独 孤 皇后 安徽 卫视 的 极 限 挑战 北京 电视台 的 火星 情报局 海南台 的 都 挺 好 风云 剧场 的 我 爱 我 家 央视 三 套 的 招摇 高尔夫·网球 的 逆流 而上 的 你 内蒙古台 的 红楼 梦 四川台 的 笑傲 江湖 广东 电视台 的 德云社 江西台 的 都 挺 好 新疆 电视台 的 德云社 河北 台 的 明星 大侦探 央视 11 套 的 琅琊榜 央视 文化 精品 的 小 女花 不弃 甘肃 电视台 的 甄嬛传 陕西 电视台 的 极 限 挑战 上海 电视台 的 镇魂 宁夏 电视台 的 我 爱 我 家 内蒙古 卫视 的 声入 人心 重庆 电视台 的 中国 情歌汇 科教 频道 的 最 强 大脑 cctv3 如 懿传 中央 电视台 跨越 cctv5 大江 大河 芒果 台 中国 情歌汇 甘肃台 大江 大河 中央 一 台 极限 挑战 广东 卫视 偶 像 练习生甘肃 卫视 锋味 四川台 中国 诗词 大会 青海 卫视 琅琊榜 广东 电视台 新 视觉 江西台 大江 大河 陕西 台触 及 真心 内蒙古 电视台 王牌 对 王牌 第三 季 湖北台 倚天 屠龙记 山东 卫视 非诚 勿 扰 宁夏 卫视 惊蛰 湖南台 如果 可以 这样 爱 风云 音乐 奔跑 吧 兄弟 电影 频道 圆 桌派 中央 12 台 鬼吹灯 卫生 健康 微微 一 笑 很 倾城 贵州 卫视 跨越 青海台 逆流而上 的 你 央视 台球 挑战 不 可能 综艺 频道 知否 知 否应 是 绿肥红瘦 中视 购物 导演 对 我 下手 了 央视 十二 套 爸爸 去哪儿 浙江 台 皇后 的 品格 广东 电视台 我 爱 我 家 央视 1 台 挑战 不 可能 音乐 频道 秦始皇 湖南 卫视 红楼 梦 广西 台导演 对 我 下手 了 云南 卫视 惊蛰 浙江 台 锋味 湖北 电视台 青春 有 你 陕西 台 斗破 苍穹 四川台 陈翔六点半 湖南 卫视 如 懿传 浙江 卫视 我 是 歌手 甘肃 电视台 一 吻 定情 cctv2 明星 大侦探 四川 卫视 地久 天长 河南 台 天龙八部 马 桶 台 招 摇 广西 电视台 歌手 2018 科教 频道 天眼 国防 军事爸 爸 去 哪儿 吉林台 中国 情歌汇 安徽 电视台 我 爱 我 家 河北 台射 雕英雄 传 中央 卫视 感动 中国 辽宁 电视台 甄嬛 传 西藏 电视台 创造 101风云 剧场 我 是 歌手 湖南台 我 的 奇妙 男友 重庆 台惊蛰 内蒙古台 笑傲江湖 黑龙江 电视台 触及 真心 天津 卫视 创造 101 云南 卫视 如 懿传 海南 卫视 我 爱 我 家 央视 十二 套 动漫 黑龙江台 我 的 奇妙 男友 海南 卫视 天衣 无缝 山西 卫视 香蜜 沉沉 烬如霜 云南 卫视 奔跑 吧 兄弟 江西 电视台 延禧 攻略 江西 卫视 都 挺 好 福建 电视台 快乐 大本营 广西 卫视 等 着 我 北京 电视台 倚天 屠龙记 江西 卫视 欢乐 喜剧人 安徽台 流淌 的 歌声 电视 指南 香蜜 沉沉 烬如霜 山西 电视台 破冰 行动 贵州 卫视晓 说 海南 台 天下无诈 卫生 健康 武动 乾坤 青海 台 仙剑奇侠传 3 青海 卫视 红楼 梦 中央 五 台 逆水寒 芒果台 延禧 攻略 河北 电视台 如果 可以 这样 爱 甘肃 台导 演 对 我 下手 了 贵州 电视台 偶像 练习生 怀旧 剧场 如 懿传 湖南台 爸爸 去 哪儿 福建 电视台 白夜 追凶 海南 卫视 明星 大侦探 央视 六 台 声入 人 心 央视 台球 导演 对 我 下手 了 安徽台 知否 知否 应 是 绿肥红 瘦 山东 电视台 一线 甘肃台 如 懿传 四川台 知否 知否 应 是 绿肥红 瘦 世界 地理 人民 的 名义 新 科动漫 天下 足球 央视 5 套 惊蛰 央视 5 套 惊蛰 中央 一 台 的 晚间 新闻 周末 央视 文化 精品 未来 3 天 湖北 卫视 今天 湖南 卫视 这 个 礼拜 辽宁 电视台 今天 广西 电视台 今天 甘肃 电视台 四月 十日 上海 卫视 一月 一 号 北京 卫视 劳动 节 福建 电视台 6月 1日 重庆 电视台 一月 一号科教 频道 下周二 新科 动漫 周日 江苏 电视台 昨天 贵州 电视台 十二月 二十 号 风云 音乐 9月 10号 山东 电视台 9月 10号 cctv2 今天 科教 频道 后面 3 天 贵州 电视台 下周五 吉林 卫视 下周四云南 卫视 周四 福建台 下周科 教 频道 昨天 江苏台 后面 3 天 重庆 卫视 下 个 礼拜 陕西台 后面 3 天 中央 6 台 下周 末内蒙古台 周日 重庆 卫视 一月 一 号 广西台 今天 贵州台 明天 中央 十三 台 未来 七 天 河南 电视台 三 天 宁夏 电视台 今天 下午 中央 五 台 国庆节 央视 六 台 周五 央视 5 套 今天 下午 cctv2 这 周末 芒果台 春节 安徽 卫视 周日 内蒙古 卫视 10月 24日 新疆 台 6月 1日 河北 电视台 14 号 海南 卫视 今天 下午 山西 电视台 春节科 教 频道 周四江 苏台 周日 旅游 频道 十二月 二十号 cctv5 三 天 中央 卫视 9月 10号西 藏台 今天 江西 卫视 未来 七 天 发现 之 旅 四月 十号 福建台 周四风云 音乐 四月 十号 云南台 今天 黑龙江 台 劳动节 陕西 电视台 下周四 辽宁 卫视 国庆节 重庆台 昨天 央视 十二 套 下周二 海南 电视台 明天 早上 黑龙江 电视台 2月 10号 左右 海南 电视台 劳动节 综艺 频道 八月 八号 江苏 台 昨天 江苏 卫视 这 个 礼拜 湖南 电视台 5 号 辽宁电 视台 下周五 中央 五 台 14号 的 黑龙江 卫视 未来五 天 的 广东台 九月 十一 的 广西 卫视 中秋 的 央视 十二 套 后天 的 山西 卫视 清明 的 第一 剧场 这 个 月 的 央视 5 套 14号 的 风云 足球 6月 1日 的 湖南 电视台 明天 的 河北台 三 天的 内 蒙古台 现在 的 央视 4 台 这 个 月 的 湖北 电视台 14 号 的 重庆 卫视 九月 十一 的 旅游 频道 三天 的 青海 卫视 未来 3 天 的 辽宁台 未来 几 天 的 天津 电视台 明天 早上 的 央视 台球 八月 八号 的 广西 台 今天 的 音乐 频道 明天 的 中央 6 台 未来几 天 的 宁夏台 昨天 的 风云 音乐 中秋 的 中学生 周五 的 北京 电视台 14 号 的 央视 三 套 今天 的 电视 指南 未来 几 天 的 综艺 频道 14号 的 新疆 卫视 周四 的 天津 卫视 6月 1日 的 老故 事 四月 十日 的 江苏 台 今天 的 海南台 八月 八号 的 内蒙古 卫视 四月 十号 的 海南台 明天 早上 的 福建 卫视 清明 的 中央 五 台 今天 的 证券 资讯 今天 的 宁夏 卫视 今天 晚上 的 贵州 卫视 九月 十一 的 福建 卫视 下周四 的 cctv3 明天 早上 的 天津台 9月 10号 的 上海 电视台 后天 的 福建台 未来 几 天 的 海南台 9月 10号 的 河南 卫视 这个 月 的 江苏 电视台 一月 一 号 的 宁夏 卫视 清明 的 江苏 电视台 今天 晚上 的 中央 电视台 下 个 礼拜 的 浙江 电视台 未来 几 天 的 河北 电视台 一月 一 号 的 辽宁 电视台 今天 的 音乐 频道 明天 早上 的 海南台 国庆节 的 央视 1 台 春节 的 北京 电视台 下周 的 浙江 卫视 下周末 的 芒果台 三 天 的 四川 卫视 下周末 的 央视 文化 精品 下 个 礼拜 的 卫生 健康 10月 24日 的 电视 指南 14 号 的 马桶 台 周五 的 中央台 下周六 的 中央 3 台 今天 的 音乐 频道 5 号 的 发现 之 旅 游戏 竞技 四海 钓鱼 摄影 频道 cctv-8 cctv-5 内江 综合 江油 新闻 四川 经济 靓妆台 蓬溪 新闻 阆中 新闻 温江 新闻 综合 温江 新闻 综合 摄影 频道 广安 公共 井研 新闻 综合 利州 台 三 台 新闻 合江 新闻 cetv - 1 四川 公共 梓潼 高清 遂宁 综合 cctv-11 cctv-12 文艺 频道 cctv-4 温江 新闻 综合 家庭 影院 青神 综合 cetv-1 快乐 垂钓 金牛 有线 动漫 秀场 欢笑 剧场 泸州 新闻 综合 邻水 新闻 全纪实 攀枝花 新闻 综合 北川 新闻 频道 筠连 一 套 乐山 新闻 综合 兴文台 仁和 新闻 巴中 一 套 盐 边 台 内江 综合 内江 综合 芦山 综合 四川 影视 文艺 彭州 剑阁 彭州 大邑 荣县 盐边 天全 安居 泸县 自贡 天 全 通江 安县 渠县 石棉 阿坝州 朝天 通江 前锋 叙 永 荣县 荥经 开江 仁寿 广汉 名山 沙湾 龙泉 驿 南溪 马尔康 德阳 蓬安 宣汉 武胜 泸县 梓潼 恩阳 理县 金堂 泸县 米 易 金川 青神 马边 广安 昭化 彭州 纳溪 江安 凉山 南昌 中山 连云港 济南 江门 长春 长沙 株洲 惠州 武汉 上海 江门 台州 连云港 合肥 湖州 咸阳 扬州 宜昌 周口 福州 大庆 福州 石家庄 常州 郴州 东莞 成都 徐州 贵阳 济南 柳州 无锡 西安 常州 湖州 漳州 惠州 沧州 遵义 江门 上海 沈阳 榆林 衡阳 滨州 沧州 保定 厦门 烟台 雅安 达州 巴中 广汉 富顺 合江 马尔康 南江 涪城 九寨沟 成都 仁寿 渠县 青神 高新 仁 和 凉山 雁江 蓬溪 通川 盐亭 眉山 青白江 湖南 古蔺 中央 六 套 中央 十一 套 中央 九 套 中央 七 套 央视 1 套 中央 三 套 中央 五 套 中央 八 套 中央 6 套 中央 四 套 中央 二 套 中央 一 套 中央 十 套 中央 7 套 中央 1 套 央视 8 套 中央 11 套 中央 5 套 播 放 重兽 播放 重度 播放 都 挺好 播放 重相 逢 播放 重度 播放 重度 播放 重提 往事 播放 重生 播放 重相逢 播放 重兽 搜索 重生 搜索 重耳 搜索 都 挺 好 搜索 都 挺 好 搜索 重相逢 搜索 重生 搜索 重耳 搜索 重提 往事 晨阳 十五 集 荒原 110 集 麦香 第9 集 少年派 9 集 家第30 集 晓说 二十九 集 追十一 集 阿诚 第101 集 白发二十 集 追球 第十 集 心术 110 集 白发 二十九 集 追 11 集 重耳 第25 集 战友 第十五 集 战友 第三十 集 惊蛰 5 集 追球 11 集 天眼二十 集 晓说 第十 集 荒原 第30 集 麦香 第一 集 惊蛰 第二 十 九 集 战友 四 集 阿诚 第25 集 白发 第二十 集 荒原 第21 集 阿诚 第一 集 天眼 5 集 家 第十 集 心术 五十 集 唐砖 第27 集 奋斗 第110 集 战友 二十 九 集 重耳 50 集 将 夜 第二十七 集 追球 第10 集 麦香 第100 集 重耳 第一 集 重耳 第一 百一 十 集 晓 说 第50 集 奋斗 第十五 集 惊蛰 20 集 战友 第101 集 阿诚 第十五 集 奋斗 第二十五 集 追 第一 集 奋斗 第50 集 麦香三 十 集 重耳 第2 集 晓说 的 第十五 集 将 夜 的 101 集 麦香 的 第一 百零一 集 麦香 的 第二 十七 集 家的 二集 奋斗 的 一百一十 集 晨阳 的 一 集 追的 第四 集 追球 的 115 集 麦香 的 第11 集 动管局 的 第二 集 追球 的 五十 集 重耳 的 第二十一 集 家的 十一 集动管局 的 第9 集 白发 的 一百一十 集 白发 的 二十 七 集 麦香 的 9 集 唐砖 的 第十 集 荒原 的 第21 集 追 的 第四 集 奋斗 的 第1 集 追 的 第一 集 白发 的 第五十 集 阿诚 的 2 集 奋斗 的 第5 集 心术 的 第一 百一十集 少年派 的 第10 集 家 的 第21 集 白发 的 9集 唐砖 的 第二十一 集 奋斗 的 第9 集 重耳 的 十一 集 少年派 的 100 集 白发 的 十五 集 动管局 的 5 集 荒 原的 2 集 荒原 的 25 集 将 夜 的 第二十 集 战友 的 第四 集 天眼 的 第二十集 重耳 的 5 集 麦香 的 第一 百一十五 集 将 夜 的 115 集 惊蛰 的 一百零 一 集 麦香 的 50 集 心术 的 第一 百一十五 集 战友 的 第11 集 麦香 的 第三 集 晨阳 的 二十五 集 心术 110 集 将夜 20 集 动管局 一百一十五 集 将 夜 101 集 天眼 20 集 惊蛰 一百 零一 集 家 一百 零一 集 动管局 第101 集 追第50 集 惊蛰 20 集 惊蛰 27 集 家第20 集 心术 27 集 天眼 110 集 天眼 第101 集 将 夜 第110 集 将 夜 一百一 十 集 惊蛰 第一 百 零一 集 将 夜 110 集 追 100 集 惊蛰 第一百一 十 集 家 110 集 动管局 第一 百一 十集 惊蛰 第一 百一十五 集将夜 30 集 动管局 30 集 将 夜 110 集 动管局 第一 百 零一 集 将 夜 110 集 天眼 115 集 直接 打开 临界 天下 直接 打开 笑傲江湖 直接 打开 乐队 的 夏天 直接 打开 大江 大河 直接 打开 如果 这样 生活 直接 打开 偶像 练习生 直接 打开 今日 说法 直接 打开 工作室 直接 打开 怒 晴 湘西 直接 打开 流淌 的 歌声 直接 打开 如果 这样 生活 直接 打开 最 佳 搭档 直接 打开 破冰 行动 直接 打开 暗恋橘生 淮南 直接 打开 天天 向上 直接 打开 救 救梦梦 直接 打开 白发 直接 打 开全世界 最 好 的 你 直接 打开 极限 挑战 直接 打开 极限 青春 直接 打开 我 爱 我 家 直接 打开 开学 第一 课 直接 打开 非正式 会谈 直接 打开 盗墓 笔记 之 怒海 潜沙 直接 打开 我 爱 我 家 直接 打开 高校 供餐王 直接 打开 可以 跟 你 回家 吗 直接 打开 我 的 真 朋友 直接 打开 我们 是 真正 的 朋友 直接 打开 我们 都 要 好好 的 直接 打开 招摇 直接 打开 惊蛰 直接 打开 挑战 不 可能 直接 打开 百 家 讲坛 直接 打开 城市 24 小时 直接 打开 罪夜 无间 直接 打开 神雕侠侣 直接 打开 非正式 会谈 直接 打开 明日 之 子 直接 打开 射雕 英 雄传 直接 打开 步步 惊心 直接 打开 国家 宝藏 直接 打开 红楼 梦 直接 打开 王牌 对 王牌 直接 打开 极限 挑战 直接 打开 导演 对 我 下手 了 直接 打开 独孤皇 后 直接 打开 白发 直接 打开 最 好 的 遇见 直接 打开 盗墓 笔记 直接 打开 凤弈 直接 打开 天下无诈 直接 打开 最 佳 搭档 直接 打开 笑 傲江 湖 直接 打开 神雕侠侣 直接 打开 我 家 那 小子 直接 打开 乐队 的 夏天 直接 打开 篮球 大唱片 直接 打开 少年派 直接 打开 盗 墓 笔记 之 怒海 潜沙 直接 打开 如果 可以 这样 爱 直接 打开 极速 前 进 直接 打开 动漫 直接 打开 一 场 遇见 爱情 的 旅行 直接 打开 人民 的 名义 直接 打开 陪 你 到 世界 之 巅 直接 打开 微微 一 笑 很 倾城 直接 打开 一百 年 很 长 吗 直接 打开 白夜 追凶 直接 打开 父母 爱情 直接 打开 香蜜 沉沉 烬如霜 直接 打开 新视觉 直接 打开 城市 24 小时 直接 打开 陈翔 六点半 直接 打开 都 挺 好 直接 打开 致 我们 暖暖 的 小时光 直接 打开 招摇 直接 打开 我们 是 真正 的 朋友 直接 打开 本草中华 直接 打开 开学 第一 课 直接 打开 将 夜 直接 打开 我 的 奇妙 男友 直接 打开 我们 是 真正 的 朋友 直接 打开 主厨 秀 直接 打开猫 和 老鼠 直接 打开 创造 101 直接 打开 神犬 小 七 直接 打开 锋味 直接 打开 如 懿传 直接 打开 一 场 遇见 爱情 的 旅行 直接 打开 听 雪楼 直接 打开 百 家讲坛 直接 打开 盗墓 笔记 直接 打开 我 的 奇妙 男友 直接 打开 快乐 大本营 直接 打开 临界 天下直接 打开 锋味 直接 打开 动物 管理局 直接 打开 人生 一 串 直接 打开 拜托 了 冰箱 新闻 60 分 辉煌 60年 黄金 100 秒 午间 30 分 今晚 60分 辉煌 60 年 打开 黄金 100 秒 打开 今晚 60分 打开 今晚 60 分 打开 新闻 60分 打开 午间 30 分 打开 正午 30 分 直接 打开 新闻 60分 直接 打开 今晚 60分 直接 打开 今晚 60分 直接 打开 辉煌 60年 直接 打开 新闻 60分 直接 打开 黄金 100 秒 正午 30 分 为 我 推荐 向 我 推荐 给 我 推荐 推荐 给 我 推荐 我 想 看 新闻 1+1 我 要 看 新闻 1+1 我 想看 新闻 1+1 我 想 看 宝贝 2 + 1 宝贝 2+1 新闻 1+1 直接 打开 新闻 1+1 直接 打开 宝贝 2+1 打开 宝贝 2+1 打开 新闻 1+1 播放 新闻 1+1 播放 宝贝 2+1 搜索 宝贝 2+1 搜索 新闻 1+1 播放月 之 台 打开月 之 台 我 想 看 月之 台 直接 打开月 之 台 搜索月 之 台 月 之 台 我 要 看马 天宇 和 郑爽演 的 流淌 的 美好 时光 我 要 看向佐 和 郭碧婷演 的 我 的 真朋友 我 要 看 彦希 和 章子怡演 的 暗恋 橘生 淮南 我 要 看周 笔畅 和 吴京演 的 最 好 的 安排 我 要 看成龙 和 杨幂演 的 流淌 的 美好 时光 我 要 看 李晨 和 张柏 芝演 的 大宋 少 年志 我 要 看 刘诗诗 和 欧阳娜 娜演 的 全世界 最 好 的 你 我 要 看 李小璐 和 张丹峰演 的 最 优 的 我们 我 要 看 郑秀文 和 张国 荣演 的 陈情令 我 要 看 欧阳娜娜 和 唐嫣演 的 极限 青春 阿黛尔 的 动画 来 一 个 李锐 的 电影 来 一 个 王俊凯 的 动画 来 一 个 周星驰 的 电影 来 一 个 成龙 的 电影 来 一 个 沈腾 的 动画 来 一 个 佟丽娅 的 电视剧 来 一 个 周星驰 的 电视剧 来 一 个 陈楚生 的 动画 来 一 个 鞠婧祎 的 电影 来 一 个 山东 电视台 五 天 后 的 节目 cctv11 七 天 前 的 节目 湖南 卫视 一 周前 的 节目 云南 电视台 七 天 后 的 节目 央视 十二 套 四 天 后 的 节目 重庆 电视台 五 天 前 的 节目单 浙江 台 两 周 前 的 节目单 央视 11 套 一 周 后 的 节目单 河北 台 两 天 前 的 节目单 风云 足球 三 天 后 的 节目单 云南台 五 天 前 节 目单 cctv13 一 天 后 节目单 中央 3 台 七 天 前 节目单 重庆 电视台 三 天 后节 目单 风云 剧场 两 天 前 节目单 央视 六 台 一 天 前 有 什么 节目 内蒙古 电视台 七 天 前 有 什么 节目 旅游 频道 五 天 前 有 什么 节目 内 蒙古 卫视 七 天 前 有 什么 节目 内 蒙 古台 一 周 前 有 什么 节目 湖南 卫视 一 周 前 有 什么 节目 湖南 卫视 三 天 前 有 什么 节目 我 想 看 两天 前 那 一 集 我 想 看 上周末 那 一 期 我想 看上 周五 这 集 我 想 看 7月 31号 那 集 我 想 看 去年 那 一 期 我 想看 前 天那 集 我 想看 周四 那 一 集 我 想 看 上周一 那 一集 我 想 看 七 天 前 那 集 我 想 看 4月 这 集 我 要 看上 星期三 那 一 期 我要 看周一 这 集 我 要 看上 周末 这 集 我 要 看上 周五 这 一 集 我 要 看 9月 10 号 这 集 我 要 看 上星期 六 那 一 集 我 要 看 周六 这 一 期 我 要 看五 天 前 这 一 集 我 要 看 10月 2日 那 集 我 要 看 上周 四 那 期 看 2月 5 号 那 集 看上 周六 这 一 集 看星期 六 这 一 集 看 3月 11日 这 集 看星期 一 那 一期 看 3月 11号 这 集 看 上周三 这 集 看 7月 这 集 看周二 这 期 看 两天 前 这 集 转到 周四那 期 转到 去年 这 集 转到 昨天 这 一 期 转到 4月 那 一 期 转到 上周 这 集 转到 上周 天 这 一 期 转到 周三 这 一期 转到 七 天 前 这 期 转到 上周 这 一 期 转到 4月 15日 那 集 跳到 8月 30号 这 集 跳到 3月 11号 那 集 跳到 三 天 前 那 一 期 跳到 周日 那一 期 跳到 七 天 前 那 集 跳 到 两 天 前 那 集 跳到 上周六 那 一 集 跳到 11月 那 期 跳 到 上星 期天 这 集 跳到 12月 29号 那 集 周天 这 一 期 上周一 这 期 8月 这 一 集 上周五 那 一 期 6月 27日 那 一 期 7月 那 一 集 周一 这 一 集上星期 四 这 集 7月 31日 这 集 前天 这 一 期 熊大熊 2 恐龙蛋 熊出 没 探险 日记 2 小品 小伶 剧场 忍者 龟 警察 快乐 还 珠格格 爱 奇艺 丧尸 绵宝宝 3 级片 3 级片 3 级片 新闻 体育 新闻 直接 打开 情深 深雨蒙蒙 直接 打开 破冰 直接 打开 可以 不 可以 直接 打开 我 的 前半生二 直接 打开 我们 都 要 好好 的 直接 打开 我们 要 好好 的 直接 打开 驯龙 高手 直接 打开 我们 要 好好 的 直接 打开 破冰 我 要 看 驯龙 高手 我 要 看 我 的 前半生 二 我 要 看 可以 不 可以 我 要 看 可以 不 可以 我 要 看 都 挺 好 我 要 看 我 的 前半生 二 我 要 看 可以 不 可以 我 要 看 我们 要 好好 的 我 要 看 可以 不 可以 我 要 看 我们 都 要 好好 的 找下 我们 要 好好 的 找下 我们 都 要 好好 的 找 下情 深深雨蒙蒙 找 下情 深深雨 蒙 蒙 找下破冰 找下 可以 不 可以 找下 都 挺 好 找下 都 挺 好 找下 我们 要 好好 的 找下 王牌 对 王牌 播放 驯龙 高手 电视 连续剧 播放 驯龙 高手 电视 连续剧 播放 都 挺 好 播放 我 的 前半生 二电视 连续剧 播放 我们 要 好好 的 电视 连续剧 播放 驯龙 高手 播放 可以 不 可以 电视 连续剧 播放 我们 要 好好 的 播放 破 冰电视 连续剧 打开 破冰 电视 连续剧 打开 我 的 前半生二 打开 都 挺 好 打开情 深深雨 蒙蒙 电视 连续剧 打开 可以 不 可以 打开 我们 都 要 好好 的 电视 连续剧 打开情 深深雨 蒙蒙 打开 都 挺 好 打开 我们 要 好好 的 电视 连续剧 看 一下 我 的 前半生二 看 一下 王牌 对 王牌 看 一下 驯龙 高手 看 一下 都 挺 好 看 一下 我们 都 要 好好 的 看 一下都 挺好 看 一下 可以 不 可以 看 一下 都 挺好 看 一下 我们 要 好好 的 帮 我 找 我 的 前半生二 帮 我 找 我 的 前半生二 帮 我 找 可以 不 可以 帮 我 找 我 的 前半生二 帮 我 找 我 的 前半生二 帮 我 找 我们 要 好好 的 帮 我 找 都 挺 好 帮 我 找破冰 帮 我 找 我 的 前半生二 帮我 找情 深深雨 蒙蒙 我 想要 看情 深深雨蒙蒙 我 想要 看 我 的 前半生二 我 想 要 看 王牌 对 王牌 我 想要 看 我们 要 好好 的 我 想要 看 可以 不 可以 我 想要 看 王牌 对 王牌 我 想要 看 可以 不 可以 我 想 要 看 驯龙 高手 我 想要 看 我们 要 好好 的 进入 破冰 进入情 深深雨 蒙 蒙 进入 我 的 前半生二 进入 都 挺 好 进入情 深深雨 蒙 蒙进入 我 的 前半生二 进入 破冰 进入情 深深雨 蒙蒙 进入 破冰 进入 驯龙 高手 我 想要 看 王牌 对 王牌 第二 季 我 想要 看 王牌 对 王牌 第一 季 我 想要 看 王牌 对 王牌 第四 季 我 想要 看 王牌 对 王牌 第四 季 我 想要 看 王牌 对 王牌 第二 季 我 想要 看 王牌 对 王牌 第三 季 播放 都 挺 好 电视 连续剧 进入 亲爱 的 ， 热爱 的 进入 开学 第一 课 进入 我 在 大理寺 当 宠物 进入 我 爱 我 家 进入 我们 都 要 好好 的 进入 我 是 歌手 进入 我 家 那 小子 进入 奔跑 吧 兄弟 进入 圆桌派 进入 我 只 喜欢 你 进入 人生 一 串 进入 最 好 的 遇见 进入 水浒传 进入 一 场 遇见 爱情 的 旅行 进入 流淌 的 歌声 进入 高校 供 餐王 进入 历史 人物 吐槽 会 进入 向往 的 生活 进入 街头 绝味 进入 都 挺 好 进入 麦香 进入 天眼 进入 新白娘子 传奇 进入 如果 可以 这样 爱 进入 超级 乐队 进入 等 着 我 进入 破冰 行动 进入 我 只 喜欢 你 进入 陪 你 到 世界 之 巅 进入 中国 诗词 大会 找下 历史 人物 吐槽 会 找下 神雕 侠侣 找下镇魂 找下 甄嬛 传 找下 天眼 找 下致 我们 暖暖 的 小 时光 找 下极 速 前进 找下 新视觉 找下 你 好对方辩友 找下 极限 青春 找下 爸爸 去 哪儿 找 下 白夜 追凶 找下 如 懿传 找下 最 好 的 夏天 找下 王牌 对 王牌 第三季 找下 我 的 真朋友 找 下跨越 找下 绅探 找下 笑傲 江湖 找下 今日 说法 找下 大叔 小馆 找下 最 佳 搭档 找下 锋味 找下 惊蛰 找下 就 匠变 新家 找下 临界 天下 找下 新 白娘子 传奇 找下 篮球 大唱片 找下 工作室 找 下宵 夜 江湖 打开 大叔 小馆 打开 神探 柯晨 打开 父母 爱情 打开 快乐 大本营 打开 延禧 攻略 打开 红楼 梦 打开 爸爸 去 哪 儿 打开 神犬 小 七 打开 最 优 的 我们 打开 最 强 大脑 打开 武动 乾坤 打开 我 是 唱作人 打开 逆水寒 打开 无名 卫士 打开 忘 不 了 餐厅 打开 手术 两百 年 打开 笑傲 江湖 打开 等 着 我 打开 中国 诗词 大会 打开 奔跑 吧 兄弟 打开 歌手 2018 打开 临界 天下 打开镇魂打开 忘 不 了 餐厅 打开 极限 青春 打开 破冰 行动 打开 我 只 喜欢 你 打开 最 好 的 夏天 打开猫 和 老鼠 打开 白发 看 一下天 雷一部 之 春花 秋月 看 一下 小 女花 不弃 看 一下 如果 这样 生活 看 一下 流淌 的 美好 时光 看 一下 白夜 追凶 看 一下 如果 这样 生活 看 一下 封神 演义 看 一下 微微 一 笑 很 倾城 看 一下 一 吻 定情 看 一下 我 爱 我 家 看 一下 最 佳 搭档 看 一下 我 家那 小子 看 一下 天雷一部 之 春花 秋月 看 一下 动漫 看 一下 智慧 树 看 一下 逆流而上 的 你 看 一下暗恋橘生 淮南 看 一下 听 雪楼 看 一下 将 夜 看 一下 王牌 对 王牌 看 一下十年 三月 三十日 看 一下 快乐 大本营 看 一下 奔跑 吧 看 一下 爸爸 去 哪儿 看 一下 姜食堂 看 一下 创 造营 2019 看 一下 大江 大河 看 一下 红楼梦 看 一下 天雷一部 之 春 花 秋月 看 一下 高校 供餐王 搜索 腾格尔 搜索 郭碧婷 搜索华 晨宇 搜索 马伯庸 搜索 欧阳 娜娜 搜索 王丽坤 搜索 斯嘉丽 约翰逊 搜索 王鸥 搜索周 一 围 搜索 张丹峰 搜索 习近平 搜索 范冰冰 的 资料 搜索 李钟硕 的 资料 搜索 任家萱 的 资料 搜索 东野圭吾 的 资料 搜索 华晨宇 的 资料 搜索 郭德纲 的 资料 搜索 张钧甯 的 资料 搜索 迪丽热巴 的 资料 搜索 金庸 的 资料 搜索 霍金 的 资料 搜索 一下 佟丽娅 的 资料 搜索 一下 路遥 的 资料 搜索 一下田 馥甄 的 资料 搜索 一下 佟丽娅 的 资料 搜索 一下 王祖贤 的 资料 搜索 一下林 清玄 的 资料 搜索 一下 黄明昊 的 资料 搜索 一下 陈慧琳 的 资料 搜索 一下张彬彬 的 资料 搜索 一下郑秀文 的 资料 搜索 安徽 黄山 搜索 趵 突泉 搜索 银河 系 搜索 卢浮宫 的 资料 搜索 塔克拉玛干 沙漠 的 资料 搜索 北京 故宫 的 资料 搜索 一下三 国 赤壁 大战 的 资料 搜索 一下兵 马俑 的 资料 搜索 一下 龙门 石窟 的 资料 搜索 日全食 搜索 月全食 搜索 泰山 的 资料 搜索 一下 李白 的 资料 搜索 日全食 搜索 月 全 食 搜索 泰山 的 资料 搜索 一下李白 的 资料 河北 电视台 四月 十号 新疆 台 这 周末 福建 电视台 这 个 礼拜 西藏 卫视 今天 青海 电视台 周五 广东 卫视 周末 cctv56月 27 号 电影 频道 7月 31 号 黑龙 江台 十二月二十 号 甘肃 台 四月十号 广东 卫视 的 节目 表江西 电视台 的 节目表 宁夏 卫视 的 节目表 央视 5 套 的 节目表 浙江 台 的 节目表 湖南台 的 节目表 河南 卫视 的 节目 表内蒙古 卫视 的 节目表 卫生 健康 的 节目表 青海 卫视 的 节目表 央视 5 套 周末 的 节目表 cctv2 未 来 几 天 的 节目表 央视 2 套 明天 的 节目表 旅游 频道 下周 的 节目表 河南台 周日 的 节目表 新疆 卫视 一月一号 的 节目表 江苏台 昨天 的 节目表 重庆台 今天 下午 的 节目表 风云 足球 9月 10号 的 节目表 江西 台下周五 的 节目表 回看 上海 电视台 回看 中央 五 台 回看 四川 卫视 回看 中央 十三 台 回看 天津 电视台 回看 四川 电视台 回看 吉林台 回看 湖南台 回看 重庆台 回看 上海 电视台 回看 安徽台 的 节目 回看 央视 六 台 的 节目 回看 上海 卫视 的 节目 回看 安徽 卫视 的 节目 回看 科教 频道 的 节目 回看 甘肃 电视台 的 节目 回看 甘肃 电视台 的 节目 回看 天津 电视台 的 节目 回看 央视 5 套 的 节目 回看 湖 南台 的 节目 回看 未来 七 天 的 山东台 回看 10月 24日 的 海南台 回看 春节 的 cctv2 回看 四月 十 号 的 湖北 卫视 回看 6月 27 号 的 上海台 回看 周末 的 央视 三 套 回看 昨天 的 怀旧 剧场 回看 未来 几 天 的 风云 音乐 回看 5月 23号 的 云南 电视台 回看 未来 七天 的 央视 2 套 回看 今天 下午 的 cctv1 的 节目 回看 11月 11号 的 青海 电视台 的 节目 回看 后天 的 重庆 卫视 的 节目 回看 周五 的 央视 5 套 的 节目 回看 昨天 的 青海台 的 节目 回看 明天 早上 的 中央 卫视 的 节目 回看 10月 24日 的 cctv2 的 节目 回看 下周 的 江西 卫视 的 节目 回看 下 周六 的 广东 卫视 的 节目 回看 周末 的 海南 卫视 的 节目 回看 河北 电视台 的 2月 5 号 的 节目 回看 北京 卫视 的 昨天 的 节目 回看 河 北台 的 后面 3 天 的 节目 回看 海南 电视台 的 下周五 的 节目 回看 湖北 电视台 的 春节 的 节目 回看 重庆 卫视 的 8月 30号 的 节目 回看 央视 三 套 的 下周二 的 节目 回看 cctv2 的 明天 早上 的 节目 回看 天津 电视台 的 10月 2号 的 节目 回看 风云音乐 的 未来 七 天 的 节目 四川 卫视 7月 31 号 辽宁 卫视 十二月 二十号 江苏 台 未 来 几 天 宁夏台 6月 27 号 cctv13 下 周二 怀旧 剧场 未来 3 天 海南 电视台 周末 内蒙 古台 5 号 电影 频道 九月 十一 卫生 健康 下 周六 广西台 的 节目表 芒果台 的 节目表 陕西台 的 节目表 福建台 的 节目表 央视 一 台 的 节目表 中视 购物 的 节目表 央视 4 台 的 节目表 综艺 频道 的 节目表 云 南台 的 节目表 cctv3 的 节目表 西藏 卫视 3月 11号 的 节目表 天津 台 周末 的 节目表 湖南 卫视 11月 11号 的 节目表 上海 卫视 10月 24日 的 节目表 世界 地理 下 周末 的 节目表 证券 资讯 今天 的 节目表 青海 卫视 今天 晚上 的 节目表 重庆 卫视 10月 1日 的 节目表 河北 卫视 未 来 七 天 的 节目表 河南台 国庆节 的 节目表 回看 河北 电视台 回看 cctv11 回看 上海 电视台 回看 央视 一 台 回看 山西 台 回看 综艺 频道 回看 黑龙江 电视台 回看 综艺 频道 回看 电视 指南 回看 重庆 电视台 回看 黑龙江 电视台 的 节目 回看 央视 2 套 的 节目 回看 陕西 电视台 的 节目 回看 山东 电视台 的 节目 回看 河南 电视台 的 节目 回看 福建电 视台 的 节目 回看 世界 地理 的 节目 回看 cctv5 的 节目 回看 浙江 卫视 的 节目 回看 安徽 电视台 的 节目 回看 10月 24日 的 重庆 电视台 回看 下周二 的 浙江 电视台 回看 周末 的 综艺 频道 回看 周五 的 湖南 卫视 回看 5月23号 的 黑龙江 卫视 回看 这 周末 的 黑龙江台 回看 未 来 3 天 的 吉林 卫视 回看 下 周二 的 央视 4 台 回看 今天 晚上 的 科教 频道 回看 7月31号 的 芒果台 回看 春节 的 湖北 电视台 的 节目 回看 10月 1日 的 四川台 的 节目 回看 春节 的 中央 6 台 的 节目 回看 四月 十日 的 央视 六 台 的 节目 回看 10月 2号 的 甘肃 电视台 的 节目 回看 下 周二 的 湖南台 的 节目 回看 10月 2 号 的 中央 十三 台 的 节目 回看 周日 的 吉林台 的 节目 回看 明天 早上 的 山西台 的 节目 回看 周末 的 河北 卫视 的 节目 回看 怀旧 剧场 的 八月八号 的 节目 回看 中央 6 台 的 未来 3 天 的 节目 回看 吉林 卫视 的 明天 的 节目 回看 福建台 的 6月 1日 的 节目 回看 央视 5 套 的 这 个 礼拜 的 节目 回看 风云足球 的 今天 下午 的 节目 回看 浙江 电视台 的 这 个 礼拜 的 节目 回看 山西 台 的 九月 十一 的 节目 回看 江苏 电视台 的 昨天 的 节目 回看 云南台 的 昨天 的 节目 宁夏 卫视 5月 23日 的 节目单 央视 台球 5月 23日 的 节目单 旅游 频道 5月 23日 的 节目单 安徽台 6月 27号 的 节目单 cctv116月 27 号 的 节目单 中学生 10月 2日 的 节目单 旅游 频道 2月 5号 的 节目单 安徽台 10月 2日 的 节目单 风云 剧场 5月 23日 的 节目单 央视 台球 4月 15日 的 节目单 中学生 7月 31号 的 节目单 央视 5 套 7月 31号 的 节目单 江西 电视台 7月 31 号 的 节目单 央视 文化 精品 5月 23日 的 节目单 陕西 台 8月 30日 的 节目单 贵州 台 10月 2日 的 节目单 陕西 卫视 9月 23号 的 节目单 世界 地理 2月 5号 的 节目单 四川台 5月 23日 的 节目单 发现 之 旅 7月 31 号 的 节目单 风云 足球 10月 2日 的 节目表 吉林 电视台 7月 31号 的 节目表 青海 卫视 6月 27号 的 节目表 贵州 台 7月 31 号 的 节目表 海南 电视台 6月 27日 的 节目表 江西 卫视 4月 15日 的 节目表内蒙古 电视台 6月 27号 的 节目表 中央台 10月 2日 的 节目表 福建 电视台 8月 30日 的 节目表 上海 台 7月 31号 的 节目表 江西 电视台 6月 27日 的 节目表 cctv19月 23号 的 节目表 上海 卫视 4月 15日 的 节目表 上海 电视台 5月 23日 的 节目表 马桶台 4月 15号 的 节目表 青海 卫视 8月 30日 的 节目表 江西 卫视 5月 23日 的 节目表 云南 卫视 2月 5号 的 节目表 河南 电视台 5月 23日 的 节目表 风云 音乐 3月 11日 的 节 目表 北京 卫视 6月 27日 西藏 卫视 7月 31号 重庆台 3月 11日 cctv55月 23日 江西 电视台 6月 27 日 中央 五 台 7月 31号 广西 卫视 4月 15日 央视 文化 精品 8月 30日 电影 频道 8月 30日 湖北 卫视 4月 15日 世界 地理 4月 15日 陕西 电视台 3月 11日 中学生 7月 31号 宁夏台 3月 11日 广西 电视台 7月 31号 四川 卫视 8月 5日 帮 我 找 一下热 搜女王 帮 我 找 一下 延禧 攻略 帮 我 找 一 下 全世界 最 好 的 你 帮 我 找 一下 锋味 帮 我 找 一下 你 好 对方 辩友 帮 我 找 一 下 最 佳 搭档 帮 我 找 一下 父母 爱情 帮 我找 一下天 眼 帮 我 找 一下 漫威 系列 电影 帮 我 找 一下 地久 天长 中央九 的 节目表 中央 一 的 节目表 中央 二 的 节目表 中央 一 的 节目单 中央 九 的 节目单 中央 二 的 节目单 回看 中央 九 回看 中央 十 回看 中央 二 回看 中央 十一 的 节目 回看 中央 一 的 节目回看 中央四 的 节目回看 后 天 的 中央 二 回看 前天 的 中央 九 回看 昨天 的 中央 三 回看 昨天 的 中央 六 的节目 回看 昨天 的 中央 十 的 节目 回看 后 天 的 中央 八 的 节目 青春 电影 传记 电影 文艺 电影 我 要 看 文艺 电影 我 要 看 青春 电影 我 要 看 传记 电影 我 想 看 青春 电影 我 想 看 文艺 电影 我 想 看 传记 电影 动作剧 泰剧 港剧 警匪剧 真 人 秀 刑侦剧 战争剧 栏目剧 都市剧 传记剧 我 要 看 警匪剧 我 要 看战 争剧 我 要 看 栏目剧我 要 看泰剧 我 要 看刑 侦剧 我 要 看 动作剧 我 要 看传 记剧 我 要 看 都市剧 我 要 看真 人秀 我 要 看 港剧 我 想 看 传记剧 我 想 看 栏目剧 我想 看 都市剧 我 想 看 港剧 我想 看 刑侦剧 我 想 看 战争剧 我 想 看 泰剧 我 想 看 警匪剧 我 想 看 动作剧 我 想 看真 人 秀 我 要 看 少儿 节目 我 要 看访 谈 节目 我 要 看 综艺 节目 我 要 看 生活 节目 我 想 看 综艺 节目 我 想 看 少儿 节目 我 想 看 生活 节目 我 想 看 访谈 节目 青春片 犯罪片 魔幻片 悬疑片 惊悚片 戏 曲片 音乐片 间谍片 风月片 默片 历史片 侦探片 警匪片 老片 谍 战片 艺术片 文 艺片 灾难片 歌舞片 传记片 武打片 我 要 看传 记片 我 要 看文 艺片 我 要 看 历史片 我 要 看 魔幻片 我 要 看 默片 我 要 看侦 探片 我 要 看 歌舞片 我 要 看谍 战片 我 要 看 艺术片 我 要 看戏 曲片 我 要 看犯 罪片 我 要 看间 谍片 我 要 看 老片 我 要 看音 乐片 我 要 看 警匪片 我 要 看灾 难片 我 要 看 风月片 我 要 看 武打片 我 要 看 悬疑片 我 要 看 惊悚片 我 要 看 青春片 我 想 看 艺术片 我 想 看 音乐片 我 想 看 侦探片 我 想 看 风月片 我 想 看 悬疑片 我 想 看犯 罪片 我 想 看谍 战片 我 想 看 惊悚片 我 想 看 默片 我 想 看 青春片 我 想 看灾 难片 我 想 看 警匪片 我 想 看 歌舞片 我 想 看 魔幻片 我 想 看间 谍片 我 想 看 文艺片 我 想 看 历史片 我 想 看 武打片 我 想 看传 记片 我 想 看 老片 我 想 看戏 曲片 那片 花 那片海 播放 那 片 花 那 片 海 搜索 那片花 那 片 海 找 一下 那 片 花那片海 我 想 看 那片花 那 片海 我 要 看 那 片花 那 片海 我 要 看 彩蛋 我 要 看片 花 我 要 看 预告 我 要 看 预告片 我 要 看幕 后 我 想 看 预告 我 想 看 预告片 我 想 看片 花 我 想 看幕 后 我 想 看 彩蛋 人物 纪录片 旅游纪 录片 美食 纪录片 我 要 看 旅游 纪录片 我 要 看 人物 纪录片 我 要 看 美食 纪录片 我 想 看 美食纪 录片 我 想 看 人物纪 录片 我 想 看 旅游 纪录片 我 要 看 韩国 综艺 我 要 看 日本 综艺 我 要 看 国产 综艺 我 想 看 韩国 综艺 我 想 看 韩国 综艺 我 想 看 韩国 综艺 我 要 看 日漫 我 要 看 童话 我 想 看 日漫 我 想 看 童话 我 想 看灾 难片 我 要 看灾 难片 熊大 熊二 播放 熊大熊二 搜索 熊大 熊二 找 一下熊大熊二 我 想 看 熊大熊二 我 要 看熊 大熊二 我 要 看 歌曲 我 要 看 嘻哈 我 要 看重 金属 我 要 看 流行乐 我 要 看 说唱 我 要 看 古 典乐 我 想 看 重金属 我 想 看 古典乐 我 想 看 嘻哈 我 想 看 流行乐 我 想 看 说唱 我 想 看 歌曲 我 要 看 综艺 我 要 看真人秀 我 要 看 相声 我 要 看 脱口秀 我想 看 脱口秀 我 想 看 综艺 我 想 看真 人秀 我 想 看 相声 帮 我 找 我们 都 要 好好 的 刘涛 电视剧 大全 帮我 找 我们 都 要 好好 的 刘涛 电视剧 大全 帮 我 找 我们 都 要 好好 的 刘涛 电视剧 大全 推荐 纪录片 的 流行榜单 推荐 国产剧 的 流行 榜单 推荐 喜剧 的 热度 榜单 推荐 国产剧 的 流行 榜单 推荐 文艺片 的 流行榜单 推荐 国产剧 的 热度 榜单 推荐 纪录片 的 热度 榜单 推荐 日剧 的 流行 榜单 推荐 文艺片 的 流行 榜单 推荐 日剧 的 热度 榜单 推荐 文艺片 的 流行 榜单 推荐 纪录片 的 流行度 榜单 推荐 文艺片 的 流行度 榜单 推荐 喜剧 的 流行 榜单 推荐 纪录片 的 流行榜单 杨幂 动作 迪丽热 巴动作 张紫妍 动作 郑爽 动作 郭碧婷 动作 景甜 动作 古力娜 扎 动作 杨幂 动作 金晨 动作 迪丽热巴 动作 郭碧婷 动作 王丽坤 动作 关晓彤 动作 刘涛 动作 许凯 动作 20 后 七 零 后 95 后 零五 后 90后 六 零 后 70 后 40 后 一 零后 10后 九五后 00 后 50后 零零 后 05 后 三 零 后 60 后 八零 后 九 零 后 二 零后 30 后 五 零后 80后 四 零后 杨幂 动作 迪丽热 巴动作 张紫妍 动作 郑爽 动作 郭碧婷 动作 景甜 动作 古力娜 扎 动作 杨幂 动作 金晨 动作 迪丽热 巴动作 郭碧婷 动作 王丽坤 动作 关晓彤 动作 刘涛 动作 许凯 动作 搜索 柯蓝 搜索 左立 搜索 白鹿 搜索 刘畅 搜索 张雪迎 搜索 yamy 搜索 吴京 搜索 魏晨 搜索 文章 搜索 马天宇 搜索 李小璐搜索 黄磊 搜索 倪妮 搜索 杜鹃 搜索 苗圃 搜索 angelababy 搜索 杨紫 搜索 祖怀 搜索 高洋 搜索 牛骏峰 搜索 胡静 搜索 李晨 搜索 成毅 搜索 沈月 搜索 舒畅 搜索 孙坚 搜索 米露 搜索 下 肖燕 搜索 下林枫 松 搜索 下 徐冬冬 搜索 下经 超搜索 下耿长军 搜索 下 高仁 搜索 下 李卓霖 搜索 下 谭凯 搜索 下 赵圆瑗 搜索 下 徐海乔 搜索 下 陈数 搜索 下于 莎莎 搜索 下 黄轩 搜索 下费 启鸣 搜索 下 李梦颖 搜索 一下 高昊 搜索 一下查杰 搜索 一下孙 艺洲 搜索 一下 左立 搜索 一下 毛俊杰 搜索 一下朱亚文 搜索 一下 李光洁 搜索 一下杨洋 搜索 一下 范世 錡 搜索 一下刘芮麟 搜索 一下 薛之谦 搜索 一下 韩雪 搜索 一下 张睿 搜索 一下 徐百卉 搜索 一下 厉娜 搜索 徐可 的 资料 搜索 李小冉 的 资料 搜索 大张伟 的 资料 搜索 秦岚 的 资料 搜索 胡海泉 的 资料 搜索 彭冠英 的 资料 搜索 刘芸 的 资料 搜索 朱圣祎 的 资料 搜索 斯琴 高丽 的 资料 搜索 孙俪 的 资料 搜索 王一博 的 资料 搜索 宋妍霏 的 资料 搜索 白举纲 的 资料 搜索 章龄之 的 资料 搜索 苏醒 的 资料 搜索 宋佳 的 信息 搜索 蒋欣 的 信息 搜索孔 垂楠 的 信息 搜索 姜潮 的 信息 搜索 王千源 的 信息 搜索 刘惜君 的 信息 搜索 宋伊 人 的 信息 搜索 李琳 的 信息 搜索 杨菲洋 的 信息 搜索 刘芊含 的 信息 搜索方 安娜 的 信息 搜索 吴樾 的 信息 搜索 王小海 的 信息 搜索 王东 的 信息 搜索 聂远 的 信息 未来 五 天 的 精品 导视 今天 的 川网 导视 6月 1日 的 川网 导视 5 号 的 宜宾 导视 未来 几 天 的 精品 导视 前天 的 精品 导视 下周四 的 魅力 音乐 下 个 礼拜 的 川网 导视 前天 的 宜宾 导视 下周五 的 宜宾 导视 八月 八 号 宜宾 导视 的 节目 下周末 宜宾 导视 的 节目 四月 十 号 川网 导视 的 节目 前天 精品 导视 的 节目 九月 十一川网 导视 的 节目 下周 宜宾 导视 的 节目 未来 五 天 魅力 音乐 的 节目 后天 精品 导视 的 节目 前天 川网 导视 的 节目 14 号 宜宾 导视 的 节目 精品 导视 川网 导视 魅力 音乐 宜宾 导视 必看 的 动画片 必看 的 电视剧 必 看 的 电影 不错 的 动画片 不错 的 电视剧 不错 的 电影 打分 高 的 电影 打分 高 的 电影 打分 高 的 动画片 好评 的 电视剧 好评 的 电视剧 好评 的 电影 看 的 最 多 的 电影 看 的 最 多 的 电影 看 的 最 多 的 电影 流 行度 榜单 的 动画片 流行度 榜单 的 动画片 流行度 榜单 的 电视剧 热 的 电影 热 的 电视剧 热 的 电影 热度 榜单 的 电影 热度 榜单 的 动画片 热度 榜单 的 电影 国漫 戏剧 地方 戏剧 地 方戏 我 要 看戏剧 我 要 看 地方 戏剧 我 要 看地 方戏 我 要 看 国漫 我 要 看地 方戏剧 我 要 看戏剧 我 要 看地 方戏 我 要 看 国漫 搜索 国漫 搜索 地方 戏剧 搜索 地方戏 搜索 戏剧 搜索 一下 地方 戏剧 搜索 一下地 方戏 搜索 一下戏剧 搜索 一下 国漫 播放 国漫 播放地 方戏剧 播放地方戏 播放 戏剧 六月 的 雨 惊奇 队长 惊奇 队长 惊奇 队长 宝宝 巴士 宝宝 巴士 亲爱 的 热爱 的 惠州 地方戏 临沂 地方戏 呼和浩特 地方 戏剧 福州 地方 戏剧 我 要 看 衡阳地方戏剧 我 要 看 岳阳 地 方戏 我 要 看 泉州 地 方戏 我 要 看 郴州 地方戏剧 我 要 看 东营地 方戏 我 要 看 湛江 地 方戏剧 我 要 看 长沙 地 方戏剧我 要 看 唐山 地 方戏剧 搜索 厦门 地方戏 搜索 长沙 地方戏剧 搜索 呼和浩特 地 方戏 搜索 榆林 地 方戏 搜索 一下扬州 地方戏 搜索 一下 江门 地 方戏 搜索 一下南昌 地方戏 搜索 一下镇 江地 方戏 播放 岳阳 地 方戏 播放 吉林 地 方戏 播放 吉林地 方戏 播放 佛山 地 方戏 播放 历史 上 的 今天 历史 上 的 今天 搜索 历史 上 的 今天 我 想 看 历史 上 的 今天 我 要 看 历史 上 的 今天 找 一下 历史 上 的 今天 